[22:08:56.22] /r giWindowId 0
[22:08:56.22] /r giWindowGeometry 600x300
[22:08:56.23] /o 
              /c                                 Custom Compiler 
              /c 
              /c               Version N-2017.12-SP1-2 for linux64 - May 16, 2018 
              /c 
              /c                     Copyright (c) 2004 - 2018 Synopsys, Inc.
              /c    This software and the associated documentation are proprietary to Synopsys,
              /c  Inc. This software may only be used in accordance with the terms and conditions
              /c  of a written license agreement with Synopsys, Inc. All other use, reproduction,
              /c             or distribution of this software is strictly prohibited.
              /c 
              /c Build  (OPT) Config 4182185 compiled on Wed May 16 15:20:56 2018 for RHEL64 6.6
              /c Invocation: /usr/synopsys/customcompiler/N-2017.12-SP1-2/linux64/platform/bin/cdesigner
              /c Execution time: Sat May 23 22:08:55 2026
              /c Host: localhost.localdomain
              /c Working directory: /home/itsupport/Desktop/lab1vlsi
              /c 
[22:08:57.28] /r giShowFrameTabs true
[22:08:57.28] /r giWindowId 1
[22:08:57.28] /r giWindowGeometry 1040x800
[22:09:00.53] /# gi::pressButton {/scroll/scrollArea/scrollAreaInnerWidget/applications/dmLibraryManager} -in [gi::getWindows 1]
[22:09:00.53] /# 
[22:09:00.53] /i dm::openLibraryManager
[22:09:00.53] /r giWindowId 2
[22:09:00.54] /r giWindowGeometry 660x600+50+78
[22:09:00.56] /o oa:0x1c28cbf0
[22:09:01.99] /i gi::setCurrentIndex {libs} -index {project_d_ff} -in [gi::getWindows 2]
[22:09:01.99] /i gi::setItemSelection {libs} -index {project_d_ff} -in [gi::getWindows 2]
[22:09:03.07] /i gi::setCurrentIndex {cellCategories} -index {D_FF} -in [gi::getWindows 2]
[22:09:03.07] /i gi::setItemSelection {cellCategories} -index {D_FF} -in [gi::getWindows 2]
[22:09:03.44] /i gi::setCurrentIndex {cellCategories} -index {INV} -in [gi::getWindows 2]
[22:09:03.44] /i gi::setItemSelection {cellCategories} -index {INV} -in [gi::getWindows 2]
[22:09:04.38] /i gi::setCurrentIndex {cellCategories} -index {D_FF} -in [gi::getWindows 2]
[22:09:04.38] /i gi::setItemSelection {cellCategories} -index {D_FF} -in [gi::getWindows 2]
[22:09:05.19] /i gi::setCurrentIndex {cells} -index {D_latch} -in [gi::getWindows 2]
[22:09:05.20] /i gi::setItemSelection {cells} -index {D_latch} -in [gi::getWindows 2]
[22:09:06.03] /i gi::setCurrentIndex {views} -index {symbol} -in [gi::getWindows 2]
[22:09:06.03] /i gi::setItemSelection {views} -index {symbol} -in [gi::getWindows 2]
[22:09:08.62] /i gi::setCurrentIndex {views} -index {schematic} -in [gi::getWindows 2]
[22:09:08.62] /i gi::setItemSelection {views} -index {schematic} -in [gi::getWindows 2]
[22:09:10.82] /i gi::setCurrentIndex {cellCategories} -index {All} -in [gi::getWindows 2]
[22:09:10.83] /i gi::setItemSelection {cellCategories} -index {All} -in [gi::getWindows 2]
[22:09:12.97] /i gi::setCurrentIndex {cells} -index {BUFFER} -in [gi::getWindows 2]
[22:09:12.97] /i gi::setItemSelection {cells} -index {BUFFER} -in [gi::getWindows 2]
[22:09:13.42] /i gi::setCurrentIndex {cells} -index {BUFF_1} -in [gi::getWindows 2]
[22:09:13.42] /i gi::setItemSelection {cells} -index {BUFF_1} -in [gi::getWindows 2]
[22:09:13.75] /i gi::setCurrentIndex {cells} -index {BUFF_2} -in [gi::getWindows 2]
[22:09:13.75] /i gi::setItemSelection {cells} -index {BUFF_2} -in [gi::getWindows 2]
[22:09:14.34] /i gi::setCurrentIndex {cells} -index {CLOCK_INV_TB} -in [gi::getWindows 2]
[22:09:14.34] /i gi::setItemSelection {cells} -index {CLOCK_INV_TB} -in [gi::getWindows 2]
[22:09:14.91] /i gi::setCurrentIndex {cells} -index {D_FF} -in [gi::getWindows 2]
[22:09:14.91] /i gi::setItemSelection {cells} -index {D_FF} -in [gi::getWindows 2]
[22:09:15.70] /i gi::setCurrentIndex {cells} -index {D_latch_MS_TG} -in [gi::getWindows 2]
[22:09:15.70] /i gi::setItemSelection {cells} -index {D_latch_MS_TG} -in [gi::getWindows 2]
[22:09:16.18] /i gi::setCurrentIndex {cells} -index {D_FF_tb} -in [gi::getWindows 2]
[22:09:16.18] /i gi::setItemSelection {cells} -index {D_FF_tb} -in [gi::getWindows 2]
[22:09:16.57] /i gi::setCurrentIndex {cells} -index {D_FF} -in [gi::getWindows 2]
[22:09:16.57] /i gi::setItemSelection {cells} -index {D_FF} -in [gi::getWindows 2]
[22:09:19.05] /i gi::setCurrentIndex {cells} -index {TG_in} -in [gi::getWindows 2]
[22:09:19.05] /i gi::setItemSelection {cells} -index {TG_in} -in [gi::getWindows 2]
[22:09:19.90] /i gi::setCurrentIndex {views} -index {layout} -in [gi::getWindows 2]
[22:09:19.90] /i gi::setItemSelection {views} -index {layout} -in [gi::getWindows 2]
[22:09:20.49] /i gi::setCurrentIndex {views} -index {schematic} -in [gi::getWindows 2]
[22:09:20.49] /i gi::setItemSelection {views} -index {schematic} -in [gi::getWindows 2]
[22:09:20.76] /i gi::setCurrentIndex {views} -index {symbol} -in [gi::getWindows 2]
[22:09:20.76] /i gi::setItemSelection {views} -index {symbol} -in [gi::getWindows 2]
[22:09:21.63] /i gi::setCurrentIndex {views} -index {layout} -in [gi::getWindows 2]
[22:09:21.63] /i gi::setItemSelection {views} -index {layout} -in [gi::getWindows 2]
[22:09:21.79] /i gi::executeAction dmOpen -in [gi::getWindows 2]
[22:09:21.79] /m Information: License 'Basic' checked out. (LICENSE-003)
[22:09:21.80] /w Warning: Preference 'leActiveLPP' is deprecated and scheduled for removal in a future release with no replacement. For migration assistance, see the Custom Compiler Tcl Reference Manual. (PREFERENCE-058)
[22:09:21.80] /o 	#######################################
[22:09:21.80] /o 	PDK Library Name	: reference90RF
[22:09:21.80] /o 	PDK Version		: 2.0
[22:09:21.80] /o 	PDK Release Date	: 25-March-2010 
[22:09:21.80] /o 	#######################################
[22:09:21.80] /o 
[22:09:22.00] /r giWindowId 3
[22:09:22.00] /r giWindowGeometry 1632x1020
[22:09:22.04] /# de::setActiveLPP [de::getLPPs "exclude blockage" -from [db::getAttr editDesign -of [de::getContexts -window 3]]]
[22:09:27.12] /i db::setAttr maximized -of [gi::getFrames 1] -value true
[22:09:27.34] /i gi::setField {stopLevel} -value {3} -in [gi::getToolbars {leHierarchy} -from [gi::getWindows 3]]
[22:09:27.42] /i db::setAttr dockSize -of [gi::getAssistants dePropertyEditor -from [gi::getWindows 3]] -value 290x926
[22:09:27.43] /i db::setAttr geometry -of [gi::getFrames 1] -value 1910x1101+5+56
[22:09:28.70] /i gi::executeAction giCloseWindow -in [gi::getWindows 3]
[22:09:28.71] /i gi::setActiveWindow 2
[22:09:28.71] /i gi::setActiveWindow 2 -raise true
[22:09:30.68] /i gi::setCurrentIndex {cells} -index {TG_out} -in [gi::getWindows 2]
[22:09:30.68] /i gi::setItemSelection {cells} -index {TG_out} -in [gi::getWindows 2]
[22:09:31.13] /i gi::setCurrentIndex {cells} -index {int_out_ds} -in [gi::getWindows 2]
[22:09:31.13] /i gi::setItemSelection {cells} -index {int_out_ds} -in [gi::getWindows 2]
[22:09:31.72] /i gi::setCurrentIndex {cells} -index {TG_out} -in [gi::getWindows 2]
[22:09:31.72] /i gi::setItemSelection {cells} -index {TG_out} -in [gi::getWindows 2]
[22:09:32.65] /i gi::setCurrentIndex {cells} -index {int_out_ds} -in [gi::getWindows 2]
[22:09:32.66] /i gi::setItemSelection {cells} -index {int_out_ds} -in [gi::getWindows 2]
[22:09:32.87] /i gi::setCurrentIndex {cells} -index {inv_store} -in [gi::getWindows 2]
[22:09:32.87] /i gi::setItemSelection {cells} -index {inv_store} -in [gi::getWindows 2]
[22:09:33.16] /i gi::setCurrentIndex {cells} -index {inv_store_tb} -in [gi::getWindows 2]
[22:09:33.16] /i gi::setItemSelection {cells} -index {inv_store_tb} -in [gi::getWindows 2]
[22:09:33.41] /i gi::setCurrentIndex {cells} -index {tb_d_latch_2} -in [gi::getWindows 2]
[22:09:33.41] /i gi::setItemSelection {cells} -index {tb_d_latch_2} -in [gi::getWindows 2]
[22:09:33.65] /i gi::setCurrentIndex {cells} -index {tg_in_tb} -in [gi::getWindows 2]
[22:09:33.65] /i gi::setItemSelection {cells} -index {tg_in_tb} -in [gi::getWindows 2]
[22:09:33.95] /i gi::setItemSelection {cells} -index {} -in [gi::getWindows 2]
[22:09:34.55] /i gi::setCurrentIndex {cells} -index {tg_out_ds} -in [gi::getWindows 2]
[22:09:34.55] /i gi::setItemSelection {cells} -index {tg_out_ds} -in [gi::getWindows 2]
[22:09:35.29] /i gi::setCurrentIndex {cells} -index {BUFFER} -in [gi::getWindows 2]
[22:09:35.29] /i gi::setItemSelection {cells} -index {BUFFER} -in [gi::getWindows 2]
[22:09:35.74] /i gi::setCurrentIndex {cells} -index {BUFF_1} -in [gi::getWindows 2]
[22:09:35.74] /i gi::setItemSelection {cells} -index {BUFF_1} -in [gi::getWindows 2]
[22:09:35.96] /i gi::setCurrentIndex {cells} -index {BUFF_2} -in [gi::getWindows 2]
[22:09:35.97] /i gi::setItemSelection {cells} -index {BUFF_2} -in [gi::getWindows 2]
[22:09:36.25] /i gi::setCurrentIndex {cells} -index {CLOCK_INV_TB} -in [gi::getWindows 2]
[22:09:36.25] /i gi::setItemSelection {cells} -index {CLOCK_INV_TB} -in [gi::getWindows 2]
[22:09:36.59] /i gi::setCurrentIndex {cells} -index {D_FF_tb} -in [gi::getWindows 2]
[22:09:36.59] /i gi::setItemSelection {cells} -index {D_FF_tb} -in [gi::getWindows 2]
[22:09:37.95] /i gi::setCurrentIndex {cells} -index {D_latch_slave} -in [gi::getWindows 2]
[22:09:37.95] /i gi::setItemSelection {cells} -index {D_latch_slave} -in [gi::getWindows 2]
[22:09:38.34] /i gi::setCurrentIndex {cells} -index {D_latch} -in [gi::getWindows 2]
[22:09:38.34] /i gi::setItemSelection {cells} -index {D_latch} -in [gi::getWindows 2]
[22:09:38.71] /i gi::setCurrentIndex {cells} -index {D_latch_slave} -in [gi::getWindows 2]
[22:09:38.71] /i gi::setItemSelection {cells} -index {D_latch_slave} -in [gi::getWindows 2]
[22:09:39.11] /i gi::setCurrentIndex {cells} -index {D_latch_MS_TG} -in [gi::getWindows 2]
[22:09:39.12] /i gi::setItemSelection {cells} -index {D_latch_MS_TG} -in [gi::getWindows 2]
[22:09:39.53] /i gi::setCurrentIndex {cells} -index {D_latch} -in [gi::getWindows 2]
[22:09:39.53] /i gi::setItemSelection {cells} -index {D_latch} -in [gi::getWindows 2]
[22:09:41.28] /i exit
[22:09:41.32] /r giDialog gi::setActiveDialog [gi::getDialogs {deExitDialog}]
[22:09:41.60] /r giDialog db::setAttr geometry -of [gi::getDialogs {deExitDialog}] -value 419x181+741+465
[22:09:42.28] /r giDialog gi::pressButton {ok} -in [gi::getDialogs {deExitDialog}]
[22:09:42.29] /i gi::setActiveWindow 1
[22:09:42.29] /i gi::setActiveWindow 1 -raise true
[22:09:42.36] /o Shutdown time: Sat May 23 22:09:42 2026
[22:09:42.36] /o Elapsed session real time: 0.76 minutes
[22:09:42.36] /o Session terminated. Log is at /home/itsupport/Desktop/lab1vlsi/synopsys_custom/logs/ccompiler.itsupport.2026_5_23_220855_24233.log
