[16:28:01.56] /r giWindowId 0
[16:28:01.56] /r giWindowGeometry 600x300
[16:28:01.57] /o 
              /c                                 Custom Compiler 
              /c 
              /c               Version N-2017.12-SP1-2 for linux64 - May 16, 2018 
              /c 
              /c                     Copyright (c) 2004 - 2018 Synopsys, Inc.
              /c    This software and the associated documentation are proprietary to Synopsys,
              /c  Inc. This software may only be used in accordance with the terms and conditions
              /c  of a written license agreement with Synopsys, Inc. All other use, reproduction,
              /c             or distribution of this software is strictly prohibited.
              /c 
              /c Build  (OPT) Config 4182185 compiled on Wed May 16 15:20:56 2018 for RHEL64 6.6
              /c Invocation: /usr/synopsys/customcompiler/N-2017.12-SP1-2/linux64/platform/bin/cdesigner
              /c Execution time: Sat May 23 16:27:59 2026
              /c Host: localhost.localdomain
              /c Working directory: /home/itsupport/Desktop/lab1vlsi
              /c 
[16:28:02.85] /r giShowFrameTabs true
[16:28:02.85] /r giWindowId 1
[16:28:02.85] /r giWindowGeometry 1040x800
[16:28:05.88] /# gi::pressButton {/scroll/scrollArea/scrollAreaInnerWidget/applications/dmLibraryManager} -in [gi::getWindows 1]
[16:28:05.89] /# 
[16:28:05.89] /i dm::openLibraryManager
[16:28:05.89] /r giWindowId 2
[16:28:05.89] /r giWindowGeometry 660x600+50+78
[16:28:05.91] /o oa:0x18f3d5c0
[16:28:08.71] /i gi::setCurrentIndex {libs} -index {project_d_ff} -in [gi::getWindows 2]
[16:28:08.71] /i gi::setItemSelection {libs} -index {project_d_ff} -in [gi::getWindows 2]
[16:28:21.00] /i exit
[16:28:21.04] /r giDialog gi::setActiveDialog [gi::getDialogs {deExitDialog}]
[16:28:21.32] /r giDialog db::setAttr geometry -of [gi::getDialogs {deExitDialog}] -value 419x181+741+465
[16:28:22.40] /r giDialog gi::pressButton {ok} -in [gi::getDialogs {deExitDialog}]
[16:28:22.41] /i gi::setActiveWindow 1
[16:28:22.41] /i gi::setActiveWindow 1 -raise true
[16:28:22.47] /o Shutdown time: Sat May 23 16:28:22 2026
[16:28:22.47] /o Elapsed session real time: 0.35 minutes
[16:28:22.47] /o Session terminated. Log is at /home/itsupport/Desktop/lab1vlsi/synopsys_custom/logs/ccompiler.itsupport.2026_5_23_162759_30831.log
