[16:29:07.32] /r giWindowId 0
[16:29:07.32] /r giWindowGeometry 600x300
[16:29:07.32] /o 
              /c                                 Custom Compiler 
              /c 
              /c               Version N-2017.12-SP1-2 for linux64 - May 16, 2018 
              /c 
              /c                     Copyright (c) 2004 - 2018 Synopsys, Inc.
              /c    This software and the associated documentation are proprietary to Synopsys,
              /c  Inc. This software may only be used in accordance with the terms and conditions
              /c  of a written license agreement with Synopsys, Inc. All other use, reproduction,
              /c             or distribution of this software is strictly prohibited.
              /c 
              /c Build  (OPT) Config 4182185 compiled on Wed May 16 15:20:56 2018 for RHEL64 6.6
              /c Invocation: /usr/synopsys/customcompiler/N-2017.12-SP1-2/linux64/platform/bin/cdesigner
              /c Execution time: Sat May 23 16:29:06 2026
              /c Host: localhost.localdomain
              /c Working directory: /home/itsupport/Desktop/lab1vlsi
              /c 
[16:29:08.33] /r giShowFrameTabs true
[16:29:08.33] /r giWindowId 1
[16:29:08.33] /r giWindowGeometry 1040x800
[16:29:11.93] /# gi::pressButton {/scroll/scrollArea/scrollAreaInnerWidget/applications/dmLibraryManager} -in [gi::getWindows 1]
[16:29:11.93] /# 
[16:29:11.94] /i dm::openLibraryManager
[16:29:11.94] /r giWindowId 2
[16:29:11.94] /r giWindowGeometry 660x600+50+78
[16:29:11.96] /o oa:0x1e4ef490
[16:29:13.27] /i gi::setCurrentIndex {libs} -index {parasitics} -in [gi::getWindows 2]
[16:29:13.27] /i gi::setItemSelection {libs} -index {parasitics} -in [gi::getWindows 2]
[16:29:14.56] /i gi::setCurrentIndex {libs} -index {project_d_ff} -in [gi::getWindows 2]
[16:29:14.57] /i gi::setItemSelection {libs} -index {project_d_ff} -in [gi::getWindows 2]
[16:33:49.45] /i gi::setCurrentIndex {cellCategories} -index {D_LATCH_SLAVE} -in [gi::getWindows 2]
[16:33:49.45] /i gi::setItemSelection {cellCategories} -index {D_LATCH_SLAVE} -in [gi::getWindows 2]
[16:33:51.31] /i gi::setCurrentIndex {libs} -index {parasitics} -in [gi::getWindows 2]
[16:33:51.31] /i gi::setItemSelection {libs} -index {parasitics} -in [gi::getWindows 2]
[16:33:51.78] /i gi::setCurrentIndex {libs} -index {reference90RF} -in [gi::getWindows 2]
[16:33:51.79] /i gi::setItemSelection {libs} -index {reference90RF} -in [gi::getWindows 2]
[16:33:52.25] /i gi::setCurrentIndex {libs} -index {project_d_ff} -in [gi::getWindows 2]
[16:33:52.25] /i gi::setItemSelection {libs} -index {project_d_ff} -in [gi::getWindows 2]
[16:33:56.03] /i gi::createWindow -windowType [gi::getWindowTypes giHomePage]
[16:33:56.03] /r giWindowId 3
[16:33:56.03] /r giWindowGeometry 1040x800
[16:33:59.16] /# gi::pressButton {/scroll/scrollArea/scrollAreaInnerWidget/applications/dmLibraryManager} -in [gi::getWindows 3]
[16:33:59.16] /# 
[16:33:59.16] /i dm::openLibraryManager
[16:33:59.16] /r giWindowId 4
[16:33:59.17] /r giWindowGeometry 1040x800+439+194
[16:33:59.18] /o oa:0x1852ca50
[16:33:59.18] /i gi::closeWindows [gi::getWindows 3]
[16:34:01.29] /i gi::executeAction menuPreShow -in [gi::getWindows 4]
[16:34:01.29] /r giMenuAccess db::getNext [gi::getMenus dmEditMenu -from [gi::getWindows 4]]
[16:34:03.92] /i gi::setCurrentIndex {libs} -index {analogLib} -in [gi::getWindows 4]
[16:34:04.79] /i gi::executeAction giCloseWindow -in [gi::getWindows 4]
[16:34:04.80] /i gi::setActiveWindow 2
[16:34:04.80] /i gi::setActiveWindow 2 -raise true
[16:34:06.55] /i db::setAttr iconified -of [gi::getFrames 1] -value true
[16:34:26.45] /i db::setAttr iconified -of [gi::getFrames 1] -value false
[16:34:28.47] /# gi::executeAction dmShowNewLibrary -in [gi::getWindows 2]
[16:34:28.47] /i dm::showNewLibrary -parent 2
[16:34:28.50] /o oa:0x1e7e0610
[16:34:28.54] /i gi::setActiveDialog [gi::getDialogs {dmNewLibrary} -parent [gi::getWindows 2]]
[16:34:28.78] /i db::setAttr geometry -of [gi::getDialogs {dmNewLibrary} -parent [gi::getWindows 2]] -value 458x467+720+297
[16:34:30.31] /i gi::pressButton {libDirBrowse} -in [gi::getDialogs {dmNewLibrary} -parent [gi::getWindows 2]]
[16:34:34.04] /r giFileDialog accept project_d_ff_2
[16:34:39.53] /i gi::setField {libName} -value {d_ff_2} -in [gi::getDialogs {dmNewLibrary} -parent [gi::getWindows 2]]
[16:34:39.53] /i gi::pressButton {ok} -in [gi::getDialogs {dmNewLibrary} -parent [gi::getWindows 2]]
[16:34:39.54] /# dm::createLib d\_ff\_2 -path {project_d_ff_2/d_ff_2} -dmSystem oaDMFileSys
[16:34:39.54] /# db::importTechFile /usr/synopsys/customcompiler/N-2017.12-SP1-2/auxx/tech/cdesigner_1.0.tf -lib [oa::LibFind [oa::ScalarName [oa::CdbaNS] d\_ff\_2]]; oa::save [oa::TechFind [oa::ScalarName [oa::CdbaNS] d\_ff\_2]]
[16:34:39.56] /m Information: set default manufacturing grid to the default value 0.005um for the imported technology library d_ff_2. (TECH_IO-098)
[16:34:39.56] /m Information: Technology file /usr/synopsys/customcompiler/N-2017.12-SP1-2/auxx/tech/cdesigner_1.0.tf is successfully imported into lib d_ff_2. (TECH_IO-099)
[16:34:39.57] /# oa::close [oa::TechFind [oa::ScalarName [oa::CdbaNS] d\_ff\_2]]
[16:34:41.31] /i gi::setCurrentIndex {libs} -index {d_ff_2} -in [gi::getWindows 2]
[16:34:41.31] /i gi::setItemSelection {libs} -index {d_ff_2} -in [gi::getWindows 2]
[16:34:42.22] /i gi::setItemSelection {cellCategories} -index {} -in [gi::getWindows 2]
[16:34:42.52] /i gi::setCurrentIndex {cellCategories} -index {Uncategorized} -in [gi::getWindows 2]
[16:34:42.52] /i gi::setItemSelection {cellCategories} -index {Uncategorized} -in [gi::getWindows 2]
[16:34:44.63] /i gi::executeAction dmDeleteLibrary -in [gi::getWindows 2]
[16:34:44.69] /r giDialog gi::setActiveDialog [gi::getDialogs {dmDelete}]
[16:34:44.95] /r giDialog db::setAttr geometry -of [gi::getDialogs {dmDelete}] -value 330x92+785+509
[16:34:45.47] /r giDialog gi::pressButton {delete} -in [gi::getDialogs {dmDelete}]
[16:34:45.48] /# db::destroy [oa::LibFind [oa::ScalarName  [oa::CdbaNS] d\_ff\_2]]
[16:34:45.49] /# gi::setCurrentIndex {libs} -index {basic} -in [gi::getWindows 2]
[16:34:45.49] /# gi::setItemSelection {libs} -index {} -in [gi::getWindows 2]
[16:34:46.85] /i exit
[16:34:46.90] /r giDialog gi::setActiveDialog [gi::getDialogs {deExitDialog}]
[16:34:47.16] /r giDialog db::setAttr geometry -of [gi::getDialogs {deExitDialog}] -value 419x181+741+465
[16:34:48.11] /r giDialog gi::pressButton {ok} -in [gi::getDialogs {deExitDialog}]
[16:34:48.12] /i gi::setActiveWindow 1
[16:34:48.12] /i gi::setActiveWindow 1 -raise true
[16:34:48.18] /o Shutdown time: Sat May 23 16:34:48 2026
[16:34:48.18] /o Elapsed session real time: 5.68 minutes
[16:34:48.18] /o Session terminated. Log is at /home/itsupport/Desktop/lab1vlsi/synopsys_custom/logs/ccompiler.itsupport.2026_5_23_162906_31004.log
