[14:20:47.58] /r giWindowId 0
[14:20:47.58] /r giWindowGeometry 600x300
[14:20:47.59] /o 
              /c                                 Custom Compiler 
              /c 
              /c               Version N-2017.12-SP1-2 for linux64 - May 16, 2018 
              /c 
              /c                     Copyright (c) 2004 - 2018 Synopsys, Inc.
              /c    This software and the associated documentation are proprietary to Synopsys,
              /c  Inc. This software may only be used in accordance with the terms and conditions
              /c  of a written license agreement with Synopsys, Inc. All other use, reproduction,
              /c             or distribution of this software is strictly prohibited.
              /c 
              /c Build  (OPT) Config 4182185 compiled on Wed May 16 15:20:56 2018 for RHEL64 6.6
              /c Invocation: /usr/synopsys/customcompiler/N-2017.12-SP1-2/linux64/platform/bin/cdesigner
              /c Execution time: Sun May 24 14:20:46 2026
              /c Host: localhost.localdomain
              /c Working directory: /home/itsupport/Desktop/lab1vlsi
              /c 
[14:20:48.82] /w Warning: In file /home/itsupport/Desktop/lab1vlsi/lib.defs: Syntax error in file '/home/itsupport/Desktop/lab1vlsi/lib.defs' at line '8' : '' (DATA_MANAGEMENT-014)
[14:20:48.83] /r giShowFrameTabs true
[14:20:48.83] /r giWindowId 1
[14:20:48.83] /r giWindowGeometry 1040x800
[14:21:10.69] /# gi::pressButton {/scroll/scrollArea/scrollAreaInnerWidget/applications/dmLibraryManager} -in [gi::getWindows 1]
[14:21:10.70] /# 
[14:21:10.70] /i dm::openLibraryManager
[14:21:10.70] /r giWindowId 2
[14:21:10.70] /r giWindowGeometry 660x600+50+78
[14:21:10.73] /o oa:0x1a394a90
[14:21:11.95] /i gi::setCurrentIndex {libs} -index {inverter} -in [gi::getWindows 2]
[14:21:11.96] /i gi::setItemSelection {libs} -index {inverter} -in [gi::getWindows 2]
[14:21:16.50] /i gi::setCurrentIndex {cells} -index {EXTRACT_VIEW} -in [gi::getWindows 2]
[14:21:16.50] /i gi::setItemSelection {cells} -index {EXTRACT_VIEW} -in [gi::getWindows 2]
[14:21:18.79] /i gi::setCurrentIndex {cells} -index {D_FLipflop_MS} -in [gi::getWindows 2]
[14:21:18.80] /i gi::setItemSelection {cells} -index {D_FLipflop_MS} -in [gi::getWindows 2]
[14:21:25.22] /i db::setAttr maximized -of [gi::getFrames 1] -value true
[14:21:25.52] /i db::setAttr dockSize -of [gi::getAssistants giConsole -from [gi::getWindows 2]] -value 1910x207
[14:21:25.53] /i db::setAttr geometry -of [gi::getFrames 1] -value 1910x1101+5+56
[14:21:31.74] /# gi::executeAction dmShowNewCellView -in [gi::getWindows 2]
[14:21:31.74] /i dm::showNewCellView -parent 2
[14:21:31.76] /o oa:0x18da3940
[14:21:31.80] /i gi::setActiveDialog [gi::getDialogs {dmNewCellView} -parent [gi::getWindows 2]]
[14:21:32.06] /i db::setAttr geometry -of [gi::getDialogs {dmNewCellView} -parent [gi::getWindows 2]] -value 588x285+656+413
[14:21:35.09] /i gi::setField {cellViewName} -value {schematic} -in [gi::getDialogs {dmNewCellView} -parent [gi::getWindows 2]]
[14:21:36.39] /i gi::pressButton {ok} -in [gi::getDialogs {dmNewCellView} -parent [gi::getWindows 2]]
[14:21:36.40] /# db::getAttr viewType -of [dm::findCellView schematic -cell [dm::findCell D\_FLipflop\_MS -lib [oa::LibFind [oa::ScalarName [oa::CdbaNS] inverter]]]]
[14:21:36.40] /# dm::createCellView schematic -cell [dm::findCell D\_FLipflop\_MS -lib [ oa::LibFind [oa::ScalarName [oa::CdbaNS] inverter]]] -viewType schematic
[14:21:36.40] /# de::open [dm::findCellView schematic -cell [dm::findCell D\_FLipflop\_MS -lib [oa::LibFind [oa::ScalarName [oa::CdbaNS] inverter]]]] -application seSchematic
[14:21:36.41] /m Information: License 'Schematic' checked out. (LICENSE-003)
[14:21:36.41] /w Warning: Preference 'leActiveLPP' is deprecated and scheduled for removal in a future release with no replacement. For migration assistance, see the Custom Compiler Tcl Reference Manual. (PREFERENCE-058)
[14:21:36.42] /o 	#######################################
[14:21:36.42] /o 	PDK Library Name	: reference90RF
[14:21:36.42] /o 	PDK Version		: 2.0
[14:21:36.42] /o 	PDK Release Date	: 25-March-2010 
[14:21:36.42] /o 	#######################################
[14:21:36.42] /o 
[14:21:36.47] /r giWindowId 3
[14:21:36.47] /r giWindowGeometry 1632x1020
[14:21:36.70] /m Information: 
[14:21:36.70] /o Checking "inverter/D_FLipflop_MS/schematic"
[14:21:36.70] /o No rule violations found in "inverter/D_FLipflop_MS/schematic"
[14:21:36.70] /m Information: Checking process is completed: marking the design violations
[14:21:36.70] /m Information: Marking of designs is completed
[14:21:37.92] /i gi::executeAction giCloseWindow -in [gi::getWindows 3]
[14:21:37.93] /i gi::setActiveWindow 2
[14:21:37.93] /i gi::setActiveWindow 2 -raise true
[14:21:39.40] /i gi::setCurrentIndex {cells} -index {EXTRACT_VIEW} -in [gi::getWindows 2]
[14:21:39.41] /i gi::setItemSelection {cells} -index {EXTRACT_VIEW} -in [gi::getWindows 2]
[14:21:39.78] /i gi::setCurrentIndex {cells} -index {D_FLipflop_MS} -in [gi::getWindows 2]
[14:21:39.78] /i gi::setItemSelection {cells} -index {D_FLipflop_MS} -in [gi::getWindows 2]
[14:22:06.69] /i gi::setCurrentIndex {libs} -index {new_dff} -in [gi::getWindows 2]
[14:22:06.69] /i gi::setItemSelection {libs} -index {new_dff} -in [gi::getWindows 2]
[14:22:07.86] /i gi::setCurrentIndex {cells} -index {d_ff} -in [gi::getWindows 2]
[14:22:07.86] /i gi::setItemSelection {cells} -index {d_ff} -in [gi::getWindows 2]
[14:22:09.58] /i gi::setCurrentIndex {views} -index {schematic} -in [gi::getWindows 2]
[14:22:09.59] /i gi::setItemSelection {views} -index {schematic} -in [gi::getWindows 2]
[14:22:10.12] /i gi::executeAction dmOpen -in [gi::getWindows 2]
[14:22:10.17] /r giDialog gi::setActiveDialog [gi::getDialogs {deOpenFailed} -parent [gi::getWindows 2]]
[14:22:10.43] /r giDialog db::setAttr geometry -of [gi::getDialogs {deOpenFailed} -parent [gi::getWindows 2]] -value 399x82+761+573
[14:22:11.83] /r giDialog gi::closeWindows [gi::getDialogs {deOpenFailed} -parent [gi::getWindows 2]]
[14:22:14.75] /i exit
[14:22:14.79] /r giDialog gi::setActiveDialog [gi::getDialogs {deExitDialog}]
[14:22:15.05] /r giDialog db::setAttr geometry -of [gi::getDialogs {deExitDialog}] -value 419x155+741+478
[14:22:15.79] /r giDialog gi::pressButton {ok} -in [gi::getDialogs {deExitDialog}]
[14:22:15.80] /i gi::setActiveWindow 1
[14:22:15.80] /i gi::setActiveWindow 1 -raise true
[14:22:15.88] /o Shutdown time: Sun May 24 14:22:15 2026
[14:22:15.88] /o Elapsed session real time: 1.46 minutes
[14:22:15.88] /o Session terminated. Log is at /home/itsupport/Desktop/lab1vlsi/synopsys_custom/logs/ccompiler.itsupport.2026_5_24_142046_11622.log
