[01:20:55.62] /r giWindowId 0
[01:20:55.62] /r giWindowGeometry 600x300
[01:20:55.63] /o 
              /c                                 Custom Compiler 
              /c 
              /c               Version N-2017.12-SP1-2 for linux64 - May 16, 2018 
              /c 
              /c                     Copyright (c) 2004 - 2018 Synopsys, Inc.
              /c    This software and the associated documentation are proprietary to Synopsys,
              /c  Inc. This software may only be used in accordance with the terms and conditions
              /c  of a written license agreement with Synopsys, Inc. All other use, reproduction,
              /c             or distribution of this software is strictly prohibited.
              /c 
              /c Build  (OPT) Config 4182185 compiled on Wed May 16 15:20:56 2018 for RHEL64 6.6
              /c Invocation: /usr/synopsys/customcompiler/N-2017.12-SP1-2/linux64/platform/bin/cdesigner
              /c Execution time: Sat May 23 01:20:52 2026
              /c Host: localhost.localdomain
              /c Working directory: /home/itsupport/Desktop/lab1vlsi
              /c 
[01:20:56.96] /r giShowFrameTabs true
[01:20:56.96] /r giWindowId 1
[01:20:56.96] /r giWindowGeometry 1040x800
[01:21:00.02] /i db::setAttr iconified -of [gi::getFrames 1] -value true
[01:21:12.82] /i db::setAttr iconified -of [gi::getFrames 1] -value false
[01:21:14.17] /# gi::pressButton {/scroll/scrollArea/scrollAreaInnerWidget/applications/dmLibraryManager} -in [gi::getWindows 1]
[01:21:14.17] /# 
[01:21:14.17] /i dm::openLibraryManager
[01:21:14.17] /r giWindowId 2
[01:21:14.17] /r giWindowGeometry 660x600+50+78
[01:21:14.19] /o oa:0x1e9198e0
[01:21:14.32] /i gi::setSectionSizes {libs} -values {249} -in [gi::getWindows 2]
[01:21:18.88] /i gi::setCurrentIndex {libs} -index {analogLib} -in [gi::getWindows 2]
[01:21:20.77] /i gi::setCurrentIndex {libs} -index {project_d_ff} -in [gi::getWindows 2]
[01:21:20.77] /i gi::setItemSelection {libs} -index {project_d_ff} -in [gi::getWindows 2]
[01:21:22.73] /i db::setAttr maximized -of [gi::getFrames 1] -value true
[01:21:23.07] /i db::setAttr geometry -of [gi::getFrames 1] -value 1910x981+5+56
[01:21:23.64] /i gi::setCurrentIndex {cellCategories} -index {INV} -in [gi::getWindows 2]
[01:21:23.64] /i gi::setItemSelection {cellCategories} -index {INV} -in [gi::getWindows 2]
[01:21:24.47] /i gi::setCurrentIndex {cells} -index {CLOCK_inv} -in [gi::getWindows 2]
[01:21:24.47] /i gi::setItemSelection {cells} -index {CLOCK_inv} -in [gi::getWindows 2]
[01:21:24.95] /i gi::setCurrentIndex {views} -index {layout} -in [gi::getWindows 2]
[01:21:24.95] /i gi::setItemSelection {views} -index {layout} -in [gi::getWindows 2]
[01:21:25.18] /i gi::executeAction dmOpen -in [gi::getWindows 2]
[01:21:25.18] /m Information: License 'Basic' checked out. (LICENSE-003)
[01:21:25.19] /w Warning: Preference 'leActiveLPP' is deprecated and scheduled for removal in a future release with no replacement. For migration assistance, see the Custom Compiler Tcl Reference Manual. (PREFERENCE-058)
[01:21:25.19] /o 	#######################################
[01:21:25.19] /o 	PDK Library Name	: reference90RF
[01:21:25.19] /o 	PDK Version		: 2.0
[01:21:25.19] /o 	PDK Release Date	: 25-March-2010 
[01:21:25.19] /o 	#######################################
[01:21:25.19] /o 
[01:21:25.40] /r giWindowId 3
[01:21:25.40] /r giWindowGeometry 1632x912
[01:21:25.44] /# de::setActiveLPP [de::getLPPs "exclude blockage" -from [db::getAttr editDesign -of [de::getContexts -window 3]]]
[01:21:27.56] /# gi::executeAction xtLVSSetup -in [gi::getWindows 3]
[01:21:27.56] /i xt::showLVSSetup -job lvs -window 3
[01:21:27.80] /o oa:0x1ebe5ba0
[01:21:27.86] /i gi::setActiveDialog [gi::getDialogs {xtLVSSetup} -parent [gi::getWindows 3]]
[01:21:28.16] /i db::setAttr geometry -of [gi::getDialogs {xtLVSSetup} -parent [gi::getWindows 3]] -value 704x454+787+359
[01:21:30.19] /i gi::pressButton {/tabGroup/mainTab/jobParametersGroup/runsetFile/browseButton} -in [gi::getDialogs {xtLVSSetup} -parent [gi::getWindows 3]]
[01:21:31.64] /r giFileDialog reject .
[01:21:32.62] /i gi::pressButton {/tabGroup/mainTab/runDir/browseButton} -in [gi::getDialogs {xtLVSSetup} -parent [gi::getWindows 3]]
[01:21:35.09] /r giFileDialog accept .
[01:21:36.45] /i gi::pressButton {/apply} -in [gi::getDialogs {xtLVSSetup} -parent [gi::getWindows 3]]
[01:21:36.80] /# xt::physicalVerification::executePve lvs 3
[01:21:37.66] /m Information: "Starting netlisting for design "project_d_ff/CLOCK_inv/schematic"..." (NETLISTING-010)
[01:21:37.68] /m Information: 
[01:21:37.68] /o Checking "project_d_ff/CLOCK_inv/schematic"
[01:21:37.68] /o No rule violations found in "project_d_ff/CLOCK_inv/schematic"
[01:21:37.68] /o No Design Integrity rule violations found in "project_d_ff/CLOCK_inv/schematic"
[01:21:37.70] /m Information: "Netlisting design "project_d_ff/CLOCK_inv/schematic" finished successfully." (NETLISTING-012)
[01:21:37.88] /r giWindowId 4
[01:21:37.88] /r giWindowGeometry 800x600
[01:21:38.17] /i gi::setActiveTab {tabs} -tabName {stdout.lvs.log} -in [gi::getWindows 4]
[01:21:38.17] /i gi::setActiveTab {tabs} -tabName {stdout.lvs.log} -in [gi::getWindows 4]
[01:21:38.17] /i gi::setActiveTab {tabs} -tabName {stdout.lvs.log} -in [gi::getWindows 4]
[01:21:38.17] /i gi::setActiveTab {tabs} -tabName {stdout.lvs.log} -in [gi::getWindows 4]
[01:21:38.17] /i gi::setActiveTab {tabs} -tabName {stdout.lvs.log} -in [gi::getWindows 4]
[01:21:38.17] /i gi::setActiveTab {tabs} -tabName {stdout.lvs.log} -in [gi::getWindows 4]
[01:21:38.17] /i gi::setActiveTab {tabs} -tabName {stdout.lvs.log} -in [gi::getWindows 4]
[01:21:38.17] /i gi::setActiveTab {tabs} -tabName {stdout.lvs.log} -in [gi::getWindows 4]
[01:21:38.19] /e Error: The job 'hercules_lvs_1' started on host 'localhost' with process id 24573 failed to start or complete successfully; the job's return code is 33.
[01:21:40.03] /i gi::closeWindows [gi::getDialogs {xtLVSSetup} -parent [gi::getWindows 3]]
[01:21:40.95] /i gi::pressButton {ConsoleToggleButton} -in [db::getAttr statusbar -of [gi::getWindows 4]]
[01:21:45.25] /i gi::executeAction giCloseWindow -in [gi::getWindows 4]
[01:21:45.25] /i gi::setActiveWindow 3
[01:21:45.25] /i gi::setActiveWindow 3 -raise true
[01:21:48.24] /# gi::executeAction xtDRCSetup -in [gi::getWindows 3]
[01:21:48.24] /i xt::showDRCSetup -job drc -window 3
[01:21:48.43] /o oa:0x20c97450
[01:21:48.48] /i gi::setActiveDialog [gi::getDialogs {xtDRCSetup} -parent [gi::getWindows 3]]
[01:21:48.77] /i db::setAttr geometry -of [gi::getDialogs {xtDRCSetup} -parent [gi::getWindows 3]] -value 475x427+865+387
[01:21:49.73] /i gi::pressButton {/ok} -in [gi::getDialogs {xtDRCSetup} -parent [gi::getWindows 3]]
[01:21:49.74] /e Error: The requested action could not be completed because one or more inputs are incomplete or invalid. (CUSTOM_WIDGETS-001)
[01:21:49.95] /i gi::pressButton {/ok} -in [gi::getDialogs {xtDRCSetup} -parent [gi::getWindows 3]]
[01:21:49.95] /e Error: The requested action could not be completed because one or more inputs are incomplete or invalid. (CUSTOM_WIDGETS-001)
[01:21:50.12] /i gi::pressButton {/ok} -in [gi::getDialogs {xtDRCSetup} -parent [gi::getWindows 3]]
[01:21:50.12] /e Error: The requested action could not be completed because one or more inputs are incomplete or invalid. (CUSTOM_WIDGETS-001)
[01:21:50.81] /i gi::pressButton {/tabGroup/mainTab/runDir/browseButton} -in [gi::getDialogs {xtDRCSetup} -parent [gi::getWindows 3]]
[01:21:51.94] /r giFileDialog accept synopsys_custom/CLOCK_inv.hercules.drc
[01:21:52.65] /i gi::pressButton {/tabGroup/mainTab/jobParametersGroup/runsetFile/browseButton} -in [gi::getDialogs {xtDRCSetup} -parent [gi::getWindows 3]]
[01:21:56.60] /r giFileDialog accept PDK/hercules/drc/reference_drc.ev
[01:21:57.23] /i gi::pressButton {/apply} -in [gi::getDialogs {xtDRCSetup} -parent [gi::getWindows 3]]
[01:21:57.23] /# gi::setActiveTab {/tabGroup} -tabName {/tabGroup/customOptionsTab} -in [gi::getDialogs {xtDRCSetup} -parent [gi::getWindows 3]]
[01:21:57.23] /e Error: The requested action could not be completed because one or more inputs are incomplete or invalid. (CUSTOM_WIDGETS-001)
[01:21:58.62] /i gi::setField {/tabGroup/customOptionsTab/layerMapFile/entryField} -value {/remote/dept-seg-cae2/FTK/agarwals/PERFORCE/IPL/reference/90nm/techfiles/reference90RF_layer.map} -in [gi::getDialogs {xtDRCSetup} -parent [gi::getWindows 3]]
[01:21:58.71] /i gi::pressButton {/tabGroup/customOptionsTab/layerMapFile/browseButton} -in [gi::getDialogs {xtDRCSetup} -parent [gi::getWindows 3]]
[01:22:04.79] /r giFileDialog accept PDK/techfiles/reference90RF_layer.map
[01:22:05.36] /i gi::pressButton {/ok} -in [gi::getDialogs {xtDRCSetup} -parent [gi::getWindows 3]]
[01:22:05.69] /# xt::physicalVerification::executePve drc 3
[01:22:06.78] /r giWindowId 5
[01:22:06.78] /r giWindowGeometry 800x600
[01:22:07.47] /m Information: 
              /c =============================
              /c JobID: hercules_drc_1
              /c Completed with no errors.
              /c =============================
              /c 
[01:22:08.98] /i gi::executeAction giCloseWindow -in [gi::getWindows 5]
[01:22:08.98] /i gi::setActiveWindow 3
[01:22:08.98] /i gi::setActiveWindow 3 -raise true
[01:22:11.44] /# gi::executeAction xtLVSSetup -in [gi::getWindows 3]
[01:22:11.44] /i xt::showLVSSetup -job lvs -window 3
[01:22:12.06] /# gi::setActiveDialog [gi::getDialogs {xtLVSSetup} -parent [gi::getWindows 3]]
[01:22:12.15] /o oa:0x1fe29d00
[01:22:12.17] /i db::setAttr geometry -of [gi::getDialogs {xtLVSSetup} -parent [gi::getWindows 3]] -value 704x454+787+322
[01:22:15.85] /i gi::setField {/tabGroup/mainTab/jobParametersGroup/runsetFile/entryField} -value {/home/itsupport/Desktop/lab1vlsi/PDK/hercules/lvs/reference_lvs.ev} -in [gi::getDialogs {xtLVSSetup} -parent [gi::getWindows 3]]
[01:22:15.93] /i gi::pressButton {/tabGroup/mainTab/jobParametersGroup/runsetFile/browseButton} -in [gi::getDialogs {xtLVSSetup} -parent [gi::getWindows 3]]
[01:22:21.19] /r giFileDialog accept reference_lvs.ev
[01:22:21.19] /e Error: Error loading runset '/home/itsupport/Desktop/lab1vlsi/reference_lvs.ev': not a file.
[01:22:25.73] /i gi::setActiveTab {/tabGroup} -tabName {/tabGroup/customOptionsTab} -in [gi::getDialogs {xtLVSSetup} -parent [gi::getWindows 3]]
[01:22:27.16] /i gi::setActiveTab {/tabGroup} -tabName {/tabGroup/controlVariablesTab} -in [gi::getDialogs {xtLVSSetup} -parent [gi::getWindows 3]]
[01:22:27.67] /i gi::setActiveTab {/tabGroup} -tabName {/tabGroup/netlistingOptionsTab} -in [gi::getDialogs {xtLVSSetup} -parent [gi::getWindows 3]]
[01:22:32.19] /i gi::pressButton {/tabGroup/netlistingOptionsTab/schematicOutputNetlist/browseButton} -in [gi::getDialogs {xtLVSSetup} -parent [gi::getWindows 3]]
[01:22:35.66] /r giFileDialog accept CLOCK_inv.custom_compiler.sp
[01:22:38.76] /i gi::pressButton {/apply} -in [gi::getDialogs {xtLVSSetup} -parent [gi::getWindows 3]]
[01:22:39.08] /# xt::physicalVerification::executePve lvs 3
[01:22:39.52] /e Error: Error: Problem processing 'xt::hercules::_private::writeRunset' because: Failed to open file '/home/itsupport/Desktop/lab1vlsi/reference_lvs.ev' for reading. (PHYSICAL_VERIFICATION_COMMANDS-015)
[01:22:41.89] /i gi::pressButton {/ok} -in [gi::getDialogs {xtLVSSetup} -parent [gi::getWindows 3]]
[01:22:42.19] /# xt::physicalVerification::executePve lvs 3
[01:22:42.63] /e Error: Error: Problem processing 'xt::hercules::_private::writeRunset' because: Failed to open file '/home/itsupport/Desktop/lab1vlsi/reference_lvs.ev' for reading. (PHYSICAL_VERIFICATION_COMMANDS-015)
[01:22:43.95] /i gi::pressButton {ConsoleToggleButton} -in [db::getAttr statusbar -of [gi::getWindows 3]]
[01:22:46.45] /i gi::setActiveWindow 2
[01:22:46.45] /i gi::setActiveWindow 2 -raise true
[01:22:47.48] /i gi::setCurrentIndex {cells} -index {TG_in} -in [gi::getWindows 2]
[01:22:47.48] /i gi::setItemSelection {cells} -index {TG_in} -in [gi::getWindows 2]
[01:22:49.38] /i gi::setCurrentIndex {views} -index {layout} -in [gi::getWindows 2]
[01:22:49.39] /i gi::setItemSelection {views} -index {layout} -in [gi::getWindows 2]
[01:22:49.53] /i gi::executeAction dmOpen -in [gi::getWindows 2]
[01:22:49.55] /r giWindowId 6
[01:22:49.55] /r giWindowGeometry 1632x912
[01:22:49.57] /# de::setActiveLPP [de::getLPPs "exclude blockage" -from [db::getAttr editDesign -of [de::getContexts -window 6]]]
[01:22:51.54] /# gi::executeAction xtLVSSetup -in [gi::getWindows 6]
[01:22:51.54] /i xt::showLVSSetup -job lvs -window 6
[01:22:51.77] /o oa:0x202b4970
[01:22:51.82] /i gi::setActiveDialog [gi::getDialogs {xtLVSSetup} -parent [gi::getWindows 6]]
[01:22:52.09] /i db::setAttr geometry -of [gi::getDialogs {xtLVSSetup} -parent [gi::getWindows 6]] -value 704x454+787+359
[01:22:52.70] /i gi::setActiveTab {/tabGroup} -tabName {/tabGroup/netlistingOptionsTab} -in [gi::getDialogs {xtLVSSetup} -parent [gi::getWindows 6]]
[01:22:55.44] /i gi::setField {/tabGroup/netlistingOptionsTab/schematicOutputNetlist/entryField} -value {/home/itsupport/Desktop/lab1vlsi/synopsys_custom/TG_in.hercules.lvs/TG_in.custom_compiler.sp} -in [gi::getDialogs {xtLVSSetup} -parent [gi::getWindows 6]]
[01:22:58.15] /i gi::setActiveWindow 3
[01:22:58.15] /i gi::setActiveWindow 3 -raise true
[01:22:59.58] /i db::setAttr shown -of [gi::getAssistants giConsole -from [gi::getWindows 3]] -value false
[01:23:03.21] /i gi::closeWindows [gi::getDialogs {xtLVSSetup} -parent [gi::getWindows 6]]
[01:23:05.63] /# gi::executeAction xtLVSSetup -in [gi::getWindows 3]
[01:23:05.63] /i xt::showLVSSetup -job lvs -window 3
[01:23:05.75] /e Error: Error loading runset '/home/itsupport/Desktop/lab1vlsi/reference_lvs.ev': not a file.
[01:23:05.84] /o oa:0x213f98a0
[01:23:05.90] /i gi::setActiveDialog [gi::getDialogs {xtLVSSetup} -parent [gi::getWindows 3]]
[01:23:06.17] /i db::setAttr geometry -of [gi::getDialogs {xtLVSSetup} -parent [gi::getWindows 3]] -value 704x454+787+285
[01:23:06.47] /i gi::setActiveTab {/tabGroup} -tabName {/tabGroup/netlistingOptionsTab} -in [gi::getDialogs {xtLVSSetup} -parent [gi::getWindows 3]]
[01:23:09.28] /i gi::pressButton {/tabGroup/netlistingOptionsTab/schematicOutputNetlist/browseButton} -in [gi::getDialogs {xtLVSSetup} -parent [gi::getWindows 3]]
[01:23:19.29] /r giFileDialog accept synopsys_custom/CLOCK_inv.hercules.lvs/CLOCK_inv.custom_compiler.sp
[01:23:21.58] /i gi::pressButton {/apply} -in [gi::getDialogs {xtLVSSetup} -parent [gi::getWindows 3]]
[01:23:21.88] /# xt::physicalVerification::executePve lvs 3
[01:23:22.34] /e Error: Error: Problem processing 'xt::hercules::_private::writeRunset' because: Failed to open file '/home/itsupport/Desktop/lab1vlsi/reference_lvs.ev' for reading. (PHYSICAL_VERIFICATION_COMMANDS-015)
[01:23:25.00] /i gi::setActiveTab {/tabGroup} -tabName {/tabGroup/controlVariablesTab} -in [gi::getDialogs {xtLVSSetup} -parent [gi::getWindows 3]]
[01:23:25.29] /i gi::setActiveTab {/tabGroup} -tabName {/tabGroup/customOptionsTab} -in [gi::getDialogs {xtLVSSetup} -parent [gi::getWindows 3]]
[01:23:25.75] /i gi::setActiveTab {/tabGroup} -tabName {/tabGroup/mainTab} -in [gi::getDialogs {xtLVSSetup} -parent [gi::getWindows 3]]
[01:23:27.19] /i gi::pressButton {/ok} -in [gi::getDialogs {xtLVSSetup} -parent [gi::getWindows 3]]
[01:23:27.51] /# xt::physicalVerification::executePve lvs 3
[01:23:27.96] /e Error: Error: Problem processing 'xt::hercules::_private::writeRunset' because: Failed to open file '/home/itsupport/Desktop/lab1vlsi/reference_lvs.ev' for reading. (PHYSICAL_VERIFICATION_COMMANDS-015)
[01:23:28.24] /# gi::executeAction deSelectActive -in [gi::getWindows 3]
[01:23:28.24] /i de::deselectAllLogic -context [db::getNext [de::getContexts -window 3]]
[01:23:29.14] /i gi::pressButton {ConsoleToggleButton} -in [db::getAttr statusbar -of [gi::getWindows 3]]
[01:23:36.15] /i db::setAttr geometry -of [gi::getAssistants giConsole -from [gi::getWindows 3]] -value 1714x415+37+585
[01:23:39.56] /i db::setAttr shown -of [gi::getAssistants giConsole -from [gi::getWindows 3]] -value false
[01:23:40.67] /i gi::executeAction giCloseWindow -in [gi::getWindows 3]
[01:23:40.69] /i gi::setActiveWindow 6
[01:23:40.69] /i gi::setActiveWindow 6 -raise true
[01:23:44.40] /# gi::executeAction xtLVSSetup -in [gi::getWindows 6]
[01:23:44.40] /i xt::showLVSSetup -job lvs -window 6
[01:23:44.65] /o oa:0x20a1bdb0
[01:23:44.70] /i gi::setActiveDialog [gi::getDialogs {xtLVSSetup} -parent [gi::getWindows 6]]
[01:23:44.97] /i db::setAttr geometry -of [gi::getDialogs {xtLVSSetup} -parent [gi::getWindows 6]] -value 704x454+787+322
[01:23:47.04] /i gi::pressButton {/tabGroup/mainTab/runDir/browseButton} -in [gi::getDialogs {xtLVSSetup} -parent [gi::getWindows 6]]
[01:23:49.22] /r giFileDialog accept .
[01:23:49.29] /e Error: Error loading runset '/home/itsupport/Desktop/lab1vlsi/reference_lvs.ev': not a file.
[01:23:50.48] /i gi::setCurrentIndex {/tabGroup/controlVariablesTab/controlVariablesTable} -index {0,0} -in [gi::getDialogs {xtLVSSetup} -parent [gi::getWindows 6]]
[01:23:50.48] /i gi::setActiveTab {/tabGroup} -tabName {/tabGroup/controlVariablesTab} -in [gi::getDialogs {xtLVSSetup} -parent [gi::getWindows 6]]
[01:23:50.73] /i gi::setActiveTab {/tabGroup} -tabName {/tabGroup/netlistingOptionsTab} -in [gi::getDialogs {xtLVSSetup} -parent [gi::getWindows 6]]
[01:23:51.11] /i gi::setField {/tabGroup/netlistingOptionsTab/schematicOutputNetlist/entryField} -value {/home/itsupport/Desktop/lab1vlsi/synopsys_custom/CLOCK_inv.hercules.lvs/CLOCK_inv.custom_compiler.sp} -in [gi::getDialogs {xtLVSSetup} -parent [gi::getWindows 6]]
[01:23:51.12] /i gi::setActiveTab {/tabGroup} -tabName {/tabGroup/customOptionsTab} -in [gi::getDialogs {xtLVSSetup} -parent [gi::getWindows 6]]
[01:23:51.51] /i gi::setActiveTab {/tabGroup} -tabName {/tabGroup/controlVariablesTab} -in [gi::getDialogs {xtLVSSetup} -parent [gi::getWindows 6]]
[01:23:52.52] /i gi::setActiveTab {/tabGroup} -tabName {/tabGroup/customOptionsTab} -in [gi::getDialogs {xtLVSSetup} -parent [gi::getWindows 6]]
[01:23:53.27] /i gi::setActiveTab {/tabGroup} -tabName {/tabGroup/controlVariablesTab} -in [gi::getDialogs {xtLVSSetup} -parent [gi::getWindows 6]]
[01:23:53.87] /i gi::setActiveTab {/tabGroup} -tabName {/tabGroup/netlistingOptionsTab} -in [gi::getDialogs {xtLVSSetup} -parent [gi::getWindows 6]]
[01:24:00.24] /i gi::setActiveTab {/tabGroup} -tabName {/tabGroup/mainTab} -in [gi::getDialogs {xtLVSSetup} -parent [gi::getWindows 6]]
[01:24:01.28] /i gi::setActiveTab {/tabGroup} -tabName {/tabGroup/netlistingOptionsTab} -in [gi::getDialogs {xtLVSSetup} -parent [gi::getWindows 6]]
[01:24:06.52] /i gi::setActiveTab {/tabGroup} -tabName {/tabGroup/mainTab} -in [gi::getDialogs {xtLVSSetup} -parent [gi::getWindows 6]]
[01:24:09.68] /i gi::setField {/tabGroup/mainTab/layoutGroup/layoutCellViewCell} -value {TG_in} -in [gi::getDialogs {xtLVSSetup} -parent [gi::getWindows 6]]
[01:24:16.03] /i gi::setField {/tabGroup/mainTab/schematicGroup/schematicCellViewCell} -value {TG_in} -in [gi::getDialogs {xtLVSSetup} -parent [gi::getWindows 6]]
[01:24:19.03] /i gi::setActiveTab {/tabGroup} -tabName {/tabGroup/netlistingOptionsTab} -in [gi::getDialogs {xtLVSSetup} -parent [gi::getWindows 6]]
[01:24:21.86] /i gi::setActiveTab {/tabGroup} -tabName {/tabGroup/mainTab} -in [gi::getDialogs {xtLVSSetup} -parent [gi::getWindows 6]]
[01:24:24.97] /i gi::pressButton {/apply} -in [gi::getDialogs {xtLVSSetup} -parent [gi::getWindows 6]]
[01:24:25.29] /# xt::physicalVerification::executePve lvs 6
[01:24:25.73] /e Error: Error: Problem processing 'xt::hercules::_private::writeRunset' because: Failed to open file '/home/itsupport/Desktop/lab1vlsi/reference_lvs.ev' for reading. (PHYSICAL_VERIFICATION_COMMANDS-015)
[01:24:27.90] /i gi::pressButton {/ok} -in [gi::getDialogs {xtLVSSetup} -parent [gi::getWindows 6]]
[01:24:28.25] /# xt::physicalVerification::executePve lvs 6
[01:24:28.68] /e Error: Error: Problem processing 'xt::hercules::_private::writeRunset' because: Failed to open file '/home/itsupport/Desktop/lab1vlsi/reference_lvs.ev' for reading. (PHYSICAL_VERIFICATION_COMMANDS-015)
[01:24:29.38] /i gi::pressButton {ConsoleToggleButton} -in [db::getAttr statusbar -of [gi::getWindows 6]]
[01:24:32.17] /i db::setAttr shown -of [gi::getAssistants giConsole -from [gi::getWindows 6]] -value false
[01:24:33.83] /r giDialog gi::setActiveDialog [gi::getDialogs {giCloseFrame}]
[01:24:34.09] /r giDialog db::setAttr geometry -of [gi::getDialogs {giCloseFrame}] -value 299x108+811+500
[01:24:34.60] /r giDialog gi::pressButton {giCloseTabsButton} -in [gi::getDialogs {giCloseFrame}]
[01:24:34.61] /i exit
[01:24:34.69] /r giDialog gi::setActiveDialog [gi::getDialogs {deExitDialog}]
[01:24:34.90] /r giDialog db::setAttr geometry -of [gi::getDialogs {deExitDialog}] -value 419x181+741+405
[01:24:35.90] /r giDialog gi::pressButton {ok} -in [gi::getDialogs {deExitDialog}]
[01:24:35.92] /i gi::setActiveWindow 2
[01:24:35.92] /i gi::setActiveWindow 2 -raise true
[01:24:35.96] /i gi::setActiveWindow 1
[01:24:35.96] /i gi::setActiveWindow 1 -raise true
[01:24:36.05] /o Shutdown time: Sat May 23 01:24:36 2026
[01:24:36.05] /o Elapsed session real time: 3.66 minutes
[01:24:36.05] /o Session terminated. Log is at /home/itsupport/Desktop/lab1vlsi/synopsys_custom/logs/ccompiler.itsupport.2026_5_23_012052_24368.log
