[14:17:46.40] /r giWindowId 0
[14:17:46.40] /r giWindowGeometry 600x300
[14:17:46.41] /o 
              /c                                 Custom Compiler 
              /c 
              /c               Version N-2017.12-SP1-2 for linux64 - May 16, 2018 
              /c 
              /c                     Copyright (c) 2004 - 2018 Synopsys, Inc.
              /c    This software and the associated documentation are proprietary to Synopsys,
              /c  Inc. This software may only be used in accordance with the terms and conditions
              /c  of a written license agreement with Synopsys, Inc. All other use, reproduction,
              /c             or distribution of this software is strictly prohibited.
              /c 
              /c Build  (OPT) Config 4182185 compiled on Wed May 16 15:20:56 2018 for RHEL64 6.6
              /c Invocation: /usr/synopsys/customcompiler/N-2017.12-SP1-2/linux64/platform/bin/cdesigner
              /c Execution time: Sun May 24 14:17:43 2026
              /c Host: localhost.localdomain
              /c Working directory: /home/itsupport/Desktop/lab1vlsi
              /c 
[14:17:47.77] /w Warning: In file /home/itsupport/Desktop/lab1vlsi/lib.defs: Syntax error in file '/home/itsupport/Desktop/lab1vlsi/lib.defs' at line '8' : '' (DATA_MANAGEMENT-014)
[14:17:47.79] /r giShowFrameTabs true
[14:17:47.79] /r giWindowId 1
[14:17:47.79] /r giWindowGeometry 1040x800
[14:17:50.36] /# gi::pressButton {/scroll/scrollArea/scrollAreaInnerWidget/applications/dmLibraryManager} -in [gi::getWindows 1]
[14:17:50.36] /# 
[14:17:50.36] /i dm::openLibraryManager
[14:17:50.36] /r giWindowId 2
[14:17:50.36] /r giWindowGeometry 660x600+50+78
[14:17:50.39] /o oa:0x19017580
[14:17:57.36] /i gi::setCurrentIndex {libs} -index {parasitics} -in [gi::getWindows 2]
[14:17:57.36] /i gi::setItemSelection {libs} -index {parasitics} -in [gi::getWindows 2]
[14:17:57.74] /i gi::setCurrentIndex {libs} -index {new_dff} -in [gi::getWindows 2]
[14:17:57.75] /i gi::setItemSelection {libs} -index {new_dff} -in [gi::getWindows 2]
[14:18:03.97] /i exit
[14:18:04.02] /r giDialog gi::setActiveDialog [gi::getDialogs {deExitDialog}]
[14:18:04.29] /r giDialog db::setAttr geometry -of [gi::getDialogs {deExitDialog}] -value 419x181+741+465
[14:18:05.24] /r giDialog gi::pressButton {ok} -in [gi::getDialogs {deExitDialog}]
[14:18:05.24] /i gi::setActiveWindow 1
[14:18:05.24] /i gi::setActiveWindow 1 -raise true
[14:18:05.31] /o Shutdown time: Sun May 24 14:18:05 2026
[14:18:05.31] /o Elapsed session real time: 0.31 minutes
[14:18:05.31] /o Session terminated. Log is at /home/itsupport/Desktop/lab1vlsi/synopsys_custom/logs/ccompiler.itsupport.2026_5_24_141743_11202.log
