[14:23:18.59] /r giWindowId 0
[14:23:18.59] /r giWindowGeometry 600x300
[14:23:18.60] /o 
              /c                                 Custom Compiler 
              /c 
              /c               Version N-2017.12-SP1-2 for linux64 - May 16, 2018 
              /c 
              /c                     Copyright (c) 2004 - 2018 Synopsys, Inc.
              /c    This software and the associated documentation are proprietary to Synopsys,
              /c  Inc. This software may only be used in accordance with the terms and conditions
              /c  of a written license agreement with Synopsys, Inc. All other use, reproduction,
              /c             or distribution of this software is strictly prohibited.
              /c 
              /c Build  (OPT) Config 4182185 compiled on Wed May 16 15:20:56 2018 for RHEL64 6.6
              /c Invocation: /usr/synopsys/customcompiler/N-2017.12-SP1-2/linux64/platform/bin/cdesigner
              /c Execution time: Sun May 24 14:23:17 2026
              /c Host: localhost.localdomain
              /c Working directory: /home/itsupport/Desktop/lab1vlsi
              /c 
[14:23:19.78] /r giShowFrameTabs true
[14:23:19.78] /r giWindowId 1
[14:23:19.78] /r giWindowGeometry 1040x800
[14:23:21.88] /# gi::pressButton {/scroll/scrollArea/scrollAreaInnerWidget/applications/dmLibraryManager} -in [gi::getWindows 1]
[14:23:21.88] /# 
[14:23:21.88] /i dm::openLibraryManager
[14:23:21.89] /r giWindowId 2
[14:23:21.89] /r giWindowGeometry 660x600+50+78
[14:23:21.91] /o oa:0x1e922ca0
[14:23:22.01] /i gi::setSectionSizes {libs} -values {249} -in [gi::getWindows 2]
[14:23:23.55] /i gi::setCurrentIndex {libs} -index {new_dff} -in [gi::getWindows 2]
[14:23:23.55] /i gi::setItemSelection {libs} -index {new_dff} -in [gi::getWindows 2]
[14:23:24.26] /i gi::setCurrentIndex {cells} -index {D_latch} -in [gi::getWindows 2]
[14:23:24.26] /i gi::setItemSelection {cells} -index {D_latch} -in [gi::getWindows 2]
[14:23:24.59] /i gi::setCurrentIndex {cells} -index {d_ff} -in [gi::getWindows 2]
[14:23:24.59] /i gi::setItemSelection {cells} -index {d_ff} -in [gi::getWindows 2]
[14:23:24.91] /i gi::setCurrentIndex {cells} -index {d_ff_tb} -in [gi::getWindows 2]
[14:23:24.91] /i gi::setItemSelection {cells} -index {d_ff_tb} -in [gi::getWindows 2]
[14:23:25.54] /i gi::setCurrentIndex {views} -index {schematic} -in [gi::getWindows 2]
[14:23:25.54] /i gi::setItemSelection {views} -index {schematic} -in [gi::getWindows 2]
[14:23:25.74] /i gi::executeAction dmOpen -in [gi::getWindows 2]
[14:23:25.75] /m Information: License 'Schematic' checked out. (LICENSE-003)
[14:23:25.75] /m Information: License 'Schematic' checked in. (LICENSE-004)
[14:23:25.78] /r giDialog gi::setActiveDialog [gi::getDialogs {deOpenFailed} -parent [gi::getWindows 2]]
[14:23:26.08] /r giDialog db::setAttr geometry -of [gi::getDialogs {deOpenFailed} -parent [gi::getWindows 2]] -value 418x82+750+548
[14:23:26.71] /r giDialog gi::pressButton {ok} -in [gi::getDialogs {deOpenFailed} -parent [gi::getWindows 2]]
[14:23:26.77] /r giWindowId 3
[14:23:26.77] /r giWindowGeometry 1632x1020
[14:23:26.93] /w Warning: Design "new_dff/d_ff_tb/schematic" will be checked in "check only" mode, because it is opened read-only. (SE_CHECK-015)
[14:23:26.94] /m Information: 
[14:23:26.94] /o Checking "new_dff/d_ff_tb/schematic"
[14:23:26.94] /o No rule violations found in "new_dff/d_ff_tb/schematic"
[14:23:27.54] /# gi::executeAction deSelectActive -in [gi::getWindows 3]
[14:23:27.54] /i de::deselectAllLogic -context [db::getNext [de::getContexts -window 3]]
[14:23:27.78] /# gi::executeAction deDescend -in [gi::getWindows 3]
[14:23:27.78] /i ide::descend 3 -inPlace false -promptView false -readOnly auto
[14:23:28.43] /e Error: Cannot execute 'Delete' binding because the design is in read-only mode. (WINDOW-356)
[14:23:29.65] /i gi::executeAction giCloseWindow -in [gi::getWindows 3]
[14:23:29.67] /i gi::setActiveWindow 2
[14:23:29.67] /i gi::setActiveWindow 2 -raise true
[14:23:33.27] /i gi::setField {deOpenRead} -value {true} -in [gi::getToolbars {dmLibraryManagerStandard} -from [gi::getWindows 2]]
[14:23:33.72] /i gi::setField {deOpenRead} -value {false} -in [gi::getToolbars {dmLibraryManagerStandard} -from [gi::getWindows 2]]
[14:23:34.41] /i gi::createWindow -windowType [gi::getWindowTypes giHomePage]
[14:23:34.42] /r giWindowId 4
[14:23:34.42] /r giWindowGeometry 1040x800
[14:23:35.00] /i gi::executeAction giCloseWindow -in [gi::getWindows 2]
[14:23:35.90] /i gi::setActiveWindow 1
[14:23:35.90] /i gi::setActiveWindow 1 -raise true
[14:23:36.65] /i gi::executeAction giCloseWindow -in [gi::getWindows 4]
[14:23:37.11] /# gi::pressButton {/scroll/scrollArea/scrollAreaInnerWidget/applications/dmLibraryManager} -in [gi::getWindows 1]
[14:23:37.11] /# 
[14:23:37.11] /i dm::openLibraryManager
[14:23:37.11] /r giWindowId 5
[14:23:37.11] /r giWindowGeometry 1040x800+439+194
[14:23:37.15] /o oa:0x1f0b8580
[14:23:38.03] /i gi::setCurrentIndex {libs} -index {inverter} -in [gi::getWindows 5]
[14:23:38.03] /i gi::setItemSelection {libs} -index {inverter} -in [gi::getWindows 5]
[14:23:38.52] /i gi::setCurrentIndex {cells} -index {2cmos} -in [gi::getWindows 5]
[14:23:38.53] /i gi::setItemSelection {cells} -index {2cmos} -in [gi::getWindows 5]
[14:23:38.94] /i gi::setCurrentIndex {cells} -index {CMOS_LAB3} -in [gi::getWindows 5]
[14:23:38.95] /i gi::setItemSelection {cells} -index {CMOS_LAB3} -in [gi::getWindows 5]
[14:23:39.27] /i gi::setCurrentIndex {cellCategories} -index {FULL_ADDER_2BIT} -in [gi::getWindows 5]
[14:23:39.27] /i gi::setItemSelection {cellCategories} -index {FULL_ADDER_2BIT} -in [gi::getWindows 5]
[14:23:40.51] /i gi::setCurrentIndex {libs} -index {new_dff} -in [gi::getWindows 5]
[14:23:40.52] /i gi::setItemSelection {libs} -index {new_dff} -in [gi::getWindows 5]
[14:23:40.87] /i gi::setCurrentIndex {cellCategories} -index {All} -in [gi::getWindows 5]
[14:23:41.42] /i gi::setCurrentIndex {cells} -index {d_ff} -in [gi::getWindows 5]
[14:23:41.42] /i gi::setItemSelection {cells} -index {d_ff} -in [gi::getWindows 5]
[14:23:41.92] /i gi::setCurrentIndex {cells} -index {d_latch_tb} -in [gi::getWindows 5]
[14:23:41.92] /i gi::setItemSelection {cells} -index {d_latch_tb} -in [gi::getWindows 5]
[14:23:42.27] /i gi::setItemSelection {cells} -index {} -in [gi::getWindows 5]
[14:23:42.73] /i gi::setItemSelection {cells} -index {d_latch_tb} -in [gi::getWindows 5]
[14:23:43.17] /i gi::setCurrentIndex {cells} -index {d_ff_tb} -in [gi::getWindows 5]
[14:23:43.17] /i gi::setItemSelection {cells} -index {d_ff_tb} -in [gi::getWindows 5]
[14:23:44.09] /i gi::setCurrentIndex {cells} -index {d_latch_tb} -in [gi::getWindows 5]
[14:23:44.09] /i gi::setItemSelection {cells} -index {d_latch_tb} -in [gi::getWindows 5]
[14:23:44.54] /i gi::setCurrentIndex {cells} -index {d_ff_tb} -in [gi::getWindows 5]
[14:23:44.54] /i gi::setItemSelection {cells} -index {d_ff_tb} -in [gi::getWindows 5]
[14:23:45.11] /i gi::setCurrentIndex {cells} -index {d_ff} -in [gi::getWindows 5]
[14:23:45.11] /i gi::setItemSelection {cells} -index {d_ff} -in [gi::getWindows 5]
[14:23:45.65] /i gi::setCurrentIndex {views} -index {schematic} -in [gi::getWindows 5]
[14:23:45.65] /i gi::setItemSelection {views} -index {schematic} -in [gi::getWindows 5]
[14:23:45.85] /i gi::executeAction dmOpen -in [gi::getWindows 5]
[14:23:45.86] /m Information: License 'Schematic' checked out. (LICENSE-003)
[14:23:45.86] /m Information: License 'Schematic' checked in. (LICENSE-004)
[14:23:45.89] /r giDialog gi::setActiveDialog [gi::getDialogs {deOpenFailed} -parent [gi::getWindows 5]]
[14:23:46.20] /r giDialog db::setAttr geometry -of [gi::getDialogs {deOpenFailed} -parent [gi::getWindows 5]] -value 399x82+760+548
[14:23:46.77] /r giDialog gi::pressButton {ok} -in [gi::getDialogs {deOpenFailed} -parent [gi::getWindows 5]]
[14:23:46.80] /r giWindowId 6
[14:23:46.80] /r giWindowGeometry 1632x1020
[14:23:46.91] /w Warning: Design "new_dff/d_ff/schematic" will be checked in "check only" mode, because it is opened read-only. (SE_CHECK-015)
[14:23:46.92] /m Information: 
[14:23:46.92] /o Checking "new_dff/d_ff/schematic"
[14:23:46.92] /o No rule violations found in "new_dff/d_ff/schematic"
[14:23:47.85] /i gi::executeAction deCanvasDragSelect -in [gi::getWindows 6]
[14:23:47.86] /r deCanvasDragStart 1.025 4.60625
[14:23:48.41] /# gi::executeAction deCanvasDragEnd -in [gi::getWindows 6]
[14:23:48.41] /i gi::executeAction deCanvasDragEnd -in [gi::getWindows 6]
[14:23:48.41] /r deCanvasDragEnd 8.925 -0.9625
[14:23:50.31] /# gi::executeAction seCopy -in [gi::getWindows 6]
[14:23:50.31] /i ise::copy
[14:23:50.31] /e Error: Command 'ise::copy' requires at least one of the Schematic features, which are not currently checked out. (COMMAND-007)
[14:23:50.54] /# gi::executeAction deSelectActive -in [gi::getWindows 6]
[14:23:50.54] /i de::deselectAll [db::getNext [de::getContexts -window 6]]
[14:23:50.54] /i de::select [de::getActiveFigure [gi::getWindows 6] -point {4.8625 1.85} -index 0 -intent none]
[14:23:50.54] /o oa:0x1eedee20
[14:23:52.14] /# gi::executeAction deSelectActive -in [gi::getWindows 6]
[14:23:52.14] /i de::deselectAll [db::getNext [de::getContexts -window 6]]
[14:23:52.14] /i de::deselectAllLogic -context [db::getNext [de::getContexts -window 6]]
[14:23:52.69] /i gi::executeAction deCanvasDragSelect -in [gi::getWindows 6]
[14:23:52.69] /r deCanvasDragStart 1.3 3.775
[14:23:53.40] /# gi::executeAction deCanvasDragEnd -in [gi::getWindows 6]
[14:23:53.40] /i gi::executeAction deCanvasDragEnd -in [gi::getWindows 6]
[14:23:53.40] /r deCanvasDragEnd 8.70625 -0.75625
[14:23:54.14] /# gi::executeAction seCopy -in [gi::getWindows 6]
[14:23:54.14] /i ise::copy
[14:23:54.14] /e Error: Command 'ise::copy' requires at least one of the Schematic features, which are not currently checked out. (COMMAND-007)
[14:23:54.30] /# gi::executeAction deSelectActive -in [gi::getWindows 6]
[14:23:54.30] /i de::deselectAll [db::getNext [de::getContexts -window 6]]
[14:23:54.30] /i de::select [de::getActiveFigure [gi::getWindows 6] -point {7.26875 1.74375} -index 0 -intent none]
[14:23:54.30] /o oa:0x1f2bddf0
[14:23:56.12] /i gi::executeAction deCanvasDragSelect -in [gi::getWindows 6]
[14:23:56.12] /r deCanvasDragStart 1.36875 4.5
[14:23:56.56] /# gi::executeAction deCanvasDragEnd -in [gi::getWindows 6]
[14:23:56.56] /i gi::executeAction deCanvasDragEnd -in [gi::getWindows 6]
[14:23:56.56] /r deCanvasDragEnd 8.85625 -0.93125
[14:23:56.87] /# gi::executeAction seCopy -in [gi::getWindows 6]
[14:23:56.87] /i ise::copy
[14:23:56.87] /e Error: Command 'ise::copy' requires at least one of the Schematic features, which are not currently checked out. (COMMAND-007)
[14:23:59.73] /r giDialog gi::setActiveDialog [gi::getDialogs {giCloseFrame}]
[14:24:00.01] /r giDialog db::setAttr geometry -of [gi::getDialogs {giCloseFrame}] -value 299x108+810+535
[14:24:00.60] /r giDialog gi::pressButton {giCloseTabsButton} -in [gi::getDialogs {giCloseFrame}]
[14:24:00.60] /i exit
[14:24:00.68] /r giDialog gi::setActiveDialog [gi::getDialogs {deExitDialog}]
[14:24:00.91] /r giDialog db::setAttr geometry -of [gi::getDialogs {deExitDialog}] -value 419x181+741+465
[14:24:01.67] /r giDialog gi::pressButton {ok} -in [gi::getDialogs {deExitDialog}]
[14:24:01.70] /i gi::setActiveWindow 5
[14:24:01.70] /i gi::setActiveWindow 5 -raise true
[14:24:01.74] /i gi::setActiveWindow 1
[14:24:01.75] /i gi::setActiveWindow 1 -raise true
[14:24:01.82] /o Shutdown time: Sun May 24 14:24:01 2026
[14:24:01.82] /o Elapsed session real time: 0.71 minutes
[14:24:01.82] /o Session terminated. Log is at /home/itsupport/Desktop/lab1vlsi/synopsys_custom/logs/ccompiler.itsupport.2026_5_24_142317_11990.log
