[22:21:55.01] /r giWindowId 0
[22:21:55.01] /r giWindowGeometry 600x300
[22:21:55.02] /o 
              /c                                 Custom Compiler 
              /c 
              /c               Version N-2017.12-SP1-2 for linux64 - May 16, 2018 
              /c 
              /c                     Copyright (c) 2004 - 2018 Synopsys, Inc.
              /c    This software and the associated documentation are proprietary to Synopsys,
              /c  Inc. This software may only be used in accordance with the terms and conditions
              /c  of a written license agreement with Synopsys, Inc. All other use, reproduction,
              /c             or distribution of this software is strictly prohibited.
              /c 
              /c Build  (OPT) Config 4182185 compiled on Wed May 16 15:20:56 2018 for RHEL64 6.6
              /c Invocation: /usr/synopsys/customcompiler/N-2017.12-SP1-2/linux64/platform/bin/cdesigner
              /c Execution time: Sat May 23 22:21:53 2026
              /c Host: localhost.localdomain
              /c Working directory: /home/itsupport/Desktop/lab1vlsi
              /c 
[22:21:56.15] /r giShowFrameTabs true
[22:21:56.15] /r giWindowId 1
[22:21:56.15] /r giWindowGeometry 1040x800
[22:21:59.87] /# gi::pressButton {/scroll/scrollArea/scrollAreaInnerWidget/applications/dmLibraryManager} -in [gi::getWindows 1]
[22:21:59.88] /# 
[22:21:59.88] /i dm::openLibraryManager
[22:21:59.88] /r giWindowId 2
[22:21:59.88] /r giWindowGeometry 660x600+50+78
[22:21:59.91] /o oa:0x1e3c3f50
[22:22:01.87] /i db::setAttr maximized -of [gi::getFrames 1] -value true
[22:22:02.20] /i db::setAttr geometry -of [gi::getFrames 1] -value 1910x1101+5+56
[22:22:03.63] /i gi::setCurrentIndex {libs} -index {project_d_ff} -in [gi::getWindows 2]
[22:22:03.63] /i gi::setItemSelection {libs} -index {project_d_ff} -in [gi::getWindows 2]
[22:22:05.32] /i gi::setCurrentIndex {cellCategories} -index {D_FF} -in [gi::getWindows 2]
[22:22:05.32] /i gi::setItemSelection {cellCategories} -index {D_FF} -in [gi::getWindows 2]
[22:22:05.91] /i gi::setCurrentIndex {cells} -index {D_FF_tb} -in [gi::getWindows 2]
[22:22:05.92] /i gi::setItemSelection {cells} -index {D_FF_tb} -in [gi::getWindows 2]
[22:22:06.51] /i gi::setCurrentIndex {cells} -index {D_latch} -in [gi::getWindows 2]
[22:22:06.51] /i gi::setItemSelection {cells} -index {D_latch} -in [gi::getWindows 2]
[22:22:07.27] /i gi::sortItems {views} -column {Views} -order {descending} -in [gi::getWindows 2]
[22:22:08.29] /i gi::setCurrentIndex {cells} -index {D_FF_tb} -in [gi::getWindows 2]
[22:22:08.30] /i gi::setItemSelection {cells} -index {D_FF_tb} -in [gi::getWindows 2]
[22:22:08.58] /i gi::setCurrentIndex {cells} -index {D_FF} -in [gi::getWindows 2]
[22:22:08.58] /i gi::setItemSelection {cells} -index {D_FF} -in [gi::getWindows 2]
[22:22:09.48] /i gi::setCurrentIndex {views} -index {schematic} -in [gi::getWindows 2]
[22:22:09.48] /i gi::setItemSelection {views} -index {schematic} -in [gi::getWindows 2]
[22:22:09.67] /i gi::executeAction dmOpen -in [gi::getWindows 2]
[22:22:09.68] /m Information: License 'Schematic' checked out. (LICENSE-003)
[22:22:09.71] /r giWindowId 3
[22:22:09.71] /r giWindowGeometry 1632x1020
[22:22:09.85] /m Information: 
[22:22:09.85] /o Checking "project_d_ff/D_FF/schematic"
[22:22:09.85] /o No rule violations found in "project_d_ff/D_FF/schematic"
[22:22:09.85] /m Information: Checking process is completed: marking the design violations
[22:22:09.85] /m Information: Marking of designs is completed
[22:22:13.94] /i gi::setActiveWindow 2
[22:22:13.94] /i gi::setActiveWindow 2 -raise true
[22:22:14.61] /i gi::setCurrentIndex {cells} -index {D_latch} -in [gi::getWindows 2]
[22:22:14.62] /i gi::setItemSelection {cells} -index {D_latch} -in [gi::getWindows 2]
[22:22:14.98] /i gi::setCurrentIndex {cells} -index {D_FF_tb} -in [gi::getWindows 2]
[22:22:14.98] /i gi::setItemSelection {cells} -index {D_FF_tb} -in [gi::getWindows 2]
[22:22:15.56] /i gi::setCurrentIndex {views} -index {schematic} -in [gi::getWindows 2]
[22:22:15.56] /i gi::setItemSelection {views} -index {schematic} -in [gi::getWindows 2]
[22:22:16.57] /i gi::executeAction dmOpen -in [gi::getWindows 2]
[22:22:16.60] /r giWindowId 4
[22:22:16.60] /r giWindowGeometry 1632x1020
[22:22:16.70] /o "project_d_ff/D_FF_tb/schematic" design does not need checking
[22:22:18.93] /i gi::setActiveWindow 2
[22:22:18.93] /i gi::setActiveWindow 2 -raise true
[22:22:21.49] /i gi::executeAction dmOpen -in [gi::getWindows 2]
[22:22:21.50] /r giWindowId 5
[22:22:21.50] /r giWindowGeometry 1632x1020
[22:22:21.64] /o "project_d_ff/D_FF_tb/schematic" design does not need checking
[22:22:22.36] /# gi::executeAction deSelectActive -in [gi::getWindows 5]
[22:22:22.36] /i de::deselectAll [db::getNext [de::getContexts -window 5]]
[22:22:22.36] /i de::select [de::getActiveFigure [gi::getWindows 5] -point {4.875 4.2625} -index 0 -intent none]
[22:22:22.36] /o oa:0x1f0b9ce0
[22:22:22.69] /# gi::executeAction deSelectActive -in [gi::getWindows 5]
[22:22:22.69] /i de::cycleActiveFigure [gi::getWindows 5] -direction next
[22:22:22.69] /o oa:0x1fbb0c30
[22:22:23.02] /# gi::executeAction deSelectActive -in [gi::getWindows 5]
[22:22:23.02] /i de::cycleActiveFigure [gi::getWindows 5] -direction next
[22:22:23.02] /o oa:0x2035be60
[22:22:23.14] /# gi::executeAction deDescend -in [gi::getWindows 5]
[22:22:23.14] /i ide::descend 5 -inPlace false -promptView false -readOnly auto
[22:22:23.15] /# Navigating to project_d_ff/D_FF/schematic (I0)
[22:22:23.86] /# gi::executeAction deSelectActive -in [gi::getWindows 5]
[22:22:23.86] /i de::deselectAll [db::getNext [de::getContexts -window 5]]
[22:22:23.86] /i de::select [de::getActiveFigure [gi::getWindows 5] -point {18.15 5.8625} -index 0 -intent none]
[22:22:23.86] /o oa:0x20400420
[22:22:26.57] /# gi::executeAction deReturnToTop -in [gi::getWindows 5]
[22:22:26.57] /i de::return [db::getNext [de::getContexts -window 5]] -levels -1
[22:22:26.57] /# Navigating to project_d_ff/D_FF_tb/schematic
[22:22:26.58] /o oa:0x202b2f80
[22:22:26.71] /# gi::executeAction deReturnToTop -in [gi::getWindows 5]
[22:22:26.71] /i de::return [db::getNext [de::getContexts -window 5]] -levels -1
[22:22:26.71] /o oa:0x20463db0
[22:22:26.86] /# gi::executeAction deReturnToTop -in [gi::getWindows 5]
[22:22:26.86] /i de::return [db::getNext [de::getContexts -window 5]] -levels -1
[22:22:26.86] /o oa:0x2045da60
[22:22:26.99] /# gi::executeAction deReturnToTop -in [gi::getWindows 5]
[22:22:26.99] /i de::return [db::getNext [de::getContexts -window 5]] -levels -1
[22:22:26.99] /o oa:0x1fc27e40
[22:22:29.02] /# gi::executeAction seShowConsoleForWindow -in [gi::getWindows 5]
[22:22:29.02] /i sa::showConsole -context [db::getNext [de::getContexts -window 5]]
[22:22:30.43] /m Information: License 'SAE' checked out. (LICENSE-003)
[22:22:30.45] /r giWindowId 6
[22:22:30.46] /r giWindowGeometry 600x500
[22:22:30.54] /o oa:0x1f0ca0f0
[22:22:30.57] /m Information: Launching Background sae_shell Server Process "cd /home/itsupport/Desktop/lab1vlsi && sae_shell -log sae_shell_session0_job1 -libDefFile /home/itsupport/Desktop/lab1vlsi/lib.defs"
[22:22:32.91] /m Information: Received ready-for-commands signal from background job 'sae_shell_session0_job1' after 2 seconds.
[22:22:33.56] /# gi::executeAction saLoadState -in [gi::getWindows 6]
[22:22:33.56] /i sa::showLoadState -parent 6
[22:22:33.76] /o oa:0x24713ae0
[22:22:33.80] /i gi::setActiveDialog [gi::getDialogs {saShowLoadState} -parent [gi::getWindows 6]]
[22:22:34.11] /i db::setAttr geometry -of [gi::getDialogs {saShowLoadState} -parent [gi::getWindows 6]] -value 603x720+778+424
[22:22:35.39] /i gi::pressButton {/ok} -in [gi::getDialogs {saShowLoadState} -parent [gi::getWindows 6]]
[22:22:36.49] /i gi::executeAction menuPreShow -in [gi::getWindows 6]
[22:22:36.49] /r giMenuAccess db::getNext [gi::getMenus saConsoleOutputsMenu -from [gi::getWindows 6]]
[22:22:37.22] /# gi::executeAction saSelectInDesign -in [gi::getWindows 6]
[22:22:37.22] /i sa::selectOutputs -window 6
[22:22:38.98] /i gi::setActiveWindow 6
[22:22:38.98] /i gi::setActiveWindow 6 -raise true
[22:22:39.59] /i gi::executeAction menuPreShow -in [gi::getWindows 6]
[22:22:39.59] /r giMenuAccess db::getNext [gi::getMenus saConsoleSimMenu -from [gi::getWindows 6]]
[22:22:40.23] /# gi::executeAction saNetlistAndRun -in [gi::getWindows 6]
[22:22:40.23] /i isa::netlistAndRun -testbench [sa::findActiveTestbench -window 6] -mode overwrite
[22:22:40.24] /r giWindowId 7
[22:22:40.25] /r giWindowGeometry 800x600
[22:22:40.32] /m Information: "Starting incremental netlisting for design "project_d_ff/D_FF_tb/schematic"..." (NETLISTING-010)
[22:22:40.33] /o No Design Integrity rule violations found in "project_d_ff/D_FF_tb/schematic"
[22:22:40.33] /m Information: 
[22:22:40.33] /o Checking "project_d_ff/D_FF/schematic"
[22:22:40.33] /o No rule violations found in "project_d_ff/D_FF/schematic"
[22:22:40.33] /w Warning: Conflicting definitions for ConstraintDef contactRes were read. These constraints will not be available.
[22:22:40.33] /w Warning: Conflicting definitions for ConstraintDef areaCap were read. These constraints will not be available.
[22:22:40.33] /w Warning: Conflicting definitions for ConstraintDef edgeCapacitance were read. These constraints will not be available.
[22:22:40.33] /w Warning: Conflicting definitions for ConstraintDef sheetRes were read. These constraints will not be available.
[22:22:40.33] /w Warning: Preference 'leActiveLPP' is deprecated and scheduled for removal in a future release with no replacement. For migration assistance, see the Custom Compiler Tcl Reference Manual. (PREFERENCE-058)
[22:22:40.33] /o 	#######################################
[22:22:40.33] /o 	PDK Library Name	: reference90RF
[22:22:40.33] /o 	PDK Version		: 2.0
[22:22:40.33] /o 	PDK Release Date	: 25-March-2010 
[22:22:40.33] /o 	#######################################
[22:22:40.33] /o 
[22:22:40.34] /m Information: 
[22:22:40.34] /o Checking "project_d_ff/CLOCK_inv/schematic"
[22:22:40.34] /o No rule violations found in "project_d_ff/CLOCK_inv/schematic"
[22:22:40.34] /m Information: 
[22:22:40.34] /o Checking "project_d_ff/D_latch/schematic"
[22:22:40.34] /o No rule violations found in "project_d_ff/D_latch/schematic"
[22:22:40.35] /m Information: 
[22:22:40.35] /o Checking "project_d_ff/TG_out/schematic"
[22:22:40.35] /o No rule violations found in "project_d_ff/TG_out/schematic"
[22:22:40.39] /m Information: "project_d_ff D_FF schematic" renetlisted. (NETLISTING-056)
[22:22:40.39] /m Information: "project_d_ff D_FF_tb schematic" renetlisted. (NETLISTING-056)
[22:22:40.41] /m Information: "Netlisting design "project_d_ff/D_FF_tb/schematic" finished successfully." (NETLISTING-012)
[22:22:40.42] /m Information: "Composing simulator input file for design "project_d_ff/D_FF_tb/schematic"..."
[22:22:40.46] /m Information: "Simulator input file composed successfully for design "project_d_ff/D_FF_tb/schematic""
[22:22:40.63] /m Information: "Starting HSPICE simulation for design: project_d_ff/D_FF_tb/schematic"
[22:22:40.63] /# gi::collapse {jobMonitorTable} -index {0.0.0.0,0} -in [gi::getWindows 7]
[22:22:40.65] /o 1
[22:22:41.12] /m Information: "Simulation completed successfully for design: project_d_ff/D_FF_tb/schematic "
[22:22:41.31] /m Information: Launching Background sae_shell Server Process "cd /home/itsupport/Desktop/lab1vlsi && sae_shell -log sae_shell_session0_job2 -libDefFile /home/itsupport/Desktop/lab1vlsi/lib.defs"
[22:22:41.32] /m Information: "Evaluating and plotting outputs..."
[22:22:41.39] /m Information: Started sharing "Custom WaveView" license. (WAVEFORM-110)
[22:22:41.40] /m Information: Launching Waveform Viewer "cd /home/itsupport/simulation/project_d_ff,D_FF_tb,schematic/history_1/simulation/HSPICE_d_Fff/HSPICE/nominal/results &&  wv -k -cdesigner -spxkey /usr/synopsys/customcompiler/N-2017.12-SP1-2/auxx/waveform/sae.spxkey -spxrc /tmp/sae_spxrc_Yn943a -unique_string 1e795b1884236ca7c4ac300f607c403a15c9c611af414893916e52343c87a980eb2070ad53df9c9038e48622657696241f9127123ea0e4f9 -lic_type 1    > /home/itsupport/simulation/project_d_ff,D_FF_tb,schematic/history_1/simulation/HSPICE_d_Fff/HSPICE/nominal/results/viewer.log 2>&1"
[22:22:41.40] /i gi::collapse {jobMonitorTable} -index {0.0,0} -in [gi::getWindows 7]
[22:22:41.71] /m Information: Measurement calculations completed for testbench: HSPICE_d_Fff in 0s
[22:22:42.15] /j ::wf::WaveView::plotSuccess WaveView_1 {} {_7413260_void_pp _7462c30_void_pp} 
[22:22:42.17] /j ::wf::WaveView::plotSuccess WaveView_1 {} {_7413260_void_pp _7462cf8_void_pp} 
[22:22:42.20] /j ::wf::WaveView::plotSuccess WaveView_1 {} {_7413260_void_pp _7462dc0_void_pp} 
[22:22:42.22] /j ::wf::WaveView::plotSuccess WaveView_1 {} {_7413260_void_pp _7462e88_void_pp} 
[22:22:43.81] /m Information: Received ready-for-commands signal from background job 'sae_shell_session0_job2' after 2 seconds.
[22:24:50.45] /i gi::setActiveWindow 6
[22:24:50.45] /i gi::setActiveWindow 6 -raise true
[22:24:53.24] /i gi::setActiveWindow 7
[22:24:53.24] /i gi::setActiveWindow 7 -raise true
[22:24:53.61] /i gi::setActiveWindow 4
[22:24:53.61] /i gi::setActiveWindow 4 -raise true
[22:24:54.78] /i gi::executeAction giCloseWindow -in [gi::getWindows 4]
[22:24:54.81] /i gi::setActiveWindow 7
[22:24:54.81] /i gi::setActiveWindow 7 -raise true
[22:24:55.54] /i gi::executeAction giCloseWindow -in [gi::getWindows 3]
[22:24:56.06] /i gi::setActiveWindow 6
[22:24:56.06] /i gi::setActiveWindow 6 -raise true
[22:25:02.62] /i gi::setCurrentIndex {variablesTable} -index {1,1} -in [gi::getWindows 6]
[22:25:02.62] /i gi::setItemSelection {variablesTable} -index {1,1} -in [gi::getWindows 6]
[22:25:04.65] /i gi::setField {variablesTable} -index {1,1} -value {100p} -in [gi::getWindows 6]
[22:25:04.65] /i gi::setField {variablesTable} -index {1,1} -value {100p} -in [gi::getWindows 6]
[22:25:05.64] /i gi::executeAction menuPreShow -in [gi::getWindows 6]
[22:25:05.64] /r giMenuAccess db::getNext [gi::getMenus saConsoleSimMenu -from [gi::getWindows 6]]
[22:25:06.26] /# gi::executeAction saNetlistAndRun -in [gi::getWindows 6]
[22:25:06.26] /i isa::netlistAndRun -testbench [sa::findActiveTestbench -window 6] -mode overwrite
[22:25:06.33] /m Information: "Starting incremental netlisting for design "project_d_ff/D_FF_tb/schematic"..." (NETLISTING-010)
[22:25:06.35] /o No Design Integrity rule violations found in "project_d_ff/D_FF_tb/schematic"
[22:25:06.35] /m Information: 
[22:25:06.35] /o Checking "project_d_ff/D_FF/schematic"
[22:25:06.35] /o No rule violations found in "project_d_ff/D_FF/schematic"
[22:25:06.35] /m Information: 
[22:25:06.35] /o Checking "project_d_ff/CLOCK_inv/schematic"
[22:25:06.35] /o No rule violations found in "project_d_ff/CLOCK_inv/schematic"
[22:25:06.36] /m Information: 
[22:25:06.36] /o Checking "project_d_ff/D_latch/schematic"
[22:25:06.36] /o No rule violations found in "project_d_ff/D_latch/schematic"
[22:25:06.36] /m Information: 
[22:25:06.36] /o Checking "project_d_ff/TG_out/schematic"
[22:25:06.36] /o No rule violations found in "project_d_ff/TG_out/schematic"
[22:25:06.40] /m Information: "Netlisting design "project_d_ff/D_FF_tb/schematic" finished successfully." (NETLISTING-012)
[22:25:06.41] /m Information: "Composing simulator input file for design "project_d_ff/D_FF_tb/schematic"..."
[22:25:06.44] /m Information: "Simulator input file composed successfully for design "project_d_ff/D_FF_tb/schematic""
[22:25:06.69] /m Information: "Starting HSPICE simulation for design: project_d_ff/D_FF_tb/schematic"
[22:25:06.70] /# gi::collapse {jobMonitorTable} -index {0.0.0.0,0} -in [gi::getWindows 7]
[22:25:06.73] /o 1
[22:25:07.22] /m Information: "Simulation completed successfully for design: project_d_ff/D_FF_tb/schematic "
[22:25:07.43] /m Information: "Evaluating and plotting outputs..."
[22:25:07.55] /j ::wf::WaveView::plotSuccess WaveView_1 {} {_746c850_void_pp _7462f50_void_pp} 
[22:25:07.62] /j ::wf::WaveView::plotSuccess WaveView_1 {} {_746c850_void_pp _7462c30_void_pp} 
[22:25:07.67] /j ::wf::WaveView::plotSuccess WaveView_1 {} {_746c850_void_pp _7462cf8_void_pp} 
[22:25:07.72] /j ::wf::WaveView::plotSuccess WaveView_1 {} {_746c850_void_pp _7462dc0_void_pp} 
[22:25:07.82] /m Information: Measurement calculations completed for testbench: HSPICE_d_Fff in 0s
[22:25:22.35] /i gi::setActiveWindow 6
[22:25:22.35] /i gi::setActiveWindow 6 -raise true
[22:25:24.53] /i gi::setField {variablesTable} -index {1,1} -value {88p} -in [gi::getWindows 6]
[22:25:24.53] /i gi::setField {variablesTable} -index {1,1} -value {88p} -in [gi::getWindows 6]
[22:25:25.44] /i gi::executeAction menuPreShow -in [gi::getWindows 6]
[22:25:25.44] /r giMenuAccess db::getNext [gi::getMenus saConsoleSimMenu -from [gi::getWindows 6]]
[22:25:25.88] /# gi::executeAction saNetlistAndRun -in [gi::getWindows 6]
[22:25:25.88] /i isa::netlistAndRun -testbench [sa::findActiveTestbench -window 6] -mode overwrite
[22:25:25.94] /m Information: "Starting incremental netlisting for design "project_d_ff/D_FF_tb/schematic"..." (NETLISTING-010)
[22:25:25.95] /o No Design Integrity rule violations found in "project_d_ff/D_FF_tb/schematic"
[22:25:25.96] /m Information: 
[22:25:25.96] /o Checking "project_d_ff/D_FF/schematic"
[22:25:25.96] /o No rule violations found in "project_d_ff/D_FF/schematic"
[22:25:25.96] /m Information: 
[22:25:25.96] /o Checking "project_d_ff/CLOCK_inv/schematic"
[22:25:25.96] /o No rule violations found in "project_d_ff/CLOCK_inv/schematic"
[22:25:25.97] /m Information: 
[22:25:25.97] /o Checking "project_d_ff/D_latch/schematic"
[22:25:25.97] /o No rule violations found in "project_d_ff/D_latch/schematic"
[22:25:25.97] /m Information: 
[22:25:25.97] /o Checking "project_d_ff/TG_out/schematic"
[22:25:25.97] /o No rule violations found in "project_d_ff/TG_out/schematic"
[22:25:26.00] /m Information: "Netlisting design "project_d_ff/D_FF_tb/schematic" finished successfully." (NETLISTING-012)
[22:25:26.01] /m Information: "Composing simulator input file for design "project_d_ff/D_FF_tb/schematic"..."
[22:25:26.04] /m Information: "Simulator input file composed successfully for design "project_d_ff/D_FF_tb/schematic""
[22:25:26.20] /m Information: "Starting HSPICE simulation for design: project_d_ff/D_FF_tb/schematic"
[22:25:26.20] /# gi::collapse {jobMonitorTable} -index {0.0.0.0,0} -in [gi::getWindows 7]
[22:25:26.22] /o 1
[22:25:26.62] /m Information: "Simulation completed successfully for design: project_d_ff/D_FF_tb/schematic "
[22:25:26.81] /m Information: "Evaluating and plotting outputs..."
[22:25:26.90] /j ::wf::WaveView::plotSuccess WaveView_1 {} {_7418490_void_pp _7462e88_void_pp} 
[22:25:26.94] /j ::wf::WaveView::plotSuccess WaveView_1 {} {_7418490_void_pp _7462f50_void_pp} 
[22:25:27.00] /j ::wf::WaveView::plotSuccess WaveView_1 {} {_7418490_void_pp _7462c30_void_pp} 
[22:25:27.01] /j ::wf::WaveView::plotSuccess WaveView_1 {} {_7418490_void_pp _7462cf8_void_pp} 
[22:25:27.21] /m Information: Measurement calculations completed for testbench: HSPICE_d_Fff in 1s
[22:25:33.60] /i gi::executeAction giCloseWindow -in [gi::getWindows 7]
[22:25:33.61] /i gi::setActiveWindow 6
[22:25:33.61] /i gi::setActiveWindow 6 -raise true
[22:25:35.56] /i gi::setActiveWindow 5
[22:25:35.56] /i gi::setActiveWindow 5 -raise true
[22:25:37.89] /i gi::executeAction giCloseWindow -in [gi::getWindows 6]
[22:25:37.91] /i gi::setActiveWindow 6
[22:25:37.91] /i gi::setActiveWindow 6 -raise true
[22:25:37.97] /r giDialog gi::setActiveDialog [gi::getDialogs {giPrompt} -parent [gi::getWindows 6]]
[22:25:38.27] /r giDialog db::setAttr geometry -of [gi::getDialogs {giPrompt} -parent [gi::getWindows 6]] -value 292x82+814+573
[22:25:39.06] /r giDialog gi::pressButton {save} -in [gi::getDialogs {giPrompt} -parent [gi::getWindows 6]]
[22:25:39.29] /r giDialog gi::setActiveDialog [gi::getDialogs {saShowSaveState} -parent [gi::getWindows 6]]
[22:25:39.57] /r giDialog db::setAttr geometry -of [gi::getDialogs {saShowSaveState} -parent [gi::getWindows 6]] -value 501x558+710+335
[22:25:40.01] /r giDialog gi::pressButton {/ok} -in [gi::getDialogs {saShowSaveState} -parent [gi::getWindows 6]]
[22:25:40.04] /i gi::setActiveWindow 5
[22:25:40.04] /i gi::setActiveWindow 5 -raise true
[22:25:42.17] /i gi::executeAction giCloseWindow -in [gi::getWindows 5]
[22:25:42.18] /i gi::setActiveWindow 2
[22:25:42.18] /i gi::setActiveWindow 2 -raise true
[22:25:43.43] /i gi::setCurrentIndex {views} -index {config} -in [gi::getWindows 2]
[22:25:43.44] /i gi::setItemSelection {views} -index {config} -in [gi::getWindows 2]
[22:25:45.12] /i gi::executeAction dmOpenConfigDesignWrite -in [gi::getWindows 2]
[22:25:45.18] /e Error: System exception while executing gi::executeAction: Failed to execute open procedure of 'Design Editor (configured)' application: The config does not specify a top design. (COMMAND-001)
[22:25:47.19] /i gi::executeAction dmOpenConfigDesignWrite -in [gi::getWindows 2]
[22:25:47.19] /e Error: System exception while executing gi::executeAction: Failed to execute open procedure of 'Design Editor (configured)' application: The config does not specify a top design. (COMMAND-001)
[22:25:48.21] /i gi::executeAction dmOpen -in [gi::getWindows 2]
[22:25:48.21] /e Error: Failed to execute open procedure of 'Design Editor (configured)' application: The config does not specify a top design. (TCL)
[22:25:48.89] /i gi::executeAction dmOpen -in [gi::getWindows 2]
[22:25:48.89] /e Error: Failed to execute open procedure of 'Design Editor (configured)' application: The config does not specify a top design. (TCL)
[22:25:50.45] /i gi::pressButton {ConsoleToggleButton} -in [db::getAttr statusbar -of [gi::getWindows 2]]
[22:25:55.50] /m Information: Waveform viewer exited normally.
[22:25:56.95] /i exit
[22:25:57.01] /r giDialog gi::setActiveDialog [gi::getDialogs {deExitDialog}]
[22:25:57.28] /r giDialog db::setAttr geometry -of [gi::getDialogs {deExitDialog}] -value 419x181+741+465
[22:25:58.72] /r giDialog gi::pressButton {ok} -in [gi::getDialogs {deExitDialog}]
[22:25:58.74] /i gi::setActiveWindow 1
[22:25:58.74] /i gi::setActiveWindow 1 -raise true
[22:25:58.84] /o Shutdown time: Sat May 23 22:25:58 2026
[22:25:58.84] /o Elapsed session real time: 4.06 minutes
[22:25:58.84] /o Session terminated. Log is at /home/itsupport/Desktop/lab1vlsi/synopsys_custom/logs/ccompiler.itsupport.2026_5_23_222153_26250.log
[22:25:59.02] /m Information: License 'SAE' checked in. (LICENSE-004)
[22:25:59.02] /e Error: "Following error happened during execution of ::layout_editor::_impl::ADV_checked_in procedure during TCL callback invalid command name "::layout_editor::_impl::ADV_checked_in"" (POSTMAN-005)
[22:25:59.02] /e Error: "Following error happened during execution of ::xt::physicalVerification::_private::onPostFeatureReleased procedure during TCL callback invalid command name "::xt::physicalVerification::_private::onPostFeatureReleased"" (POSTMAN-005)
[22:25:59.02] /e Error: "Following error happened during execution of ::vdrc::voltage_annotation::_private::_onPostFeatureReleasedProc procedure during TCL callback invalid command name "::vdrc::voltage_annotation::_private::_onPostFeatureReleasedProc"" (POSTMAN-005)
[22:25:59.02] /e Error: "Following error happened during execution of ::lx::_impl::onPostFeatureReleased procedure during TCL callback invalid command name "::lx::_impl::onPostFeatureReleased"" (POSTMAN-005)
