[22:12:01.11] /r giWindowId 0
[22:12:01.11] /r giWindowGeometry 600x300
[22:12:01.12] /o 
              /c                                 Custom Compiler 
              /c 
              /c               Version N-2017.12-SP1-2 for linux64 - May 16, 2018 
              /c 
              /c                     Copyright (c) 2004 - 2018 Synopsys, Inc.
              /c    This software and the associated documentation are proprietary to Synopsys,
              /c  Inc. This software may only be used in accordance with the terms and conditions
              /c  of a written license agreement with Synopsys, Inc. All other use, reproduction,
              /c             or distribution of this software is strictly prohibited.
              /c 
              /c Build  (OPT) Config 4182185 compiled on Wed May 16 15:20:56 2018 for RHEL64 6.6
              /c Invocation: /usr/synopsys/customcompiler/N-2017.12-SP1-2/linux64/platform/bin/cdesigner
              /c Execution time: Sat May 23 22:11:59 2026
              /c Host: localhost.localdomain
              /c Working directory: /home/itsupport/Desktop/lab1vlsi
              /c 
[22:12:02.18] /r giShowFrameTabs true
[22:12:02.18] /r giWindowId 1
[22:12:02.18] /r giWindowGeometry 1040x800
[22:12:09.07] /# gi::pressButton {/scroll/scrollArea/scrollAreaInnerWidget/applications/dmLibraryManager} -in [gi::getWindows 1]
[22:12:09.07] /# 
[22:12:09.07] /i dm::openLibraryManager
[22:12:09.07] /r giWindowId 2
[22:12:09.07] /r giWindowGeometry 660x600+50+78
[22:12:09.10] /o oa:0x1739cc90
[22:12:10.95] /i gi::setCurrentIndex {libs} -index {project_d_ff} -in [gi::getWindows 2]
[22:12:10.96] /i gi::setItemSelection {libs} -index {project_d_ff} -in [gi::getWindows 2]
[22:12:12.36] /i gi::setCurrentIndex {cellCategories} -index {D_FF} -in [gi::getWindows 2]
[22:12:12.36] /i gi::setItemSelection {cellCategories} -index {D_FF} -in [gi::getWindows 2]
[22:12:12.74] /i gi::setCurrentIndex {cellCategories} -index {D_LATCH_SLAVE} -in [gi::getWindows 2]
[22:12:12.75] /i gi::setItemSelection {cellCategories} -index {D_LATCH_SLAVE} -in [gi::getWindows 2]
[22:12:13.29] /i gi::setCurrentIndex {cellCategories} -index {All} -in [gi::getWindows 2]
[22:12:13.29] /i gi::setItemSelection {cellCategories} -index {All} -in [gi::getWindows 2]
[22:12:13.99] /i gi::setCurrentIndex {cellCategories} -index {D_FF} -in [gi::getWindows 2]
[22:12:13.99] /i gi::setItemSelection {cellCategories} -index {D_FF} -in [gi::getWindows 2]
[22:12:14.37] /i gi::setCurrentIndex {cellCategories} -index {D_LATCH_SLAVE} -in [gi::getWindows 2]
[22:12:14.37] /i gi::setItemSelection {cellCategories} -index {D_LATCH_SLAVE} -in [gi::getWindows 2]
[22:12:14.85] /i gi::setCurrentIndex {cellCategories} -index {D_FF} -in [gi::getWindows 2]
[22:12:14.85] /i gi::setItemSelection {cellCategories} -index {D_FF} -in [gi::getWindows 2]
[22:12:15.70] /i gi::setCurrentIndex {cells} -index {D_latch} -in [gi::getWindows 2]
[22:12:15.70] /i gi::setItemSelection {cells} -index {D_latch} -in [gi::getWindows 2]
[22:12:16.32] /i gi::setCurrentIndex {views} -index {layout} -in [gi::getWindows 2]
[22:12:16.32] /i gi::setItemSelection {views} -index {layout} -in [gi::getWindows 2]
[22:12:16.57] /i gi::executeAction dmOpen -in [gi::getWindows 2]
[22:12:16.57] /m Information: License 'Basic' checked out. (LICENSE-003)
[22:12:16.61] /r giWindowId 3
[22:12:16.62] /r giWindowGeometry 1632x1020
[22:12:16.66] /# de::setActiveLPP [de::getLPPs "exclude blockage" -from [db::getAttr editDesign -of [de::getContexts -window 3]]]
[22:12:17.37] /# gi::executeAction deCanvasZoomOutAtPoint -in [gi::getWindows 3]
[22:12:17.37] /i de::zoom -window [gi::getWindows 3] -factor 0.5 -center {16.258 10.846}
[22:12:17.37] /o {6.92 3.929} {18.954 15.069}
[22:12:17.39] /# gi::executeAction deCanvasZoomOutAtPoint -in [gi::getWindows 3]
[22:12:17.39] /i de::zoom -window [gi::getWindows 3] -factor 0.5 -center {16.224 10.795}
[22:12:17.39] /o {-2.383 -2.938} {21.683 19.344}
[22:12:17.40] /# gi::executeAction deCanvasZoomOutAtPoint -in [gi::getWindows 3]
[22:12:17.40] /i de::zoom -window [gi::getWindows 3] -factor 0.5 -center {16.225 10.761}
[22:12:17.40] /o {-20.992 -16.636} {27.142 27.926}
[22:12:17.43] /# gi::executeAction deCanvasZoomOutAtPoint -in [gi::getWindows 3]
[22:12:17.43] /i de::zoom -window [gi::getWindows 3] -factor 0.5 -center {16.224 10.76}
[22:12:17.43] /o {-58.207 -44.033} {38.059 45.093}
[22:12:17.90] /# gi::executeAction deCanvasZoomInAtPoint -in [gi::getWindows 3]
[22:12:17.90] /i de::zoom -window [gi::getWindows 3] -factor 2.0 -center {11.28 3.757}
[22:12:17.90] /o {-23.464 -20.138} {24.67 24.425}
[22:12:18.01] /# gi::executeAction deCanvasZoomInAtPoint -in [gi::getWindows 3]
[22:12:18.01] /i de::zoom -window [gi::getWindows 3] -factor 2.0 -center {11.624 8.289}
[22:12:18.01] /o {-5.92 -5.924} {18.147 16.357}
[22:12:21.21] /i db::setAttr maximized -of [gi::getFrames 1] -value true
[22:12:21.43] /w Warning: Conflicting definitions for ConstraintDef contactRes were read. These constraints will not be available.
[22:12:21.43] /w Warning: Conflicting definitions for ConstraintDef areaCap were read. These constraints will not be available.
[22:12:21.43] /w Warning: Conflicting definitions for ConstraintDef edgeCapacitance were read. These constraints will not be available.
[22:12:21.43] /w Warning: Conflicting definitions for ConstraintDef sheetRes were read. These constraints will not be available.
[22:12:21.43] /w Warning: Preference 'leActiveLPP' is deprecated and scheduled for removal in a future release with no replacement. For migration assistance, see the Custom Compiler Tcl Reference Manual. (PREFERENCE-058)
[22:12:21.43] /o 	#######################################
[22:12:21.43] /o 	PDK Library Name	: reference90RF
[22:12:21.43] /o 	PDK Version		: 2.0
[22:12:21.43] /o 	PDK Release Date	: 25-March-2010 
[22:12:21.43] /o 	#######################################
[22:12:21.43] /o 
[22:12:21.57] /i gi::setField {stopLevel} -value {2} -in [gi::getToolbars {leHierarchy} -from [gi::getWindows 3]]
[22:12:21.59] /i db::setAttr dockSize -of [gi::getAssistants dePropertyEditor -from [gi::getWindows 3]] -value 290x926
[22:12:21.59] /i db::setAttr geometry -of [gi::getFrames 1] -value 1910x1101+5+56
[22:12:21.85] /# gi::executeAction deCanvasZoomInAtPoint -in [gi::getWindows 3]
[22:12:21.85] /i de::zoom -window [gi::getWindows 3] -factor 2.0 -center {15.744 11.722}
[22:12:21.85] /o {4.912 -1.856} {31.88 14.039}
[22:12:21.99] /# gi::executeAction deCanvasZoomInAtPoint -in [gi::getWindows 3]
[22:12:21.99] /i de::zoom -window [gi::getWindows 3] -factor 2.0 -center {15.744 11.722}
[22:12:21.99] /o {10.328 4.933} {23.812 12.881}
[22:12:22.21] /# gi::executeAction deCanvasZoomInAtPoint -in [gi::getWindows 3]
[22:12:22.21] /i de::zoom -window [gi::getWindows 3] -factor 2.0 -center {15.71 11.722}
[22:12:22.21] /o {13.019 8.327} {19.761 12.301}
[22:12:23.02] /# gi::executeAction deCanvasZoomOutAtPoint -in [gi::getWindows 3]
[22:12:23.02] /i de::zoom -window [gi::getWindows 3] -factor 0.5 -center {15.379 11.01}
[22:12:23.02] /o {10.659 5.645} {24.143 13.593}
[22:12:23.52] /# gi::executeAction deFitView -in [gi::getWindows 3]
[22:12:23.52] /i de::fit -window 3 -fitView true
[22:12:23.52] /o {10.267 7.62} {18.928 12.725}
[22:12:26.11] /# gi::executeAction leBoundary -in [gi::getWindows 3]
[22:12:26.11] /i ile::createBoundary
[22:12:28.35] /i gi::pressButton {autoCreate} -in [gi::getToolbars {deCommandOptions} -from [gi::getWindows 3]]
[22:12:29.15] /# gi::executeAction deAbortCommand -in [gi::getWindows 3]
[22:12:29.15] /i de::abortCommand -context [db::getNext [de::getContexts -window 3]]
[22:12:30.35] /# gi::executeAction leRuler -in [gi::getWindows 3]
[22:12:30.35] /i ile::createRuler
[22:12:33.26] /# gi::executeAction deCanvasZoomInAtPoint -in [gi::getWindows 3]
[22:12:33.26] /i de::zoom -window [gi::getWindows 3] -factor 2.0 -center {11.893 12.472}
[22:12:33.26] /o {11.08 10.046} {15.411 12.599}
[22:12:35.40] /# gi::executeAction deAddPoint -in [gi::getWindows 3]
[22:12:35.40] /i de::addPoint {11.885 12.466} -context [db::getNext [de::getContexts -window 3]]
[22:12:35.76] /# gi::executeAction deCanvasZoomOutAtPoint -in [gi::getWindows 3]
[22:12:35.76] /i de::zoom -window [gi::getWindows 3] -factor 0.5 -center {13.034 12.207}
[22:12:35.76] /o {9.126 7.885} {17.787 12.99}
[22:12:37.61] /# gi::executeAction deAddPoint -in [gi::getWindows 3]
[22:12:37.61] /i de::addPoint {17.297 12.406} -context [db::getNext [de::getContexts -window 3]]
[22:12:38.89] /# gi::executeAction deCanvasZoomOutAtPoint -in [gi::getWindows 3]
[22:12:38.90] /i de::zoom -window [gi::getWindows 3] -factor 0.5 -center {17.297 12.24}
[22:12:38.90] /o {0.954 3.529} {18.278 13.741}
[22:12:39.23] /# gi::executeAction leRuler -in [gi::getWindows 3]
[22:12:39.23] /i ile::createRuler
[22:12:39.62] /# gi::executeAction deCanvasZoomInAtPoint -in [gi::getWindows 3]
[22:12:39.62] /i de::zoom -window [gi::getWindows 3] -factor 2.0 -center {17.296 12.241}
[22:12:39.62] /o {9.125 7.885} {17.787 12.991}
[22:12:40.55] /# gi::executeAction deAddPoint -in [gi::getWindows 3]
[22:12:40.55] /i de::addPoint {17.318 12.456} -context [db::getNext [de::getContexts -window 3]]
[22:12:40.99] /# gi::executeAction deCanvasZoomOutAtPoint -in [gi::getWindows 3]
[22:12:40.99] /i de::zoom -window [gi::getWindows 3] -factor 0.5 -center {17.313 11}
[22:12:40.99] /o {0.937 4.77} {18.261 14.982}
[22:12:41.03] /# gi::executeAction deCanvasZoomOutAtPoint -in [gi::getWindows 3]
[22:12:41.04] /i de::zoom -window [gi::getWindows 3] -factor 0.5 -center {17.312 10.604}
[22:12:41.04] /o {-15.438 -1.063} {19.21 19.359}
[22:12:41.62] /# gi::executeAction deCanvasZoomInAtPoint -in [gi::getWindows 3]
[22:12:41.62] /i de::zoom -window [gi::getWindows 3] -factor 2.0 -center {17.578 7.825}
[22:12:41.62] /o {1.07 3.381} {18.394 13.592}
[22:12:41.79] /# gi::executeAction deCanvasZoomInAtPoint -in [gi::getWindows 3]
[22:12:41.79] /i de::zoom -window [gi::getWindows 3] -factor 2.0 -center {17.589 7.825}
[22:12:41.79] /o {9.33 5.603} {17.991 10.709}
[22:12:42.19] /# gi::executeAction deCanvasZoomInAtPoint -in [gi::getWindows 3]
[22:12:42.19] /i de::zoom -window [gi::getWindows 3] -factor 2.0 -center {17.484 7.875}
[22:12:42.19] /o {13.407 6.739} {17.738 9.292}
[22:12:42.24] /# gi::executeAction deCanvasZoomInAtPoint -in [gi::getWindows 3]
[22:12:42.24] /i de::zoom -window [gi::getWindows 3] -factor 2.0 -center {17.484 7.875}
[22:12:42.24] /o {15.445 7.307} {17.611 8.583}
[22:12:43.94] /# gi::executeAction deCanvasZoomInAtPoint -in [gi::getWindows 3]
[22:12:43.94] /i de::zoom -window [gi::getWindows 3] -factor 2.0 -center {17.328 7.867}
[22:12:43.95] /o {16.387 7.587} {17.469 8.225}
[22:12:44.05] /# gi::executeAction deCanvasZoomInAtPoint -in [gi::getWindows 3]
[22:12:44.05] /i de::zoom -window [gi::getWindows 3] -factor 2.0 -center {17.336 7.865}
[22:12:44.05] /o {16.861 7.726} {17.403 8.045}
[22:12:45.26] /# gi::executeAction deAddPoint -in [gi::getWindows 3]
[22:12:45.26] /i de::addPoint {17.339 7.876} -context [db::getNext [de::getContexts -window 3]]
[22:12:45.48] /# gi::executeAction deFitView -in [gi::getWindows 3]
[22:12:45.49] /i de::fit -window 3 -fitView true
[22:12:45.49] /o {10.272 7.62} {18.933 12.725}
[22:12:52.90] /# gi::executeAction deCanvasZoomInAtPoint -in [gi::getWindows 3]
[22:12:52.90] /i de::zoom -window [gi::getWindows 3] -factor 2.0 -center {13.436 11.711}
[22:12:52.90] /o {11.854 9.665} {16.185 12.218}
[22:12:53.10] /# gi::executeAction deCanvasZoomInAtPoint -in [gi::getWindows 3]
[22:12:53.10] /i de::zoom -window [gi::getWindows 3] -factor 2.0 -center {12.741 11.86}
[22:12:53.10] /o {12.297 10.763} {14.463 12.039}
[22:12:53.91] /# gi::executeAction deCanvasZoomOutAtPoint -in [gi::getWindows 3]
[22:12:53.91] /i de::zoom -window [gi::getWindows 3] -factor 0.5 -center {13.2 11.551}
[22:12:53.91] /o {11.395 9.974} {15.726 12.527}
[22:12:54.84] /# gi::executeAction deCanvasZoomOutAtPoint -in [gi::getWindows 3]
[22:12:54.84] /i de::zoom -window [gi::getWindows 3] -factor 0.5 -center {15.059 11.458}
[22:12:54.84] /o {7.731 8.491} {16.392 13.596}
[22:12:55.26] /# gi::executeAction deCanvasZoomInAtPoint -in [gi::getWindows 3]
[22:12:55.26] /i de::zoom -window [gi::getWindows 3] -factor 2.0 -center {14.518 11.44}
[22:12:55.26] /o {11.124 9.965} {15.455 12.518}
[22:12:55.44] /# gi::executeAction deCanvasZoomOutAtPoint -in [gi::getWindows 3]
[22:12:55.44] /i de::zoom -window [gi::getWindows 3] -factor 0.5 -center {14.532 11.41}
[22:12:55.44] /o {7.717 8.521} {16.378 13.626}
[22:12:55.50] /# gi::executeAction deCanvasZoomOutAtPoint -in [gi::getWindows 3]
[22:12:55.50] /i de::zoom -window [gi::getWindows 3] -factor 0.5 -center {14.537 11.377}
[22:12:55.50] /o {0.896 5.664} {18.22 15.876}
[22:12:55.95] /# gi::executeAction deCanvasZoomInAtPoint -in [gi::getWindows 3]
[22:12:55.95] /i de::zoom -window [gi::getWindows 3] -factor 2.0 -center {15.066 8.234}
[22:12:55.95] /o {7.981 6.949} {16.643 12.055}
[22:12:56.17] /# gi::executeAction deCanvasZoomInAtPoint -in [gi::getWindows 3]
[22:12:56.17] /i de::zoom -window [gi::getWindows 3] -factor 2.0 -center {15.077 8.228}
[22:12:56.17] /o {11.529 7.589} {15.86 10.141}
[22:12:57.65] /# gi::executeAction deCanvasZoomInAtPoint -in [gi::getWindows 3]
[22:12:57.65] /i de::zoom -window [gi::getWindows 3] -factor 2.0 -center {15.242 8.865}
[22:12:57.65] /o {13.386 8.227} {15.551 9.503}
[22:12:57.80] /# gi::executeAction deCanvasZoomInAtPoint -in [gi::getWindows 3]
[22:12:57.80] /i de::zoom -window [gi::getWindows 3] -factor 2.0 -center {15.227 8.882}
[22:12:57.80] /o {14.306 8.554} {15.389 9.193}
[22:12:57.98] /# gi::executeAction deCanvasZoomOutAtPoint -in [gi::getWindows 3]
[22:12:57.98] /i de::zoom -window [gi::getWindows 3] -factor 0.5 -center {15.223 8.882}
[22:12:57.98] /o {13.39 8.227} {15.555 9.503}
[22:12:58.01] /# gi::executeAction deCanvasZoomOutAtPoint -in [gi::getWindows 3]
[22:12:58.02] /i de::zoom -window [gi::getWindows 3] -factor 0.5 -center {15.221 8.882}
[22:12:58.02] /o {11.558 7.572} {15.889 10.124}
[22:12:58.04] /# gi::executeAction deCanvasZoomOutAtPoint -in [gi::getWindows 3]
[22:12:58.04] /i de::zoom -window [gi::getWindows 3] -factor 0.5 -center {15.216 8.881}
[22:12:58.04] /o {7.9 6.262} {16.562 11.368}
[22:12:58.08] /# gi::executeAction deCanvasZoomOutAtPoint -in [gi::getWindows 3]
[22:12:58.08] /i de::zoom -window [gi::getWindows 3] -factor 0.5 -center {15.2 8.865}
[22:12:58.08] /o {0.6 3.659} {17.924 13.871}
[22:12:58.31] /# gi::executeAction deCanvasZoomInAtPoint -in [gi::getWindows 3]
[22:12:58.31] /i de::zoom -window [gi::getWindows 3] -factor 2.0 -center {15.134 9.724}
[22:12:58.31] /o {7.867 6.692} {16.529 11.797}
[22:12:58.40] /# gi::executeAction deCanvasZoomInAtPoint -in [gi::getWindows 3]
[22:12:58.40] /i de::zoom -window [gi::getWindows 3] -factor 2.0 -center {15.233 10.005}
[22:12:58.40] /o {11.55 8.348} {15.881 10.901}
[22:12:59.53] /i gi::executeAction deObjectActivation -in [gi::getWindows 3]
[22:12:59.59] /i gi::executeAction deObjectActivation -in [gi::getWindows 3]
[22:12:59.95] /# gi::executeAction deFitView -in [gi::getWindows 3]
[22:12:59.95] /i de::fit -window 3 -fitView true
[22:12:59.95] /o {10.272 7.62} {18.933 12.725}
[22:13:00.83] /# gi::executeAction deAbortCommand -in [gi::getWindows 3]
[22:13:00.83] /i de::abortCommand -context [db::getNext [de::getContexts -window 3]]
[22:13:01.53] /i gi::executeAction deCanvasDragCancel -in [gi::getWindows 3]
[22:13:02.59] /# gi::executeAction leRuler -in [gi::getWindows 3]
[22:13:02.59] /i ile::createRuler
[22:13:03.36] /i gi::pressButton {deleteAll} -in [gi::getToolbars {deCommandOptions} -from [gi::getWindows 3]]
[22:13:06.22] /# gi::executeAction xtDRCSetup -in [gi::getWindows 3]
[22:13:06.22] /i xt::showDRCSetup -job drc -window 3
[22:13:06.45] /o oa:0x1e62d960
[22:13:06.51] /i gi::setActiveDialog [gi::getDialogs {xtDRCSetup} -parent [gi::getWindows 3]]
[22:13:06.80] /i db::setAttr geometry -of [gi::getDialogs {xtDRCSetup} -parent [gi::getWindows 3]] -value 475x427+865+447
[22:13:07.42] /i gi::pressButton {/tabGroup/mainTab/runDir/browseButton} -in [gi::getDialogs {xtDRCSetup} -parent [gi::getWindows 3]]
[22:13:09.57] /r giFileDialog accept .
[22:13:10.84] /i gi::pressButton {/tabGroup/mainTab/jobParametersGroup/runsetFile/browseButton} -in [gi::getDialogs {xtDRCSetup} -parent [gi::getWindows 3]]
[22:13:14.77] /r giFileDialog accept PDK/hercules/drc/reference_drc.ev
[22:13:15.33] /i gi::pressButton {/apply} -in [gi::getDialogs {xtDRCSetup} -parent [gi::getWindows 3]]
[22:13:15.33] /# gi::setActiveTab {/tabGroup} -tabName {/tabGroup/customOptionsTab} -in [gi::getDialogs {xtDRCSetup} -parent [gi::getWindows 3]]
[22:13:15.33] /e Error: The requested action could not be completed because one or more inputs are incomplete or invalid. (CUSTOM_WIDGETS-001)
[22:13:16.57] /i gi::setField {/tabGroup/customOptionsTab/layerMapFile/entryField} -value {/remote/dept-seg-cae2/FTK/agarwals/PERFORCE/IPL/reference/90nm/techfiles/reference90RF_layer.map} -in [gi::getDialogs {xtDRCSetup} -parent [gi::getWindows 3]]
[22:13:16.66] /i gi::pressButton {/tabGroup/customOptionsTab/layerMapFile/browseButton} -in [gi::getDialogs {xtDRCSetup} -parent [gi::getWindows 3]]
[22:13:21.39] /r giFileDialog accept PDK/techfiles/reference90RF_layer.map
[22:13:21.85] /i gi::pressButton {/apply} -in [gi::getDialogs {xtDRCSetup} -parent [gi::getWindows 3]]
[22:13:22.28] /r giDialog gi::setActiveDialog [gi::getDialogs {xtShowDesignsPrompt}]
[22:13:22.28] /r giDialog gi::setCurrentIndex {target} -index {0,0} -in [gi::getDialogs {xtShowDesignsPrompt}]
[22:13:22.52] /r giDialog db::setAttr geometry -of [gi::getDialogs {xtShowDesignsPrompt}] -value 649x290+626+410
[22:13:23.71] /r giDialog gi::pressButton {ok} -in [gi::getDialogs {xtShowDesignsPrompt}]
[22:13:23.74] /# xt::physicalVerification::executePve drc 3
[22:13:24.19] /# gi::setActiveDialog [gi::getDialogs {xtDRCSetup} -parent [gi::getWindows 3]]
[22:13:24.81] /r giWindowId 4
[22:13:24.81] /r giWindowGeometry 800x600
[22:13:25.60] /m Information: 
              /c =============================
              /c JobID: hercules_drc_24
              /c Completed with no errors.
              /c =============================
              /c 
[22:13:26.83] /i gi::closeWindows [gi::getDialogs {xtDRCSetup} -parent [gi::getWindows 3]]
[22:13:27.89] /i gi::executeAction giCloseWindow -in [gi::getWindows 4]
[22:13:27.89] /i gi::setActiveWindow 3
[22:13:27.89] /i gi::setActiveWindow 3 -raise true
[22:13:30.15] /# gi::executeAction xtLVSSetup -in [gi::getWindows 3]
[22:13:30.15] /i xt::showLVSSetup -job lvs -window 3
[22:13:30.42] /o oa:0x1ddeee50
[22:13:30.47] /i gi::setActiveDialog [gi::getDialogs {xtLVSSetup} -parent [gi::getWindows 3]]
[22:13:30.77] /i db::setAttr geometry -of [gi::getDialogs {xtLVSSetup} -parent [gi::getWindows 3]] -value 704x454+787+419
[22:13:31.69] /i gi::pressButton {/tabGroup/mainTab/runDir/browseButton} -in [gi::getDialogs {xtLVSSetup} -parent [gi::getWindows 3]]
[22:13:33.98] /r giFileDialog accept .
[22:13:35.24] /i gi::pressButton {/tabGroup/mainTab/jobParametersGroup/runsetFile/browseButton} -in [gi::getDialogs {xtLVSSetup} -parent [gi::getWindows 3]]
[22:13:42.42] /r giFileDialog accept PDK/hercules/lvs/reference_lvs.ev
[22:13:43.02] /i gi::setActiveTab {/tabGroup} -tabName {/tabGroup/netlistingOptionsTab} -in [gi::getDialogs {xtLVSSetup} -parent [gi::getWindows 3]]
[22:13:44.02] /i gi::setField {/tabGroup/netlistingOptionsTab/schematicOutputNetlist/entryField} -value {/home/itsupport/Desktop/lab1vlsi/synopsys_custom/D_latch.hercules.lvs/D_latch.custom_compiler.sp} -in [gi::getDialogs {xtLVSSetup} -parent [gi::getWindows 3]]
[22:13:44.02] /i gi::setCurrentIndex {/tabGroup/controlVariablesTab/controlVariablesTable} -index {0,0} -in [gi::getDialogs {xtLVSSetup} -parent [gi::getWindows 3]]
[22:13:44.02] /i gi::setActiveTab {/tabGroup} -tabName {/tabGroup/controlVariablesTab} -in [gi::getDialogs {xtLVSSetup} -parent [gi::getWindows 3]]
[22:13:44.43] /i gi::setActiveTab {/tabGroup} -tabName {/tabGroup/customOptionsTab} -in [gi::getDialogs {xtLVSSetup} -parent [gi::getWindows 3]]
[22:13:44.70] /i gi::setActiveTab {/tabGroup} -tabName {/tabGroup/controlVariablesTab} -in [gi::getDialogs {xtLVSSetup} -parent [gi::getWindows 3]]
[22:13:45.23] /i gi::setActiveTab {/tabGroup} -tabName {/tabGroup/customOptionsTab} -in [gi::getDialogs {xtLVSSetup} -parent [gi::getWindows 3]]
[22:13:46.02] /i gi::setActiveTab {/tabGroup} -tabName {/tabGroup/mainTab} -in [gi::getDialogs {xtLVSSetup} -parent [gi::getWindows 3]]
[22:13:46.80] /i gi::pressButton {/apply} -in [gi::getDialogs {xtLVSSetup} -parent [gi::getWindows 3]]
[22:13:47.15] /# xt::physicalVerification::executePve lvs 3
[22:13:48.04] /m Information: "Starting netlisting for design "project_d_ff/D_latch/schematic"..." (NETLISTING-010)
[22:13:48.06] /m Information: 
[22:13:48.06] /o Checking "project_d_ff/D_latch/schematic"
[22:13:48.06] /o No rule violations found in "project_d_ff/D_latch/schematic"
[22:13:48.06] /o No Design Integrity rule violations found in "project_d_ff/D_latch/schematic"
[22:13:48.07] /m Information: 
[22:13:48.07] /o Checking "project_d_ff/TG_out/schematic"
[22:13:48.07] /o No rule violations found in "project_d_ff/TG_out/schematic"
[22:13:48.10] /m Information: "Netlisting design "project_d_ff/D_latch/schematic" finished successfully." (NETLISTING-012)
[22:13:48.23] /r giWindowId 5
[22:13:48.23] /r giWindowGeometry 800x600
[22:13:50.40] /m Information: 
              /c =============================
              /c JobID: hercules_lvs_12
              /c Completed with no errors.
              /c =============================
              /c 
[22:13:51.72] /i gi::closeWindows [gi::getDialogs {xtLVSSetup} -parent [gi::getWindows 3]]
[22:13:52.71] /i gi::executeAction giCloseWindow -in [gi::getWindows 5]
[22:13:52.72] /i gi::setActiveWindow 3
[22:13:52.72] /i gi::setActiveWindow 3 -raise true
[22:13:54.32] /# gi::executeAction xtLPESetup -in [gi::getWindows 3]
[22:13:54.32] /i xt::showLPESetup -job lpe -window 3
[22:13:54.61] /o oa:0x1f6c1880
[22:13:54.67] /i gi::setActiveDialog [gi::getDialogs {xtLPESetup} -parent [gi::getWindows 3]]
[22:13:54.93] /i db::setAttr geometry -of [gi::getDialogs {xtLPESetup} -parent [gi::getWindows 3]] -value 487x659+830+226
[22:13:55.78] /i gi::pressButton {/tabGroup/mainTab/runDir/browseButton} -in [gi::getDialogs {xtLPESetup} -parent [gi::getWindows 3]]
[22:13:57.99] /r giFileDialog accept .
[22:13:59.92] /i gi::pressButton {/tabGroup/mainTab/jobParametersGroup/runsetFile/browseButton} -in [gi::getDialogs {xtLPESetup} -parent [gi::getWindows 3]]
[22:14:05.11] /r giFileDialog accept PDK/starrc/star_herc_cmd
[22:14:05.74] /i gi::setActiveTab {/tabGroup} -tabName {/tabGroup/extractionOptionsTab} -in [gi::getDialogs {xtLPESetup} -parent [gi::getWindows 3]]
[22:14:06.82] /i gi::setField {/tabGroup/extractionOptionsTab/layoutExtractionGroup/milkywayDatabase/entryField} -value {../testcell.hercules.lvs/EXTRACT_VIEW} -in [gi::getDialogs {xtLPESetup} -parent [gi::getWindows 3]]
[22:14:06.90] /i gi::pressButton {/tabGroup/extractionOptionsTab/layoutExtractionGroup/milkywayDatabase/browseButton} -in [gi::getDialogs {xtLPESetup} -parent [gi::getWindows 3]]
[22:14:08.32] /r giFileDialog accept EXTRACT_VIEW
[22:14:09.10] /i gi::pressButton {/apply} -in [gi::getDialogs {xtLPESetup} -parent [gi::getWindows 3]]
[22:14:09.42] /# xt::physicalVerification::executePve lpe 3
[22:14:09.45] /w Warning: Failed to copy '/home/itsupport/Desktop/lab1vlsi/synopsys_custom/.lib_24562_7f0100.defs' to '/home/itsupport/Desktop/lab1vlsi/lib.defs': copy would overwrite top library definitions file.
[22:14:09.57] /r giWindowId 6
[22:14:09.57] /r giWindowGeometry 800x600
[22:14:11.72] /m Information: 
              /c =============================
              /c JobID: starrc_lpe_18
              /c Completed with no errors.
              /c =============================
              /c 
[22:14:11.75] /r giWindowId 7
[22:14:11.76] /r giWindowGeometry 1632x1020
[22:14:11.83] /i de::setActiveLPP [de::getLPPs "exclude blockage" -from [db::getAttr editDesign -of [de::getContexts -window 7]]]
[22:14:13.72] /i gi::closeWindows [gi::getDialogs {xtLPESetup} -parent [gi::getWindows 3]]
[22:14:17.22] /i gi::setField {stopLevel} -value {3} -in [gi::getToolbars {leHierarchy} -from [gi::getWindows 7]]
[22:14:20.14] /i gi::executeAction giCloseWindow -in [gi::getWindows 6]
[22:14:20.78] /i gi::setActiveWindow 3
[22:14:20.78] /i gi::setActiveWindow 3 -raise true
[22:15:07.98] /i gi::executeAction giCloseWindow -in [gi::getWindows 3]
[22:15:08.01] /i gi::setActiveWindow 7
[22:15:08.01] /i gi::setActiveWindow 7 -raise true
[22:15:08.68] /i gi::setActiveWindow 2
[22:15:08.68] /i gi::setActiveWindow 2 -raise true
[22:15:10.33] /i gi::setCurrentIndex {cells} -index {D_FF} -in [gi::getWindows 2]
[22:15:10.33] /i gi::setItemSelection {cells} -index {D_FF} -in [gi::getWindows 2]
[22:15:11.28] /i gi::setCurrentIndex {views} -index {schematic} -in [gi::getWindows 2]
[22:15:11.28] /i gi::setItemSelection {views} -index {schematic} -in [gi::getWindows 2]
[22:15:11.74] /i gi::executeAction dmOpen -in [gi::getWindows 2]
[22:15:11.75] /r giWindowId 8
[22:15:11.76] /r giWindowGeometry 1632x1020
[22:15:11.93] /m Information: 
[22:15:11.93] /o Checking "project_d_ff/D_FF/schematic"
[22:15:11.93] /o No rule violations found in "project_d_ff/D_FF/schematic"
[22:15:11.93] /m Information: Checking process is completed: marking the design violations
[22:15:11.93] /m Information: Marking of designs is completed
[22:15:16.07] /i gi::executeAction deCanvasDragSelect -in [gi::getWindows 8]
[22:15:16.07] /r deCanvasDragStart 4.51875 1.71875
[22:15:16.52] /# gi::executeAction deCanvasDragEnd -in [gi::getWindows 8]
[22:15:16.52] /i gi::executeAction deCanvasDragEnd -in [gi::getWindows 8]
[22:15:16.52] /r deCanvasDragEnd 14.6813 0.625
[22:15:17.29] /# gi::executeAction seButton1DragStart -in [gi::getWindows 8]
[22:15:17.29] /i ise::stretch -point {7 1.1875}
[22:15:18.13] /# gi::executeAction deEndDrag -in [gi::getWindows 8]
[22:15:18.13] /i de::endDrag {5.575 1.18125} -context [db::getNext [de::getContexts -window 8]]
[22:15:18.37] /# gi::executeAction deSelectActive -in [gi::getWindows 8]
[22:15:18.37] /i de::deselectAll [db::getNext [de::getContexts -window 8]]
[22:15:18.37] /i de::deselectAllLogic -context [db::getNext [de::getContexts -window 8]]
[22:15:19.52] /# gi::executeAction deFitEdit -in [gi::getWindows 8]
[22:15:19.52] /i de::fit -window 8 -fitEdit true
[22:15:19.52] /o {2.65625 -0.3875} {14.275 6.0125}
[22:15:20.76] /# gi::executeAction seSchCreateWire -in [gi::getWindows 8]
[22:15:20.76] /i ise::createWire
[22:15:22.18] /# gi::executeAction deAddPoint -in [gi::getWindows 8]
[22:15:22.18] /i de::addPoint {6.05 3.8} -context [db::getNext [de::getContexts -window 8]]
[22:15:22.21] /i de::setCursor -point {6 3.8125 }
[22:15:23.65] /# gi::executeAction deAddPoint -in [gi::getWindows 8]
[22:15:23.65] /i de::addPoint {4.21875 1.18125} -context [db::getNext [de::getContexts -window 8]]
[22:15:25.06] /# gi::executeAction deAddPoint -in [gi::getWindows 8]
[22:15:25.06] /i de::addPoint {6.25625 3.23125} -context [db::getNext [de::getContexts -window 8]]
[22:15:26.30] /# gi::executeAction deAddPoint -in [gi::getWindows 8]
[22:15:26.30] /i de::addPoint {4.2375 3.24375} -context [db::getNext [de::getContexts -window 8]]
[22:15:27.25] /# gi::executeAction deAddPoint -in [gi::getWindows 8]
[22:15:27.25] /i de::addPoint {6.2375 4} -context [db::getNext [de::getContexts -window 8]]
[22:15:28.60] /# gi::executeAction deAddPoint -in [gi::getWindows 8]
[22:15:28.60] /i de::addPoint {5.6375 2.8} -context [db::getNext [de::getContexts -window 8]]
[22:15:32.90] /# gi::executeAction deAddPoint -in [gi::getWindows 8]
[22:15:32.90] /i de::addPoint {6.89375 1.23125} -context [db::getNext [de::getContexts -window 8]]
[22:15:32.96] /i de::setCursor -point {6.875 1.3125 }
[22:15:33.87] /# gi::executeAction deAbortCommand -in [gi::getWindows 8]
[22:15:33.87] /i de::abortCommand -context [db::getNext [de::getContexts -window 8]]
[22:15:34.96] /# gi::executeAction seSchCreateWire -in [gi::getWindows 8]
[22:15:34.96] /i ise::createWire
[22:15:36.38] /# gi::executeAction deAddPoint -in [gi::getWindows 8]
[22:15:36.38] /i de::addPoint {6.28125 2.9375} -context [db::getNext [de::getContexts -window 8]]
[22:15:36.47] /i de::setCursor -point {6.3125 2.875 }
[22:15:36.88] /# gi::executeAction deAddPoint -in [gi::getWindows 8]
[22:15:36.88] /i de::addPoint {6.29375 2.80625} -context [db::getNext [de::getContexts -window 8]]
[22:15:38.98] /# gi::executeAction deAddPoint -in [gi::getWindows 8]
[22:15:38.98] /i de::addPoint {10.15625 3.83125} -context [db::getNext [de::getContexts -window 8]]
[22:15:39.01] /i de::setCursor -point {10.125 3.8125 }
[22:15:39.85] /# gi::executeAction deAddPoint -in [gi::getWindows 8]
[22:15:39.85] /i de::addPoint {9.1125 1.20625} -context [db::getNext [de::getContexts -window 8]]
[22:15:40.87] /# gi::executeAction deAddPoint -in [gi::getWindows 8]
[22:15:40.87] /i de::addPoint {10.175 3.24375} -context [db::getNext [de::getContexts -window 8]]
[22:15:42.43] /# gi::executeAction deAddPoint -in [gi::getWindows 8]
[22:15:42.43] /i de::addPoint {9.11875 3.23125} -context [db::getNext [de::getContexts -window 8]]
[22:15:43.42] /# gi::executeAction deAddPoint -in [gi::getWindows 8]
[22:15:43.42] /i de::addPoint {10.23125 4} -context [db::getNext [de::getContexts -window 8]]
[22:15:43.48] /i de::setCursor -point {10.1875 3.9375 }
[22:15:43.51] /i de::setCursor -point {10.1875 3.875 }
[22:15:44.44] /# gi::executeAction deAddPoint -in [gi::getWindows 8]
[22:15:44.44] /i de::addPoint {10.26875 2.9125} -context [db::getNext [de::getContexts -window 8]]
[22:15:44.91] /# gi::executeAction deAddPoint -in [gi::getWindows 8]
[22:15:44.91] /i de::addPoint {10.26875 2.9125} -context [db::getNext [de::getContexts -window 8]]
[22:15:46.91] /# gi::executeAction deAddPoint -in [gi::getWindows 8]
[22:15:46.91] /i de::addPoint {4.2625 2.1} -context [db::getNext [de::getContexts -window 8]]
[22:15:48.05] /i gi::executeAction deSaveDesign -in [gi::getWindows 8]
[22:15:48.05] /m Information: Saving design 'project_d_ff D_FF schematic'. (DESIGN_WINDOW-004)
[22:15:53.98] /# gi::executeAction deAbortCommand -in [gi::getWindows 8]
[22:15:53.98] /i de::abortCommand -context [db::getNext [de::getContexts -window 8]]
[22:15:56.64] /# gi::executeAction seSchCheckAndSave -in [gi::getWindows 8]
[22:15:56.64] /i ise::check
[22:15:56.65] /m Information: 
              /c Cross view checking for project_d_ff/D_FF/symbol with project_d_ff/D_FF/schematic
              /c No violations found. (DE_EDIT-007)
[22:15:56.65] /m Information: 
[22:15:56.65] /o Checking "project_d_ff/D_FF/schematic"
[22:15:56.65] /o No rule violations found in "project_d_ff/D_FF/schematic"
[22:15:56.65] /m Information: Checking process is completed: marking the design violations
[22:15:56.67] /m Information: Marking of designs is completed
[22:15:56.67] /o true
[22:16:00.39] /i gi::executeAction giCloseWindow -in [gi::getWindows 8]
[22:16:00.41] /i gi::setActiveWindow 2
[22:16:00.41] /i gi::setActiveWindow 2 -raise true
[22:16:01.54] /i gi::setCurrentIndex {cells} -index {D_FF_tb} -in [gi::getWindows 2]
[22:16:01.54] /i gi::setItemSelection {cells} -index {D_FF_tb} -in [gi::getWindows 2]
[22:16:02.22] /i gi::setCurrentIndex {views} -index {config} -in [gi::getWindows 2]
[22:16:02.23] /i gi::setItemSelection {views} -index {config} -in [gi::getWindows 2]
[22:16:02.62] /i gi::setCurrentIndex {views} -index {schematic} -in [gi::getWindows 2]
[22:16:02.62] /i gi::setItemSelection {views} -index {schematic} -in [gi::getWindows 2]
[22:16:03.19] /i gi::executeAction dmOpen -in [gi::getWindows 2]
[22:16:03.21] /r giWindowId 9
[22:16:03.22] /r giWindowGeometry 1632x1020
[22:16:03.34] /m Information: 
[22:16:03.34] /o Checking "project_d_ff/D_FF_tb/schematic"
[22:16:03.34] /o No rule violations found in "project_d_ff/D_FF_tb/schematic"
[22:16:03.34] /m Information: Checking process is completed: marking the design violations
[22:16:03.34] /m Information: Marking of designs is completed
[22:16:04.41] /# gi::executeAction deSelectActive -in [gi::getWindows 9]
[22:16:04.41] /i de::deselectAll [db::getNext [de::getContexts -window 9]]
[22:16:04.41] /i de::select [de::getActiveFigure [gi::getWindows 9] -point {3.33125 3.78125} -index 0 -intent none]
[22:16:04.41] /o oa:0x20307920
[22:16:05.58] /i gi::setItemSelection {parameters} -index {pw,all} -in [gi::getAssistants dePropertyEditor -from [gi::getWindows 9]]
[22:16:05.58] /i gi::setCurrentIndex {parameters} -index {pw,Value} -in [gi::getAssistants dePropertyEditor -from [gi::getWindows 9]]
[22:16:07.20] /i gi::setField {parameters} -value {1n} -index {pw,Value} -in [gi::getAssistants dePropertyEditor -from [gi::getWindows 9]]
[22:16:07.20] /i gi::executeAction dePropertyEditorApplyChanges -in [gi::getAssistants dePropertyEditor -from [gi::getWindows 9]]
[22:16:07.99] /i gi::setItemSelection {parameters} -index {per,all} -in [gi::getAssistants dePropertyEditor -from [gi::getWindows 9]]
[22:16:07.99] /i gi::setCurrentIndex {parameters} -index {per,Value} -in [gi::getAssistants dePropertyEditor -from [gi::getWindows 9]]
[22:16:10.64] /i gi::setField {parameters} -value {tper} -index {per,Value} -in [gi::getAssistants dePropertyEditor -from [gi::getWindows 9]]
[22:16:10.64] /i gi::executeAction dePropertyEditorApplyChanges -in [gi::getAssistants dePropertyEditor -from [gi::getWindows 9]]
[22:16:12.28] /# gi::executeAction deSelectActive -in [gi::getWindows 9]
[22:16:12.28] /i de::deselectAll [db::getNext [de::getContexts -window 9]]
[22:16:12.28] /i de::select [de::getActiveFigure [gi::getWindows 9] -point {3.7 3.19375} -index 0 -intent none]
[22:16:12.28] /o oa:0x20c63f50
[22:16:12.82] /i gi::setItemSelection {parameters} -index {per,all} -in [gi::getAssistants dePropertyEditor -from [gi::getWindows 9]]
[22:16:12.83] /i gi::setCurrentIndex {parameters} -index {per,Value} -in [gi::getAssistants dePropertyEditor -from [gi::getWindows 9]]
[22:16:14.41] /i gi::setField {parameters} -value {tper} -index {per,Value} -in [gi::getAssistants dePropertyEditor -from [gi::getWindows 9]]
[22:16:14.41] /i gi::executeAction dePropertyEditorApplyChanges -in [gi::getAssistants dePropertyEditor -from [gi::getWindows 9]]
[22:16:15.20] /i gi::setItemSelection {parameters} -index {pw,all} -in [gi::getAssistants dePropertyEditor -from [gi::getWindows 9]]
[22:16:15.20] /i gi::setCurrentIndex {parameters} -index {pw,Value} -in [gi::getAssistants dePropertyEditor -from [gi::getWindows 9]]
[22:16:18.92] /i gi::setField {parameters} -value {tper/2} -index {pw,Value} -in [gi::getAssistants dePropertyEditor -from [gi::getWindows 9]]
[22:16:18.92] /i gi::executeAction dePropertyEditorApplyChanges -in [gi::getAssistants dePropertyEditor -from [gi::getWindows 9]]
[22:16:20.41] /# gi::executeAction deSelectActive -in [gi::getWindows 9]
[22:16:20.41] /i de::deselectAll [db::getNext [de::getContexts -window 9]]
[22:16:20.41] /i de::select [de::getActiveFigure [gi::getWindows 9] -point {3.30625 3.7375} -index 0 -intent none]
[22:16:20.41] /o oa:0x1ea40270
[22:16:21.35] /i gi::setItemSelection {parameters} -index {pw,all} -in [gi::getAssistants dePropertyEditor -from [gi::getWindows 9]]
[22:16:21.35] /i gi::setCurrentIndex {parameters} -index {pw,Value} -in [gi::getAssistants dePropertyEditor -from [gi::getWindows 9]]
[22:16:25.15] /i gi::setField {parameters} -value {tper/2} -index {pw,Value} -in [gi::getAssistants dePropertyEditor -from [gi::getWindows 9]]
[22:16:25.15] /i gi::executeAction dePropertyEditorApplyChanges -in [gi::getAssistants dePropertyEditor -from [gi::getWindows 9]]
[22:16:26.02] /i gi::setItemSelection {parameters} -index {tf,all} -in [gi::getAssistants dePropertyEditor -from [gi::getWindows 9]]
[22:16:26.03] /i gi::setCurrentIndex {parameters} -index {tf,Value} -in [gi::getAssistants dePropertyEditor -from [gi::getWindows 9]]
[22:16:26.69] /i gi::setItemSelection {parameters} -index {td,all} -in [gi::getAssistants dePropertyEditor -from [gi::getWindows 9]]
[22:16:26.69] /i gi::setCurrentIndex {parameters} -index {td,Value} -in [gi::getAssistants dePropertyEditor -from [gi::getWindows 9]]
[22:16:52.54] /i gi::setField {parameters} -value {0.25*tper} -index {td,Value} -in [gi::getAssistants dePropertyEditor -from [gi::getWindows 9]]
[22:16:52.54] /i gi::executeAction dePropertyEditorApplyChanges -in [gi::getAssistants dePropertyEditor -from [gi::getWindows 9]]
[22:16:58.56] /i gi::setItemSelection {parameters} -index {pw,all} -in [gi::getAssistants dePropertyEditor -from [gi::getWindows 9]]
[22:16:58.56] /i gi::setCurrentIndex {parameters} -index {pw,Value} -in [gi::getAssistants dePropertyEditor -from [gi::getWindows 9]]
[22:17:00.74] /i gi::setField {parameters} -value {tper} -index {pw,Value} -in [gi::getAssistants dePropertyEditor -from [gi::getWindows 9]]
[22:17:00.74] /i gi::executeAction dePropertyEditorApplyChanges -in [gi::getAssistants dePropertyEditor -from [gi::getWindows 9]]
[22:17:01.70] /i gi::setItemSelection {parameters} -index {per,all} -in [gi::getAssistants dePropertyEditor -from [gi::getWindows 9]]
[22:17:01.71] /i gi::setCurrentIndex {parameters} -index {per,Value} -in [gi::getAssistants dePropertyEditor -from [gi::getWindows 9]]
[22:17:02.75] /i gi::setField {parameters} -value {tper/2} -index {per,Value} -in [gi::getAssistants dePropertyEditor -from [gi::getWindows 9]]
[22:17:02.75] /i gi::executeAction dePropertyEditorApplyChanges -in [gi::getAssistants dePropertyEditor -from [gi::getWindows 9]]
[22:17:05.19] /i gi::setItemSelection {parameters} -index {tr,all} -in [gi::getAssistants dePropertyEditor -from [gi::getWindows 9]]
[22:17:05.19] /i gi::setCurrentIndex {parameters} -index {tr,Value} -in [gi::getAssistants dePropertyEditor -from [gi::getWindows 9]]
[22:17:06.55] /i gi::setField {parameters} -value {5p} -index {tr,Value} -in [gi::getAssistants dePropertyEditor -from [gi::getWindows 9]]
[22:17:06.55] /i gi::executeAction dePropertyEditorApplyChanges -in [gi::getAssistants dePropertyEditor -from [gi::getWindows 9]]
[22:17:07.24] /i gi::setItemSelection {parameters} -index {tf,all} -in [gi::getAssistants dePropertyEditor -from [gi::getWindows 9]]
[22:17:07.24] /i gi::setCurrentIndex {parameters} -index {tf,Value} -in [gi::getAssistants dePropertyEditor -from [gi::getWindows 9]]
[22:17:08.38] /i gi::setField {parameters} -value {5p} -index {tf,Value} -in [gi::getAssistants dePropertyEditor -from [gi::getWindows 9]]
[22:17:08.38] /i gi::executeAction dePropertyEditorApplyChanges -in [gi::getAssistants dePropertyEditor -from [gi::getWindows 9]]
[22:17:09.36] /# gi::executeAction deSelectActive -in [gi::getWindows 9]
[22:17:09.36] /i de::deselectAll [db::getNext [de::getContexts -window 9]]
[22:17:09.36] /i de::select [de::getActiveFigure [gi::getWindows 9] -point {3.525 3.13125} -index 0 -intent none]
[22:17:09.36] /o oa:0x1d4ba2f0
[22:17:10.20] /i gi::setItemSelection {parameters} -index {tr,all} -in [gi::getAssistants dePropertyEditor -from [gi::getWindows 9]]
[22:17:10.21] /i gi::setCurrentIndex {parameters} -index {tr,Value} -in [gi::getAssistants dePropertyEditor -from [gi::getWindows 9]]
[22:17:11.80] /i gi::setField {parameters} -value {5p} -index {tr,Value} -in [gi::getAssistants dePropertyEditor -from [gi::getWindows 9]]
[22:17:11.80] /i gi::executeAction dePropertyEditorApplyChanges -in [gi::getAssistants dePropertyEditor -from [gi::getWindows 9]]
[22:17:12.40] /i gi::setItemSelection {parameters} -index {tf,all} -in [gi::getAssistants dePropertyEditor -from [gi::getWindows 9]]
[22:17:12.40] /i gi::setCurrentIndex {parameters} -index {tf,Value} -in [gi::getAssistants dePropertyEditor -from [gi::getWindows 9]]
[22:17:13.74] /i gi::setField {parameters} -value {5p} -index {tf,Value} -in [gi::getAssistants dePropertyEditor -from [gi::getWindows 9]]
[22:17:13.74] /i gi::executeAction dePropertyEditorApplyChanges -in [gi::getAssistants dePropertyEditor -from [gi::getWindows 9]]
[22:17:17.01] /i gi::executeAction deSaveDesign -in [gi::getWindows 9]
[22:17:17.01] /m Information: Saving design 'project_d_ff D_FF_tb schematic'. (DESIGN_WINDOW-004)
[22:17:17.96] /# gi::executeAction deSelectActive -in [gi::getWindows 9]
[22:17:17.96] /i de::deselectAll [db::getNext [de::getContexts -window 9]]
[22:17:17.96] /i de::select [de::getActiveFigure [gi::getWindows 9] -point {4.54375 4.18125} -index 0 -intent none]
[22:17:17.96] /o oa:0x1ec12da0
[22:17:18.39] /# gi::executeAction deSelectActive -in [gi::getWindows 9]
[22:17:18.39] /i de::cycleActiveFigure [gi::getWindows 9] -direction next
[22:17:18.39] /o oa:0x1e01fc50
[22:17:18.55] /# gi::executeAction deDescend -in [gi::getWindows 9]
[22:17:18.55] /i ide::descend 9 -inPlace false -promptView false -readOnly auto
[22:17:18.55] /# Navigating to project_d_ff/D_FF/schematic (I0)
[22:17:18.59] /o true
[22:17:20.87] /# gi::executeAction seSchCheckAndSave -in [gi::getWindows 9]
[22:17:20.87] /i ise::check
[22:17:20.87] /m Information: 
              /c Cross view checking for project_d_ff/D_FF/symbol with project_d_ff/D_FF/schematic
              /c No violations found. (DE_EDIT-007)
[22:17:20.87] /m Information: 
[22:17:20.87] /o Checking "project_d_ff/D_FF/schematic"
[22:17:20.87] /o No rule violations found in "project_d_ff/D_FF/schematic"
[22:17:20.87] /m Information: Checking process is completed: marking the design violations
[22:17:20.90] /m Information: Marking of designs is completed
[22:17:20.90] /o true
[22:17:21.01] /# gi::executeAction seSchCheckAndSave -in [gi::getWindows 9]
[22:17:21.01] /i ise::check
[22:17:21.01] /m Information: 
              /c Cross view checking for project_d_ff/D_FF/symbol with project_d_ff/D_FF/schematic
              /c No violations found. (DE_EDIT-007)
[22:17:21.01] /m Information: 
[22:17:21.01] /o Checking "project_d_ff/D_FF/schematic"
[22:17:21.02] /o No rule violations found in "project_d_ff/D_FF/schematic"
[22:17:21.02] /m Information: Checking process is completed: marking the design violations
[22:17:21.04] /m Information: Marking of designs is completed
[22:17:21.04] /o true
[22:17:21.15] /# gi::executeAction seSchCheckAndSave -in [gi::getWindows 9]
[22:17:21.15] /i ise::check
[22:17:21.16] /m Information: 
              /c Cross view checking for project_d_ff/D_FF/symbol with project_d_ff/D_FF/schematic
              /c No violations found. (DE_EDIT-007)
[22:17:21.16] /m Information: 
[22:17:21.16] /o Checking "project_d_ff/D_FF/schematic"
[22:17:21.16] /o No rule violations found in "project_d_ff/D_FF/schematic"
[22:17:21.16] /m Information: Checking process is completed: marking the design violations
[22:17:21.17] /m Information: Marking of designs is completed
[22:17:21.18] /o true
[22:17:21.83] /# gi::executeAction deReturnToTop -in [gi::getWindows 9]
[22:17:21.83] /i de::return [db::getNext [de::getContexts -window 9]] -levels -1
[22:17:21.83] /# Navigating to project_d_ff/D_FF_tb/schematic
[22:17:21.85] /o oa:0x1df99f20
[22:17:24.82] /# gi::executeAction seShowConsoleForWindow -in [gi::getWindows 9]
[22:17:24.82] /i sa::showConsole -context [db::getNext [de::getContexts -window 9]]
[22:17:26.81] /m Information: License 'SAE' checked out. (LICENSE-003)
[22:17:26.84] /r giWindowId 10
[22:17:26.84] /r giWindowGeometry 600x500
[22:17:26.93] /o oa:0x1ef68b90
[22:17:26.96] /m Information: Launching Background sae_shell Server Process "cd /home/itsupport/Desktop/lab1vlsi && sae_shell -log sae_shell_session0_job1 -libDefFile /home/itsupport/Desktop/lab1vlsi/lib.defs"
[22:17:28.34] /i gi::executeAction giCloseWindow -in [gi::getWindows 7]
[22:17:29.78] /# gi::executeAction saLoadState -in [gi::getWindows 10]
[22:17:29.78] /i sa::showLoadState -parent 10
[22:17:30.06] /o oa:0x206cb120
[22:17:30.16] /i gi::setActiveDialog [gi::getDialogs {saShowLoadState} -parent [gi::getWindows 10]]
[22:17:30.40] /i db::setAttr geometry -of [gi::getDialogs {saShowLoadState} -parent [gi::getWindows 10]] -value 603x720+778+424
[22:17:30.51] /m Information: Received ready-for-commands signal from background job 'sae_shell_session0_job1' after 4 seconds.
[22:17:31.61] /i gi::pressButton {/ok} -in [gi::getDialogs {saShowLoadState} -parent [gi::getWindows 10]]
[22:17:36.62] /i gi::executeAction menuPreShow -in [gi::getWindows 10]
[22:17:36.62] /r giMenuAccess db::getNext [gi::getMenus saConsoleSimMenu -from [gi::getWindows 10]]
[22:17:37.11] /# gi::executeAction saNetlistAndRun -in [gi::getWindows 10]
[22:17:37.11] /i isa::netlistAndRun -testbench [sa::findActiveTestbench -window 10] -mode overwrite
[22:17:37.13] /r giWindowId 11
[22:17:37.13] /r giWindowGeometry 800x600
[22:17:37.20] /m Information: "Starting incremental netlisting for design "project_d_ff/D_FF_tb/schematic"..." (NETLISTING-010)
[22:17:37.21] /m Information: 
[22:17:37.21] /o Checking "project_d_ff/D_FF_tb/schematic"
[22:17:37.21] /o No rule violations found in "project_d_ff/D_FF_tb/schematic"
[22:17:37.21] /o No Design Integrity rule violations found in "project_d_ff/D_FF_tb/schematic"
[22:17:37.23] /m Information: 
[22:17:37.23] /o Checking "project_d_ff/D_latch/schematic"
[22:17:37.23] /o No rule violations found in "project_d_ff/D_latch/schematic"
[22:17:37.23] /m Information: 
[22:17:37.23] /o Checking "project_d_ff/TG_out/schematic"
[22:17:37.23] /o No rule violations found in "project_d_ff/TG_out/schematic"
[22:17:37.24] /m Information: 
[22:17:37.24] /o Checking "project_d_ff/CLOCK_inv/schematic"
[22:17:37.24] /o No rule violations found in "project_d_ff/CLOCK_inv/schematic"
[22:17:37.28] /m Information: 
[22:17:37.28] /o Checking "project_d_ff/D_latch_slave/schematic"
[22:17:37.28] /o No rule violations found in "project_d_ff/D_latch_slave/schematic"
[22:17:37.29] /m Information: 
[22:17:37.29] /o Checking "project_d_ff/tg_out_ds/schematic"
[22:17:37.29] /o No rule violations found in "project_d_ff/tg_out_ds/schematic"
[22:17:37.29] /m Information: 
[22:17:37.29] /o Checking "project_d_ff/int_out_ds/schematic"
[22:17:37.29] /o No rule violations found in "project_d_ff/int_out_ds/schematic"
[22:17:37.29] /m Information: 
[22:17:37.29] /o Checking "project_d_ff/tg_in_ds/schematic"
[22:17:37.29] /o No rule violations found in "project_d_ff/tg_in_ds/schematic"
[22:17:37.32] /m Information: "project_d_ff inv_out schematic" renetlisted. (NETLISTING-056)
[22:17:37.34] /m Information: "project_d_ff CLOCK_inv schematic" renetlisted. (NETLISTING-056)
[22:17:37.35] /m Information: "project_d_ff D_FF schematic" renetlisted. (NETLISTING-056)
[22:17:37.36] /m Information: "project_d_ff D_FF_tb schematic" renetlisted. (NETLISTING-056)
[22:17:37.38] /m Information: "Netlisting design "project_d_ff/D_FF_tb/schematic" finished successfully." (NETLISTING-012)
[22:17:37.39] /m Information: "Composing simulator input file for design "project_d_ff/D_FF_tb/schematic"..."
[22:17:37.43] /m Information: "Simulator input file composed successfully for design "project_d_ff/D_FF_tb/schematic""
[22:17:37.59] /m Information: "Starting HSPICE simulation for design: project_d_ff/D_FF_tb/schematic"
[22:17:37.59] /# gi::collapse {jobMonitorTable} -index {0.0.0.0,0} -in [gi::getWindows 11]
[22:17:37.61] /o 1
[22:17:38.21] /m Information: "Simulation completed successfully for design: project_d_ff/D_FF_tb/schematic "
[22:17:38.41] /m Information: Launching Background sae_shell Server Process "cd /home/itsupport/Desktop/lab1vlsi && sae_shell -log sae_shell_session0_job2 -libDefFile /home/itsupport/Desktop/lab1vlsi/lib.defs"
[22:17:38.43] /m Information: "Evaluating and plotting outputs..."
[22:17:39.30] /m Information: Started sharing "Custom WaveView" license. (WAVEFORM-110)
[22:17:39.35] /m Information: Launching Waveform Viewer "cd /home/itsupport/simulation/project_d_ff,D_FF_tb,schematic/history_1/simulation/HSPICE_d_Fff/HSPICE/nominal/results &&  wv -k -cdesigner -spxkey /usr/synopsys/customcompiler/N-2017.12-SP1-2/auxx/waveform/sae.spxkey -spxrc /tmp/sae_spxrc_dHtENM -unique_string 27bcce3e40f88994c4ac300f607c403a15c9c611af414893916e52343c87a980eb2070ad53df9c9067319e8a8b196e3a3ba0aaf5ec851af0 -lic_type 1    > /home/itsupport/simulation/project_d_ff,D_FF_tb,schematic/history_1/simulation/HSPICE_d_Fff/HSPICE/nominal/results/viewer.log 2>&1"
[22:17:39.36] /i gi::collapse {jobMonitorTable} -index {0.0,0} -in [gi::getWindows 11]
[22:17:39.81] /m Information: Measurement calculations completed for testbench: HSPICE_d_Fff in 1s
[22:17:40.98] /j ::wf::WaveView::plotSuccess WaveView_1 {} {_6da63f0_void_pp _6dee990_void_pp} 
[22:17:40.99] /j ::wf::WaveView::plotSuccess WaveView_1 {} {_6da63f0_void_pp _6deea58_void_pp} 
[22:17:41.03] /j ::wf::WaveView::plotSuccess WaveView_1 {} {_6da63f0_void_pp _6deeb20_void_pp} 
[22:17:41.05] /j ::wf::WaveView::plotSuccess WaveView_1 {} {_6da63f0_void_pp _6deebe8_void_pp} 
[22:17:41.91] /m Information: Received ready-for-commands signal from background job 'sae_shell_session0_job2' after 3 seconds.
[22:17:46.70] /i gi::executeAction giCloseWindow -in [gi::getWindows 11]
[22:17:46.71] /i gi::setActiveWindow 10
[22:17:46.72] /i gi::setActiveWindow 10 -raise true
[22:17:47.18] /i gi::setActiveWindow 9
[22:17:47.19] /i gi::setActiveWindow 9 -raise true
[22:17:48.07] /# gi::executeAction deSelectActive -in [gi::getWindows 9]
[22:17:48.07] /i de::deselectAll [db::getNext [de::getContexts -window 9]]
[22:17:48.08] /i de::deselectAllLogic -context [db::getNext [de::getContexts -window 9]]
[22:17:48.43] /# gi::executeAction deSelectActive -in [gi::getWindows 9]
[22:17:48.43] /i de::deselectAll [db::getNext [de::getContexts -window 9]]
[22:17:48.44] /i de::select [de::getActiveFigure [gi::getWindows 9] -point {4.76875 4.05625} -index 0 -intent none]
[22:17:48.44] /o oa:0x24f0f0e0
[22:17:48.60] /# gi::executeAction deDescend -in [gi::getWindows 9]
[22:17:48.60] /i ide::descend 9 -inPlace false -promptView false -readOnly auto
[22:17:48.60] /# Navigating to project_d_ff/D_FF/schematic (I0)
[22:17:48.64] /o true
[22:17:50.90] /# gi::executeAction deSelectActive -in [gi::getWindows 9]
[22:17:50.90] /i de::deselectAll [db::getNext [de::getContexts -window 9]]
[22:17:50.90] /i de::select [de::getActiveFigure [gi::getWindows 9] -point {7.83125 3.9625} -index 0 -intent none]
[22:17:50.90] /o oa:0x20663110
[22:17:51.03] /# gi::executeAction deDescend -in [gi::getWindows 9]
[22:17:51.03] /i ide::descend 9 -inPlace false -promptView false -readOnly auto
[22:17:51.04] /# Navigating to project_d_ff/D_latch/schematic (I5)
[22:17:51.07] /o true
[22:17:55.22] /i gi::setActiveWindow 10
[22:17:55.22] /i gi::setActiveWindow 10 -raise true
[22:17:57.06] /i gi::setCurrentIndex {variablesTable} -index {1,1} -in [gi::getWindows 10]
[22:17:57.06] /i gi::setItemSelection {variablesTable} -index {1,1} -in [gi::getWindows 10]
[22:17:59.71] /i gi::setField {variablesTable} -index {1,1} -value {300p} -in [gi::getWindows 10]
[22:17:59.71] /i gi::setField {variablesTable} -index {1,1} -value {300p} -in [gi::getWindows 10]
[22:18:00.80] /i gi::executeAction menuPreShow -in [gi::getWindows 10]
[22:18:00.80] /r giMenuAccess db::getNext [gi::getMenus saConsoleSimMenu -from [gi::getWindows 10]]
[22:18:01.24] /# gi::executeAction saNetlistAndRun -in [gi::getWindows 10]
[22:18:01.24] /i isa::netlistAndRun -testbench [sa::findActiveTestbench -window 10] -mode overwrite
[22:18:01.25] /r giWindowId 12
[22:18:01.25] /r giWindowGeometry 800x600
[22:18:01.29] /m Information: "Starting incremental netlisting for design "project_d_ff/D_FF_tb/schematic"..." (NETLISTING-010)
[22:18:01.31] /m Information: 
[22:18:01.31] /o Checking "project_d_ff/D_FF_tb/schematic"
[22:18:01.31] /o No rule violations found in "project_d_ff/D_FF_tb/schematic"
[22:18:01.31] /o No Design Integrity rule violations found in "project_d_ff/D_FF_tb/schematic"
[22:18:01.31] /m Information: 
[22:18:01.31] /o Checking "project_d_ff/D_latch/schematic"
[22:18:01.31] /o No rule violations found in "project_d_ff/D_latch/schematic"
[22:18:01.32] /m Information: 
[22:18:01.32] /o Checking "project_d_ff/TG_out/schematic"
[22:18:01.32] /o No rule violations found in "project_d_ff/TG_out/schematic"
[22:18:01.32] /m Information: 
[22:18:01.32] /o Checking "project_d_ff/CLOCK_inv/schematic"
[22:18:01.32] /o No rule violations found in "project_d_ff/CLOCK_inv/schematic"
[22:18:01.32] /m Information: 
[22:18:01.32] /o Checking "project_d_ff/D_latch_slave/schematic"
[22:18:01.32] /o No rule violations found in "project_d_ff/D_latch_slave/schematic"
[22:18:01.33] /m Information: 
[22:18:01.33] /o Checking "project_d_ff/tg_out_ds/schematic"
[22:18:01.33] /o No rule violations found in "project_d_ff/tg_out_ds/schematic"
[22:18:01.33] /m Information: 
[22:18:01.33] /o Checking "project_d_ff/int_out_ds/schematic"
[22:18:01.33] /o No rule violations found in "project_d_ff/int_out_ds/schematic"
[22:18:01.33] /m Information: 
[22:18:01.33] /o Checking "project_d_ff/tg_in_ds/schematic"
[22:18:01.33] /o No rule violations found in "project_d_ff/tg_in_ds/schematic"
[22:18:01.38] /m Information: "Netlisting design "project_d_ff/D_FF_tb/schematic" finished successfully." (NETLISTING-012)
[22:18:01.38] /m Information: "Composing simulator input file for design "project_d_ff/D_FF_tb/schematic"..."
[22:18:01.42] /m Information: "Simulator input file composed successfully for design "project_d_ff/D_FF_tb/schematic""
[22:18:01.58] /m Information: "Starting HSPICE simulation for design: project_d_ff/D_FF_tb/schematic"
[22:18:01.58] /# gi::collapse {jobMonitorTable} -index {0.0.0.0,0} -in [gi::getWindows 12]
[22:18:01.60] /o 1
[22:18:02.10] /m Information: "Simulation completed successfully for design: project_d_ff/D_FF_tb/schematic "
[22:18:02.31] /m Information: "Evaluating and plotting outputs..."
[22:18:02.39] /j ::wf::WaveView::plotSuccess WaveView_1 {} {_6e26ad0_void_pp _6deecb0_void_pp} 
[22:18:02.43] /j ::wf::WaveView::plotSuccess WaveView_1 {} {_6e26ad0_void_pp _6dee990_void_pp} 
[22:18:02.50] /j ::wf::WaveView::plotSuccess WaveView_1 {} {_6e26ad0_void_pp _6deea58_void_pp} 
[22:18:02.53] /j ::wf::WaveView::plotSuccess WaveView_1 {} {_6e26ad0_void_pp _6deeb20_void_pp} 
[22:18:02.71] /m Information: Measurement calculations completed for testbench: HSPICE_d_Fff in 0s
[22:18:26.25] /i gi::setActiveWindow 10
[22:18:26.26] /i gi::setActiveWindow 10 -raise true
[22:18:27.57] /i gi::setActiveWindow 9
[22:18:27.57] /i gi::setActiveWindow 9 -raise true
[22:18:55.67] /i gi::setActiveWindow 10
[22:18:55.67] /i gi::setActiveWindow 10 -raise true
[22:18:57.01] /i gi::setActiveWindow 9
[22:18:57.02] /i gi::setActiveWindow 9 -raise true
[22:18:57.58] /i gi::setActiveWindow 2
[22:18:57.58] /i gi::setActiveWindow 2 -raise true
[22:18:58.80] /i gi::setActiveWindow 9
[22:18:58.80] /i gi::setActiveWindow 9 -raise true
[22:19:10.28] /i gi::setActiveWindow 10
[22:19:10.28] /i gi::setActiveWindow 10 -raise true
[22:19:11.48] /i gi::executeAction giCloseWindow -in [gi::getWindows 9]
[22:19:11.95] /i gi::executeAction giCloseWindow -in [gi::getWindows 10]
[22:19:12.00] /r giDialog gi::setActiveDialog [gi::getDialogs {giPrompt} -parent [gi::getWindows 10]]
[22:19:12.29] /r giDialog db::setAttr geometry -of [gi::getDialogs {giPrompt} -parent [gi::getWindows 10]] -value 292x82+814+573
[22:19:14.32] /r giDialog gi::closeWindows [gi::getDialogs {giPrompt} -parent [gi::getWindows 10]]
[22:19:15.36] /i gi::executeAction giCloseWindow -in [gi::getWindows 12]
[22:19:15.86] /i gi::setActiveWindow 2
[22:19:15.86] /i gi::setActiveWindow 2 -raise true
[22:19:17.36] /i gi::setCurrentIndex {cells} -index {D_FF} -in [gi::getWindows 2]
[22:19:17.36] /i gi::setItemSelection {cells} -index {D_FF} -in [gi::getWindows 2]
[22:19:18.22] /i gi::setCurrentIndex {views} -index {symbol} -in [gi::getWindows 2]
[22:19:18.22] /i gi::setItemSelection {views} -index {symbol} -in [gi::getWindows 2]
[22:19:18.78] /i gi::setCurrentIndex {views} -index {schematic} -in [gi::getWindows 2]
[22:19:18.78] /i gi::setItemSelection {views} -index {schematic} -in [gi::getWindows 2]
[22:19:19.02] /i gi::executeAction dmOpen -in [gi::getWindows 2]
[22:19:19.06] /r giWindowId 13
[22:19:19.07] /r giWindowGeometry 1632x1020
[22:19:19.24] /o "project_d_ff/D_FF/schematic" design does not need checking
[22:19:43.06] /# gi::executeAction deCanvasZoomInAtPoint -in [gi::getWindows 13]
[22:19:43.06] /i de::zoom -window [gi::getWindows 13] -factor 2.0 -center {6.45 3.18125}
[22:19:43.06] /o {4.55625 1.4} {10.3625 4.59375}
[22:19:43.55] /# gi::executeAction deCanvasZoomOutAtPoint -in [gi::getWindows 13]
[22:19:43.55] /i de::zoom -window [gi::getWindows 13] -factor 0.5 -center {6.51875 2.89375}
[22:19:43.56] /o {2.5875 -0.1} {14.20625 6.3}
[22:19:45.30] /# gi::executeAction seSchCreateWire -in [gi::getWindows 13]
[22:19:45.30] /i ise::createWire
[22:19:45.72] /# gi::executeAction deCanvasZoomInAtPoint -in [gi::getWindows 13]
[22:19:45.72] /i de::zoom -window [gi::getWindows 13] -factor 2.0 -center {7.275 1.00625}
[22:19:45.72] /o {4.93125 0.45625} {10.7375 3.65}
[22:19:46.65] /# gi::executeAction deAddPoint -in [gi::getWindows 13]
[22:19:46.65] /i de::addPoint {6.8625 1.25} -context [db::getNext [de::getContexts -window 13]]
[22:19:46.71] /i de::setCursor -point {6.875 1.1875 }
[22:19:47.69] /# gi::executeAction deAddPoint -in [gi::getWindows 13]
[22:19:47.69] /i de::addPoint {6.8625 1.18125} -context [db::getNext [de::getContexts -window 13]]
[22:19:48.22] /# gi::executeAction deCanvasZoomOutAtPoint -in [gi::getWindows 13]
[22:19:48.22] /i de::zoom -window [gi::getWindows 13] -factor 0.5 -center {7.6625 1.70625}
[22:19:48.22] /o {2.2 -0.8} {13.81875 5.6}
[22:19:49.25] /# gi::executeAction deAbortCommand -in [gi::getWindows 13]
[22:19:49.25] /i de::abortCommand -context [db::getNext [de::getContexts -window 13]]
[22:19:50.53] /i gi::executeAction deSaveDesign -in [gi::getWindows 13]
[22:19:50.53] /m Information: Saving design 'project_d_ff D_FF schematic'. (DESIGN_WINDOW-004)
[22:19:51.15] /i gi::setActiveWindow 10
[22:19:51.15] /i gi::setActiveWindow 10 -raise true
[22:19:51.81] /i gi::executeAction menuPreShow -in [gi::getWindows 10]
[22:19:51.81] /r giMenuAccess db::getNext [gi::getMenus saConsoleSimMenu -from [gi::getWindows 10]]
[22:19:52.29] /# gi::executeAction saNetlistAndRun -in [gi::getWindows 10]
[22:19:52.29] /i isa::netlistAndRun -testbench [sa::findActiveTestbench -window 10] -mode overwrite
[22:19:52.30] /r giWindowId 14
[22:19:52.31] /r giWindowGeometry 800x600
[22:19:52.38] /m Information: "Starting incremental netlisting for design "project_d_ff/D_FF_tb/schematic"..." (NETLISTING-010)
[22:19:52.42] /m Information: 
[22:19:52.42] /o Checking "project_d_ff/D_FF_tb/schematic"
[22:19:52.42] /o No rule violations found in "project_d_ff/D_FF_tb/schematic"
[22:19:52.42] /o No Design Integrity rule violations found in "project_d_ff/D_FF_tb/schematic"
[22:19:52.42] /m Information: 
[22:19:52.42] /o Checking "project_d_ff/D_FF/schematic"
[22:19:52.42] /o No rule violations found in "project_d_ff/D_FF/schematic"
[22:19:52.43] /m Information: 
[22:19:52.43] /o Checking "project_d_ff/D_latch/schematic"
[22:19:52.43] /o No rule violations found in "project_d_ff/D_latch/schematic"
[22:19:52.43] /m Information: 
[22:19:52.43] /o Checking "project_d_ff/TG_out/schematic"
[22:19:52.43] /o No rule violations found in "project_d_ff/TG_out/schematic"
[22:19:52.44] /m Information: 
[22:19:52.44] /o Checking "project_d_ff/CLOCK_inv/schematic"
[22:19:52.44] /o No rule violations found in "project_d_ff/CLOCK_inv/schematic"
[22:19:52.44] /m Information: 
[22:19:52.44] /o Checking "project_d_ff/D_latch_slave/schematic"
[22:19:52.44] /o No rule violations found in "project_d_ff/D_latch_slave/schematic"
[22:19:52.44] /m Information: 
[22:19:52.44] /o Checking "project_d_ff/tg_out_ds/schematic"
[22:19:52.44] /o No rule violations found in "project_d_ff/tg_out_ds/schematic"
[22:19:52.44] /m Information: 
[22:19:52.44] /o Checking "project_d_ff/int_out_ds/schematic"
[22:19:52.44] /o No rule violations found in "project_d_ff/int_out_ds/schematic"
[22:19:52.45] /m Information: 
[22:19:52.45] /o Checking "project_d_ff/tg_in_ds/schematic"
[22:19:52.45] /o No rule violations found in "project_d_ff/tg_in_ds/schematic"
[22:19:52.48] /m Information: "project_d_ff D_FF schematic" renetlisted. (NETLISTING-056)
[22:19:52.51] /m Information: "Netlisting design "project_d_ff/D_FF_tb/schematic" finished successfully." (NETLISTING-012)
[22:19:52.52] /m Information: "Composing simulator input file for design "project_d_ff/D_FF_tb/schematic"..."
[22:19:52.55] /m Information: "Simulator input file composed successfully for design "project_d_ff/D_FF_tb/schematic""
[22:19:52.74] /m Information: "Starting HSPICE simulation for design: project_d_ff/D_FF_tb/schematic"
[22:19:52.74] /# gi::collapse {jobMonitorTable} -index {0.0.0.0,0} -in [gi::getWindows 14]
[22:19:52.76] /o 1
[22:19:53.22] /m Information: "Simulation completed successfully for design: project_d_ff/D_FF_tb/schematic "
[22:19:53.41] /m Information: "Evaluating and plotting outputs..."
[22:19:53.49] /j ::wf::WaveView::plotSuccess WaveView_1 {} {_6d9c3e0_void_pp _6deebe8_void_pp} 
[22:19:53.57] /j ::wf::WaveView::plotSuccess WaveView_1 {} {_6d9c3e0_void_pp _6deecb0_void_pp} 
[22:19:53.61] /j ::wf::WaveView::plotSuccess WaveView_1 {} {_6d9c3e0_void_pp _6dee990_void_pp} 
[22:19:53.70] /j ::wf::WaveView::plotSuccess WaveView_1 {} {_6d9c3e0_void_pp _6deea58_void_pp} 
[22:19:53.81] /m Information: Measurement calculations completed for testbench: HSPICE_d_Fff in 0s
[22:19:58.54] /i db::setAttr iconified -of [gi::getFrames 1] -value true
[22:19:59.68] /i db::setAttr maximized -of [gi::getFrames 1] -value true
[22:19:59.68] /i db::setAttr iconified -of [gi::getFrames 1] -value false
[22:20:00.64] /i gi::setActiveWindow 10
[22:20:00.64] /i gi::setActiveWindow 10 -raise true
[22:20:01.07] /i gi::setActiveWindow 13
[22:20:01.07] /i gi::setActiveWindow 13 -raise true
[22:20:04.42] /# gi::executeAction deSelectActive -in [gi::getWindows 13]
[22:20:04.42] /i de::deselectAll [db::getNext [de::getContexts -window 13]]
[22:20:04.42] /i de::select [de::getActiveFigure [gi::getWindows 13] -point {7.8875 3.60625} -index 0 -intent none]
[22:20:04.42] /o oa:0x20145660
[22:20:05.17] /# gi::executeAction deSelectActive -in [gi::getWindows 13]
[22:20:05.17] /i de::deselectAll [db::getNext [de::getContexts -window 13]]
[22:20:05.17] /i de::select [de::getActiveFigure [gi::getWindows 13] -point {11.8125 3.90625} -index 0 -intent none]
[22:20:05.17] /o oa:0x1f1a86b0
[22:20:05.89] /# gi::executeAction seDelete -in [gi::getWindows 13]
[22:20:05.89] /i ise::delete
[22:20:06.46] /i gi::executeAction deCanvasDragCancel -in [gi::getWindows 13]
[22:20:07.01] /# gi::executeAction deSelectActive -in [gi::getWindows 13]
[22:20:07.02] /i de::deselectAll [db::getNext [de::getContexts -window 13]]
[22:20:07.02] /i de::select [de::getActiveFigure [gi::getWindows 13] -point {7.925 3.9} -index 0 -intent none]
[22:20:07.02] /o oa:0x203fe070
[22:20:07.63] /# gi::executeAction seButton1DragStart -in [gi::getWindows 13]
[22:20:07.63] /i ise::stretch -point {7.9375 3.875}
[22:20:08.55] /# gi::executeAction deEndDrag -in [gi::getWindows 13]
[22:20:08.55] /i de::endDrag {8.04375 3.91875} -context [db::getNext [de::getContexts -window 13]]
[22:20:09.87] /# gi::executeAction seCopy -in [gi::getWindows 13]
[22:20:09.87] /i ise::copy
[22:20:10.07] /# gi::executeAction deAddPoint -in [gi::getWindows 13]
[22:20:10.07] /i de::addPoint {8.04375 3.91875} -context [db::getNext [de::getContexts -window 13]]
[22:20:12.77] /# gi::executeAction deAddPoint -in [gi::getWindows 13]
[22:20:12.77] /i de::addPoint {11.96875 3.85625} -context [db::getNext [de::getContexts -window 13]]
[22:20:13.01] /i gi::executeAction deCanvasDragCancel -in [gi::getWindows 13]
[22:20:13.15] /# gi::executeAction deSelectActive -in [gi::getWindows 13]
[22:20:13.15] /i de::deselectAll [db::getNext [de::getContexts -window 13]]
[22:20:13.15] /i de::deselectAllLogic -context [db::getNext [de::getContexts -window 13]]
[22:20:14.80] /i gi::executeAction deSaveDesign -in [gi::getWindows 13]
[22:20:14.80] /m Information: Saving design 'project_d_ff D_FF schematic'. (DESIGN_WINDOW-004)
[22:20:15.49] /i gi::setActiveWindow 10
[22:20:15.49] /i gi::setActiveWindow 10 -raise true
[22:20:16.21] /i gi::executeAction menuPreShow -in [gi::getWindows 10]
[22:20:16.21] /r giMenuAccess db::getNext [gi::getMenus saConsoleSimMenu -from [gi::getWindows 10]]
[22:20:16.67] /# gi::executeAction saNetlistAndRun -in [gi::getWindows 10]
[22:20:16.67] /i isa::netlistAndRun -testbench [sa::findActiveTestbench -window 10] -mode overwrite
[22:20:16.75] /m Information: "Starting incremental netlisting for design "project_d_ff/D_FF_tb/schematic"..." (NETLISTING-010)
[22:20:16.80] /m Information: 
[22:20:16.80] /o Checking "project_d_ff/D_FF_tb/schematic"
[22:20:16.80] /o No rule violations found in "project_d_ff/D_FF_tb/schematic"
[22:20:16.80] /o No Design Integrity rule violations found in "project_d_ff/D_FF_tb/schematic"
[22:20:16.80] /m Information: 
[22:20:16.80] /o Checking "project_d_ff/D_FF/schematic"
[22:20:16.80] /o No rule violations found in "project_d_ff/D_FF/schematic"
[22:20:16.80] /m Information: 
[22:20:16.80] /o Checking "project_d_ff/D_latch/schematic"
[22:20:16.80] /o No rule violations found in "project_d_ff/D_latch/schematic"
[22:20:16.81] /m Information: 
[22:20:16.81] /o Checking "project_d_ff/TG_out/schematic"
[22:20:16.81] /o No rule violations found in "project_d_ff/TG_out/schematic"
[22:20:16.81] /m Information: 
[22:20:16.81] /o Checking "project_d_ff/CLOCK_inv/schematic"
[22:20:16.81] /o No rule violations found in "project_d_ff/CLOCK_inv/schematic"
[22:20:16.83] /m Information: "project_d_ff D_FF schematic" renetlisted. (NETLISTING-056)
[22:20:16.84] /m Information: "Netlisting design "project_d_ff/D_FF_tb/schematic" finished successfully." (NETLISTING-012)
[22:20:16.85] /m Information: "Composing simulator input file for design "project_d_ff/D_FF_tb/schematic"..."
[22:20:16.88] /m Information: "Simulator input file composed successfully for design "project_d_ff/D_FF_tb/schematic""
[22:20:17.06] /m Information: "Starting HSPICE simulation for design: project_d_ff/D_FF_tb/schematic"
[22:20:17.06] /# gi::collapse {jobMonitorTable} -index {0.0.0.0,0} -in [gi::getWindows 14]
[22:20:17.10] /o 1
[22:20:17.62] /m Information: "Simulation completed successfully for design: project_d_ff/D_FF_tb/schematic "
[22:20:17.82] /m Information: "Evaluating and plotting outputs..."
[22:20:17.92] /j ::wf::WaveView::plotSuccess WaveView_1 {} {_6e11610_void_pp _6deeb20_void_pp} 
[22:20:17.94] /j ::wf::WaveView::plotSuccess WaveView_1 {} {_6e11610_void_pp _6deebe8_void_pp} 
[22:20:17.99] /j ::wf::WaveView::plotSuccess WaveView_1 {} {_6e11610_void_pp _6deecb0_void_pp} 
[22:20:18.02] /j ::wf::WaveView::plotSuccess WaveView_1 {} {_6e11610_void_pp _6dee990_void_pp} 
[22:20:18.21] /m Information: Measurement calculations completed for testbench: HSPICE_d_Fff in 1s
[22:20:20.44] /i gi::executeAction giCloseWindow -in [gi::getWindows 14]
[22:20:20.46] /i gi::setActiveWindow 10
[22:20:20.46] /i gi::setActiveWindow 10 -raise true
[22:20:24.02] /i gi::setActiveWindow 13
[22:20:24.02] /i gi::setActiveWindow 13 -raise true
[22:20:25.97] /# gi::executeAction seButton1DragStart -in [gi::getWindows 13]
[22:20:25.97] /i ise::stretch -object [de::getActiveFigure [gi::getWindows 13] -point {8.08125 3.88125} -index 0 -intent none] -point {8.0625 3.875}
[22:20:27.05] /# gi::executeAction deEndDrag -in [gi::getWindows 13]
[22:20:27.05] /i de::endDrag {8.1875 3.80625} -context [db::getNext [de::getContexts -window 13]]
[22:20:28.10] /# gi::executeAction deSelectActive -in [gi::getWindows 13]
[22:20:28.10] /i de::deselectAllLogic -context [db::getNext [de::getContexts -window 13]]
[22:20:28.55] /# gi::executeAction deSelectActive -in [gi::getWindows 13]
[22:20:28.55] /i de::deselectAllLogic -context [db::getNext [de::getContexts -window 13]]
[22:20:29.48] /i gi::executeAction deCanvasDragSelect -in [gi::getWindows 13]
[22:20:29.48] /r deCanvasDragStart 3.51875 4.9875
[22:20:30.17] /# gi::executeAction deCanvasDragEnd -in [gi::getWindows 13]
[22:20:30.17] /i gi::executeAction deCanvasDragEnd -in [gi::getWindows 13]
[22:20:30.17] /r deCanvasDragEnd 14.0312 0.0125
[22:20:31.10] /# gi::executeAction seDelete -in [gi::getWindows 13]
[22:20:31.10] /i ise::delete
[22:20:32.19] /i gi::executeAction deCanvasDragSelect -in [gi::getWindows 13]
[22:20:32.19] /r deCanvasDragStart 3.03125 1.7
[22:20:32.53] /# gi::executeAction deCanvasDragEnd -in [gi::getWindows 13]
[22:20:32.53] /i gi::executeAction deCanvasDragEnd -in [gi::getWindows 13]
[22:20:32.53] /r deCanvasDragEnd 4.98125 0.725
[22:20:33.18] /# gi::executeAction seDelete -in [gi::getWindows 13]
[22:20:33.18] /i ise::delete
[22:20:34.65] /i gi::executeAction deSaveDesign -in [gi::getWindows 13]
[22:20:34.65] /m Information: Saving design 'project_d_ff D_FF schematic'. (DESIGN_WINDOW-004)
[22:20:35.85] /i gi::executeAction giCloseWindow -in [gi::getWindows 13]
[22:20:35.87] /i gi::setActiveWindow 10
[22:20:35.87] /i gi::setActiveWindow 10 -raise true
[22:20:36.74] /i gi::setActiveWindow 2
[22:20:36.74] /i gi::setActiveWindow 2 -raise true
[22:21:12.96] /r giDialog gi::setActiveDialog [gi::getDialogs {giCloseFrame}]
[22:21:13.23] /r giDialog db::setAttr geometry -of [gi::getDialogs {giCloseFrame}] -value 299x108+811+560
[22:21:15.58] /r giDialog gi::pressButton {giCloseTabsButton} -in [gi::getDialogs {giCloseFrame}]
[22:21:15.59] /i exit
[22:21:15.69] /r giDialog gi::setActiveDialog [gi::getDialogs {deExitDialog}]
[22:21:15.91] /r giDialog db::setAttr geometry -of [gi::getDialogs {deExitDialog}] -value 419x181+741+465
[22:21:16.58] /r giDialog gi::pressButton {ok} -in [gi::getDialogs {deExitDialog}]
[22:21:16.60] /i gi::setActiveWindow 10
[22:21:16.60] /i gi::setActiveWindow 10 -raise true
[22:21:16.67] /r giDialog gi::setActiveDialog [gi::getDialogs {giPrompt} -parent [gi::getWindows 10]]
[22:21:16.93] /r giDialog db::setAttr geometry -of [gi::getDialogs {giPrompt} -parent [gi::getWindows 10]] -value 292x82+814+573
[22:21:17.51] /r giDialog gi::pressButton {save} -in [gi::getDialogs {giPrompt} -parent [gi::getWindows 10]]
[22:21:17.70] /r giDialog gi::setActiveDialog [gi::getDialogs {saShowSaveState} -parent [gi::getWindows 10]]
[22:21:17.99] /r giDialog db::setAttr geometry -of [gi::getDialogs {saShowSaveState} -parent [gi::getWindows 10]] -value 501x558+710+335
[22:21:18.49] /r giDialog gi::pressButton {/ok} -in [gi::getDialogs {saShowSaveState} -parent [gi::getWindows 10]]
[22:21:18.52] /i gi::setActiveWindow 1
[22:21:18.52] /i gi::setActiveWindow 1 -raise true
[22:21:18.86] /o Shutdown time: Sat May 23 22:21:18 2026
[22:21:18.86] /o Elapsed session real time: 9.3 minutes
[22:21:18.86] /o Session terminated. Log is at /home/itsupport/Desktop/lab1vlsi/synopsys_custom/logs/ccompiler.itsupport.2026_5_23_221159_24562.log
[22:21:19.15] /m Information: License 'SAE' checked in. (LICENSE-004)
[22:21:19.15] /e Error: "Following error happened during execution of ::layout_editor::_impl::ADV_checked_in procedure during TCL callback invalid command name "::layout_editor::_impl::ADV_checked_in"" (POSTMAN-005)
[22:21:19.15] /e Error: "Following error happened during execution of ::xt::physicalVerification::_private::onPostFeatureReleased procedure during TCL callback invalid command name "::xt::physicalVerification::_private::onPostFeatureReleased"" (POSTMAN-005)
[22:21:19.15] /e Error: "Following error happened during execution of ::vdrc::voltage_annotation::_private::_onPostFeatureReleasedProc procedure during TCL callback invalid command name "::vdrc::voltage_annotation::_private::_onPostFeatureReleasedProc"" (POSTMAN-005)
[22:21:19.15] /e Error: "Following error happened during execution of ::lx::_impl::onPostFeatureReleased procedure during TCL callback invalid command name "::lx::_impl::onPostFeatureReleased"" (POSTMAN-005)
