[14:22:47.32] /r giWindowId 0
[14:22:47.32] /r giWindowGeometry 600x300
[14:22:47.32] /o 
              /c                                 Custom Compiler 
              /c 
              /c               Version N-2017.12-SP1-2 for linux64 - May 16, 2018 
              /c 
              /c                     Copyright (c) 2004 - 2018 Synopsys, Inc.
              /c    This software and the associated documentation are proprietary to Synopsys,
              /c  Inc. This software may only be used in accordance with the terms and conditions
              /c  of a written license agreement with Synopsys, Inc. All other use, reproduction,
              /c             or distribution of this software is strictly prohibited.
              /c 
              /c Build  (OPT) Config 4182185 compiled on Wed May 16 15:20:56 2018 for RHEL64 6.6
              /c Invocation: /usr/synopsys/customcompiler/N-2017.12-SP1-2/linux64/platform/bin/cdesigner
              /c Execution time: Sun May 24 14:22:46 2026
              /c Host: localhost.localdomain
              /c Working directory: /home/itsupport/Desktop/lab1vlsi
              /c 
[14:22:48.49] /r giShowFrameTabs true
[14:22:48.50] /r giWindowId 1
[14:22:48.50] /r giWindowGeometry 1040x800
[14:22:54.40] /# gi::pressButton {/scroll/scrollArea/scrollAreaInnerWidget/applications/dmLibraryManager} -in [gi::getWindows 1]
[14:22:54.40] /# 
[14:22:54.40] /i dm::openLibraryManager
[14:22:54.40] /r giWindowId 2
[14:22:54.41] /r giWindowGeometry 660x600+50+78
[14:22:54.43] /o oa:0x1d618900
[14:22:56.04] /i db::setAttr maximized -of [gi::getFrames 1] -value true
[14:22:56.33] /i db::setAttr dockSize -of [gi::getAssistants giConsole -from [gi::getWindows 2]] -value 1910x207
[14:22:56.34] /i db::setAttr geometry -of [gi::getFrames 1] -value 1910x1101+5+56
[14:22:56.95] /i gi::setCurrentIndex {libs} -index {new_dff} -in [gi::getWindows 2]
[14:22:56.96] /i gi::setItemSelection {libs} -index {new_dff} -in [gi::getWindows 2]
[14:22:58.31] /i gi::setCurrentIndex {cells} -index {d_ff} -in [gi::getWindows 2]
[14:22:58.31] /i gi::setItemSelection {cells} -index {d_ff} -in [gi::getWindows 2]
[14:22:59.01] /i gi::setCurrentIndex {views} -index {schematic} -in [gi::getWindows 2]
[14:22:59.01] /i gi::setItemSelection {views} -index {schematic} -in [gi::getWindows 2]
[14:22:59.23] /i gi::executeAction dmOpen -in [gi::getWindows 2]
[14:22:59.24] /m Information: License 'Schematic' checked out. (LICENSE-003)
[14:22:59.25] /m Information: License 'Schematic' checked in. (LICENSE-004)
[14:22:59.29] /r giDialog gi::setActiveDialog [gi::getDialogs {deOpenFailed} -parent [gi::getWindows 2]]
[14:22:59.58] /r giDialog db::setAttr geometry -of [gi::getDialogs {deOpenFailed} -parent [gi::getWindows 2]] -value 399x82+761+573
[14:23:02.51] /r giDialog gi::closeWindows [gi::getDialogs {deOpenFailed} -parent [gi::getWindows 2]]
[14:23:03.25] /i gi::setCurrentIndex {cells} -index {d_ff_tb} -in [gi::getWindows 2]
[14:23:03.26] /i gi::setItemSelection {cells} -index {d_ff_tb} -in [gi::getWindows 2]
[14:23:04.00] /i gi::setCurrentIndex {cells} -index {d_ff} -in [gi::getWindows 2]
[14:23:04.00] /i gi::setItemSelection {cells} -index {d_ff} -in [gi::getWindows 2]
[14:23:05.79] /i exit
[14:23:05.84] /r giDialog gi::setActiveDialog [gi::getDialogs {deExitDialog}]
[14:23:06.11] /r giDialog db::setAttr geometry -of [gi::getDialogs {deExitDialog}] -value 419x155+741+478
[14:23:06.54] /r giDialog gi::pressButton {ok} -in [gi::getDialogs {deExitDialog}]
[14:23:06.55] /i gi::setActiveWindow 1
[14:23:06.55] /i gi::setActiveWindow 1 -raise true
[14:23:06.62] /o Shutdown time: Sun May 24 14:23:06 2026
[14:23:06.62] /o Elapsed session real time: 0.31 minutes
[14:23:06.62] /o Session terminated. Log is at /home/itsupport/Desktop/lab1vlsi/synopsys_custom/logs/ccompiler.itsupport.2026_5_24_142246_11827.log
