[22:05:44.75] /r giWindowId 0
[22:05:44.75] /r giWindowGeometry 600x300
[22:05:44.76] /o 
              /c                                 Custom Compiler 
              /c 
              /c               Version N-2017.12-SP1-2 for linux64 - May 16, 2018 
              /c 
              /c                     Copyright (c) 2004 - 2018 Synopsys, Inc.
              /c    This software and the associated documentation are proprietary to Synopsys,
              /c  Inc. This software may only be used in accordance with the terms and conditions
              /c  of a written license agreement with Synopsys, Inc. All other use, reproduction,
              /c             or distribution of this software is strictly prohibited.
              /c 
              /c Build  (OPT) Config 4182185 compiled on Wed May 16 15:20:56 2018 for RHEL64 6.6
              /c Invocation: /usr/synopsys/customcompiler/N-2017.12-SP1-2/linux64/platform/bin/cdesigner
              /c Execution time: Sat May 23 22:05:43 2026
              /c Host: localhost.localdomain
              /c Working directory: /home/itsupport/Desktop/lab1vlsi
              /c 
[22:05:45.81] /r giShowFrameTabs true
[22:05:45.81] /r giWindowId 1
[22:05:45.81] /r giWindowGeometry 1040x800
[22:05:52.63] /# gi::pressButton {/scroll/scrollArea/scrollAreaInnerWidget/applications/dmLibraryManager} -in [gi::getWindows 1]
[22:05:52.63] /# 
[22:05:52.63] /i dm::openLibraryManager
[22:05:52.63] /r giWindowId 2
[22:05:52.63] /r giWindowGeometry 660x600+50+78
[22:05:52.66] /o oa:0x19d77890
[22:05:52.76] /i gi::setSectionSizes {libs} -values {249} -in [gi::getWindows 2]
[22:05:54.31] /i gi::setCurrentIndex {libs} -index {reference90RF} -in [gi::getWindows 2]
[22:05:54.33] /i gi::setItemSelection {libs} -index {reference90RF} -in [gi::getWindows 2]
[22:05:54.65] /i gi::setCurrentIndex {libs} -index {project_d_ff} -in [gi::getWindows 2]
[22:05:54.65] /i gi::setItemSelection {libs} -index {project_d_ff} -in [gi::getWindows 2]
[22:05:54.98] /i gi::setCurrentIndex {libs} -index {sample} -in [gi::getWindows 2]
[22:05:55.00] /i gi::setItemSelection {libs} -index {sample} -in [gi::getWindows 2]
[22:05:55.33] /i gi::setCurrentIndex {libs} -index {sheets} -in [gi::getWindows 2]
[22:05:55.34] /i gi::setItemSelection {libs} -index {sheets} -in [gi::getWindows 2]
[22:05:55.76] /i gi::setCurrentIndex {libs} -index {reference90RF} -in [gi::getWindows 2]
[22:05:55.76] /i gi::setItemSelection {libs} -index {reference90RF} -in [gi::getWindows 2]
[22:05:57.14] /i db::setAttr maximized -of [gi::getFrames 1] -value true
[22:05:57.48] /i db::setAttr geometry -of [gi::getFrames 1] -value 1910x1101+5+56
[22:05:58.53] /i gi::setCurrentIndex {libs} -index {parasitics} -in [gi::getWindows 2]
[22:05:58.53] /i gi::setItemSelection {libs} -index {parasitics} -in [gi::getWindows 2]
[22:05:58.97] /i gi::setCurrentIndex {libs} -index {project_d_ff} -in [gi::getWindows 2]
[22:05:58.97] /i gi::setItemSelection {libs} -index {project_d_ff} -in [gi::getWindows 2]
[22:06:00.26] /i gi::setCurrentIndex {cellCategories} -index {D_LATCH_SLAVE} -in [gi::getWindows 2]
[22:06:00.26] /i gi::setItemSelection {cellCategories} -index {D_LATCH_SLAVE} -in [gi::getWindows 2]
[22:06:00.98] /i gi::setCurrentIndex {cellCategories} -index {D_FF} -in [gi::getWindows 2]
[22:06:00.99] /i gi::setItemSelection {cellCategories} -index {D_FF} -in [gi::getWindows 2]
[22:06:01.40] /i gi::setCurrentIndex {cellCategories} -index {D_LATCH_SLAVE} -in [gi::getWindows 2]
[22:06:01.40] /i gi::setItemSelection {cellCategories} -index {D_LATCH_SLAVE} -in [gi::getWindows 2]
[22:06:03.12] /i gi::setCurrentIndex {cellCategories} -index {D_FF} -in [gi::getWindows 2]
[22:06:03.12] /i gi::setItemSelection {cellCategories} -index {D_FF} -in [gi::getWindows 2]
[22:06:03.90] /i gi::setCurrentIndex {cells} -index {D_FF} -in [gi::getWindows 2]
[22:06:03.91] /i gi::setItemSelection {cells} -index {D_FF} -in [gi::getWindows 2]
[22:06:04.98] /i gi::setCurrentIndex {cells} -index {D_latch} -in [gi::getWindows 2]
[22:06:04.98] /i gi::setItemSelection {cells} -index {D_latch} -in [gi::getWindows 2]
[22:06:05.85] /i gi::setCurrentIndex {views} -index {schematic} -in [gi::getWindows 2]
[22:06:05.85] /i gi::setItemSelection {views} -index {schematic} -in [gi::getWindows 2]
[22:06:06.22] /i gi::setCurrentIndex {views} -index {layout} -in [gi::getWindows 2]
[22:06:06.22] /i gi::setItemSelection {views} -index {layout} -in [gi::getWindows 2]
[22:06:06.36] /i gi::executeAction dmOpen -in [gi::getWindows 2]
[22:06:06.36] /m Information: License 'Basic' checked out. (LICENSE-003)
[22:06:06.36] /w Warning: Preference 'leActiveLPP' is deprecated and scheduled for removal in a future release with no replacement. For migration assistance, see the Custom Compiler Tcl Reference Manual. (PREFERENCE-058)
[22:06:06.37] /o 	#######################################
[22:06:06.37] /o 	PDK Library Name	: reference90RF
[22:06:06.37] /o 	PDK Version		: 2.0
[22:06:06.37] /o 	PDK Release Date	: 25-March-2010 
[22:06:06.37] /o 	#######################################
[22:06:06.37] /o 
[22:06:06.40] /r giWindowId 3
[22:06:06.40] /r giWindowGeometry 1632x1020
[22:06:06.45] /# de::setActiveLPP [de::getLPPs "exclude blockage" -from [db::getAttr editDesign -of [de::getContexts -window 3]]]
[22:06:09.71] /i gi::setField {stopLevel} -value {1} -in [gi::getToolbars {leHierarchy} -from [gi::getWindows 3]]
[22:06:10.43] /# gi::executeAction deSelectActive -in [gi::getWindows 3]
[22:06:10.43] /i de::deselectAllLogic -context [db::getNext [de::getContexts -window 3]]
[22:06:11.03] /# gi::executeAction deSelectByWindow -in [gi::getWindows 3]
[22:06:11.03] /i db::setPrefValue deSelectMode -value Replace -scope [db::getScopes [db::getNext [de::getContexts -window 3]]]; ide::selectByRegion -region rectangle -point {-2.52 2.285} 
[22:06:11.28] /# gi::executeAction deEndDrag -in [gi::getWindows 3]
[22:06:11.28] /i de::endDrag {3.707 -3.448} -context [db::getNext [de::getContexts -window 3]]
[22:06:12.28] /# gi::executeAction leStartStretchDrag -in [gi::getWindows 3]
[22:06:12.28] /i layout_editor::directStretch [de::getActiveFigure [gi::getWindows 3] -point {0.735 -0.051} -index 0 -intent none] 3
[22:06:12.28] /# ile::stretch -point {0.735 -0.05}
[22:06:12.98] /# gi::executeAction deEndDrag -in [gi::getWindows 3]
[22:06:12.98] /i de::endDrag {10.696 5.204} -context [db::getNext [de::getContexts -window 3]]
[22:06:14.05] /# gi::executeAction leStartStretchDrag -in [gi::getWindows 3]
[22:06:14.05] /i layout_editor::directStretch [de::getActiveFigure [gi::getWindows 3] -point {11.085 0.427} -index 0 -intent none] 3
[22:06:14.05] /# ile::stretch -point {11.085 0.425}
[22:06:14.59] /# gi::executeAction deEndDrag -in [gi::getWindows 3]
[22:06:14.59] /i de::endDrag {11.191 10.087} -context [db::getNext [de::getContexts -window 3]]
[22:06:14.94] /# gi::executeAction deCanvasZoomInAtPoint -in [gi::getWindows 3]
[22:06:14.94] /i de::zoom -window [gi::getWindows 3] -factor 2.0 -center {12.73 10.618}
[22:06:14.94] /o {3.645 3.762} {17.543 11.954}
[22:06:15.01] /# gi::executeAction deCanvasZoomInAtPoint -in [gi::getWindows 3]
[22:06:15.01] /i de::zoom -window [gi::getWindows 3] -factor 2.0 -center {12.73 10.618}
[22:06:15.02] /o {8.187 7.19} {15.136 11.286}
[22:06:17.25] /# gi::executeAction leStartStretchDrag -in [gi::getWindows 3]
[22:06:17.25] /i layout_editor::directStretch [de::getActiveFigure [gi::getWindows 3] -point {10.978 10.038} -index 0 -intent none] 3
[22:06:17.25] /# ile::stretch -point {10.98 10.04}
[22:06:17.53] /# gi::executeAction deEndDrag -in [gi::getWindows 3]
[22:06:17.53] /i de::endDrag {11.045 10.817} -context [db::getNext [de::getContexts -window 3]]
[22:06:20.87] /i gi::setField {stopLevel} -value {4} -in [gi::getToolbars {leHierarchy} -from [gi::getWindows 3]]
[22:06:21.35] /# gi::executeAction deSelectActive -in [gi::getWindows 3]
[22:06:21.35] /i de::deselectAll [db::getNext [de::getContexts -window 3]]
[22:06:21.35] /i de::deselectAllLogic -context [db::getNext [de::getContexts -window 3]]
[22:06:21.66] /# gi::executeAction deCanvasZoomOutAtPoint -in [gi::getWindows 3]
[22:06:21.66] /i de::zoom -window [gi::getWindows 3] -factor 0.5 -center {11.425 9.879}
[22:06:21.66] /o {4.95 4.501} {18.848 12.693}
[22:06:21.73] /# gi::executeAction deCanvasZoomOutAtPoint -in [gi::getWindows 3]
[22:06:21.73] /i de::zoom -window [gi::getWindows 3] -factor 0.5 -center {11.425 9.879}
[22:06:21.73] /o {-1.525 -0.877} {26.27 15.506}
[22:06:22.05] /# gi::executeAction deCanvasZoomInAtPoint -in [gi::getWindows 3]
[22:06:22.05] /i de::zoom -window [gi::getWindows 3] -factor 2.0 -center {11.284 10.145}
[22:06:22.06] /o {4.879 4.634} {18.777 12.826}
[22:06:22.10] /# gi::executeAction deCanvasZoomInAtPoint -in [gi::getWindows 3]
[22:06:22.10] /i de::zoom -window [gi::getWindows 3] -factor 2.0 -center {11.284 10.145}
[22:06:22.10] /o {8.082 7.389} {15.031 11.485}
[22:06:22.39] /# gi::executeAction deCanvasZoomOutAtPoint -in [gi::getWindows 3]
[22:06:22.39] /i de::zoom -window [gi::getWindows 3] -factor 0.5 -center {11.28 10.101}
[22:06:22.39] /o {4.883 4.678} {18.781 12.87}
[22:06:23.19] /# gi::executeAction deSelectByWindow -in [gi::getWindows 3]
[22:06:23.19] /i db::setPrefValue deSelectMode -value Replace -scope [db::getScopes [db::getNext [de::getContexts -window 3]]]; ide::selectByRegion -region rectangle -point {9.315 11.78} 
[22:06:23.65] /# gi::executeAction deEndDrag -in [gi::getWindows 3]
[22:06:23.65] /i de::endDrag {11.925 7.447} -context [db::getNext [de::getContexts -window 3]]
[22:06:24.45] /# gi::executeAction leStartStretchDrag -in [gi::getWindows 3]
[22:06:24.45] /i layout_editor::directStretch [de::getActiveFigure [gi::getWindows 3] -point {10.917 10.773} -index 0 -intent none] 3
[22:06:24.45] /# ile::stretch -point {10.915 10.775}
[22:06:24.76] /# gi::executeAction deEndDrag -in [gi::getWindows 3]
[22:06:24.76] /i de::endDrag {10.987 11.428} -context [db::getNext [de::getContexts -window 3]]
[22:06:25.50] /# gi::executeAction leStartStretchDrag -in [gi::getWindows 3]
[22:06:25.50] /i layout_editor::directStretch [de::getActiveFigure [gi::getWindows 3] -point {10.784 11.56} -index 0 -intent none] 3
[22:06:25.50] /# ile::stretch -point {10.785 11.56}
[22:06:31.94] /# gi::executeAction deEndDrag -in [gi::getWindows 3]
[22:06:31.94] /i de::endDrag {14.499 11.038} -context [db::getNext [de::getContexts -window 3]]
[22:06:32.22] /# gi::executeAction deCanvasZoomInAtPoint -in [gi::getWindows 3]
[22:06:32.22] /i de::zoom -window [gi::getWindows 3] -factor 2.0 -center {14.499 11.03}
[22:06:32.22] /o {9.691 7.854} {16.64 11.95}
[22:06:32.45] /# gi::executeAction deCanvasZoomInAtPoint -in [gi::getWindows 3]
[22:06:32.45] /i de::zoom -window [gi::getWindows 3] -factor 2.0 -center {14.499 11.03}
[22:06:32.45] /o {12.095 9.442} {15.57 11.49}
[22:06:32.92] /# gi::executeAction deCanvasZoomOutAtPoint -in [gi::getWindows 3]
[22:06:32.92] /i de::zoom -window [gi::getWindows 3] -factor 0.5 -center {14.497 11.01}
[22:06:32.92] /o {9.693 7.874} {16.642 11.97}
[22:06:33.22] /# gi::executeAction deCanvasZoomOutAtPoint -in [gi::getWindows 3]
[22:06:33.22] /i de::zoom -window [gi::getWindows 3] -factor 0.5 -center {14.484 10.983}
[22:06:33.22] /o {4.902 4.765} {18.8 12.957}
[22:06:34.63] /# gi::executeAction deSelectActive -in [gi::getWindows 3]
[22:06:34.63] /i de::deselectAll [db::getNext [de::getContexts -window 3]]
[22:06:34.63] /i de::select [de::getActiveFigure [gi::getWindows 3] -point {14.456 11.382} -index 0 -intent none]
[22:06:34.63] /o oa:0x1fe33730
[22:06:35.28] /# gi::executeAction leStartStretchDrag -in [gi::getWindows 3]
[22:06:35.28] /i layout_editor::directStretch [de::getActiveFigure [gi::getWindows 3] -point {14.456 11.382} -index 0 -intent none] 3
[22:06:35.28] /# ile::stretch -point {14.455 11.38}
[22:06:36.04] /# gi::executeAction deEndDrag -in [gi::getWindows 3]
[22:06:36.04] /i de::endDrag {14.439 11.594} -context [db::getNext [de::getContexts -window 3]]
[22:06:40.84] /i de::undoTransaction -design [db::getAttr editDesign -of [de::getContexts -window 3]] -steps 1
[22:06:41.39] /# gi::executeAction deSelectActive -in [gi::getWindows 3]
[22:06:41.39] /i de::deselectAll [db::getNext [de::getContexts -window 3]]
[22:06:41.39] /i de::deselectAllLogic -context [db::getNext [de::getContexts -window 3]]
[22:06:43.40] /i de::undoTransaction -design [db::getAttr editDesign -of [de::getContexts -window 3]] -steps 1
[22:07:28.75] /# gi::executeAction deCanvasZoomInAtPoint -in [gi::getWindows 3]
[22:07:28.75] /i de::zoom -window [gi::getWindows 3] -factor 2.0 -center {11.166 11.523}
[22:07:28.75] /o {8.034 8.144} {14.983 12.24}
[22:07:29.50] /# gi::executeAction leStartStretchDrag -in [gi::getWindows 3]
[22:07:29.50] /i layout_editor::directStretch [de::getActiveFigure [gi::getWindows 3] -point {11.051 11.497} -index 0 -intent none] 3
[22:07:29.50] /# ile::stretch -point {11.05 11.495}
[22:07:30.35] /# gi::executeAction deEndDrag -in [gi::getWindows 3]
[22:07:30.35] /i de::endDrag {11.498 11.466} -context [db::getNext [de::getContexts -window 3]]
[22:07:30.66] /# gi::executeAction deCanvasZoomOutAtPoint -in [gi::getWindows 3]
[22:07:30.66] /i de::zoom -window [gi::getWindows 3] -factor 0.5 -center {11.498 11.466}
[22:07:30.66] /o {4.57 4.822} {18.468 13.014}
[22:07:31.56] /# gi::executeAction deSelectActive -in [gi::getWindows 3]
[22:07:31.56] /i de::cycleActiveFigure [gi::getWindows 3] -direction next
[22:07:31.56] /o oa:0x204f2e90
[22:07:32.03] /# gi::executeAction deSelectActive -in [gi::getWindows 3]
[22:07:32.03] /i de::deselectAll [db::getNext [de::getContexts -window 3]]
[22:07:32.03] /i de::deselectAllLogic -context [db::getNext [de::getContexts -window 3]]
[22:07:32.77] /# gi::executeAction deSelectActive -in [gi::getWindows 3]
[22:07:32.77] /i de::deselectAll [db::getNext [de::getContexts -window 3]]
[22:07:32.77] /i de::select [de::getActiveFigure [gi::getWindows 3] -point {11.418 11.465} -index 0 -intent none]
[22:07:32.77] /o oa:0x210533b0
[22:07:33.55] /# gi::executeAction leStartStretchDrag -in [gi::getWindows 3]
[22:07:33.55] /i layout_editor::directStretch [de::getActiveFigure [gi::getWindows 3] -point {11.418 11.465} -index 0 -intent none] 3
[22:07:33.55] /# ile::stretch -point {11.42 11.465}
[22:07:35.83] /# gi::executeAction deEndDrag -in [gi::getWindows 3]
[22:07:35.83] /i de::endDrag {11.002 11.094} -context [db::getNext [de::getContexts -window 3]]
[22:07:36.27] /# gi::executeAction deSelectActive -in [gi::getWindows 3]
[22:07:36.27] /i de::cycleActiveFigure [gi::getWindows 3] -direction next
[22:07:36.27] /o oa:0x1fe21130
[22:07:36.42] /# gi::executeAction deDescend -in [gi::getWindows 3]
[22:07:36.42] /i ide::descend 3 -inPlace false -promptView false -readOnly auto
[22:07:36.43] /# Navigating to project_d_ff/inv_store/layout (I3)
[22:07:36.47] /# de::setActiveLPP [de::getLPPs "exclude blockage" -from [db::getAttr editDesign -of [de::getContexts -window 3]]]
[22:07:38.20] /# gi::executeAction deSelectByWindow -in [gi::getWindows 3]
[22:07:38.20] /i db::setPrefValue deSelectMode -value Replace -scope [db::getScopes [db::getNext [de::getContexts -window 3]]]; ide::selectByRegion -region rectangle -point {-8.8 -3.93} 
[22:07:38.88] /# gi::executeAction deEndDrag -in [gi::getWindows 3]
[22:07:38.88] /i de::endDrag {-6.082 -5.029} -context [db::getNext [de::getContexts -window 3]]
[22:07:40.36] /# gi::executeAction leStartStretchDrag -in [gi::getWindows 3]
[22:07:40.36] /i layout_editor::directStretch [de::getActiveFigure [gi::getWindows 3] -point {-7.134 -4.694} -index 0 -intent none] 3
[22:07:40.36] /# ile::stretch -point {-7.135 -4.695}
[22:07:41.29] /# gi::executeAction deEndDrag -in [gi::getWindows 3]
[22:07:41.29] /i de::endDrag {-7.157 -4.413} -context [db::getNext [de::getContexts -window 3]]
[22:07:42.94] /i gi::executeAction giCloseWindow -in [gi::getWindows 3]
[22:07:42.98] /r giDialog gi::setActiveDialog [gi::getDialogs {deCloseDesigns} -parent [gi::getWindows 3]]
[22:07:42.98] /r giDialog gi::setCurrentIndex {target} -index {0,1} -in [gi::getDialogs {deCloseDesigns} -parent [gi::getWindows 3]]
[22:07:43.27] /r giDialog db::setAttr geometry -of [gi::getDialogs {deCloseDesigns} -parent [gi::getWindows 3]] -value 347x280+787+474
[22:07:44.02] /r giDialog gi::pressButton {ok} -in [gi::getDialogs {deCloseDesigns} -parent [gi::getWindows 3]]
[22:07:44.02] /m Information: Saving design 'project_d_ff D_latch layout'. (DESIGN_WINDOW-004)
[22:07:44.04] /m Information: Saving design 'project_d_ff inv_store layout'. (DESIGN_WINDOW-004)
[22:07:44.08] /i gi::setActiveWindow 2
[22:07:44.08] /i gi::setActiveWindow 2 -raise true
[22:07:45.64] /i exit
[22:07:45.68] /r giDialog gi::setActiveDialog [gi::getDialogs {deExitDialog}]
[22:07:45.93] /r giDialog db::setAttr geometry -of [gi::getDialogs {deExitDialog}] -value 419x181+741+465
[22:07:49.91] /r giDialog gi::pressButton {ok} -in [gi::getDialogs {deExitDialog}]
[22:07:49.92] /i gi::setActiveWindow 1
[22:07:49.92] /i gi::setActiveWindow 1 -raise true
[22:07:50.01] /o Shutdown time: Sat May 23 22:07:50 2026
[22:07:50.01] /o Elapsed session real time: 2.08 minutes
[22:07:50.01] /o Session terminated. Log is at /home/itsupport/Desktop/lab1vlsi/synopsys_custom/logs/ccompiler.itsupport.2026_5_23_220543_23963.log
