[16:35:46.96] /r giWindowId 0
[16:35:46.96] /r giWindowGeometry 600x300
[16:35:46.96] /o 
              /c                                 Custom Compiler 
              /c 
              /c               Version N-2017.12-SP1-2 for linux64 - May 16, 2018 
              /c 
              /c                     Copyright (c) 2004 - 2018 Synopsys, Inc.
              /c    This software and the associated documentation are proprietary to Synopsys,
              /c  Inc. This software may only be used in accordance with the terms and conditions
              /c  of a written license agreement with Synopsys, Inc. All other use, reproduction,
              /c             or distribution of this software is strictly prohibited.
              /c 
              /c Build  (OPT) Config 4182185 compiled on Wed May 16 15:20:56 2018 for RHEL64 6.6
              /c Invocation: /usr/synopsys/customcompiler/N-2017.12-SP1-2/linux64/platform/bin/cdesigner
              /c Execution time: Sat May 23 16:35:45 2026
              /c Host: localhost.localdomain
              /c Working directory: /home/itsupport/Desktop/lab1vlsi
              /c 
[16:35:48.14] /r giShowFrameTabs true
[16:35:48.15] /r giWindowId 1
[16:35:48.15] /r giWindowGeometry 1040x800
[16:35:50.31] /# gi::pressButton {/scroll/scrollArea/scrollAreaInnerWidget/applications/dmLibraryManager} -in [gi::getWindows 1]
[16:35:50.31] /# 
[16:35:50.31] /i dm::openLibraryManager
[16:35:50.31] /r giWindowId 2
[16:35:50.31] /r giWindowGeometry 660x600+50+78
[16:35:50.34] /o oa:0x18962ad0
[16:35:51.39] /i gi::setCurrentIndex {libs} -index {project_d_ff_2} -in [gi::getWindows 2]
[16:35:51.39] /i gi::setItemSelection {libs} -index {project_d_ff_2} -in [gi::getWindows 2]
[16:35:52.95] /i gi::setCurrentIndex {libs} -index {project_d_ff} -in [gi::getWindows 2]
[16:35:52.95] /i gi::setItemSelection {libs} -index {project_d_ff} -in [gi::getWindows 2]
[16:35:53.31] /i gi::setCurrentIndex {libs} -index {project_d_ff_2} -in [gi::getWindows 2]
[16:35:53.32] /i gi::setItemSelection {libs} -index {project_d_ff_2} -in [gi::getWindows 2]
[16:35:53.63] /i gi::setCurrentIndex {libs} -index {project_d_ff} -in [gi::getWindows 2]
[16:35:53.63] /i gi::setItemSelection {libs} -index {project_d_ff} -in [gi::getWindows 2]
[16:35:54.23] /i gi::setCurrentIndex {libs} -index {project_d_ff_2} -in [gi::getWindows 2]
[16:35:54.23] /i gi::setItemSelection {libs} -index {project_d_ff_2} -in [gi::getWindows 2]
[16:35:55.32] /i gi::setCurrentIndex {libs} -index {project_d_ff} -in [gi::getWindows 2]
[16:35:55.32] /i gi::setItemSelection {libs} -index {project_d_ff} -in [gi::getWindows 2]
[16:35:56.07] /i gi::setCurrentIndex {cells} -index {CLOCK_INV_TB} -in [gi::getWindows 2]
[16:35:56.07] /i gi::setItemSelection {cells} -index {CLOCK_INV_TB} -in [gi::getWindows 2]
[16:35:56.79] /i gi::setCurrentIndex {views} -index {schematic} -in [gi::getWindows 2]
[16:35:56.79] /i gi::setItemSelection {views} -index {schematic} -in [gi::getWindows 2]
[16:35:56.96] /i gi::executeAction dmOpen -in [gi::getWindows 2]
[16:35:56.96] /w Warning: Preference 'leActiveLPP' is deprecated and scheduled for removal in a future release with no replacement. For migration assistance, see the Custom Compiler Tcl Reference Manual. (PREFERENCE-058)
[16:35:56.97] /o 	#######################################
[16:35:56.97] /o 	PDK Library Name	: reference90RF
[16:35:56.97] /o 	PDK Version		: 2.0
[16:35:56.97] /o 	PDK Release Date	: 25-March-2010 
[16:35:56.97] /o 	#######################################
[16:35:56.97] /o 
[16:35:56.97] /m Information: License 'Schematic' checked out. (LICENSE-003)
[16:35:57.01] /r giWindowId 3
[16:35:57.01] /r giWindowGeometry 1632x1020
[16:35:57.17] /m Information: 
[16:35:57.17] /o Checking "project_d_ff/CLOCK_INV_TB/schematic"
[16:35:57.17] /o No rule violations found in "project_d_ff/CLOCK_INV_TB/schematic"
[16:35:57.17] /m Information: Checking process is completed: marking the design violations
[16:35:57.17] /m Information: Marking of designs is completed
[16:35:58.41] /i gi::executeAction giCloseWindow -in [gi::getWindows 3]
[16:35:58.42] /i gi::setActiveWindow 2
[16:35:58.42] /i gi::setActiveWindow 2 -raise true
[16:35:59.33] /i gi::setCurrentIndex {views} -index {config} -in [gi::getWindows 2]
[16:35:59.34] /i gi::setItemSelection {views} -index {config} -in [gi::getWindows 2]
[16:35:59.72] /i gi::setCurrentIndex {cells} -index {CLOCK_inv} -in [gi::getWindows 2]
[16:35:59.72] /i gi::setItemSelection {cells} -index {CLOCK_inv} -in [gi::getWindows 2]
[16:36:00.59] /i gi::setCurrentIndex {views} -index {layout} -in [gi::getWindows 2]
[16:36:00.59] /i gi::setItemSelection {views} -index {layout} -in [gi::getWindows 2]
[16:36:00.75] /i gi::executeAction dmOpen -in [gi::getWindows 2]
[16:36:00.75] /m Information: License 'Basic' checked out. (LICENSE-003)
[16:36:00.75] /m Information: License 'Schematic' checked in. (LICENSE-004)
[16:36:01.10] /r giWindowId 4
[16:36:01.10] /r giWindowGeometry 1632x1020
[16:36:01.14] /# de::setActiveLPP [de::getLPPs "exclude blockage" -from [db::getAttr editDesign -of [de::getContexts -window 4]]]
[16:36:02.91] /i gi::executeAction giCloseWindow -in [gi::getWindows 4]
[16:36:02.92] /i gi::setActiveWindow 2
[16:36:02.92] /i gi::setActiveWindow 2 -raise true
[16:36:04.23] /i gi::setCurrentIndex {libs} -index {project_d_ff_2} -in [gi::getWindows 2]
[16:36:04.23] /i gi::setItemSelection {cells} -index {CLOCK_inv} -in [gi::getWindows 2]
[16:36:04.23] /i gi::setItemSelection {views} -index {layout} -in [gi::getWindows 2]
[16:36:04.23] /i gi::setItemSelection {libs} -index {project_d_ff_2} -in [gi::getWindows 2]
[16:36:05.34] /i gi::setCurrentIndex {libs} -index {project_d_ff} -in [gi::getWindows 2]
[16:36:05.34] /i gi::setItemSelection {cells} -index {CLOCK_inv} -in [gi::getWindows 2]
[16:36:05.35] /i gi::setItemSelection {views} -index {layout} -in [gi::getWindows 2]
[16:36:05.35] /i gi::setItemSelection {libs} -index {project_d_ff} -in [gi::getWindows 2]
[16:36:06.94] /i gi::setCurrentIndex {libs} -index {project_d_ff_2} -in [gi::getWindows 2]
[16:36:06.95] /i gi::setItemSelection {cells} -index {CLOCK_inv} -in [gi::getWindows 2]
[16:36:06.95] /i gi::setItemSelection {views} -index {layout} -in [gi::getWindows 2]
[16:36:06.95] /i gi::setItemSelection {libs} -index {project_d_ff_2} -in [gi::getWindows 2]
[16:36:07.89] /i gi::setCurrentIndex {cells} -index {D_FF} -in [gi::getWindows 2]
[16:36:07.89] /i gi::setItemSelection {cells} -index {D_FF} -in [gi::getWindows 2]
[16:36:08.10] /i gi::setCurrentIndex {cells} -index {D_latch} -in [gi::getWindows 2]
[16:36:08.10] /i gi::setItemSelection {cells} -index {D_latch} -in [gi::getWindows 2]
[16:36:08.43] /i gi::setCurrentIndex {cells} -index {inv_out} -in [gi::getWindows 2]
[16:36:08.43] /i gi::setItemSelection {cells} -index {inv_out} -in [gi::getWindows 2]
[16:36:08.65] /i gi::setCurrentIndex {cells} -index {tg_in_ds} -in [gi::getWindows 2]
[16:36:08.65] /i gi::setItemSelection {cells} -index {tg_in_ds} -in [gi::getWindows 2]
[16:36:08.96] /i gi::setCurrentIndex {cells} -index {tg_out_ds} -in [gi::getWindows 2]
[16:36:08.96] /i gi::setItemSelection {cells} -index {tg_out_ds} -in [gi::getWindows 2]
[16:36:09.64] /i gi::setCurrentIndex {cells} -index {inv_store_tb} -in [gi::getWindows 2]
[16:36:09.64] /i gi::setItemSelection {cells} -index {inv_store_tb} -in [gi::getWindows 2]
[16:36:10.04] /i gi::setCurrentIndex {cells} -index {D_FF} -in [gi::getWindows 2]
[16:36:10.04] /i gi::setItemSelection {cells} -index {D_FF} -in [gi::getWindows 2]
[16:36:10.32] /i gi::setCurrentIndex {cells} -index {D_latch_slave} -in [gi::getWindows 2]
[16:36:10.32] /i gi::setItemSelection {cells} -index {D_latch_slave} -in [gi::getWindows 2]
[16:36:10.61] /i gi::setCurrentIndex {cells} -index {TG_out} -in [gi::getWindows 2]
[16:36:10.61] /i gi::setItemSelection {cells} -index {TG_out} -in [gi::getWindows 2]
[16:36:10.88] /i gi::setCurrentIndex {cells} -index {inv_out} -in [gi::getWindows 2]
[16:36:10.88] /i gi::setItemSelection {cells} -index {inv_out} -in [gi::getWindows 2]
[16:36:11.43] /i gi::setCurrentIndex {cells} -index {int_out_ds} -in [gi::getWindows 2]
[16:36:11.43] /i gi::setItemSelection {cells} -index {int_out_ds} -in [gi::getWindows 2]
[16:36:13.18] /i gi::executeAction dmDeleteCell -in [gi::getWindows 2]
[16:36:13.25] /r giDialog gi::setActiveDialog [gi::getDialogs {dmDelete}]
[16:36:13.47] /r giDialog db::setAttr geometry -of [gi::getDialogs {dmDelete}] -value 354x92+773+509
[16:36:14.05] /r giDialog gi::pressButton {delete} -in [gi::getDialogs {dmDelete}]
[16:36:14.56] /i gi::setCurrentIndex {cells} -index {inv_store_ds} -in [gi::getWindows 2]
[16:36:14.56] /i gi::setItemSelection {cells} -index {inv_store_ds} -in [gi::getWindows 2]
[16:36:15.68] /i gi::executeAction dmDeleteCell -in [gi::getWindows 2]
[16:36:15.74] /r giDialog gi::setActiveDialog [gi::getDialogs {dmDelete}]
[16:36:15.97] /r giDialog db::setAttr geometry -of [gi::getDialogs {dmDelete}] -value 354x92+773+509
[16:36:16.45] /r giDialog gi::pressButton {delete} -in [gi::getDialogs {dmDelete}]
[16:36:18.98] /i gi::setCurrentIndex {cells} -index {inv_store_tb} -in [gi::getWindows 2]
[16:36:18.98] /i gi::setItemSelection {cells} -index {inv_store_tb} -in [gi::getWindows 2]
[16:36:20.14] /i gi::setCurrentIndex {cells} -index {inv_store} -in [gi::getWindows 2]
[16:36:20.15] /i gi::setItemSelection {cells} -index {inv_store} -in [gi::getWindows 2]
[16:36:20.48] /i gi::setCurrentIndex {cells} -index {inv_out} -in [gi::getWindows 2]
[16:36:20.48] /i gi::setItemSelection {cells} -index {inv_out} -in [gi::getWindows 2]
[16:36:21.28] /i gi::setCurrentIndex {libs} -index {project_d_ff} -in [gi::getWindows 2]
[16:36:21.28] /i gi::setItemSelection {cells} -index {inv_out} -in [gi::getWindows 2]
[16:36:21.29] /i gi::setItemSelection {libs} -index {project_d_ff} -in [gi::getWindows 2]
[16:36:22.27] /i gi::setCurrentIndex {cellCategories} -index {D_LATCH_SLAVE} -in [gi::getWindows 2]
[16:36:22.27] /i gi::setItemSelection {cellCategories} -index {D_LATCH_SLAVE} -in [gi::getWindows 2]
[16:36:22.61] /i gi::setCurrentIndex {cellCategories} -index {D_FF} -in [gi::getWindows 2]
[16:36:22.61] /i gi::setItemSelection {cellCategories} -index {D_FF} -in [gi::getWindows 2]
[16:36:23.96] /i gi::sortItems {cells} -column {Cells} -order {descending} -in [gi::getWindows 2]
[16:36:24.18] /i gi::setCurrentIndex {cells} -index {tb_d_latch_2} -in [gi::getWindows 2]
[16:36:24.18] /i gi::setItemSelection {cells} -index {tb_d_latch_2} -in [gi::getWindows 2]
[16:36:24.94] /i gi::setCurrentIndex {cellCategories} -index {D_LATCH_SLAVE} -in [gi::getWindows 2]
[16:36:24.94] /i gi::setItemSelection {cellCategories} -index {D_LATCH_SLAVE} -in [gi::getWindows 2]
[16:36:25.24] /i gi::setCurrentIndex {cellCategories} -index {D_FF} -in [gi::getWindows 2]
[16:36:25.24] /i gi::setItemSelection {cellCategories} -index {D_FF} -in [gi::getWindows 2]
[16:36:25.74] /i gi::setCurrentIndex {cells} -index {tb_d_latch_2} -in [gi::getWindows 2]
[16:36:25.74] /i gi::setItemSelection {cells} -index {tb_d_latch_2} -in [gi::getWindows 2]
[16:38:30.56] /i db::setAttr geometry -of [gi::getFrames 1] -value 1040x824+442+170
[16:38:31.01] /i exit
[16:38:31.05] /r giDialog gi::setActiveDialog [gi::getDialogs {deExitDialog}]
[16:38:31.34] /r giDialog db::setAttr geometry -of [gi::getDialogs {deExitDialog}] -value 419x155+741+478
[16:38:33.41] /r giDialog gi::pressButton {ok} -in [gi::getDialogs {deExitDialog}]
[16:38:33.42] /i gi::setActiveWindow 1
[16:38:33.42] /i gi::setActiveWindow 1 -raise true
[16:38:33.49] /o Shutdown time: Sat May 23 16:38:33 2026
[16:38:33.49] /o Elapsed session real time: 2.76 minutes
[16:38:33.49] /o Session terminated. Log is at /home/itsupport/Desktop/lab1vlsi/synopsys_custom/logs/ccompiler.itsupport.2026_5_23_163545_31278.log
