[20:41:10.03] /m Information: License 'SAE' checked out. (LICENSE-003)
[20:41:11.11] /o sae_shell Version Custom Compiler N-2017.12-SP1-2
              /c Build  (OPT) compiled on Wed May 16 15:20:56 2018 for RHEL64 6.6
              /c Execution time: Sat May 23 20:41:09 2026
              /c Host: localhost.localdomain
              /c 
              /c Copyright © 2004-2018 Synopsys, Inc.
              /c This software and the associated documentation are proprietary to Synopsys, Inc. This software may only be used in accordance with the terms and conditions of a written license agreement with Synopsys, Inc. All other use, reproduction, or distribution of this software is strictly prohibited.
              /c 
              /c 
[20:41:11.12] /w Warning: Preference 'leActiveLPP' is deprecated and scheduled for removal in a future release with no replacement. For migration assistance, see the Custom Compiler Tcl Reference Manual. (PREFERENCE-058)
[20:41:11.12] /o 	#######################################
[20:41:11.12] /o 	PDK Library Name	: reference90RF
[20:41:11.12] /o 	PDK Version		: 2.0
[20:41:11.12] /o 	PDK Release Date	: 25-March-2010 
[20:41:11.12] /o 	#######################################
[20:41:11.12] /o 
[20:41:11.13] /i ::sa::_backgroundSaeShell::signalProcessReady 1779543668
[20:41:11.13] /o saeInterBGSaeShell:  ::sa::_backgroundSaeShell::processReady 3
[20:43:15.11] /i ::wf::viewerExited
[20:46:12.14] /o saeInterBGSaeShell:  ::sa::_backgroundSaeShell::pingBack
[20:46:12.23] /i ::sa::_backgroundSaeShell::parentRunning
[20:46:12.23] /o 1779543972
[20:51:13.15] /o saeInterBGSaeShell:  ::sa::_backgroundSaeShell::pingBack
[20:51:13.22] /i ::sa::_backgroundSaeShell::parentRunning
[20:51:13.22] /o 1779544273
[20:56:14.16] /o saeInterBGSaeShell:  ::sa::_backgroundSaeShell::pingBack
[20:56:14.22] /i ::sa::_backgroundSaeShell::parentRunning
[20:56:14.22] /o 1779544574
[21:01:15.17] /o saeInterBGSaeShell:  ::sa::_backgroundSaeShell::pingBack
[21:01:15.21] /i ::sa::_backgroundSaeShell::parentRunning
[21:01:15.21] /o 1779544875
[21:01:53.81] /i ::wf::viewerExited
[21:02:59.81] /i ::wf::viewerExited
[21:06:16.17] /o saeInterBGSaeShell:  ::sa::_backgroundSaeShell::pingBack
[21:06:16.22] /i ::sa::_backgroundSaeShell::parentRunning
[21:06:16.22] /o 1779545176
[21:10:00.35] /i ::sa::_backgroundSaeShell::exit
[21:10:00.35] /o saeInterBGSaeShell:  ::sa::_backgroundSaeShell::childFormallyExiting
