[16:38:40.23] /m Information: License 'SAE' checked out. (LICENSE-003)
[16:38:41.40] /o sae_shell Version Custom Compiler N-2017.12-SP1-2
              /c Build  (OPT) compiled on Wed May 16 15:20:56 2018 for RHEL64 6.6
              /c Execution time: Tue Apr 14 16:38:39 2026
              /c Host: localhost.localdomain
              /c 
              /c Copyright © 2004-2018 Synopsys, Inc.
              /c This software and the associated documentation are proprietary to Synopsys, Inc. This software may only be used in accordance with the terms and conditions of a written license agreement with Synopsys, Inc. All other use, reproduction, or distribution of this software is strictly prohibited.
              /c 
              /c 
[16:38:41.41] /w Warning: Preference 'leActiveLPP' is deprecated and scheduled for removal in a future release with no replacement. For migration assistance, see the Custom Compiler Tcl Reference Manual. (PREFERENCE-058)
[16:38:41.41] /o 	#######################################
[16:38:41.41] /o 	PDK Library Name	: reference90RF
[16:38:41.41] /o 	PDK Version		: 2.0
[16:38:41.41] /o 	PDK Release Date	: 25-March-2010 
[16:38:41.41] /o 	#######################################
[16:38:41.41] /o 
[16:38:41.42] /i ::sa::_backgroundSaeShell::signalProcessReady 1776159518
[16:38:41.42] /o saeInterBGSaeShell:  ::sa::_backgroundSaeShell::processReady 3
[16:39:59.73] /i ::wf::viewerExited
[16:43:42.42] /o saeInterBGSaeShell:  ::sa::_backgroundSaeShell::pingBack
[16:43:42.52] /i ::sa::_backgroundSaeShell::parentRunning
[16:43:42.52] /o 1776159822
[16:46:44.31] /i ::sa::_backgroundSaeShell::exit
[16:46:44.31] /o saeInterBGSaeShell:  ::sa::_backgroundSaeShell::childFormallyExiting
