[06:41:59.73] /m Information: License 'SAE' checked out. (LICENSE-003)
[06:42:01.24] /o sae_shell Version Custom Compiler N-2017.12-SP1-2
              /c Build  (OPT) compiled on Wed May 16 15:20:56 2018 for RHEL64 6.6
              /c Execution time: Wed May 20 06:41:58 2026
              /c Host: localhost.localdomain
              /c 
              /c Copyright © 2004-2018 Synopsys, Inc.
              /c This software and the associated documentation are proprietary to Synopsys, Inc. This software may only be used in accordance with the terms and conditions of a written license agreement with Synopsys, Inc. All other use, reproduction, or distribution of this software is strictly prohibited.
              /c 
              /c 
[06:42:01.25] /w Warning: Preference 'leActiveLPP' is deprecated and scheduled for removal in a future release with no replacement. For migration assistance, see the Custom Compiler Tcl Reference Manual. (PREFERENCE-058)
[06:42:01.25] /o 	#######################################
[06:42:01.25] /o 	PDK Library Name	: reference90RF
[06:42:01.25] /o 	PDK Version		: 2.0
[06:42:01.25] /o 	PDK Release Date	: 25-March-2010 
[06:42:01.25] /o 	#######################################
[06:42:01.25] /o 
[06:42:01.26] /i ::sa::_backgroundSaeShell::signalProcessReady 1779234118
[06:42:01.26] /o saeInterBGSaeShell:  ::sa::_backgroundSaeShell::processReady 3
[06:42:15.23] /i ::wf::viewerExited
[06:42:26.94] /i ::wf::viewerExited
[07:11:24.93] /m Information: Exiting due to non-response from parent process.
[07:11:24.93] /o saeInterBGSaeShell:  ::sa::_backgroundSaeShell::childFormallyExiting
