[18:20:19.93] /m Information: License 'SAE' checked out. (LICENSE-003)
[18:20:21.18] /o sae_shell Version Custom Compiler N-2017.12-SP1-2
              /c Build  (OPT) compiled on Wed May 16 15:20:56 2018 for RHEL64 6.6
              /c Execution time: Tue May 19 18:20:18 2026
              /c Host: localhost.localdomain
              /c 
              /c Copyright © 2004-2018 Synopsys, Inc.
              /c This software and the associated documentation are proprietary to Synopsys, Inc. This software may only be used in accordance with the terms and conditions of a written license agreement with Synopsys, Inc. All other use, reproduction, or distribution of this software is strictly prohibited.
              /c 
              /c 
[18:20:21.22] /w Warning: Preference 'leActiveLPP' is deprecated and scheduled for removal in a future release with no replacement. For migration assistance, see the Custom Compiler Tcl Reference Manual. (PREFERENCE-058)
[18:20:21.22] /o 	#######################################
[18:20:21.22] /o 	PDK Library Name	: reference90RF
[18:20:21.22] /o 	PDK Version		: 2.0
[18:20:21.22] /o 	PDK Release Date	: 25-March-2010 
[18:20:21.22] /o 	#######################################
[18:20:21.22] /o 
[18:20:21.23] /i ::sa::_backgroundSaeShell::signalProcessReady 1779189617
[18:20:21.23] /o saeInterBGSaeShell:  ::sa::_backgroundSaeShell::processReady 4
[18:20:42.20] /i ::sa::_backgroundSaeShell::exit
[18:20:42.20] /o saeInterBGSaeShell:  ::sa::_backgroundSaeShell::childFormallyExiting
