[01:00:01.35] /m Information: License 'SAE' checked out. (LICENSE-003)
[01:00:02.46] /o sae_shell Version Custom Compiler N-2017.12-SP1-2
              /c Build  (OPT) compiled on Wed May 16 15:20:56 2018 for RHEL64 6.6
              /c Execution time: Tue Apr 14 01:00:00 2026
              /c Host: localhost.localdomain
              /c 
              /c Copyright © 2004-2018 Synopsys, Inc.
              /c This software and the associated documentation are proprietary to Synopsys, Inc. This software may only be used in accordance with the terms and conditions of a written license agreement with Synopsys, Inc. All other use, reproduction, or distribution of this software is strictly prohibited.
              /c 
              /c 
[01:00:02.47] /w Warning: Preference 'leActiveLPP' is deprecated and scheduled for removal in a future release with no replacement. For migration assistance, see the Custom Compiler Tcl Reference Manual. (PREFERENCE-058)
[01:00:02.47] /o 	#######################################
[01:00:02.47] /o 	PDK Library Name	: reference90RF
[01:00:02.47] /o 	PDK Version		: 2.0
[01:00:02.47] /o 	PDK Release Date	: 25-March-2010 
[01:00:02.47] /o 	#######################################
[01:00:02.47] /o 
[01:00:02.48] /i ::sa::_backgroundSaeShell::signalProcessReady 1776103200
[01:00:02.48] /o saeInterBGSaeShell:  ::sa::_backgroundSaeShell::processReady 2
[01:00:51.72] /i ::sa::_backgroundSaeShell::runScript /home/itsupport/simulation/inverter,tb,config/history_1/simulation/default/HSPICE/nominal/.bg_measurement_script.tcl sa::_resultsDatabase::saeShellProcessingCompletedProc testSuiteName saeSession2 testbenchName default resultsDir /home/itsupport/simulation/inverter,tb,config/history_1/simulation/default/HSPICE/nominal/results testSuiteDir /home/itsupport/simulation/inverter,tb,config/history_1/simulation/default/HSPICE/nominal databaseName /home/itsupport/simulation/inverter,tb,config/history_1/simulation/default/HSPICE/nominal/resultsDatabase remoteRun {} testbenchId 1 saveImages true
[01:00:52.12] /m Information: Started sharing "Custom WaveView" license. (WAVEFORM-110)
[01:00:52.12] /o Tracing out
[01:00:52.12] /o Tracing out (Found 0)
[01:00:52.12] /o Tracing collected globals
[01:00:52.12] /o Tracing out
[01:00:52.12] /o Tracing out (Found 0)
[01:00:52.13] /o Tracing collected globals
[01:00:52.13] /o Tracing out
[01:00:52.13] /o Tracing out (Found 0)
[01:00:52.13] /o Tracing collected globals
[01:00:52.22] /o saeInterBGSaeShell:  ::sa::_backgroundSaeShell::scriptFinished 0.5 {} sa::_resultsDatabase::saeShellProcessingCompletedProc testSuiteName saeSession2 testbenchName default resultsDir /home/itsupport/simulation/inverter,tb,config/history_1/simulation/default/HSPICE/nominal/results testSuiteDir /home/itsupport/simulation/inverter,tb,config/history_1/simulation/default/HSPICE/nominal databaseName /home/itsupport/simulation/inverter,tb,config/history_1/simulation/default/HSPICE/nominal/resultsDatabase remoteRun {} testbenchId 1 saveImages true
[01:00:52.22] /o false
[01:01:08.10] /i ::wf::viewerExited
[01:02:24.90] /i ::wf::viewerExited
[01:02:36.54] /i ::sa::_backgroundSaeShell::exit
[01:02:36.54] /o saeInterBGSaeShell:  ::sa::_backgroundSaeShell::childFormallyExiting
