[07:56:41.81] /m Information: License 'SAE' checked out. (LICENSE-003)
[07:56:43.22] /o sae_shell Version Custom Compiler N-2017.12-SP1-2
              /c Build  (OPT) compiled on Wed May 16 15:20:56 2018 for RHEL64 6.6
              /c Execution time: Wed May 20 07:56:40 2026
              /c Host: localhost.localdomain
              /c 
              /c Copyright © 2004-2018 Synopsys, Inc.
              /c This software and the associated documentation are proprietary to Synopsys, Inc. This software may only be used in accordance with the terms and conditions of a written license agreement with Synopsys, Inc. All other use, reproduction, or distribution of this software is strictly prohibited.
              /c 
              /c 
[07:56:43.23] /w Warning: Preference 'leActiveLPP' is deprecated and scheduled for removal in a future release with no replacement. For migration assistance, see the Custom Compiler Tcl Reference Manual. (PREFERENCE-058)
[07:56:43.24] /o 	#######################################
[07:56:43.24] /o 	PDK Library Name	: reference90RF
[07:56:43.24] /o 	PDK Version		: 2.0
[07:56:43.24] /o 	PDK Release Date	: 25-March-2010 
[07:56:43.24] /o 	#######################################
[07:56:43.24] /o 
[07:56:43.24] /i ::sa::_backgroundSaeShell::signalProcessReady 1779238600
[07:56:43.24] /o saeInterBGSaeShell:  ::sa::_backgroundSaeShell::processReady 3
[08:01:44.26] /o saeInterBGSaeShell:  ::sa::_backgroundSaeShell::pingBack
[08:01:44.33] /i ::sa::_backgroundSaeShell::parentRunning
[08:01:44.33] /o 1779238904
