[20:32:36.19] /m Information: License 'SAE' checked out. (LICENSE-003)
[20:32:37.28] /o sae_shell Version Custom Compiler N-2017.12-SP1-2
              /c Build  (OPT) compiled on Wed May 16 15:20:56 2018 for RHEL64 6.6
              /c Execution time: Sat May 16 20:32:34 2026
              /c Host: localhost.localdomain
              /c 
              /c Copyright © 2004-2018 Synopsys, Inc.
              /c This software and the associated documentation are proprietary to Synopsys, Inc. This software may only be used in accordance with the terms and conditions of a written license agreement with Synopsys, Inc. All other use, reproduction, or distribution of this software is strictly prohibited.
              /c 
              /c 
[20:32:37.29] /w Warning: Preference 'leActiveLPP' is deprecated and scheduled for removal in a future release with no replacement. For migration assistance, see the Custom Compiler Tcl Reference Manual. (PREFERENCE-058)
[20:32:37.30] /o 	#######################################
[20:32:37.30] /o 	PDK Library Name	: reference90RF
[20:32:37.30] /o 	PDK Version		: 2.0
[20:32:37.30] /o 	PDK Release Date	: 25-March-2010 
[20:32:37.30] /o 	#######################################
[20:32:37.30] /o 
[20:32:37.30] /i ::sa::_backgroundSaeShell::signalProcessReady 1778938354
[20:32:37.30] /o saeInterBGSaeShell:  ::sa::_backgroundSaeShell::processReady 3
[20:33:54.74] /i ::sa::_backgroundSaeShell::runScript /home/itsupport/simulation/inverter,NAND2_tb_2,schematic/history_1/simulation/HSPICE_default/HSPICE/nominal/.bg_measurement_script.tcl sa::_resultsDatabase::saeShellProcessingCompletedProc testSuiteName saeSession2 testbenchName HSPICE_default resultsDir /home/itsupport/simulation/inverter,NAND2_tb_2,schematic/history_1/simulation/HSPICE_default/HSPICE/nominal/results testSuiteDir /home/itsupport/simulation/inverter,NAND2_tb_2,schematic/history_1/simulation/HSPICE_default/HSPICE/nominal databaseName /home/itsupport/simulation/inverter,NAND2_tb_2,schematic/history_1/simulation/HSPICE_default/HSPICE/nominal/resultsDatabase remoteRun {} testbenchId 1 saveImages true
[20:33:55.00] /m Information: Started sharing "Custom WaveView" license. (WAVEFORM-110)
[20:33:55.11] /o saeInterBGSaeShell:  ::sa::_backgroundSaeShell::scriptFinished 0.3 {} sa::_resultsDatabase::saeShellProcessingCompletedProc testSuiteName saeSession2 testbenchName HSPICE_default resultsDir /home/itsupport/simulation/inverter,NAND2_tb_2,schematic/history_1/simulation/HSPICE_default/HSPICE/nominal/results testSuiteDir /home/itsupport/simulation/inverter,NAND2_tb_2,schematic/history_1/simulation/HSPICE_default/HSPICE/nominal databaseName /home/itsupport/simulation/inverter,NAND2_tb_2,schematic/history_1/simulation/HSPICE_default/HSPICE/nominal/resultsDatabase remoteRun {} testbenchId 1 saveImages true
[20:33:55.11] /o false
[20:35:15.15] /i ::sa::_backgroundSaeShell::runScript /home/itsupport/simulation/inverter,NAND2_tb_2,schematic/history_1/simulation/HSPICE_default/HSPICE/nominal/.bg_measurement_script.tcl sa::_resultsDatabase::saeShellProcessingCompletedProc testSuiteName saeSession2 testbenchName HSPICE_default resultsDir /home/itsupport/simulation/inverter,NAND2_tb_2,schematic/history_1/simulation/HSPICE_default/HSPICE/nominal/results testSuiteDir /home/itsupport/simulation/inverter,NAND2_tb_2,schematic/history_1/simulation/HSPICE_default/HSPICE/nominal databaseName /home/itsupport/simulation/inverter,NAND2_tb_2,schematic/history_1/simulation/HSPICE_default/HSPICE/nominal/resultsDatabase remoteRun {} testbenchId 1 saveImages true
[20:35:15.45] /o saeInterBGSaeShell:  ::sa::_backgroundSaeShell::scriptFinished 0.2 {} sa::_resultsDatabase::saeShellProcessingCompletedProc testSuiteName saeSession2 testbenchName HSPICE_default resultsDir /home/itsupport/simulation/inverter,NAND2_tb_2,schematic/history_1/simulation/HSPICE_default/HSPICE/nominal/results testSuiteDir /home/itsupport/simulation/inverter,NAND2_tb_2,schematic/history_1/simulation/HSPICE_default/HSPICE/nominal databaseName /home/itsupport/simulation/inverter,NAND2_tb_2,schematic/history_1/simulation/HSPICE_default/HSPICE/nominal/resultsDatabase remoteRun {} testbenchId 1 saveImages true
[20:35:15.45] /o false
[20:36:47.64] /i ::sa::_backgroundSaeShell::runScript /home/itsupport/simulation/inverter,NAND2_tb_2,schematic/history_1/simulation/HSPICE_default/HSPICE/nominal/.bg_measurement_script.tcl sa::_resultsDatabase::saeShellProcessingCompletedProc testSuiteName saeSession2 testbenchName HSPICE_default resultsDir /home/itsupport/simulation/inverter,NAND2_tb_2,schematic/history_1/simulation/HSPICE_default/HSPICE/nominal/results testSuiteDir /home/itsupport/simulation/inverter,NAND2_tb_2,schematic/history_1/simulation/HSPICE_default/HSPICE/nominal databaseName /home/itsupport/simulation/inverter,NAND2_tb_2,schematic/history_1/simulation/HSPICE_default/HSPICE/nominal/resultsDatabase remoteRun {} testbenchId 1 saveImages true
[20:36:47.93] /o saeInterBGSaeShell:  ::sa::_backgroundSaeShell::scriptFinished 0.2 {} sa::_resultsDatabase::saeShellProcessingCompletedProc testSuiteName saeSession2 testbenchName HSPICE_default resultsDir /home/itsupport/simulation/inverter,NAND2_tb_2,schematic/history_1/simulation/HSPICE_default/HSPICE/nominal/results testSuiteDir /home/itsupport/simulation/inverter,NAND2_tb_2,schematic/history_1/simulation/HSPICE_default/HSPICE/nominal databaseName /home/itsupport/simulation/inverter,NAND2_tb_2,schematic/history_1/simulation/HSPICE_default/HSPICE/nominal/resultsDatabase remoteRun {} testbenchId 1 saveImages true
[20:36:47.93] /o false
[20:37:29.05] /i ::sa::_backgroundSaeShell::runScript /home/itsupport/simulation/inverter,NAND2_tb_2,schematic/history_1/simulation/HSPICE_default/HSPICE/nominal/.bg_measurement_script.tcl sa::_resultsDatabase::saeShellProcessingCompletedProc testSuiteName saeSession2 testbenchName HSPICE_default resultsDir /home/itsupport/simulation/inverter,NAND2_tb_2,schematic/history_1/simulation/HSPICE_default/HSPICE/nominal/results testSuiteDir /home/itsupport/simulation/inverter,NAND2_tb_2,schematic/history_1/simulation/HSPICE_default/HSPICE/nominal databaseName /home/itsupport/simulation/inverter,NAND2_tb_2,schematic/history_1/simulation/HSPICE_default/HSPICE/nominal/resultsDatabase remoteRun {} testbenchId 1 saveImages true
[20:37:29.39] /o saeInterBGSaeShell:  ::sa::_backgroundSaeShell::scriptFinished 0.3 {} sa::_resultsDatabase::saeShellProcessingCompletedProc testSuiteName saeSession2 testbenchName HSPICE_default resultsDir /home/itsupport/simulation/inverter,NAND2_tb_2,schematic/history_1/simulation/HSPICE_default/HSPICE/nominal/results testSuiteDir /home/itsupport/simulation/inverter,NAND2_tb_2,schematic/history_1/simulation/HSPICE_default/HSPICE/nominal databaseName /home/itsupport/simulation/inverter,NAND2_tb_2,schematic/history_1/simulation/HSPICE_default/HSPICE/nominal/resultsDatabase remoteRun {} testbenchId 1 saveImages true
[20:37:29.39] /o false
[20:42:30.34] /o saeInterBGSaeShell:  ::sa::_backgroundSaeShell::pingBack
[20:42:30.35] /i ::sa::_backgroundSaeShell::parentRunning
[20:42:30.36] /o 1778938950
[20:42:33.85] /m Information: Stopped sharing "Custom WaveView" license. (WAVEFORM-111)
[20:47:31.36] /o saeInterBGSaeShell:  ::sa::_backgroundSaeShell::pingBack
[20:47:31.46] /i ::sa::_backgroundSaeShell::parentRunning
[20:47:31.46] /o 1778939251
[20:52:32.38] /o saeInterBGSaeShell:  ::sa::_backgroundSaeShell::pingBack
[20:52:32.46] /i ::sa::_backgroundSaeShell::parentRunning
[20:52:32.46] /o 1778939552
[20:57:33.39] /o saeInterBGSaeShell:  ::sa::_backgroundSaeShell::pingBack
[20:57:33.46] /i ::sa::_backgroundSaeShell::parentRunning
[20:57:33.46] /o 1778939853
[21:02:34.39] /o saeInterBGSaeShell:  ::sa::_backgroundSaeShell::pingBack
[21:02:34.45] /i ::sa::_backgroundSaeShell::parentRunning
[21:02:34.46] /o 1778940154
[21:07:35.40] /o saeInterBGSaeShell:  ::sa::_backgroundSaeShell::pingBack
[21:07:35.46] /i ::sa::_backgroundSaeShell::parentRunning
[21:07:35.46] /o 1778940455
[21:12:36.42] /o saeInterBGSaeShell:  ::sa::_backgroundSaeShell::pingBack
[21:12:36.46] /i ::sa::_backgroundSaeShell::parentRunning
[21:12:36.46] /o 1778940756
[21:24:07.34] /m Information: Exiting due to non-response from parent process.
[21:24:07.34] /o saeInterBGSaeShell:  ::sa::_backgroundSaeShell::childFormallyExiting
