[14:27:22.35] /m Information: License 'SAE' checked out. (LICENSE-003)
[14:27:23.65] /o sae_shell Version Custom Compiler N-2017.12-SP1-2
              /c Build  (OPT) compiled on Wed May 16 15:20:56 2018 for RHEL64 6.6
              /c Execution time: Sun May 24 14:27:20 2026
              /c Host: localhost.localdomain
              /c 
              /c Copyright © 2004-2018 Synopsys, Inc.
              /c This software and the associated documentation are proprietary to Synopsys, Inc. This software may only be used in accordance with the terms and conditions of a written license agreement with Synopsys, Inc. All other use, reproduction, or distribution of this software is strictly prohibited.
              /c 
              /c 
[14:27:23.69] /w Warning: Preference 'leActiveLPP' is deprecated and scheduled for removal in a future release with no replacement. For migration assistance, see the Custom Compiler Tcl Reference Manual. (PREFERENCE-058)
[14:27:23.69] /o 	#######################################
[14:27:23.69] /o 	PDK Library Name	: reference90RF
[14:27:23.69] /o 	PDK Version		: 2.0
[14:27:23.69] /o 	PDK Release Date	: 25-March-2010 
[14:27:23.69] /o 	#######################################
[14:27:23.69] /o 
[14:27:23.70] /i ::sa::_backgroundSaeShell::signalProcessReady 1779607639
[14:27:23.70] /o saeInterBGSaeShell:  ::sa::_backgroundSaeShell::processReady 4
[14:27:27.03] /i ::sa::_backgroundSaeShell::runScript /home/itsupport/simulation/new_dff,d_latch_tb,schematic/history_1/simulation/HSPICE_d_latch_tb/HSPICE/nominal/.bg_measurement_script.tcl sa::_resultsDatabase::saeShellProcessingCompletedProc testSuiteName saeSession0 testbenchName HSPICE_d_latch_tb resultsDir /home/itsupport/simulation/new_dff,d_latch_tb,schematic/history_1/simulation/HSPICE_d_latch_tb/HSPICE/nominal/results testSuiteDir /home/itsupport/simulation/new_dff,d_latch_tb,schematic/history_1/simulation/HSPICE_d_latch_tb/HSPICE/nominal databaseName /home/itsupport/simulation/new_dff,d_latch_tb,schematic/history_1/simulation/HSPICE_d_latch_tb/HSPICE/nominal/resultsDatabase remoteRun {} testbenchId 1 saveImages true
[14:27:27.77] /m Information: Started sharing "Custom WaveView" license. (WAVEFORM-110)
[14:27:27.78] /e Error: Evaluating 'v(/Qbar)': "Could not find net named: Qbar" (HIERARCHY_COMMANDS-007)
[14:27:27.95] /o saeInterBGSaeShell:  ::sa::_backgroundSaeShell::scriptFinished 0.9 {} sa::_resultsDatabase::saeShellProcessingCompletedProc testSuiteName saeSession0 testbenchName HSPICE_d_latch_tb resultsDir /home/itsupport/simulation/new_dff,d_latch_tb,schematic/history_1/simulation/HSPICE_d_latch_tb/HSPICE/nominal/results testSuiteDir /home/itsupport/simulation/new_dff,d_latch_tb,schematic/history_1/simulation/HSPICE_d_latch_tb/HSPICE/nominal databaseName /home/itsupport/simulation/new_dff,d_latch_tb,schematic/history_1/simulation/HSPICE_d_latch_tb/HSPICE/nominal/resultsDatabase remoteRun {} testbenchId 1 saveImages true
[14:27:27.95] /o false
[14:27:35.26] /i ::wf::viewerExited
[14:27:42.59] /i ::sa::_backgroundSaeShell::runScript /home/itsupport/simulation/new_dff,d_latch_tb,schematic/history_1/simulation/HSPICE_d_latch_tb/HSPICE/nominal/.bg_measurement_script.tcl sa::_resultsDatabase::saeShellProcessingCompletedProc testSuiteName saeSession0 testbenchName HSPICE_d_latch_tb resultsDir /home/itsupport/simulation/new_dff,d_latch_tb,schematic/history_1/simulation/HSPICE_d_latch_tb/HSPICE/nominal/results testSuiteDir /home/itsupport/simulation/new_dff,d_latch_tb,schematic/history_1/simulation/HSPICE_d_latch_tb/HSPICE/nominal databaseName /home/itsupport/simulation/new_dff,d_latch_tb,schematic/history_1/simulation/HSPICE_d_latch_tb/HSPICE/nominal/resultsDatabase remoteRun {} testbenchId 1 saveImages true
[14:27:42.77] /e Error: Evaluating 'v(/Qbar)': "Could not find net named: Qbar" (HIERARCHY_COMMANDS-007)
[14:27:42.85] /o saeInterBGSaeShell:  ::sa::_backgroundSaeShell::scriptFinished 0.2 {} sa::_resultsDatabase::saeShellProcessingCompletedProc testSuiteName saeSession0 testbenchName HSPICE_d_latch_tb resultsDir /home/itsupport/simulation/new_dff,d_latch_tb,schematic/history_1/simulation/HSPICE_d_latch_tb/HSPICE/nominal/results testSuiteDir /home/itsupport/simulation/new_dff,d_latch_tb,schematic/history_1/simulation/HSPICE_d_latch_tb/HSPICE/nominal databaseName /home/itsupport/simulation/new_dff,d_latch_tb,schematic/history_1/simulation/HSPICE_d_latch_tb/HSPICE/nominal/resultsDatabase remoteRun {} testbenchId 1 saveImages true
[14:27:42.85] /o false
[14:27:55.37] /i ::sa::_backgroundSaeShell::runScript /home/itsupport/simulation/new_dff,d_latch_tb,schematic/history_1/simulation/HSPICE_d_latch_tb/HSPICE/nominal/.bg_measurement_script.tcl sa::_resultsDatabase::saeShellProcessingCompletedProc testSuiteName saeSession0 testbenchName HSPICE_d_latch_tb resultsDir /home/itsupport/simulation/new_dff,d_latch_tb,schematic/history_1/simulation/HSPICE_d_latch_tb/HSPICE/nominal/results testSuiteDir /home/itsupport/simulation/new_dff,d_latch_tb,schematic/history_1/simulation/HSPICE_d_latch_tb/HSPICE/nominal databaseName /home/itsupport/simulation/new_dff,d_latch_tb,schematic/history_1/simulation/HSPICE_d_latch_tb/HSPICE/nominal/resultsDatabase remoteRun {} testbenchId 1 saveImages true
[14:27:55.57] /e Error: Evaluating 'v(/Qbar)': "Could not find net named: Qbar" (HIERARCHY_COMMANDS-007)
[14:27:55.65] /o saeInterBGSaeShell:  ::sa::_backgroundSaeShell::scriptFinished 0.2 {} sa::_resultsDatabase::saeShellProcessingCompletedProc testSuiteName saeSession0 testbenchName HSPICE_d_latch_tb resultsDir /home/itsupport/simulation/new_dff,d_latch_tb,schematic/history_1/simulation/HSPICE_d_latch_tb/HSPICE/nominal/results testSuiteDir /home/itsupport/simulation/new_dff,d_latch_tb,schematic/history_1/simulation/HSPICE_d_latch_tb/HSPICE/nominal databaseName /home/itsupport/simulation/new_dff,d_latch_tb,schematic/history_1/simulation/HSPICE_d_latch_tb/HSPICE/nominal/resultsDatabase remoteRun {} testbenchId 1 saveImages true
[14:27:55.66] /o false
[14:28:12.44] /i ::sa::_backgroundSaeShell::exit
[14:28:12.44] /o saeInterBGSaeShell:  ::sa::_backgroundSaeShell::childFormallyExiting
