[15:57:26.71] /m Information: License 'SAE' checked out. (LICENSE-003)
[15:57:27.73] /o sae_shell Version Custom Compiler N-2017.12-SP1-2
              /c Build  (OPT) compiled on Wed May 16 15:20:56 2018 for RHEL64 6.6
              /c Execution time: Mon May 18 15:57:25 2026
              /c Host: localhost.localdomain
              /c 
              /c Copyright © 2004-2018 Synopsys, Inc.
              /c This software and the associated documentation are proprietary to Synopsys, Inc. This software may only be used in accordance with the terms and conditions of a written license agreement with Synopsys, Inc. All other use, reproduction, or distribution of this software is strictly prohibited.
              /c 
              /c 
[15:57:27.74] /w Warning: Preference 'leActiveLPP' is deprecated and scheduled for removal in a future release with no replacement. For migration assistance, see the Custom Compiler Tcl Reference Manual. (PREFERENCE-058)
[15:57:27.74] /o 	#######################################
[15:57:27.74] /o 	PDK Library Name	: reference90RF
[15:57:27.74] /o 	PDK Version		: 2.0
[15:57:27.74] /o 	PDK Release Date	: 25-March-2010 
[15:57:27.74] /o 	#######################################
[15:57:27.74] /o 
[15:57:27.74] /i ::sa::_backgroundSaeShell::signalProcessReady 1779094645
[15:57:27.75] /o saeInterBGSaeShell:  ::sa::_backgroundSaeShell::processReady 2
[16:02:28.77] /o saeInterBGSaeShell:  ::sa::_backgroundSaeShell::pingBack
[16:02:28.81] /i ::sa::_backgroundSaeShell::parentRunning
[16:02:28.81] /o 1779094948
[16:03:58.11] /i ::wf::viewerExited
[16:07:29.78] /o saeInterBGSaeShell:  ::sa::_backgroundSaeShell::pingBack
[16:07:29.80] /i ::sa::_backgroundSaeShell::parentRunning
[16:07:29.81] /o 1779095249
[16:12:30.79] /o saeInterBGSaeShell:  ::sa::_backgroundSaeShell::pingBack
[16:12:30.81] /i ::sa::_backgroundSaeShell::parentRunning
[16:12:30.81] /o 1779095550
[16:17:31.80] /o saeInterBGSaeShell:  ::sa::_backgroundSaeShell::pingBack
[16:17:31.91] /i ::sa::_backgroundSaeShell::parentRunning
[16:17:31.91] /o 1779095851
[16:20:11.61] /i ::wf::viewerExited
[16:22:32.81] /o saeInterBGSaeShell:  ::sa::_backgroundSaeShell::pingBack
[16:22:32.92] /i ::sa::_backgroundSaeShell::parentRunning
[16:22:32.92] /o 1779096152
[16:27:33.81] /o saeInterBGSaeShell:  ::sa::_backgroundSaeShell::pingBack
[16:27:33.91] /i ::sa::_backgroundSaeShell::parentRunning
[16:27:33.91] /o 1779096453
[16:32:34.83] /o saeInterBGSaeShell:  ::sa::_backgroundSaeShell::pingBack
[16:32:34.91] /i ::sa::_backgroundSaeShell::parentRunning
[16:32:34.91] /o 1779096754
[22:50:10.35] /m Information: Exiting due to non-response from parent process.
[22:50:10.35] /o saeInterBGSaeShell:  ::sa::_backgroundSaeShell::childFormallyExiting
