[13:58:19.22] /m Information: License 'SAE' checked out. (LICENSE-003)
[13:58:20.31] /o sae_shell Version Custom Compiler N-2017.12-SP1-2
              /c Build  (OPT) compiled on Wed May 16 15:20:56 2018 for RHEL64 6.6
              /c Execution time: Sun May 24 13:58:18 2026
              /c Host: localhost.localdomain
              /c 
              /c Copyright © 2004-2018 Synopsys, Inc.
              /c This software and the associated documentation are proprietary to Synopsys, Inc. This software may only be used in accordance with the terms and conditions of a written license agreement with Synopsys, Inc. All other use, reproduction, or distribution of this software is strictly prohibited.
              /c 
              /c 
[13:58:20.32] /w Warning: Preference 'leActiveLPP' is deprecated and scheduled for removal in a future release with no replacement. For migration assistance, see the Custom Compiler Tcl Reference Manual. (PREFERENCE-058)
[13:58:20.32] /o 	#######################################
[13:58:20.32] /o 	PDK Library Name	: reference90RF
[13:58:20.32] /o 	PDK Version		: 2.0
[13:58:20.32] /o 	PDK Release Date	: 25-March-2010 
[13:58:20.32] /o 	#######################################
[13:58:20.32] /o 
[13:58:20.33] /i ::sa::_backgroundSaeShell::signalProcessReady 1779605897
[13:58:20.33] /o saeInterBGSaeShell:  ::sa::_backgroundSaeShell::processReady 3
[13:58:45.30] /i ::sa::_backgroundSaeShell::runScript /home/itsupport/simulation/new_dff,d_ff_tb,schematic/history_1/simulation/HSPICE_d_latch_tb/HSPICE/nominal/.bg_measurement_script.tcl sa::_resultsDatabase::saeShellProcessingCompletedProc testSuiteName saeSession4 testbenchName HSPICE_d_latch_tb resultsDir /home/itsupport/simulation/new_dff,d_ff_tb,schematic/history_1/simulation/HSPICE_d_latch_tb/HSPICE/nominal/results testSuiteDir /home/itsupport/simulation/new_dff,d_ff_tb,schematic/history_1/simulation/HSPICE_d_latch_tb/HSPICE/nominal databaseName /home/itsupport/simulation/new_dff,d_ff_tb,schematic/history_1/simulation/HSPICE_d_latch_tb/HSPICE/nominal/resultsDatabase remoteRun {} testbenchId 1 saveImages true
[13:58:45.64] /m Information: Started sharing "Custom WaveView" license. (WAVEFORM-110)
[13:58:45.64] /e Error: Evaluating 'v(/Qbar)': "Could not find net named: Qbar" (HIERARCHY_COMMANDS-007)
[13:58:45.75] /o saeInterBGSaeShell:  ::sa::_backgroundSaeShell::scriptFinished 0.4 {} sa::_resultsDatabase::saeShellProcessingCompletedProc testSuiteName saeSession4 testbenchName HSPICE_d_latch_tb resultsDir /home/itsupport/simulation/new_dff,d_ff_tb,schematic/history_1/simulation/HSPICE_d_latch_tb/HSPICE/nominal/results testSuiteDir /home/itsupport/simulation/new_dff,d_ff_tb,schematic/history_1/simulation/HSPICE_d_latch_tb/HSPICE/nominal databaseName /home/itsupport/simulation/new_dff,d_ff_tb,schematic/history_1/simulation/HSPICE_d_latch_tb/HSPICE/nominal/resultsDatabase remoteRun {} testbenchId 1 saveImages true
[13:58:45.75] /o false
[13:59:05.26] /i ::sa::_backgroundSaeShell::runScript /home/itsupport/simulation/new_dff,d_ff_tb,schematic/history_1/simulation/HSPICE_d_latch_tb/HSPICE/nominal/.bg_measurement_script.tcl sa::_resultsDatabase::saeShellProcessingCompletedProc testSuiteName saeSession4 testbenchName HSPICE_d_latch_tb resultsDir /home/itsupport/simulation/new_dff,d_ff_tb,schematic/history_1/simulation/HSPICE_d_latch_tb/HSPICE/nominal/results testSuiteDir /home/itsupport/simulation/new_dff,d_ff_tb,schematic/history_1/simulation/HSPICE_d_latch_tb/HSPICE/nominal databaseName /home/itsupport/simulation/new_dff,d_ff_tb,schematic/history_1/simulation/HSPICE_d_latch_tb/HSPICE/nominal/resultsDatabase remoteRun {} testbenchId 1 saveImages true
[13:59:05.47] /e Error: Evaluating 'v(/Qbar)': "Could not find net named: Qbar" (HIERARCHY_COMMANDS-007)
[13:59:05.56] /o saeInterBGSaeShell:  ::sa::_backgroundSaeShell::scriptFinished 0.2 {} sa::_resultsDatabase::saeShellProcessingCompletedProc testSuiteName saeSession4 testbenchName HSPICE_d_latch_tb resultsDir /home/itsupport/simulation/new_dff,d_ff_tb,schematic/history_1/simulation/HSPICE_d_latch_tb/HSPICE/nominal/results testSuiteDir /home/itsupport/simulation/new_dff,d_ff_tb,schematic/history_1/simulation/HSPICE_d_latch_tb/HSPICE/nominal databaseName /home/itsupport/simulation/new_dff,d_ff_tb,schematic/history_1/simulation/HSPICE_d_latch_tb/HSPICE/nominal/resultsDatabase remoteRun {} testbenchId 1 saveImages true
[13:59:05.56] /o false
[13:59:22.49] /i ::sa::_backgroundSaeShell::runScript /home/itsupport/simulation/new_dff,d_ff_tb,schematic/history_1/simulation/HSPICE_d_latch_tb/HSPICE/nominal/.bg_measurement_script.tcl sa::_resultsDatabase::saeShellProcessingCompletedProc testSuiteName saeSession4 testbenchName HSPICE_d_latch_tb resultsDir /home/itsupport/simulation/new_dff,d_ff_tb,schematic/history_1/simulation/HSPICE_d_latch_tb/HSPICE/nominal/results testSuiteDir /home/itsupport/simulation/new_dff,d_ff_tb,schematic/history_1/simulation/HSPICE_d_latch_tb/HSPICE/nominal databaseName /home/itsupport/simulation/new_dff,d_ff_tb,schematic/history_1/simulation/HSPICE_d_latch_tb/HSPICE/nominal/resultsDatabase remoteRun {} testbenchId 1 saveImages true
[13:59:22.68] /e Error: Evaluating 'v(/Qbar)': "Could not find net named: Qbar" (HIERARCHY_COMMANDS-007)
[13:59:22.78] /o saeInterBGSaeShell:  ::sa::_backgroundSaeShell::scriptFinished 0.2 {} sa::_resultsDatabase::saeShellProcessingCompletedProc testSuiteName saeSession4 testbenchName HSPICE_d_latch_tb resultsDir /home/itsupport/simulation/new_dff,d_ff_tb,schematic/history_1/simulation/HSPICE_d_latch_tb/HSPICE/nominal/results testSuiteDir /home/itsupport/simulation/new_dff,d_ff_tb,schematic/history_1/simulation/HSPICE_d_latch_tb/HSPICE/nominal databaseName /home/itsupport/simulation/new_dff,d_ff_tb,schematic/history_1/simulation/HSPICE_d_latch_tb/HSPICE/nominal/resultsDatabase remoteRun {} testbenchId 1 saveImages true
[13:59:22.78] /o false
[13:59:30.08] /i ::sa::_backgroundSaeShell::runScript /home/itsupport/simulation/new_dff,d_ff_tb,schematic/history_1/simulation/HSPICE_d_latch_tb/HSPICE/nominal/.bg_measurement_script.tcl sa::_resultsDatabase::saeShellProcessingCompletedProc testSuiteName saeSession4 testbenchName HSPICE_d_latch_tb resultsDir /home/itsupport/simulation/new_dff,d_ff_tb,schematic/history_1/simulation/HSPICE_d_latch_tb/HSPICE/nominal/results testSuiteDir /home/itsupport/simulation/new_dff,d_ff_tb,schematic/history_1/simulation/HSPICE_d_latch_tb/HSPICE/nominal databaseName /home/itsupport/simulation/new_dff,d_ff_tb,schematic/history_1/simulation/HSPICE_d_latch_tb/HSPICE/nominal/resultsDatabase remoteRun {} testbenchId 1 saveImages true
[13:59:30.26] /e Error: Evaluating 'v(/Qbar)': "Could not find net named: Qbar" (HIERARCHY_COMMANDS-007)
[13:59:30.37] /o saeInterBGSaeShell:  ::sa::_backgroundSaeShell::scriptFinished 0.2 {} sa::_resultsDatabase::saeShellProcessingCompletedProc testSuiteName saeSession4 testbenchName HSPICE_d_latch_tb resultsDir /home/itsupport/simulation/new_dff,d_ff_tb,schematic/history_1/simulation/HSPICE_d_latch_tb/HSPICE/nominal/results testSuiteDir /home/itsupport/simulation/new_dff,d_ff_tb,schematic/history_1/simulation/HSPICE_d_latch_tb/HSPICE/nominal databaseName /home/itsupport/simulation/new_dff,d_ff_tb,schematic/history_1/simulation/HSPICE_d_latch_tb/HSPICE/nominal/resultsDatabase remoteRun {} testbenchId 1 saveImages true
[13:59:30.37] /o false
[13:59:42.57] /i ::sa::_backgroundSaeShell::runScript /home/itsupport/simulation/new_dff,d_ff_tb,schematic/history_1/simulation/HSPICE_d_latch_tb/HSPICE/nominal/.bg_measurement_script.tcl sa::_resultsDatabase::saeShellProcessingCompletedProc testSuiteName saeSession4 testbenchName HSPICE_d_latch_tb resultsDir /home/itsupport/simulation/new_dff,d_ff_tb,schematic/history_1/simulation/HSPICE_d_latch_tb/HSPICE/nominal/results testSuiteDir /home/itsupport/simulation/new_dff,d_ff_tb,schematic/history_1/simulation/HSPICE_d_latch_tb/HSPICE/nominal databaseName /home/itsupport/simulation/new_dff,d_ff_tb,schematic/history_1/simulation/HSPICE_d_latch_tb/HSPICE/nominal/resultsDatabase remoteRun {} testbenchId 1 saveImages true
[13:59:42.78] /e Error: Evaluating 'v(/Qbar)': "Could not find net named: Qbar" (HIERARCHY_COMMANDS-007)
[13:59:42.89] /o saeInterBGSaeShell:  ::sa::_backgroundSaeShell::scriptFinished 0.3 {} sa::_resultsDatabase::saeShellProcessingCompletedProc testSuiteName saeSession4 testbenchName HSPICE_d_latch_tb resultsDir /home/itsupport/simulation/new_dff,d_ff_tb,schematic/history_1/simulation/HSPICE_d_latch_tb/HSPICE/nominal/results testSuiteDir /home/itsupport/simulation/new_dff,d_ff_tb,schematic/history_1/simulation/HSPICE_d_latch_tb/HSPICE/nominal databaseName /home/itsupport/simulation/new_dff,d_ff_tb,schematic/history_1/simulation/HSPICE_d_latch_tb/HSPICE/nominal/resultsDatabase remoteRun {} testbenchId 1 saveImages true
[13:59:42.89] /o false
[14:01:37.82] /i ::wf::viewerExited
[14:04:43.36] /o saeInterBGSaeShell:  ::sa::_backgroundSaeShell::pingBack
[14:04:43.42] /i ::sa::_backgroundSaeShell::parentRunning
[14:04:43.42] /o 1779606283
[14:04:47.41] /m Information: Stopped sharing "Custom WaveView" license. (WAVEFORM-111)
[14:07:09.75] /i ::sa::_backgroundSaeShell::runScript /home/itsupport/simulation/new_dff,d_ff_tb,schematic/history_1/simulation/HSPICE_d_latch_tb/HSPICE/nominal/.bg_measurement_script.tcl sa::_resultsDatabase::saeShellProcessingCompletedProc testSuiteName saeSession4 testbenchName HSPICE_d_latch_tb resultsDir /home/itsupport/simulation/new_dff,d_ff_tb,schematic/history_1/simulation/HSPICE_d_latch_tb/HSPICE/nominal/results testSuiteDir /home/itsupport/simulation/new_dff,d_ff_tb,schematic/history_1/simulation/HSPICE_d_latch_tb/HSPICE/nominal databaseName /home/itsupport/simulation/new_dff,d_ff_tb,schematic/history_1/simulation/HSPICE_d_latch_tb/HSPICE/nominal/resultsDatabase remoteRun {} testbenchId 1 saveImages true
[14:07:09.97] /m Information: Started sharing "Custom WaveView" license. (WAVEFORM-110)
[14:07:09.97] /e Error: Evaluating 'v(/Qbar)': "Could not find net named: Qbar" (HIERARCHY_COMMANDS-007)
[14:07:10.05] /o saeInterBGSaeShell:  ::sa::_backgroundSaeShell::scriptFinished 0.3 {} sa::_resultsDatabase::saeShellProcessingCompletedProc testSuiteName saeSession4 testbenchName HSPICE_d_latch_tb resultsDir /home/itsupport/simulation/new_dff,d_ff_tb,schematic/history_1/simulation/HSPICE_d_latch_tb/HSPICE/nominal/results testSuiteDir /home/itsupport/simulation/new_dff,d_ff_tb,schematic/history_1/simulation/HSPICE_d_latch_tb/HSPICE/nominal databaseName /home/itsupport/simulation/new_dff,d_ff_tb,schematic/history_1/simulation/HSPICE_d_latch_tb/HSPICE/nominal/resultsDatabase remoteRun {} testbenchId 1 saveImages true
[14:07:10.05] /o false
[14:07:44.94] /i ::sa::_backgroundSaeShell::runScript /home/itsupport/simulation/new_dff,d_ff_tb,schematic/history_1/simulation/HSPICE_d_latch_tb/HSPICE/nominal/.bg_measurement_script.tcl sa::_resultsDatabase::saeShellProcessingCompletedProc testSuiteName saeSession4 testbenchName HSPICE_d_latch_tb resultsDir /home/itsupport/simulation/new_dff,d_ff_tb,schematic/history_1/simulation/HSPICE_d_latch_tb/HSPICE/nominal/results testSuiteDir /home/itsupport/simulation/new_dff,d_ff_tb,schematic/history_1/simulation/HSPICE_d_latch_tb/HSPICE/nominal databaseName /home/itsupport/simulation/new_dff,d_ff_tb,schematic/history_1/simulation/HSPICE_d_latch_tb/HSPICE/nominal/resultsDatabase remoteRun {} testbenchId 1 saveImages true
[14:07:45.24] /o saeInterBGSaeShell:  ::sa::_backgroundSaeShell::scriptFinished 0.3 {} sa::_resultsDatabase::saeShellProcessingCompletedProc testSuiteName saeSession4 testbenchName HSPICE_d_latch_tb resultsDir /home/itsupport/simulation/new_dff,d_ff_tb,schematic/history_1/simulation/HSPICE_d_latch_tb/HSPICE/nominal/results testSuiteDir /home/itsupport/simulation/new_dff,d_ff_tb,schematic/history_1/simulation/HSPICE_d_latch_tb/HSPICE/nominal databaseName /home/itsupport/simulation/new_dff,d_ff_tb,schematic/history_1/simulation/HSPICE_d_latch_tb/HSPICE/nominal/resultsDatabase remoteRun {} testbenchId 1 saveImages true
[14:07:45.24] /o false
[14:07:54.35] /i ::sa::_backgroundSaeShell::runScript /home/itsupport/simulation/new_dff,d_ff_tb,schematic/history_1/simulation/HSPICE_d_latch_tb/HSPICE/nominal/.bg_measurement_script.tcl sa::_resultsDatabase::saeShellProcessingCompletedProc testSuiteName saeSession4 testbenchName HSPICE_d_latch_tb resultsDir /home/itsupport/simulation/new_dff,d_ff_tb,schematic/history_1/simulation/HSPICE_d_latch_tb/HSPICE/nominal/results testSuiteDir /home/itsupport/simulation/new_dff,d_ff_tb,schematic/history_1/simulation/HSPICE_d_latch_tb/HSPICE/nominal databaseName /home/itsupport/simulation/new_dff,d_ff_tb,schematic/history_1/simulation/HSPICE_d_latch_tb/HSPICE/nominal/resultsDatabase remoteRun {} testbenchId 1 saveImages true
[14:07:54.66] /o saeInterBGSaeShell:  ::sa::_backgroundSaeShell::scriptFinished 0.3 {} sa::_resultsDatabase::saeShellProcessingCompletedProc testSuiteName saeSession4 testbenchName HSPICE_d_latch_tb resultsDir /home/itsupport/simulation/new_dff,d_ff_tb,schematic/history_1/simulation/HSPICE_d_latch_tb/HSPICE/nominal/results testSuiteDir /home/itsupport/simulation/new_dff,d_ff_tb,schematic/history_1/simulation/HSPICE_d_latch_tb/HSPICE/nominal databaseName /home/itsupport/simulation/new_dff,d_ff_tb,schematic/history_1/simulation/HSPICE_d_latch_tb/HSPICE/nominal/resultsDatabase remoteRun {} testbenchId 1 saveImages true
[14:07:54.66] /o false
[14:09:49.45] /i ::sa::_backgroundSaeShell::runScript /home/itsupport/simulation/new_dff,d_ff_tb,schematic/history_1/simulation/HSPICE_d_latch_tb/HSPICE/nominal/.bg_measurement_script.tcl sa::_resultsDatabase::saeShellProcessingCompletedProc testSuiteName saeSession4 testbenchName HSPICE_d_latch_tb resultsDir /home/itsupport/simulation/new_dff,d_ff_tb,schematic/history_1/simulation/HSPICE_d_latch_tb/HSPICE/nominal/results testSuiteDir /home/itsupport/simulation/new_dff,d_ff_tb,schematic/history_1/simulation/HSPICE_d_latch_tb/HSPICE/nominal databaseName /home/itsupport/simulation/new_dff,d_ff_tb,schematic/history_1/simulation/HSPICE_d_latch_tb/HSPICE/nominal/resultsDatabase remoteRun {} testbenchId 1 saveImages true
[14:09:49.82] /o saeInterBGSaeShell:  ::sa::_backgroundSaeShell::scriptFinished 0.3 {} sa::_resultsDatabase::saeShellProcessingCompletedProc testSuiteName saeSession4 testbenchName HSPICE_d_latch_tb resultsDir /home/itsupport/simulation/new_dff,d_ff_tb,schematic/history_1/simulation/HSPICE_d_latch_tb/HSPICE/nominal/results testSuiteDir /home/itsupport/simulation/new_dff,d_ff_tb,schematic/history_1/simulation/HSPICE_d_latch_tb/HSPICE/nominal databaseName /home/itsupport/simulation/new_dff,d_ff_tb,schematic/history_1/simulation/HSPICE_d_latch_tb/HSPICE/nominal/resultsDatabase remoteRun {} testbenchId 1 saveImages true
[14:09:49.82] /o false
[14:12:01.81] /i ::sa::_backgroundSaeShell::runScript /home/itsupport/simulation/new_dff,d_ff_tb,schematic/history_1/simulation/HSPICE_d_latch_tb/HSPICE/nominal/.bg_measurement_script.tcl sa::_resultsDatabase::saeShellProcessingCompletedProc testSuiteName saeSession4 testbenchName HSPICE_d_latch_tb resultsDir /home/itsupport/simulation/new_dff,d_ff_tb,schematic/history_1/simulation/HSPICE_d_latch_tb/HSPICE/nominal/results testSuiteDir /home/itsupport/simulation/new_dff,d_ff_tb,schematic/history_1/simulation/HSPICE_d_latch_tb/HSPICE/nominal databaseName /home/itsupport/simulation/new_dff,d_ff_tb,schematic/history_1/simulation/HSPICE_d_latch_tb/HSPICE/nominal/resultsDatabase remoteRun {} testbenchId 1 saveImages true
[14:12:02.13] /o saeInterBGSaeShell:  ::sa::_backgroundSaeShell::scriptFinished 0.3 {} sa::_resultsDatabase::saeShellProcessingCompletedProc testSuiteName saeSession4 testbenchName HSPICE_d_latch_tb resultsDir /home/itsupport/simulation/new_dff,d_ff_tb,schematic/history_1/simulation/HSPICE_d_latch_tb/HSPICE/nominal/results testSuiteDir /home/itsupport/simulation/new_dff,d_ff_tb,schematic/history_1/simulation/HSPICE_d_latch_tb/HSPICE/nominal databaseName /home/itsupport/simulation/new_dff,d_ff_tb,schematic/history_1/simulation/HSPICE_d_latch_tb/HSPICE/nominal/resultsDatabase remoteRun {} testbenchId 1 saveImages true
[14:12:02.13] /o false
[14:12:09.94] /i ::sa::_backgroundSaeShell::runScript /home/itsupport/simulation/new_dff,d_ff_tb,schematic/history_1/simulation/HSPICE_d_latch_tb/HSPICE/nominal/.bg_measurement_script.tcl sa::_resultsDatabase::saeShellProcessingCompletedProc testSuiteName saeSession4 testbenchName HSPICE_d_latch_tb resultsDir /home/itsupport/simulation/new_dff,d_ff_tb,schematic/history_1/simulation/HSPICE_d_latch_tb/HSPICE/nominal/results testSuiteDir /home/itsupport/simulation/new_dff,d_ff_tb,schematic/history_1/simulation/HSPICE_d_latch_tb/HSPICE/nominal databaseName /home/itsupport/simulation/new_dff,d_ff_tb,schematic/history_1/simulation/HSPICE_d_latch_tb/HSPICE/nominal/resultsDatabase remoteRun {} testbenchId 1 saveImages true
[14:12:10.31] /o saeInterBGSaeShell:  ::sa::_backgroundSaeShell::scriptFinished 0.3 {} sa::_resultsDatabase::saeShellProcessingCompletedProc testSuiteName saeSession4 testbenchName HSPICE_d_latch_tb resultsDir /home/itsupport/simulation/new_dff,d_ff_tb,schematic/history_1/simulation/HSPICE_d_latch_tb/HSPICE/nominal/results testSuiteDir /home/itsupport/simulation/new_dff,d_ff_tb,schematic/history_1/simulation/HSPICE_d_latch_tb/HSPICE/nominal databaseName /home/itsupport/simulation/new_dff,d_ff_tb,schematic/history_1/simulation/HSPICE_d_latch_tb/HSPICE/nominal/resultsDatabase remoteRun {} testbenchId 1 saveImages true
[14:12:10.31] /o false
[14:12:11.37] /i ::sa::_backgroundSaeShell::runScript /home/itsupport/simulation/new_dff,d_ff_tb,schematic/history_1/simulation/HSPICE_d_latch_tb/HSPICE/nominal/.bg_measurement_script.tcl sa::_resultsDatabase::saeShellProcessingCompletedProc testSuiteName saeSession4 testbenchName HSPICE_d_latch_tb resultsDir /home/itsupport/simulation/new_dff,d_ff_tb,schematic/history_1/simulation/HSPICE_d_latch_tb/HSPICE/nominal/results testSuiteDir /home/itsupport/simulation/new_dff,d_ff_tb,schematic/history_1/simulation/HSPICE_d_latch_tb/HSPICE/nominal databaseName /home/itsupport/simulation/new_dff,d_ff_tb,schematic/history_1/simulation/HSPICE_d_latch_tb/HSPICE/nominal/resultsDatabase remoteRun {} testbenchId 1 saveImages true
[14:12:11.74] /o saeInterBGSaeShell:  ::sa::_backgroundSaeShell::scriptFinished 0.3 {} sa::_resultsDatabase::saeShellProcessingCompletedProc testSuiteName saeSession4 testbenchName HSPICE_d_latch_tb resultsDir /home/itsupport/simulation/new_dff,d_ff_tb,schematic/history_1/simulation/HSPICE_d_latch_tb/HSPICE/nominal/results testSuiteDir /home/itsupport/simulation/new_dff,d_ff_tb,schematic/history_1/simulation/HSPICE_d_latch_tb/HSPICE/nominal databaseName /home/itsupport/simulation/new_dff,d_ff_tb,schematic/history_1/simulation/HSPICE_d_latch_tb/HSPICE/nominal/resultsDatabase remoteRun {} testbenchId 1 saveImages true
[14:12:11.74] /o false
[14:12:37.04] /i ::sa::_backgroundSaeShell::runScript /home/itsupport/simulation/new_dff,d_ff_tb,schematic/history_1/simulation/HSPICE_d_latch_tb/HSPICE/nominal/.bg_measurement_script.tcl sa::_resultsDatabase::saeShellProcessingCompletedProc testSuiteName saeSession4 testbenchName HSPICE_d_latch_tb resultsDir /home/itsupport/simulation/new_dff,d_ff_tb,schematic/history_1/simulation/HSPICE_d_latch_tb/HSPICE/nominal/results testSuiteDir /home/itsupport/simulation/new_dff,d_ff_tb,schematic/history_1/simulation/HSPICE_d_latch_tb/HSPICE/nominal databaseName /home/itsupport/simulation/new_dff,d_ff_tb,schematic/history_1/simulation/HSPICE_d_latch_tb/HSPICE/nominal/resultsDatabase remoteRun {} testbenchId 1 saveImages true
[14:12:37.37] /o saeInterBGSaeShell:  ::sa::_backgroundSaeShell::scriptFinished 0.3 {} sa::_resultsDatabase::saeShellProcessingCompletedProc testSuiteName saeSession4 testbenchName HSPICE_d_latch_tb resultsDir /home/itsupport/simulation/new_dff,d_ff_tb,schematic/history_1/simulation/HSPICE_d_latch_tb/HSPICE/nominal/results testSuiteDir /home/itsupport/simulation/new_dff,d_ff_tb,schematic/history_1/simulation/HSPICE_d_latch_tb/HSPICE/nominal databaseName /home/itsupport/simulation/new_dff,d_ff_tb,schematic/history_1/simulation/HSPICE_d_latch_tb/HSPICE/nominal/resultsDatabase remoteRun {} testbenchId 1 saveImages true
[14:12:37.37] /o false
[14:12:46.07] /i ::sa::_backgroundSaeShell::runScript /home/itsupport/simulation/new_dff,d_ff_tb,schematic/history_1/simulation/HSPICE_d_latch_tb/HSPICE/nominal/.bg_measurement_script.tcl sa::_resultsDatabase::saeShellProcessingCompletedProc testSuiteName saeSession4 testbenchName HSPICE_d_latch_tb resultsDir /home/itsupport/simulation/new_dff,d_ff_tb,schematic/history_1/simulation/HSPICE_d_latch_tb/HSPICE/nominal/results testSuiteDir /home/itsupport/simulation/new_dff,d_ff_tb,schematic/history_1/simulation/HSPICE_d_latch_tb/HSPICE/nominal databaseName /home/itsupport/simulation/new_dff,d_ff_tb,schematic/history_1/simulation/HSPICE_d_latch_tb/HSPICE/nominal/resultsDatabase remoteRun {} testbenchId 1 saveImages true
[14:12:46.40] /o saeInterBGSaeShell:  ::sa::_backgroundSaeShell::scriptFinished 0.3 {} sa::_resultsDatabase::saeShellProcessingCompletedProc testSuiteName saeSession4 testbenchName HSPICE_d_latch_tb resultsDir /home/itsupport/simulation/new_dff,d_ff_tb,schematic/history_1/simulation/HSPICE_d_latch_tb/HSPICE/nominal/results testSuiteDir /home/itsupport/simulation/new_dff,d_ff_tb,schematic/history_1/simulation/HSPICE_d_latch_tb/HSPICE/nominal databaseName /home/itsupport/simulation/new_dff,d_ff_tb,schematic/history_1/simulation/HSPICE_d_latch_tb/HSPICE/nominal/resultsDatabase remoteRun {} testbenchId 1 saveImages true
[14:12:46.40] /o false
[14:13:07.16] /i ::sa::_backgroundSaeShell::runScript /home/itsupport/simulation/new_dff,d_ff_tb,schematic/history_1/simulation/HSPICE_d_latch_tb/HSPICE/nominal/.bg_measurement_script.tcl sa::_resultsDatabase::saeShellProcessingCompletedProc testSuiteName saeSession4 testbenchName HSPICE_d_latch_tb resultsDir /home/itsupport/simulation/new_dff,d_ff_tb,schematic/history_1/simulation/HSPICE_d_latch_tb/HSPICE/nominal/results testSuiteDir /home/itsupport/simulation/new_dff,d_ff_tb,schematic/history_1/simulation/HSPICE_d_latch_tb/HSPICE/nominal databaseName /home/itsupport/simulation/new_dff,d_ff_tb,schematic/history_1/simulation/HSPICE_d_latch_tb/HSPICE/nominal/resultsDatabase remoteRun {} testbenchId 1 saveImages true
[14:13:07.48] /o saeInterBGSaeShell:  ::sa::_backgroundSaeShell::scriptFinished 0.3 {} sa::_resultsDatabase::saeShellProcessingCompletedProc testSuiteName saeSession4 testbenchName HSPICE_d_latch_tb resultsDir /home/itsupport/simulation/new_dff,d_ff_tb,schematic/history_1/simulation/HSPICE_d_latch_tb/HSPICE/nominal/results testSuiteDir /home/itsupport/simulation/new_dff,d_ff_tb,schematic/history_1/simulation/HSPICE_d_latch_tb/HSPICE/nominal databaseName /home/itsupport/simulation/new_dff,d_ff_tb,schematic/history_1/simulation/HSPICE_d_latch_tb/HSPICE/nominal/resultsDatabase remoteRun {} testbenchId 1 saveImages true
[14:13:07.48] /o false
[14:18:08.39] /o saeInterBGSaeShell:  ::sa::_backgroundSaeShell::pingBack
[14:18:08.42] /i ::sa::_backgroundSaeShell::parentRunning
[14:18:08.42] /o 1779607088
[14:18:12.41] /m Information: Stopped sharing "Custom WaveView" license. (WAVEFORM-111)
[14:23:09.40] /o saeInterBGSaeShell:  ::sa::_backgroundSaeShell::pingBack
[14:23:09.42] /i ::sa::_backgroundSaeShell::parentRunning
[14:23:09.42] /o 1779607389
