[15:54:04.69] /m Information: License 'SAE' checked out. (LICENSE-003)
[15:54:05.74] /o sae_shell Version Custom Compiler N-2017.12-SP1-2
              /c Build  (OPT) compiled on Wed May 16 15:20:56 2018 for RHEL64 6.6
              /c Execution time: Mon May 18 15:54:03 2026
              /c Host: localhost.localdomain
              /c 
              /c Copyright © 2004-2018 Synopsys, Inc.
              /c This software and the associated documentation are proprietary to Synopsys, Inc. This software may only be used in accordance with the terms and conditions of a written license agreement with Synopsys, Inc. All other use, reproduction, or distribution of this software is strictly prohibited.
              /c 
              /c 
[15:54:05.75] /w Warning: Preference 'leActiveLPP' is deprecated and scheduled for removal in a future release with no replacement. For migration assistance, see the Custom Compiler Tcl Reference Manual. (PREFERENCE-058)
[15:54:05.75] /o 	#######################################
[15:54:05.75] /o 	PDK Library Name	: reference90RF
[15:54:05.75] /o 	PDK Version		: 2.0
[15:54:05.75] /o 	PDK Release Date	: 25-March-2010 
[15:54:05.75] /o 	#######################################
[15:54:05.75] /o 
[15:54:05.76] /i ::sa::_backgroundSaeShell::signalProcessReady 1779094443
[15:54:05.76] /o saeInterBGSaeShell:  ::sa::_backgroundSaeShell::processReady 2
[15:54:08.60] /i ::wf::viewerExited
[15:54:30.30] /i ::wf::viewerExited
[15:54:36.88] /i ::sa::_backgroundSaeShell::exit
[15:54:36.88] /o saeInterBGSaeShell:  ::sa::_backgroundSaeShell::childFormallyExiting
