[05:20:46.79] /m Information: License 'SAE' checked out. (LICENSE-003)
[05:20:48.09] /o sae_shell Version Custom Compiler N-2017.12-SP1-2
              /c Build  (OPT) compiled on Wed May 16 15:20:56 2018 for RHEL64 6.6
              /c Execution time: Wed May 20 05:20:45 2026
              /c Host: localhost.localdomain
              /c 
              /c Copyright © 2004-2018 Synopsys, Inc.
              /c This software and the associated documentation are proprietary to Synopsys, Inc. This software may only be used in accordance with the terms and conditions of a written license agreement with Synopsys, Inc. All other use, reproduction, or distribution of this software is strictly prohibited.
              /c 
              /c 
[05:20:48.14] /w Warning: Preference 'leActiveLPP' is deprecated and scheduled for removal in a future release with no replacement. For migration assistance, see the Custom Compiler Tcl Reference Manual. (PREFERENCE-058)
[05:20:48.14] /o 	#######################################
[05:20:48.14] /o 	PDK Library Name	: reference90RF
[05:20:48.14] /o 	PDK Version		: 2.0
[05:20:48.14] /o 	PDK Release Date	: 25-March-2010 
[05:20:48.14] /o 	#######################################
[05:20:48.14] /o 
[05:20:48.15] /i ::sa::_backgroundSaeShell::signalProcessReady 1779229244
[05:20:48.15] /o saeInterBGSaeShell:  ::sa::_backgroundSaeShell::processReady 4
[05:22:11.60] /i ::sa::_backgroundSaeShell::runScript /home/itsupport/simulation/inverter,FA_1bit_tb,config/history_1/simulation/default/HSPICE/nominal/.bg_measurement_script.tcl sa::_resultsDatabase::saeShellProcessingCompletedProc testSuiteName saeSession0 testbenchName default resultsDir /home/itsupport/simulation/inverter,FA_1bit_tb,config/history_1/simulation/default/HSPICE/nominal/results testSuiteDir /home/itsupport/simulation/inverter,FA_1bit_tb,config/history_1/simulation/default/HSPICE/nominal databaseName /home/itsupport/simulation/inverter,FA_1bit_tb,config/history_1/simulation/default/HSPICE/nominal/resultsDatabase remoteRun {} testbenchId 1 saveImages true
[05:22:12.30] /m Information: Started sharing "Custom WaveView" license. (WAVEFORM-110)
[05:22:12.44] /o saeInterBGSaeShell:  ::sa::_backgroundSaeShell::scriptFinished 0.8 {} sa::_resultsDatabase::saeShellProcessingCompletedProc testSuiteName saeSession0 testbenchName default resultsDir /home/itsupport/simulation/inverter,FA_1bit_tb,config/history_1/simulation/default/HSPICE/nominal/results testSuiteDir /home/itsupport/simulation/inverter,FA_1bit_tb,config/history_1/simulation/default/HSPICE/nominal databaseName /home/itsupport/simulation/inverter,FA_1bit_tb,config/history_1/simulation/default/HSPICE/nominal/resultsDatabase remoteRun {} testbenchId 1 saveImages true
[05:22:12.44] /o false
[05:24:17.75] /i ::sa::_backgroundSaeShell::runScript /home/itsupport/simulation/inverter,FA_1bit_tb,config/history_1/simulation/default/HSPICE/nominal/.bg_measurement_script.tcl sa::_resultsDatabase::saeShellProcessingCompletedProc testSuiteName saeSession0 testbenchName default resultsDir /home/itsupport/simulation/inverter,FA_1bit_tb,config/history_1/simulation/default/HSPICE/nominal/results testSuiteDir /home/itsupport/simulation/inverter,FA_1bit_tb,config/history_1/simulation/default/HSPICE/nominal databaseName /home/itsupport/simulation/inverter,FA_1bit_tb,config/history_1/simulation/default/HSPICE/nominal/resultsDatabase remoteRun {} testbenchId 1 saveImages true
[05:24:18.03] /o saeInterBGSaeShell:  ::sa::_backgroundSaeShell::scriptFinished 0.2 {} sa::_resultsDatabase::saeShellProcessingCompletedProc testSuiteName saeSession0 testbenchName default resultsDir /home/itsupport/simulation/inverter,FA_1bit_tb,config/history_1/simulation/default/HSPICE/nominal/results testSuiteDir /home/itsupport/simulation/inverter,FA_1bit_tb,config/history_1/simulation/default/HSPICE/nominal databaseName /home/itsupport/simulation/inverter,FA_1bit_tb,config/history_1/simulation/default/HSPICE/nominal/resultsDatabase remoteRun {} testbenchId 1 saveImages true
[05:24:18.03] /o false
[05:26:48.35] /i ::wf::viewerExited
[05:27:04.92] /i ::sa::_backgroundSaeShell::runScript /home/itsupport/simulation/inverter,FA_1bit_tb,config/history_1/simulation/default/HSPICE/nominal/.bg_measurement_script.tcl sa::_resultsDatabase::saeShellProcessingCompletedProc testSuiteName saeSession0 testbenchName default resultsDir /home/itsupport/simulation/inverter,FA_1bit_tb,config/history_1/simulation/default/HSPICE/nominal/results testSuiteDir /home/itsupport/simulation/inverter,FA_1bit_tb,config/history_1/simulation/default/HSPICE/nominal databaseName /home/itsupport/simulation/inverter,FA_1bit_tb,config/history_1/simulation/default/HSPICE/nominal/resultsDatabase remoteRun {} testbenchId 1 saveImages true
[05:27:05.19] /o saeInterBGSaeShell:  ::sa::_backgroundSaeShell::scriptFinished 0.2 {} sa::_resultsDatabase::saeShellProcessingCompletedProc testSuiteName saeSession0 testbenchName default resultsDir /home/itsupport/simulation/inverter,FA_1bit_tb,config/history_1/simulation/default/HSPICE/nominal/results testSuiteDir /home/itsupport/simulation/inverter,FA_1bit_tb,config/history_1/simulation/default/HSPICE/nominal databaseName /home/itsupport/simulation/inverter,FA_1bit_tb,config/history_1/simulation/default/HSPICE/nominal/resultsDatabase remoteRun {} testbenchId 1 saveImages true
[05:27:05.19] /o false
[05:27:48.34] /i ::sa::_backgroundSaeShell::runScript /home/itsupport/simulation/inverter,FA_1bit_tb,config/history_1/simulation/default/HSPICE/nominal/.bg_measurement_script.tcl sa::_resultsDatabase::saeShellProcessingCompletedProc testSuiteName saeSession0 testbenchName default resultsDir /home/itsupport/simulation/inverter,FA_1bit_tb,config/history_1/simulation/default/HSPICE/nominal/results testSuiteDir /home/itsupport/simulation/inverter,FA_1bit_tb,config/history_1/simulation/default/HSPICE/nominal databaseName /home/itsupport/simulation/inverter,FA_1bit_tb,config/history_1/simulation/default/HSPICE/nominal/resultsDatabase remoteRun {} testbenchId 1 saveImages true
[05:27:48.61] /o saeInterBGSaeShell:  ::sa::_backgroundSaeShell::scriptFinished 0.2 {} sa::_resultsDatabase::saeShellProcessingCompletedProc testSuiteName saeSession0 testbenchName default resultsDir /home/itsupport/simulation/inverter,FA_1bit_tb,config/history_1/simulation/default/HSPICE/nominal/results testSuiteDir /home/itsupport/simulation/inverter,FA_1bit_tb,config/history_1/simulation/default/HSPICE/nominal databaseName /home/itsupport/simulation/inverter,FA_1bit_tb,config/history_1/simulation/default/HSPICE/nominal/resultsDatabase remoteRun {} testbenchId 1 saveImages true
[05:27:48.61] /o false
[05:27:53.66] /i ::wf::viewerExited
[05:28:47.53] /i ::sa::_backgroundSaeShell::runScript /home/itsupport/simulation/inverter,FA_1bit_tb,config/history_1/simulation/default/HSPICE/nominal/.bg_measurement_script.tcl sa::_resultsDatabase::saeShellProcessingCompletedProc testSuiteName saeSession0 testbenchName default resultsDir /home/itsupport/simulation/inverter,FA_1bit_tb,config/history_1/simulation/default/HSPICE/nominal/results testSuiteDir /home/itsupport/simulation/inverter,FA_1bit_tb,config/history_1/simulation/default/HSPICE/nominal databaseName /home/itsupport/simulation/inverter,FA_1bit_tb,config/history_1/simulation/default/HSPICE/nominal/resultsDatabase remoteRun {} testbenchId 1 saveImages true
[05:28:47.79] /o saeInterBGSaeShell:  ::sa::_backgroundSaeShell::scriptFinished 0.2 {} sa::_resultsDatabase::saeShellProcessingCompletedProc testSuiteName saeSession0 testbenchName default resultsDir /home/itsupport/simulation/inverter,FA_1bit_tb,config/history_1/simulation/default/HSPICE/nominal/results testSuiteDir /home/itsupport/simulation/inverter,FA_1bit_tb,config/history_1/simulation/default/HSPICE/nominal databaseName /home/itsupport/simulation/inverter,FA_1bit_tb,config/history_1/simulation/default/HSPICE/nominal/resultsDatabase remoteRun {} testbenchId 1 saveImages true
[05:28:47.79] /o false
[05:31:02.05] /i ::sa::_backgroundSaeShell::runScript /home/itsupport/simulation/inverter,FA_1bit_tb,config/history_1/simulation/default/HSPICE/nominal/.bg_measurement_script.tcl sa::_resultsDatabase::saeShellProcessingCompletedProc testSuiteName saeSession0 testbenchName default resultsDir /home/itsupport/simulation/inverter,FA_1bit_tb,config/history_1/simulation/default/HSPICE/nominal/results testSuiteDir /home/itsupport/simulation/inverter,FA_1bit_tb,config/history_1/simulation/default/HSPICE/nominal databaseName /home/itsupport/simulation/inverter,FA_1bit_tb,config/history_1/simulation/default/HSPICE/nominal/resultsDatabase remoteRun {} testbenchId 1 saveImages true
[05:31:02.34] /o saeInterBGSaeShell:  ::sa::_backgroundSaeShell::scriptFinished 0.2 {} sa::_resultsDatabase::saeShellProcessingCompletedProc testSuiteName saeSession0 testbenchName default resultsDir /home/itsupport/simulation/inverter,FA_1bit_tb,config/history_1/simulation/default/HSPICE/nominal/results testSuiteDir /home/itsupport/simulation/inverter,FA_1bit_tb,config/history_1/simulation/default/HSPICE/nominal databaseName /home/itsupport/simulation/inverter,FA_1bit_tb,config/history_1/simulation/default/HSPICE/nominal/resultsDatabase remoteRun {} testbenchId 1 saveImages true
[05:31:02.34] /o false
[05:31:07.05] /i ::wf::viewerExited
[05:31:12.59] /i ::sa::_backgroundSaeShell::exit
[05:31:12.59] /o saeInterBGSaeShell:  ::sa::_backgroundSaeShell::childFormallyExiting
