[22:06:02.05] /m Information: License 'SAE' checked out. (LICENSE-003)
[22:06:03.43] /o sae_shell Version Custom Compiler N-2017.12-SP1-2
              /c Build  (OPT) compiled on Wed May 16 15:20:56 2018 for RHEL64 6.6
              /c Execution time: Thu May 21 22:06:00 2026
              /c Host: localhost.localdomain
              /c 
              /c Copyright © 2004-2018 Synopsys, Inc.
              /c This software and the associated documentation are proprietary to Synopsys, Inc. This software may only be used in accordance with the terms and conditions of a written license agreement with Synopsys, Inc. All other use, reproduction, or distribution of this software is strictly prohibited.
              /c 
              /c 
[22:06:03.44] /w Warning: Preference 'leActiveLPP' is deprecated and scheduled for removal in a future release with no replacement. For migration assistance, see the Custom Compiler Tcl Reference Manual. (PREFERENCE-058)
[22:06:03.44] /o 	#######################################
[22:06:03.44] /o 	PDK Library Name	: reference90RF
[22:06:03.44] /o 	PDK Version		: 2.0
[22:06:03.44] /o 	PDK Release Date	: 25-March-2010 
[22:06:03.44] /o 	#######################################
[22:06:03.44] /o 
[22:06:03.45] /i ::sa::_backgroundSaeShell::signalProcessReady 1779375960
[22:06:03.45] /o saeInterBGSaeShell:  ::sa::_backgroundSaeShell::processReady 3
[22:07:44.63] /i ::sa::_backgroundSaeShell::runScript /home/itsupport/simulation/project_d_ff,tb_d_latch,schematic/history_1/simulation/HSPICE_inv_store/HSPICE/nominal/.bg_measurement_script.tcl sa::_resultsDatabase::saeShellProcessingCompletedProc testSuiteName saeSession1 testbenchName HSPICE_inv_store resultsDir /home/itsupport/simulation/project_d_ff,tb_d_latch,schematic/history_1/simulation/HSPICE_inv_store/HSPICE/nominal/results testSuiteDir /home/itsupport/simulation/project_d_ff,tb_d_latch,schematic/history_1/simulation/HSPICE_inv_store/HSPICE/nominal databaseName /home/itsupport/simulation/project_d_ff,tb_d_latch,schematic/history_1/simulation/HSPICE_inv_store/HSPICE/nominal/resultsDatabase remoteRun {} testbenchId 1 saveImages true
[22:07:45.10] /m Information: Started sharing "Custom WaveView" license. (WAVEFORM-110)
[22:07:45.22] /o saeInterBGSaeShell:  ::sa::_backgroundSaeShell::scriptFinished 0.5 {} sa::_resultsDatabase::saeShellProcessingCompletedProc testSuiteName saeSession1 testbenchName HSPICE_inv_store resultsDir /home/itsupport/simulation/project_d_ff,tb_d_latch,schematic/history_1/simulation/HSPICE_inv_store/HSPICE/nominal/results testSuiteDir /home/itsupport/simulation/project_d_ff,tb_d_latch,schematic/history_1/simulation/HSPICE_inv_store/HSPICE/nominal databaseName /home/itsupport/simulation/project_d_ff,tb_d_latch,schematic/history_1/simulation/HSPICE_inv_store/HSPICE/nominal/resultsDatabase remoteRun {} testbenchId 1 saveImages true
[22:07:45.22] /o false
[22:08:04.85] /i ::wf::viewerExited
[22:08:20.42] /i ::sa::_backgroundSaeShell::exit
[22:08:20.42] /o saeInterBGSaeShell:  ::sa::_backgroundSaeShell::childFormallyExiting
