[19:33:58.36] /m Information: License 'SAE' checked out. (LICENSE-003)
[19:33:59.40] /o sae_shell Version Custom Compiler N-2017.12-SP1-2
              /c Build  (OPT) compiled on Wed May 16 15:20:56 2018 for RHEL64 6.6
              /c Execution time: Mon Apr 13 19:33:57 2026
              /c Host: localhost.localdomain
              /c 
              /c Copyright © 2004-2018 Synopsys, Inc.
              /c This software and the associated documentation are proprietary to Synopsys, Inc. This software may only be used in accordance with the terms and conditions of a written license agreement with Synopsys, Inc. All other use, reproduction, or distribution of this software is strictly prohibited.
              /c 
              /c 
[19:33:59.41] /w Warning: Preference 'leActiveLPP' is deprecated and scheduled for removal in a future release with no replacement. For migration assistance, see the Custom Compiler Tcl Reference Manual. (PREFERENCE-058)
[19:33:59.41] /o 	#######################################
[19:33:59.41] /o 	PDK Library Name	: reference90RF
[19:33:59.41] /o 	PDK Version		: 2.0
[19:33:59.41] /o 	PDK Release Date	: 25-March-2010 
[19:33:59.41] /o 	#######################################
[19:33:59.41] /o 
[19:33:59.42] /i ::sa::_backgroundSaeShell::signalProcessReady 1776083637
[19:33:59.42] /o saeInterBGSaeShell:  ::sa::_backgroundSaeShell::processReady 2
[19:34:27.29] /i ::sa::_backgroundSaeShell::runScript /home/itsupport/simulation/inverter,tb_inv,schematic/history_1/simulation/HSPICE_default/HSPICE/nominal/.bg_measurement_script.tcl sa::_resultsDatabase::saeShellProcessingCompletedProc testSuiteName saeSession2 testbenchName HSPICE_default resultsDir /home/itsupport/simulation/inverter,tb_inv,schematic/history_1/simulation/HSPICE_default/HSPICE/nominal/results testSuiteDir /home/itsupport/simulation/inverter,tb_inv,schematic/history_1/simulation/HSPICE_default/HSPICE/nominal databaseName /home/itsupport/simulation/inverter,tb_inv,schematic/history_1/simulation/HSPICE_default/HSPICE/nominal/resultsDatabase remoteRun {} testbenchId 1 saveImages true
[19:34:27.61] /m Information: Started sharing "Custom WaveView" license. (WAVEFORM-110)
[19:34:27.62] /e Error: Evaluating 'v(/net20)': "Could not find net named: net20" (HIERARCHY_COMMANDS-007)
[19:34:27.71] /o saeInterBGSaeShell:  ::sa::_backgroundSaeShell::scriptFinished 0.4 {} sa::_resultsDatabase::saeShellProcessingCompletedProc testSuiteName saeSession2 testbenchName HSPICE_default resultsDir /home/itsupport/simulation/inverter,tb_inv,schematic/history_1/simulation/HSPICE_default/HSPICE/nominal/results testSuiteDir /home/itsupport/simulation/inverter,tb_inv,schematic/history_1/simulation/HSPICE_default/HSPICE/nominal databaseName /home/itsupport/simulation/inverter,tb_inv,schematic/history_1/simulation/HSPICE_default/HSPICE/nominal/resultsDatabase remoteRun {} testbenchId 1 saveImages true
[19:34:27.71] /o false
[19:34:34.51] /i ::wf::viewerExited
[19:34:53.02] /i ::sa::_backgroundSaeShell::runScript /home/itsupport/simulation/inverter,tb_inv,schematic/history_1/simulation/HSPICE_default/HSPICE/nominal/.bg_measurement_script.tcl sa::_resultsDatabase::saeShellProcessingCompletedProc testSuiteName saeSession2 testbenchName HSPICE_default resultsDir /home/itsupport/simulation/inverter,tb_inv,schematic/history_1/simulation/HSPICE_default/HSPICE/nominal/results testSuiteDir /home/itsupport/simulation/inverter,tb_inv,schematic/history_1/simulation/HSPICE_default/HSPICE/nominal databaseName /home/itsupport/simulation/inverter,tb_inv,schematic/history_1/simulation/HSPICE_default/HSPICE/nominal/resultsDatabase remoteRun {} testbenchId 1 saveImages true
[19:34:53.23] /e Error: Evaluating 'v(/net20)': "Could not find net named: net20" (HIERARCHY_COMMANDS-007)
[19:34:53.30] /o saeInterBGSaeShell:  ::sa::_backgroundSaeShell::scriptFinished 0.2 {} sa::_resultsDatabase::saeShellProcessingCompletedProc testSuiteName saeSession2 testbenchName HSPICE_default resultsDir /home/itsupport/simulation/inverter,tb_inv,schematic/history_1/simulation/HSPICE_default/HSPICE/nominal/results testSuiteDir /home/itsupport/simulation/inverter,tb_inv,schematic/history_1/simulation/HSPICE_default/HSPICE/nominal databaseName /home/itsupport/simulation/inverter,tb_inv,schematic/history_1/simulation/HSPICE_default/HSPICE/nominal/resultsDatabase remoteRun {} testbenchId 1 saveImages true
[19:34:53.30] /o false
[19:35:08.72] /i ::wf::viewerExited
[19:35:24.29] /i ::sa::_backgroundSaeShell::runScript /home/itsupport/simulation/inverter,tb_inv,schematic/history_1/simulation/HSPICE_default/HSPICE/nominal/.bg_measurement_script.tcl sa::_resultsDatabase::saeShellProcessingCompletedProc testSuiteName saeSession2 testbenchName HSPICE_default resultsDir /home/itsupport/simulation/inverter,tb_inv,schematic/history_1/simulation/HSPICE_default/HSPICE/nominal/results testSuiteDir /home/itsupport/simulation/inverter,tb_inv,schematic/history_1/simulation/HSPICE_default/HSPICE/nominal databaseName /home/itsupport/simulation/inverter,tb_inv,schematic/history_1/simulation/HSPICE_default/HSPICE/nominal/resultsDatabase remoteRun {} testbenchId 1 saveImages true
[19:35:24.46] /e Error: Evaluating 'v(/net20)': "Could not find net named: net20" (HIERARCHY_COMMANDS-007)
[19:35:24.53] /o saeInterBGSaeShell:  ::sa::_backgroundSaeShell::scriptFinished 0.2 {} sa::_resultsDatabase::saeShellProcessingCompletedProc testSuiteName saeSession2 testbenchName HSPICE_default resultsDir /home/itsupport/simulation/inverter,tb_inv,schematic/history_1/simulation/HSPICE_default/HSPICE/nominal/results testSuiteDir /home/itsupport/simulation/inverter,tb_inv,schematic/history_1/simulation/HSPICE_default/HSPICE/nominal databaseName /home/itsupport/simulation/inverter,tb_inv,schematic/history_1/simulation/HSPICE_default/HSPICE/nominal/resultsDatabase remoteRun {} testbenchId 1 saveImages true
[19:35:24.53] /o false
[19:38:34.17] /i ::sa::_backgroundSaeShell::exit
[19:38:34.17] /o saeInterBGSaeShell:  ::sa::_backgroundSaeShell::childFormallyExiting
