[22:55:20.95] /m Information: License 'SAE' checked out. (LICENSE-003)
[22:55:22.09] /o sae_shell Version Custom Compiler N-2017.12-SP1-2
              /c Build  (OPT) compiled on Wed May 16 15:20:56 2018 for RHEL64 6.6
              /c Execution time: Sat May 23 22:55:20 2026
              /c Host: localhost.localdomain
              /c 
              /c Copyright © 2004-2018 Synopsys, Inc.
              /c This software and the associated documentation are proprietary to Synopsys, Inc. This software may only be used in accordance with the terms and conditions of a written license agreement with Synopsys, Inc. All other use, reproduction, or distribution of this software is strictly prohibited.
              /c 
              /c 
[22:55:22.10] /w Warning: Preference 'leActiveLPP' is deprecated and scheduled for removal in a future release with no replacement. For migration assistance, see the Custom Compiler Tcl Reference Manual. (PREFERENCE-058)
[22:55:22.10] /o 	#######################################
[22:55:22.10] /o 	PDK Library Name	: reference90RF
[22:55:22.10] /o 	PDK Version		: 2.0
[22:55:22.10] /o 	PDK Release Date	: 25-March-2010 
[22:55:22.10] /o 	#######################################
[22:55:22.10] /o 
[22:55:22.11] /i ::sa::_backgroundSaeShell::signalProcessReady 1779551719
[22:55:22.11] /o saeInterBGSaeShell:  ::sa::_backgroundSaeShell::processReady 3
[22:58:40.11] /i ::sa::_backgroundSaeShell::exit
[22:58:40.12] /o saeInterBGSaeShell:  ::sa::_backgroundSaeShell::childFormallyExiting
