[21:32:38.74] /m Information: License 'SAE' checked out. (LICENSE-003)
[21:32:40.45] /o sae_shell Version Custom Compiler N-2017.12-SP1-2
              /c Build  (OPT) compiled on Wed May 16 15:20:56 2018 for RHEL64 6.6
              /c Execution time: Fri May 22 21:32:37 2026
              /c Host: localhost.localdomain
              /c 
              /c Copyright © 2004-2018 Synopsys, Inc.
              /c This software and the associated documentation are proprietary to Synopsys, Inc. This software may only be used in accordance with the terms and conditions of a written license agreement with Synopsys, Inc. All other use, reproduction, or distribution of this software is strictly prohibited.
              /c 
              /c 
[21:32:40.46] /w Warning: Preference 'leActiveLPP' is deprecated and scheduled for removal in a future release with no replacement. For migration assistance, see the Custom Compiler Tcl Reference Manual. (PREFERENCE-058)
[21:32:40.46] /o 	#######################################
[21:32:40.46] /o 	PDK Library Name	: reference90RF
[21:32:40.46] /o 	PDK Version		: 2.0
[21:32:40.46] /o 	PDK Release Date	: 25-March-2010 
[21:32:40.46] /o 	#######################################
[21:32:40.46] /o 
[21:32:40.47] /i ::sa::_backgroundSaeShell::signalProcessReady 1779460357
[21:32:40.47] /o saeInterBGSaeShell:  ::sa::_backgroundSaeShell::processReady 3
[21:33:57.42] /i ::wf::viewerExited
[21:37:41.49] /o saeInterBGSaeShell:  ::sa::_backgroundSaeShell::pingBack
[21:37:41.50] /i ::sa::_backgroundSaeShell::parentRunning
[21:37:41.50] /o 1779460661
[21:42:42.49] /o saeInterBGSaeShell:  ::sa::_backgroundSaeShell::pingBack
[21:42:42.60] /i ::sa::_backgroundSaeShell::parentRunning
[21:42:42.60] /o 1779460962
[21:47:43.51] /o saeInterBGSaeShell:  ::sa::_backgroundSaeShell::pingBack
[21:47:43.60] /i ::sa::_backgroundSaeShell::parentRunning
[21:47:43.60] /o 1779461263
[21:48:45.09] /i ::wf::viewerExited
[21:52:44.52] /o saeInterBGSaeShell:  ::sa::_backgroundSaeShell::pingBack
[21:52:44.60] /i ::sa::_backgroundSaeShell::parentRunning
[21:52:44.60] /o 1779461564
[21:53:56.80] /i ::wf::viewerExited
[21:57:45.54] /o saeInterBGSaeShell:  ::sa::_backgroundSaeShell::pingBack
[21:57:45.60] /i ::sa::_backgroundSaeShell::parentRunning
[21:57:45.60] /o 1779461865
[22:02:14.20] /i ::wf::viewerExited
[22:02:46.55] /o saeInterBGSaeShell:  ::sa::_backgroundSaeShell::pingBack
[22:02:46.60] /i ::sa::_backgroundSaeShell::parentRunning
[22:02:46.60] /o 1779462166
[22:04:35.80] /i ::wf::viewerExited
[22:07:46.00] /i ::wf::viewerExited
[22:07:47.56] /o saeInterBGSaeShell:  ::sa::_backgroundSaeShell::pingBack
[22:07:47.60] /i ::sa::_backgroundSaeShell::parentRunning
[22:07:47.60] /o 1779462467
[22:11:57.39] /i ::wf::viewerExited
[22:12:48.56] /o saeInterBGSaeShell:  ::sa::_backgroundSaeShell::pingBack
[22:12:48.60] /i ::sa::_backgroundSaeShell::parentRunning
[22:12:48.60] /o 1779462768
[22:17:49.57] /o saeInterBGSaeShell:  ::sa::_backgroundSaeShell::pingBack
[22:17:49.60] /i ::sa::_backgroundSaeShell::parentRunning
[22:17:49.60] /o 1779463069
[22:22:50.58] /o saeInterBGSaeShell:  ::sa::_backgroundSaeShell::pingBack
[22:22:50.60] /i ::sa::_backgroundSaeShell::parentRunning
[22:22:50.60] /o 1779463370
[22:27:51.59] /o saeInterBGSaeShell:  ::sa::_backgroundSaeShell::pingBack
[22:27:51.70] /i ::sa::_backgroundSaeShell::parentRunning
[22:27:51.70] /o 1779463671
[22:33:08.11] /o saeInterBGSaeShell:  ::sa::_backgroundSaeShell::pingBack
[22:33:08.16] /i ::sa::_backgroundSaeShell::parentRunning
[22:33:08.16] /o 1779463988
[22:36:16.80] /i ::wf::viewerExited
[22:37:12.57] /i ::sa::_backgroundSaeShell::exit
[22:37:12.58] /o saeInterBGSaeShell:  ::sa::_backgroundSaeShell::childFormallyExiting
