[23:26:43.85] /m Information: License 'SAE' checked out. (LICENSE-003)
[23:26:45.00] /o sae_shell Version Custom Compiler N-2017.12-SP1-2
              /c Build  (OPT) compiled on Wed May 16 15:20:56 2018 for RHEL64 6.6
              /c Execution time: Thu May 21 23:26:42 2026
              /c Host: localhost.localdomain
              /c 
              /c Copyright © 2004-2018 Synopsys, Inc.
              /c This software and the associated documentation are proprietary to Synopsys, Inc. This software may only be used in accordance with the terms and conditions of a written license agreement with Synopsys, Inc. All other use, reproduction, or distribution of this software is strictly prohibited.
              /c 
              /c 
[23:26:45.01] /w Warning: Preference 'leActiveLPP' is deprecated and scheduled for removal in a future release with no replacement. For migration assistance, see the Custom Compiler Tcl Reference Manual. (PREFERENCE-058)
[23:26:45.02] /o 	#######################################
[23:26:45.02] /o 	PDK Library Name	: reference90RF
[23:26:45.02] /o 	PDK Version		: 2.0
[23:26:45.02] /o 	PDK Release Date	: 25-March-2010 
[23:26:45.02] /o 	#######################################
[23:26:45.02] /o 
[23:26:45.02] /i ::sa::_backgroundSaeShell::signalProcessReady 1779380802
[23:26:45.02] /o saeInterBGSaeShell:  ::sa::_backgroundSaeShell::processReady 3
[23:27:15.21] /i ::sa::_backgroundSaeShell::runScript /home/itsupport/simulation/project_d_ff,tb_d_latch_2,schematic/history_1/simulation/default/HSPICE/nominal/.bg_measurement_script.tcl sa::_resultsDatabase::saeShellProcessingCompletedProc testSuiteName saeSession3 testbenchName default resultsDir /home/itsupport/simulation/project_d_ff,tb_d_latch_2,schematic/history_1/simulation/default/HSPICE/nominal/results testSuiteDir /home/itsupport/simulation/project_d_ff,tb_d_latch_2,schematic/history_1/simulation/default/HSPICE/nominal databaseName /home/itsupport/simulation/project_d_ff,tb_d_latch_2,schematic/history_1/simulation/default/HSPICE/nominal/resultsDatabase remoteRun {} testbenchId 1 saveImages true
[23:27:15.56] /m Information: Started sharing "Custom WaveView" license. (WAVEFORM-110)
[23:27:15.71] /o saeInterBGSaeShell:  ::sa::_backgroundSaeShell::scriptFinished 0.5 {} sa::_resultsDatabase::saeShellProcessingCompletedProc testSuiteName saeSession3 testbenchName default resultsDir /home/itsupport/simulation/project_d_ff,tb_d_latch_2,schematic/history_1/simulation/default/HSPICE/nominal/results testSuiteDir /home/itsupport/simulation/project_d_ff,tb_d_latch_2,schematic/history_1/simulation/default/HSPICE/nominal databaseName /home/itsupport/simulation/project_d_ff,tb_d_latch_2,schematic/history_1/simulation/default/HSPICE/nominal/resultsDatabase remoteRun {} testbenchId 1 saveImages true
[23:27:15.71] /o false
[23:32:16.05] /o saeInterBGSaeShell:  ::sa::_backgroundSaeShell::pingBack
[23:32:16.16] /i ::sa::_backgroundSaeShell::parentRunning
[23:32:16.16] /o 1779381136
[23:32:20.45] /m Information: Stopped sharing "Custom WaveView" license. (WAVEFORM-111)
[23:33:34.91] /i ::sa::_backgroundSaeShell::runScript /home/itsupport/simulation/project_d_ff,tb_d_latch_2,schematic/history_1/simulation/default/HSPICE/nominal/.bg_measurement_script.tcl sa::_resultsDatabase::saeShellProcessingCompletedProc testSuiteName saeSession3 testbenchName default resultsDir /home/itsupport/simulation/project_d_ff,tb_d_latch_2,schematic/history_1/simulation/default/HSPICE/nominal/results testSuiteDir /home/itsupport/simulation/project_d_ff,tb_d_latch_2,schematic/history_1/simulation/default/HSPICE/nominal databaseName /home/itsupport/simulation/project_d_ff,tb_d_latch_2,schematic/history_1/simulation/default/HSPICE/nominal/resultsDatabase remoteRun {} testbenchId 1 saveImages true
[23:33:35.19] /m Information: Started sharing "Custom WaveView" license. (WAVEFORM-110)
[23:33:35.27] /o saeInterBGSaeShell:  ::sa::_backgroundSaeShell::scriptFinished 0.3 {} sa::_resultsDatabase::saeShellProcessingCompletedProc testSuiteName saeSession3 testbenchName default resultsDir /home/itsupport/simulation/project_d_ff,tb_d_latch_2,schematic/history_1/simulation/default/HSPICE/nominal/results testSuiteDir /home/itsupport/simulation/project_d_ff,tb_d_latch_2,schematic/history_1/simulation/default/HSPICE/nominal databaseName /home/itsupport/simulation/project_d_ff,tb_d_latch_2,schematic/history_1/simulation/default/HSPICE/nominal/resultsDatabase remoteRun {} testbenchId 1 saveImages true
[23:33:35.27] /o false
[23:34:23.46] /i ::sa::_backgroundSaeShell::runScript /home/itsupport/simulation/project_d_ff,tb_d_latch_2,schematic/history_1/simulation/default/HSPICE/nominal/.bg_measurement_script.tcl sa::_resultsDatabase::saeShellProcessingCompletedProc testSuiteName saeSession3 testbenchName default resultsDir /home/itsupport/simulation/project_d_ff,tb_d_latch_2,schematic/history_1/simulation/default/HSPICE/nominal/results testSuiteDir /home/itsupport/simulation/project_d_ff,tb_d_latch_2,schematic/history_1/simulation/default/HSPICE/nominal databaseName /home/itsupport/simulation/project_d_ff,tb_d_latch_2,schematic/history_1/simulation/default/HSPICE/nominal/resultsDatabase remoteRun {} testbenchId 1 saveImages true
[23:34:23.81] /o saeInterBGSaeShell:  ::sa::_backgroundSaeShell::scriptFinished 0.3 {} sa::_resultsDatabase::saeShellProcessingCompletedProc testSuiteName saeSession3 testbenchName default resultsDir /home/itsupport/simulation/project_d_ff,tb_d_latch_2,schematic/history_1/simulation/default/HSPICE/nominal/results testSuiteDir /home/itsupport/simulation/project_d_ff,tb_d_latch_2,schematic/history_1/simulation/default/HSPICE/nominal databaseName /home/itsupport/simulation/project_d_ff,tb_d_latch_2,schematic/history_1/simulation/default/HSPICE/nominal/resultsDatabase remoteRun {} testbenchId 1 saveImages true
[23:34:23.81] /o false
[23:35:23.06] /i ::sa::_backgroundSaeShell::runScript /home/itsupport/simulation/project_d_ff,tb_d_latch_2,schematic/history_1/simulation/default/HSPICE/nominal/.bg_measurement_script.tcl sa::_resultsDatabase::saeShellProcessingCompletedProc testSuiteName saeSession3 testbenchName default resultsDir /home/itsupport/simulation/project_d_ff,tb_d_latch_2,schematic/history_1/simulation/default/HSPICE/nominal/results testSuiteDir /home/itsupport/simulation/project_d_ff,tb_d_latch_2,schematic/history_1/simulation/default/HSPICE/nominal databaseName /home/itsupport/simulation/project_d_ff,tb_d_latch_2,schematic/history_1/simulation/default/HSPICE/nominal/resultsDatabase remoteRun {} testbenchId 1 saveImages true
[23:35:23.36] /o saeInterBGSaeShell:  ::sa::_backgroundSaeShell::scriptFinished 0.3 {} sa::_resultsDatabase::saeShellProcessingCompletedProc testSuiteName saeSession3 testbenchName default resultsDir /home/itsupport/simulation/project_d_ff,tb_d_latch_2,schematic/history_1/simulation/default/HSPICE/nominal/results testSuiteDir /home/itsupport/simulation/project_d_ff,tb_d_latch_2,schematic/history_1/simulation/default/HSPICE/nominal databaseName /home/itsupport/simulation/project_d_ff,tb_d_latch_2,schematic/history_1/simulation/default/HSPICE/nominal/resultsDatabase remoteRun {} testbenchId 1 saveImages true
[23:35:23.36] /o false
[23:35:59.48] /i ::sa::_backgroundSaeShell::exit
[23:35:59.48] /o saeInterBGSaeShell:  ::sa::_backgroundSaeShell::childFormallyExiting
