[19:24:38.44] /m Information: License 'SAE' checked out. (LICENSE-003)
[19:24:39.59] /o sae_shell Version Custom Compiler N-2017.12-SP1-2
              /c Build  (OPT) compiled on Wed May 16 15:20:56 2018 for RHEL64 6.6
              /c Execution time: Tue May 19 19:24:37 2026
              /c Host: localhost.localdomain
              /c 
              /c Copyright © 2004-2018 Synopsys, Inc.
              /c This software and the associated documentation are proprietary to Synopsys, Inc. This software may only be used in accordance with the terms and conditions of a written license agreement with Synopsys, Inc. All other use, reproduction, or distribution of this software is strictly prohibited.
              /c 
              /c 
[19:24:39.60] /w Warning: Preference 'leActiveLPP' is deprecated and scheduled for removal in a future release with no replacement. For migration assistance, see the Custom Compiler Tcl Reference Manual. (PREFERENCE-058)
[19:24:39.60] /o 	#######################################
[19:24:39.60] /o 	PDK Library Name	: reference90RF
[19:24:39.60] /o 	PDK Version		: 2.0
[19:24:39.60] /o 	PDK Release Date	: 25-March-2010 
[19:24:39.60] /o 	#######################################
[19:24:39.60] /o 
[19:24:39.61] /i ::sa::_backgroundSaeShell::signalProcessReady 1779193476
[19:24:39.61] /o saeInterBGSaeShell:  ::sa::_backgroundSaeShell::processReady 3
[19:29:40.62] /o saeInterBGSaeShell:  ::sa::_backgroundSaeShell::pingBack
[19:29:40.66] /i ::sa::_backgroundSaeShell::parentRunning
[19:29:40.66] /o 1779193780
[19:30:31.50] /i ::sa::_backgroundSaeShell::exit
[19:30:31.50] /o saeInterBGSaeShell:  ::sa::_backgroundSaeShell::childFormallyExiting
