[19:26:27.09] /m Information: License 'SAE' checked out. (LICENSE-003)
[19:26:28.21] /o sae_shell Version Custom Compiler N-2017.12-SP1-2
              /c Build  (OPT) compiled on Wed May 16 15:20:56 2018 for RHEL64 6.6
              /c Execution time: Mon Apr 13 19:26:26 2026
              /c Host: localhost.localdomain
              /c 
              /c Copyright © 2004-2018 Synopsys, Inc.
              /c This software and the associated documentation are proprietary to Synopsys, Inc. This software may only be used in accordance with the terms and conditions of a written license agreement with Synopsys, Inc. All other use, reproduction, or distribution of this software is strictly prohibited.
              /c 
              /c 
[19:26:28.21] /w Warning: Preference 'leActiveLPP' is deprecated and scheduled for removal in a future release with no replacement. For migration assistance, see the Custom Compiler Tcl Reference Manual. (PREFERENCE-058)
[19:26:28.22] /o 	#######################################
[19:26:28.22] /o 	PDK Library Name	: reference90RF
[19:26:28.22] /o 	PDK Version		: 2.0
[19:26:28.22] /o 	PDK Release Date	: 25-March-2010 
[19:26:28.22] /o 	#######################################
[19:26:28.22] /o 
[19:26:28.22] /i ::sa::_backgroundSaeShell::signalProcessReady 1776083185
[19:26:28.22] /o saeInterBGSaeShell:  ::sa::_backgroundSaeShell::processReady 3
[19:27:12.82] /i ::sa::_backgroundSaeShell::runScript /home/itsupport/simulation/inverter,tb_inv,schematic/history_1/simulation/default/HSPICE/nominal/.bg_measurement_script.tcl sa::_resultsDatabase::saeShellProcessingCompletedProc testSuiteName saeSession1 testbenchName default resultsDir /home/itsupport/simulation/inverter,tb_inv,schematic/history_1/simulation/default/HSPICE/nominal/results testSuiteDir /home/itsupport/simulation/inverter,tb_inv,schematic/history_1/simulation/default/HSPICE/nominal databaseName /home/itsupport/simulation/inverter,tb_inv,schematic/history_1/simulation/default/HSPICE/nominal/resultsDatabase remoteRun {} testbenchId 1 saveImages true
[19:27:13.11] /m Information: Started sharing "Custom WaveView" license. (WAVEFORM-110)
[19:27:13.18] /o saeInterBGSaeShell:  ::sa::_backgroundSaeShell::scriptFinished 0.3 {} sa::_resultsDatabase::saeShellProcessingCompletedProc testSuiteName saeSession1 testbenchName default resultsDir /home/itsupport/simulation/inverter,tb_inv,schematic/history_1/simulation/default/HSPICE/nominal/results testSuiteDir /home/itsupport/simulation/inverter,tb_inv,schematic/history_1/simulation/default/HSPICE/nominal databaseName /home/itsupport/simulation/inverter,tb_inv,schematic/history_1/simulation/default/HSPICE/nominal/resultsDatabase remoteRun {} testbenchId 1 saveImages true
[19:27:13.18] /o false
[19:27:43.61] /i ::wf::viewerExited
[19:27:49.10] /i ::sa::_backgroundSaeShell::exit
[19:27:49.10] /o saeInterBGSaeShell:  ::sa::_backgroundSaeShell::childFormallyExiting
