[20:30:25.38] /m Information: License 'SAE' checked out. (LICENSE-003)
[20:30:26.67] /o sae_shell Version Custom Compiler N-2017.12-SP1-2
              /c Build  (OPT) compiled on Wed May 16 15:20:56 2018 for RHEL64 6.6
              /c Execution time: Sat May  2 20:30:24 2026
              /c Host: localhost.localdomain
              /c 
              /c Copyright © 2004-2018 Synopsys, Inc.
              /c This software and the associated documentation are proprietary to Synopsys, Inc. This software may only be used in accordance with the terms and conditions of a written license agreement with Synopsys, Inc. All other use, reproduction, or distribution of this software is strictly prohibited.
              /c 
              /c 
[20:30:26.68] /w Warning: Preference 'leActiveLPP' is deprecated and scheduled for removal in a future release with no replacement. For migration assistance, see the Custom Compiler Tcl Reference Manual. (PREFERENCE-058)
[20:30:26.68] /o 	#######################################
[20:30:26.68] /o 	PDK Library Name	: reference90RF
[20:30:26.68] /o 	PDK Version		: 2.0
[20:30:26.68] /o 	PDK Release Date	: 25-March-2010 
[20:30:26.68] /o 	#######################################
[20:30:26.68] /o 
[20:30:26.69] /i ::sa::_backgroundSaeShell::signalProcessReady 1777728624
[20:30:26.69] /o saeInterBGSaeShell:  ::sa::_backgroundSaeShell::processReady 2
[20:35:27.70] /o saeInterBGSaeShell:  ::sa::_backgroundSaeShell::pingBack
[20:35:27.74] /i ::sa::_backgroundSaeShell::parentRunning
[20:35:27.74] /o 1777728927
[20:40:28.71] /o saeInterBGSaeShell:  ::sa::_backgroundSaeShell::pingBack
[20:40:28.76] /i ::sa::_backgroundSaeShell::parentRunning
[20:40:28.76] /o 1777729228
[20:45:29.72] /o saeInterBGSaeShell:  ::sa::_backgroundSaeShell::pingBack
[20:45:29.74] /i ::sa::_backgroundSaeShell::parentRunning
[20:45:29.74] /o 1777729529
[20:50:30.76] /o saeInterBGSaeShell:  ::sa::_backgroundSaeShell::pingBack
[20:50:30.84] /i ::sa::_backgroundSaeShell::parentRunning
[20:50:30.84] /o 1777729830
[20:53:24.40] /i ::sa::_backgroundSaeShell::exit
[20:53:24.40] /o saeInterBGSaeShell:  ::sa::_backgroundSaeShell::childFormallyExiting
