[23:11:46.96] /m Information: License 'SAE' checked out. (LICENSE-003)
[23:11:48.21] /o sae_shell Version Custom Compiler N-2017.12-SP1-2
              /c Build  (OPT) compiled on Wed May 16 15:20:56 2018 for RHEL64 6.6
              /c Execution time: Sat May 23 23:11:45 2026
              /c Host: localhost.localdomain
              /c 
              /c Copyright © 2004-2018 Synopsys, Inc.
              /c This software and the associated documentation are proprietary to Synopsys, Inc. This software may only be used in accordance with the terms and conditions of a written license agreement with Synopsys, Inc. All other use, reproduction, or distribution of this software is strictly prohibited.
              /c 
              /c 
[23:11:48.22] /w Warning: Preference 'leActiveLPP' is deprecated and scheduled for removal in a future release with no replacement. For migration assistance, see the Custom Compiler Tcl Reference Manual. (PREFERENCE-058)
[23:11:48.23] /o 	#######################################
[23:11:48.23] /o 	PDK Library Name	: reference90RF
[23:11:48.23] /o 	PDK Version		: 2.0
[23:11:48.23] /o 	PDK Release Date	: 25-March-2010 
[23:11:48.23] /o 	#######################################
[23:11:48.23] /o 
[23:11:48.23] /i ::sa::_backgroundSaeShell::signalProcessReady 1779552705
[23:11:48.23] /o saeInterBGSaeShell:  ::sa::_backgroundSaeShell::processReady 3
[23:12:00.41] /i ::sa::_backgroundSaeShell::runScript /home/itsupport/simulation/project_d_ff,tb_d_latch,schematic/history_1/simulation/HSPICE_tb_d_latch/HSPICE/nominal/.bg_measurement_script.tcl sa::_resultsDatabase::saeShellProcessingCompletedProc testSuiteName saeSession5 testbenchName HSPICE_tb_d_latch resultsDir /home/itsupport/simulation/project_d_ff,tb_d_latch,schematic/history_1/simulation/HSPICE_tb_d_latch/HSPICE/nominal/results testSuiteDir /home/itsupport/simulation/project_d_ff,tb_d_latch,schematic/history_1/simulation/HSPICE_tb_d_latch/HSPICE/nominal databaseName /home/itsupport/simulation/project_d_ff,tb_d_latch,schematic/history_1/simulation/HSPICE_tb_d_latch/HSPICE/nominal/resultsDatabase remoteRun {} testbenchId 1 saveImages true
[23:12:00.82] /m Information: Started sharing "Custom WaveView" license. (WAVEFORM-110)
[23:12:00.90] /o saeInterBGSaeShell:  ::sa::_backgroundSaeShell::scriptFinished 0.4 {} sa::_resultsDatabase::saeShellProcessingCompletedProc testSuiteName saeSession5 testbenchName HSPICE_tb_d_latch resultsDir /home/itsupport/simulation/project_d_ff,tb_d_latch,schematic/history_1/simulation/HSPICE_tb_d_latch/HSPICE/nominal/results testSuiteDir /home/itsupport/simulation/project_d_ff,tb_d_latch,schematic/history_1/simulation/HSPICE_tb_d_latch/HSPICE/nominal databaseName /home/itsupport/simulation/project_d_ff,tb_d_latch,schematic/history_1/simulation/HSPICE_tb_d_latch/HSPICE/nominal/resultsDatabase remoteRun {} testbenchId 1 saveImages true
[23:12:00.90] /o false
[23:12:05.21] /i ::wf::viewerExited
[23:12:14.33] /i ::sa::_backgroundSaeShell::runScript /home/itsupport/simulation/project_d_ff,tb_d_latch,schematic/history_1/simulation/HSPICE_tb_d_latch/HSPICE/nominal/.bg_measurement_script.tcl sa::_resultsDatabase::saeShellProcessingCompletedProc testSuiteName saeSession5 testbenchName HSPICE_tb_d_latch resultsDir /home/itsupport/simulation/project_d_ff,tb_d_latch,schematic/history_1/simulation/HSPICE_tb_d_latch/HSPICE/nominal/results testSuiteDir /home/itsupport/simulation/project_d_ff,tb_d_latch,schematic/history_1/simulation/HSPICE_tb_d_latch/HSPICE/nominal databaseName /home/itsupport/simulation/project_d_ff,tb_d_latch,schematic/history_1/simulation/HSPICE_tb_d_latch/HSPICE/nominal/resultsDatabase remoteRun {} testbenchId 1 saveImages true
[23:12:14.67] /o saeInterBGSaeShell:  ::sa::_backgroundSaeShell::scriptFinished 0.3 {} sa::_resultsDatabase::saeShellProcessingCompletedProc testSuiteName saeSession5 testbenchName HSPICE_tb_d_latch resultsDir /home/itsupport/simulation/project_d_ff,tb_d_latch,schematic/history_1/simulation/HSPICE_tb_d_latch/HSPICE/nominal/results testSuiteDir /home/itsupport/simulation/project_d_ff,tb_d_latch,schematic/history_1/simulation/HSPICE_tb_d_latch/HSPICE/nominal databaseName /home/itsupport/simulation/project_d_ff,tb_d_latch,schematic/history_1/simulation/HSPICE_tb_d_latch/HSPICE/nominal/resultsDatabase remoteRun {} testbenchId 1 saveImages true
[23:12:14.67] /o false
[23:13:12.31] /i ::wf::viewerExited
[23:13:17.21] /i ::sa::_backgroundSaeShell::exit
[23:13:17.21] /o saeInterBGSaeShell:  ::sa::_backgroundSaeShell::childFormallyExiting
