[17:48:25.91] /m Information: License 'SAE' checked out. (LICENSE-003)
[17:48:27.11] /o sae_shell Version Custom Compiler N-2017.12-SP1-2
              /c Build  (OPT) compiled on Wed May 16 15:20:56 2018 for RHEL64 6.6
              /c Execution time: Sat May 16 17:48:24 2026
              /c Host: localhost.localdomain
              /c 
              /c Copyright © 2004-2018 Synopsys, Inc.
              /c This software and the associated documentation are proprietary to Synopsys, Inc. This software may only be used in accordance with the terms and conditions of a written license agreement with Synopsys, Inc. All other use, reproduction, or distribution of this software is strictly prohibited.
              /c 
              /c 
[17:48:27.12] /w Warning: Preference 'leActiveLPP' is deprecated and scheduled for removal in a future release with no replacement. For migration assistance, see the Custom Compiler Tcl Reference Manual. (PREFERENCE-058)
[17:48:27.12] /o 	#######################################
[17:48:27.12] /o 	PDK Library Name	: reference90RF
[17:48:27.12] /o 	PDK Version		: 2.0
[17:48:27.12] /o 	PDK Release Date	: 25-March-2010 
[17:48:27.12] /o 	#######################################
[17:48:27.12] /o 
[17:48:27.12] /i ::sa::_backgroundSaeShell::signalProcessReady 1778928504
[17:48:27.13] /o saeInterBGSaeShell:  ::sa::_backgroundSaeShell::processReady 3
[17:53:28.15] /o saeInterBGSaeShell:  ::sa::_backgroundSaeShell::pingBack
[17:53:28.19] /i ::sa::_backgroundSaeShell::parentRunning
[17:53:28.19] /o 1778928808
[17:58:29.17] /o saeInterBGSaeShell:  ::sa::_backgroundSaeShell::pingBack
[17:58:29.18] /i ::sa::_backgroundSaeShell::parentRunning
[17:58:29.18] /o 1778929109
[18:03:30.18] /o saeInterBGSaeShell:  ::sa::_backgroundSaeShell::pingBack
[18:03:30.28] /i ::sa::_backgroundSaeShell::parentRunning
[18:03:30.28] /o 1778929410
[18:08:31.19] /o saeInterBGSaeShell:  ::sa::_backgroundSaeShell::pingBack
[18:08:31.28] /i ::sa::_backgroundSaeShell::parentRunning
[18:08:31.28] /o 1778929711
[18:13:32.19] /o saeInterBGSaeShell:  ::sa::_backgroundSaeShell::pingBack
[18:13:32.29] /i ::sa::_backgroundSaeShell::parentRunning
[18:13:32.29] /o 1778930012
[18:18:15.95] /i ::sa::_backgroundSaeShell::exit
[18:18:15.95] /o saeInterBGSaeShell:  ::sa::_backgroundSaeShell::childFormallyExiting
