[19:15:15.04] /m Information: License 'SAE' checked out. (LICENSE-003)
[19:15:16.40] /o sae_shell Version Custom Compiler N-2017.12-SP1-2
              /c Build  (OPT) compiled on Wed May 16 15:20:56 2018 for RHEL64 6.6
              /c Execution time: Mon Apr 13 19:15:14 2026
              /c Host: localhost.localdomain
              /c 
              /c Copyright © 2004-2018 Synopsys, Inc.
              /c This software and the associated documentation are proprietary to Synopsys, Inc. This software may only be used in accordance with the terms and conditions of a written license agreement with Synopsys, Inc. All other use, reproduction, or distribution of this software is strictly prohibited.
              /c 
              /c 
[19:15:16.41] /w Warning: Preference 'leActiveLPP' is deprecated and scheduled for removal in a future release with no replacement. For migration assistance, see the Custom Compiler Tcl Reference Manual. (PREFERENCE-058)
[19:15:16.42] /o 	#######################################
[19:15:16.42] /o 	PDK Library Name	: reference90RF
[19:15:16.42] /o 	PDK Version		: 2.0
[19:15:16.42] /o 	PDK Release Date	: 25-March-2010 
[19:15:16.42] /o 	#######################################
[19:15:16.42] /o 
[19:15:16.42] /i ::sa::_backgroundSaeShell::signalProcessReady 1776082513
[19:15:16.42] /o saeInterBGSaeShell:  ::sa::_backgroundSaeShell::processReady 3
[19:18:45.52] /i ::wf::viewerExited
[19:19:32.51] /i ::wf::viewerExited
[19:20:17.44] /o saeInterBGSaeShell:  ::sa::_backgroundSaeShell::pingBack
[19:20:17.52] /i ::sa::_backgroundSaeShell::parentRunning
[19:20:17.52] /o 1776082817
[19:20:56.84] /i ::sa::_backgroundSaeShell::exit
[19:20:56.84] /o saeInterBGSaeShell:  ::sa::_backgroundSaeShell::childFormallyExiting
