[22:07:46.17] /m Information: License 'SAE' checked out. (LICENSE-003)
[22:07:47.43] /o sae_shell Version Custom Compiler N-2017.12-SP1-2
              /c Build  (OPT) compiled on Wed May 16 15:20:56 2018 for RHEL64 6.6
              /c Execution time: Thu May 21 22:07:45 2026
              /c Host: localhost.localdomain
              /c 
              /c Copyright © 2004-2018 Synopsys, Inc.
              /c This software and the associated documentation are proprietary to Synopsys, Inc. This software may only be used in accordance with the terms and conditions of a written license agreement with Synopsys, Inc. All other use, reproduction, or distribution of this software is strictly prohibited.
              /c 
              /c 
[22:07:47.45] /w Warning: Preference 'leActiveLPP' is deprecated and scheduled for removal in a future release with no replacement. For migration assistance, see the Custom Compiler Tcl Reference Manual. (PREFERENCE-058)
[22:07:47.46] /o 	#######################################
[22:07:47.46] /o 	PDK Library Name	: reference90RF
[22:07:47.46] /o 	PDK Version		: 2.0
[22:07:47.46] /o 	PDK Release Date	: 25-March-2010 
[22:07:47.46] /o 	#######################################
[22:07:47.46] /o 
[22:07:47.47] /i ::sa::_backgroundSaeShell::signalProcessReady 1779376064
[22:07:47.48] /o saeInterBGSaeShell:  ::sa::_backgroundSaeShell::processReady 3
[22:08:04.85] /i ::wf::viewerExited
[22:08:20.42] /i ::sa::_backgroundSaeShell::exit
[22:08:20.42] /o saeInterBGSaeShell:  ::sa::_backgroundSaeShell::childFormallyExiting
