[18:13:02.94] /m Information: License 'SAE' checked out. (LICENSE-003)
[18:13:03.99] /o sae_shell Version Custom Compiler N-2017.12-SP1-2
              /c Build  (OPT) compiled on Wed May 16 15:20:56 2018 for RHEL64 6.6
              /c Execution time: Tue Apr 14 18:13:01 2026
              /c Host: localhost.localdomain
              /c 
              /c Copyright © 2004-2018 Synopsys, Inc.
              /c This software and the associated documentation are proprietary to Synopsys, Inc. This software may only be used in accordance with the terms and conditions of a written license agreement with Synopsys, Inc. All other use, reproduction, or distribution of this software is strictly prohibited.
              /c 
              /c 
[18:13:04.00] /w Warning: Preference 'leActiveLPP' is deprecated and scheduled for removal in a future release with no replacement. For migration assistance, see the Custom Compiler Tcl Reference Manual. (PREFERENCE-058)
[18:13:04.01] /o 	#######################################
[18:13:04.01] /o 	PDK Library Name	: reference90RF
[18:13:04.01] /o 	PDK Version		: 2.0
[18:13:04.01] /o 	PDK Release Date	: 25-March-2010 
[18:13:04.01] /o 	#######################################
[18:13:04.01] /o 
[18:13:04.01] /i ::sa::_backgroundSaeShell::signalProcessReady 1776165181
[18:13:04.01] /o saeInterBGSaeShell:  ::sa::_backgroundSaeShell::processReady 3
[18:15:08.94] /i ::sa::_backgroundSaeShell::runScript /home/itsupport/simulation/inverter,tb_pmos,schematic/history_1/simulation/default/HSPICE/parametric/.bg_measurement_script.tcl sa::_resultsDatabase::saeShellProcessingCompletedProc testSuiteName saeSession9 testbenchName default resultsDir /home/itsupport/simulation/inverter,tb_pmos,schematic/history_1/simulation/default/HSPICE/parametric/results testSuiteDir /home/itsupport/simulation/inverter,tb_pmos,schematic/history_1/simulation/default/HSPICE/parametric databaseName /home/itsupport/simulation/inverter,tb_pmos,schematic/history_1/simulation/default/HSPICE/parametric/resultsDatabase remoteRun {} testbenchId 1 saveImages true
[18:15:09.24] /m Information: Started sharing "Custom WaveView" license. (WAVEFORM-110)
[18:15:09.57] /o saeInterBGSaeShell:  ::sa::_backgroundSaeShell::scriptFinished 0.6 {} sa::_resultsDatabase::saeShellProcessingCompletedProc testSuiteName saeSession9 testbenchName default resultsDir /home/itsupport/simulation/inverter,tb_pmos,schematic/history_1/simulation/default/HSPICE/parametric/results testSuiteDir /home/itsupport/simulation/inverter,tb_pmos,schematic/history_1/simulation/default/HSPICE/parametric databaseName /home/itsupport/simulation/inverter,tb_pmos,schematic/history_1/simulation/default/HSPICE/parametric/resultsDatabase remoteRun {} testbenchId 1 saveImages true
[18:15:09.57] /o false
[18:16:10.93] /i ::wf::viewerExited
[18:17:41.69] /i ::sa::_backgroundSaeShell::runScript /home/itsupport/simulation/inverter,tb_pmos,schematic/history_1/simulation/default/HSPICE/parametric/.bg_measurement_script.tcl sa::_resultsDatabase::saeShellProcessingCompletedProc testSuiteName saeSession9 testbenchName default resultsDir /home/itsupport/simulation/inverter,tb_pmos,schematic/history_1/simulation/default/HSPICE/parametric/results testSuiteDir /home/itsupport/simulation/inverter,tb_pmos,schematic/history_1/simulation/default/HSPICE/parametric databaseName /home/itsupport/simulation/inverter,tb_pmos,schematic/history_1/simulation/default/HSPICE/parametric/resultsDatabase remoteRun {} testbenchId 1 saveImages true
[18:17:42.34] /o saeInterBGSaeShell:  ::sa::_backgroundSaeShell::scriptFinished 0.6 {} sa::_resultsDatabase::saeShellProcessingCompletedProc testSuiteName saeSession9 testbenchName default resultsDir /home/itsupport/simulation/inverter,tb_pmos,schematic/history_1/simulation/default/HSPICE/parametric/results testSuiteDir /home/itsupport/simulation/inverter,tb_pmos,schematic/history_1/simulation/default/HSPICE/parametric databaseName /home/itsupport/simulation/inverter,tb_pmos,schematic/history_1/simulation/default/HSPICE/parametric/resultsDatabase remoteRun {} testbenchId 1 saveImages true
[18:17:42.34] /o false
[18:22:43.04] /o saeInterBGSaeShell:  ::sa::_backgroundSaeShell::pingBack
[18:22:43.13] /i ::sa::_backgroundSaeShell::parentRunning
[18:22:43.13] /o 1776165763
[18:22:46.82] /m Information: Stopped sharing "Custom WaveView" license. (WAVEFORM-111)
[18:26:31.33] /i ::wf::viewerExited
[18:26:49.04] /i ::sa::_backgroundSaeShell::runScript /home/itsupport/simulation/inverter,tb_pmos,schematic/history_1/simulation/default/HSPICE/parametric/.bg_measurement_script.tcl sa::_resultsDatabase::saeShellProcessingCompletedProc testSuiteName saeSession9 testbenchName default resultsDir /home/itsupport/simulation/inverter,tb_pmos,schematic/history_1/simulation/default/HSPICE/parametric/results testSuiteDir /home/itsupport/simulation/inverter,tb_pmos,schematic/history_1/simulation/default/HSPICE/parametric databaseName /home/itsupport/simulation/inverter,tb_pmos,schematic/history_1/simulation/default/HSPICE/parametric/resultsDatabase remoteRun {} testbenchId 1 saveImages true
[18:26:49.26] /m Information: Started sharing "Custom WaveView" license. (WAVEFORM-110)
[18:26:49.51] /o saeInterBGSaeShell:  ::sa::_backgroundSaeShell::scriptFinished 0.4 {} sa::_resultsDatabase::saeShellProcessingCompletedProc testSuiteName saeSession9 testbenchName default resultsDir /home/itsupport/simulation/inverter,tb_pmos,schematic/history_1/simulation/default/HSPICE/parametric/results testSuiteDir /home/itsupport/simulation/inverter,tb_pmos,schematic/history_1/simulation/default/HSPICE/parametric databaseName /home/itsupport/simulation/inverter,tb_pmos,schematic/history_1/simulation/default/HSPICE/parametric/resultsDatabase remoteRun {} testbenchId 1 saveImages true
[18:26:49.51] /o false
[18:31:05.73] /i ::wf::viewerExited
[18:31:19.53] /i ::sa::_backgroundSaeShell::runScript /home/itsupport/simulation/inverter,tb_pmos,schematic/history_1/simulation/default/HSPICE/parametric/.bg_measurement_script.tcl sa::_resultsDatabase::saeShellProcessingCompletedProc testSuiteName saeSession9 testbenchName default resultsDir /home/itsupport/simulation/inverter,tb_pmos,schematic/history_1/simulation/default/HSPICE/parametric/results testSuiteDir /home/itsupport/simulation/inverter,tb_pmos,schematic/history_1/simulation/default/HSPICE/parametric databaseName /home/itsupport/simulation/inverter,tb_pmos,schematic/history_1/simulation/default/HSPICE/parametric/resultsDatabase remoteRun {} testbenchId 1 saveImages true
[18:31:20.08] /o saeInterBGSaeShell:  ::sa::_backgroundSaeShell::scriptFinished 0.5 {} sa::_resultsDatabase::saeShellProcessingCompletedProc testSuiteName saeSession9 testbenchName default resultsDir /home/itsupport/simulation/inverter,tb_pmos,schematic/history_1/simulation/default/HSPICE/parametric/results testSuiteDir /home/itsupport/simulation/inverter,tb_pmos,schematic/history_1/simulation/default/HSPICE/parametric databaseName /home/itsupport/simulation/inverter,tb_pmos,schematic/history_1/simulation/default/HSPICE/parametric/resultsDatabase remoteRun {} testbenchId 1 saveImages true
[18:31:20.08] /o false
[18:36:21.08] /o saeInterBGSaeShell:  ::sa::_backgroundSaeShell::pingBack
[18:36:21.12] /i ::sa::_backgroundSaeShell::parentRunning
[18:36:21.12] /o 1776166581
[18:36:24.83] /m Information: Stopped sharing "Custom WaveView" license. (WAVEFORM-111)
[18:41:22.09] /o saeInterBGSaeShell:  ::sa::_backgroundSaeShell::pingBack
[18:41:22.13] /i ::sa::_backgroundSaeShell::parentRunning
[18:41:22.13] /o 1776166882
[18:42:26.33] /i ::wf::viewerExited
[07:59:19.93] /m Information: Exiting due to non-response from parent process.
[07:59:19.93] /o saeInterBGSaeShell:  ::sa::_backgroundSaeShell::childFormallyExiting
