[19:45:51.05] /m Information: License 'SAE' checked out. (LICENSE-003)
[19:45:52.04] /o sae_shell Version Custom Compiler N-2017.12-SP1-2
              /c Build  (OPT) compiled on Wed May 16 15:20:56 2018 for RHEL64 6.6
              /c Execution time: Sat May 23 19:45:50 2026
              /c Host: localhost.localdomain
              /c 
              /c Copyright © 2004-2018 Synopsys, Inc.
              /c This software and the associated documentation are proprietary to Synopsys, Inc. This software may only be used in accordance with the terms and conditions of a written license agreement with Synopsys, Inc. All other use, reproduction, or distribution of this software is strictly prohibited.
              /c 
              /c 
[19:45:52.06] /w Warning: Preference 'leActiveLPP' is deprecated and scheduled for removal in a future release with no replacement. For migration assistance, see the Custom Compiler Tcl Reference Manual. (PREFERENCE-058)
[19:45:52.07] /o 	#######################################
[19:45:52.07] /o 	PDK Library Name	: reference90RF
[19:45:52.07] /o 	PDK Version		: 2.0
[19:45:52.07] /o 	PDK Release Date	: 25-March-2010 
[19:45:52.07] /o 	#######################################
[19:45:52.07] /o 
[19:45:52.08] /i ::sa::_backgroundSaeShell::signalProcessReady 1779540349
[19:45:52.08] /o saeInterBGSaeShell:  ::sa::_backgroundSaeShell::processReady 3
[19:49:22.61] /i ::wf::viewerExited
[19:50:53.08] /o saeInterBGSaeShell:  ::sa::_backgroundSaeShell::pingBack
[19:50:53.11] /i ::sa::_backgroundSaeShell::parentRunning
[19:50:53.11] /o 1779540653
[19:52:27.01] /i ::wf::viewerExited
[19:55:54.08] /o saeInterBGSaeShell:  ::sa::_backgroundSaeShell::pingBack
[19:55:54.11] /i ::sa::_backgroundSaeShell::parentRunning
[19:55:54.11] /o 1779540954
[20:00:55.09] /o saeInterBGSaeShell:  ::sa::_backgroundSaeShell::pingBack
[20:00:55.11] /i ::sa::_backgroundSaeShell::parentRunning
[20:00:55.11] /o 1779541255
[20:02:05.28] /i ::wf::viewerExited
[20:05:56.10] /o saeInterBGSaeShell:  ::sa::_backgroundSaeShell::pingBack
[20:05:56.12] /i ::sa::_backgroundSaeShell::parentRunning
[20:05:56.12] /o 1779541556
[20:10:48.53] /i ::sa::_backgroundSaeShell::exit
[20:10:48.53] /o saeInterBGSaeShell:  ::sa::_backgroundSaeShell::childFormallyExiting
