[06:04:26.85] /m Information: License 'SAE' checked out. (LICENSE-003)
[06:04:28.33] /o sae_shell Version Custom Compiler N-2017.12-SP1-2
              /c Build  (OPT) compiled on Wed May 16 15:20:56 2018 for RHEL64 6.6
              /c Execution time: Wed May 20 06:04:25 2026
              /c Host: localhost.localdomain
              /c 
              /c Copyright © 2004-2018 Synopsys, Inc.
              /c This software and the associated documentation are proprietary to Synopsys, Inc. This software may only be used in accordance with the terms and conditions of a written license agreement with Synopsys, Inc. All other use, reproduction, or distribution of this software is strictly prohibited.
              /c 
              /c 
[06:04:28.35] /w Warning: Preference 'leActiveLPP' is deprecated and scheduled for removal in a future release with no replacement. For migration assistance, see the Custom Compiler Tcl Reference Manual. (PREFERENCE-058)
[06:04:28.35] /o 	#######################################
[06:04:28.35] /o 	PDK Library Name	: reference90RF
[06:04:28.35] /o 	PDK Version		: 2.0
[06:04:28.35] /o 	PDK Release Date	: 25-March-2010 
[06:04:28.35] /o 	#######################################
[06:04:28.35] /o 
[06:04:28.36] /i ::sa::_backgroundSaeShell::signalProcessReady 1779231865
[06:04:28.36] /o saeInterBGSaeShell:  ::sa::_backgroundSaeShell::processReady 3
[06:06:37.65] /i ::sa::_backgroundSaeShell::exit
[06:06:37.65] /o saeInterBGSaeShell:  ::sa::_backgroundSaeShell::childFormallyExiting
