[14:28:40.09] /m Information: License 'SAE' checked out. (LICENSE-003)
[14:28:41.20] /o sae_shell Version Custom Compiler N-2017.12-SP1-2
              /c Build  (OPT) compiled on Wed May 16 15:20:56 2018 for RHEL64 6.6
              /c Execution time: Sun May 24 14:28:39 2026
              /c Host: localhost.localdomain
              /c 
              /c Copyright © 2004-2018 Synopsys, Inc.
              /c This software and the associated documentation are proprietary to Synopsys, Inc. This software may only be used in accordance with the terms and conditions of a written license agreement with Synopsys, Inc. All other use, reproduction, or distribution of this software is strictly prohibited.
              /c 
              /c 
[14:28:41.21] /w Warning: Preference 'leActiveLPP' is deprecated and scheduled for removal in a future release with no replacement. For migration assistance, see the Custom Compiler Tcl Reference Manual. (PREFERENCE-058)
[14:28:41.21] /o 	#######################################
[14:28:41.21] /o 	PDK Library Name	: reference90RF
[14:28:41.21] /o 	PDK Version		: 2.0
[14:28:41.21] /o 	PDK Release Date	: 25-March-2010 
[14:28:41.21] /o 	#######################################
[14:28:41.21] /o 
[14:28:41.22] /i ::sa::_backgroundSaeShell::signalProcessReady 1779607718
[14:28:41.22] /o saeInterBGSaeShell:  ::sa::_backgroundSaeShell::processReady 3
[14:29:36.57] /i ::sa::_backgroundSaeShell::runScript /home/itsupport/simulation/new_dff,d_ff_tb,schematic/history_1/simulation/HSPICE_d_latch_tb/HSPICE/nominal/.bg_measurement_script.tcl sa::_resultsDatabase::saeShellProcessingCompletedProc testSuiteName saeSession1 testbenchName HSPICE_d_latch_tb resultsDir /home/itsupport/simulation/new_dff,d_ff_tb,schematic/history_1/simulation/HSPICE_d_latch_tb/HSPICE/nominal/results testSuiteDir /home/itsupport/simulation/new_dff,d_ff_tb,schematic/history_1/simulation/HSPICE_d_latch_tb/HSPICE/nominal databaseName /home/itsupport/simulation/new_dff,d_ff_tb,schematic/history_1/simulation/HSPICE_d_latch_tb/HSPICE/nominal/resultsDatabase remoteRun {} testbenchId 1 saveImages true
[14:29:36.85] /m Information: Started sharing "Custom WaveView" license. (WAVEFORM-110)
[14:29:36.95] /o saeInterBGSaeShell:  ::sa::_backgroundSaeShell::scriptFinished 0.3 {} sa::_resultsDatabase::saeShellProcessingCompletedProc testSuiteName saeSession1 testbenchName HSPICE_d_latch_tb resultsDir /home/itsupport/simulation/new_dff,d_ff_tb,schematic/history_1/simulation/HSPICE_d_latch_tb/HSPICE/nominal/results testSuiteDir /home/itsupport/simulation/new_dff,d_ff_tb,schematic/history_1/simulation/HSPICE_d_latch_tb/HSPICE/nominal databaseName /home/itsupport/simulation/new_dff,d_ff_tb,schematic/history_1/simulation/HSPICE_d_latch_tb/HSPICE/nominal/resultsDatabase remoteRun {} testbenchId 1 saveImages true
[14:29:36.95] /o false
[14:30:15.17] /i ::sa::_backgroundSaeShell::runScript /home/itsupport/simulation/new_dff,d_ff_tb,schematic/history_1/simulation/HSPICE_d_latch_tb/HSPICE/nominal/.bg_measurement_script.tcl sa::_resultsDatabase::saeShellProcessingCompletedProc testSuiteName saeSession1 testbenchName HSPICE_d_latch_tb resultsDir /home/itsupport/simulation/new_dff,d_ff_tb,schematic/history_1/simulation/HSPICE_d_latch_tb/HSPICE/nominal/results testSuiteDir /home/itsupport/simulation/new_dff,d_ff_tb,schematic/history_1/simulation/HSPICE_d_latch_tb/HSPICE/nominal databaseName /home/itsupport/simulation/new_dff,d_ff_tb,schematic/history_1/simulation/HSPICE_d_latch_tb/HSPICE/nominal/resultsDatabase remoteRun {} testbenchId 1 saveImages true
[14:30:15.49] /o saeInterBGSaeShell:  ::sa::_backgroundSaeShell::scriptFinished 0.3 {} sa::_resultsDatabase::saeShellProcessingCompletedProc testSuiteName saeSession1 testbenchName HSPICE_d_latch_tb resultsDir /home/itsupport/simulation/new_dff,d_ff_tb,schematic/history_1/simulation/HSPICE_d_latch_tb/HSPICE/nominal/results testSuiteDir /home/itsupport/simulation/new_dff,d_ff_tb,schematic/history_1/simulation/HSPICE_d_latch_tb/HSPICE/nominal databaseName /home/itsupport/simulation/new_dff,d_ff_tb,schematic/history_1/simulation/HSPICE_d_latch_tb/HSPICE/nominal/resultsDatabase remoteRun {} testbenchId 1 saveImages true
[14:30:15.49] /o false
[14:30:49.36] /i ::sa::_backgroundSaeShell::runScript /home/itsupport/simulation/new_dff,d_ff_tb,schematic/history_1/simulation/HSPICE_d_latch_tb/HSPICE/nominal/.bg_measurement_script.tcl sa::_resultsDatabase::saeShellProcessingCompletedProc testSuiteName saeSession1 testbenchName HSPICE_d_latch_tb resultsDir /home/itsupport/simulation/new_dff,d_ff_tb,schematic/history_1/simulation/HSPICE_d_latch_tb/HSPICE/nominal/results testSuiteDir /home/itsupport/simulation/new_dff,d_ff_tb,schematic/history_1/simulation/HSPICE_d_latch_tb/HSPICE/nominal databaseName /home/itsupport/simulation/new_dff,d_ff_tb,schematic/history_1/simulation/HSPICE_d_latch_tb/HSPICE/nominal/resultsDatabase remoteRun {} testbenchId 1 saveImages true
[14:30:49.68] /o saeInterBGSaeShell:  ::sa::_backgroundSaeShell::scriptFinished 0.3 {} sa::_resultsDatabase::saeShellProcessingCompletedProc testSuiteName saeSession1 testbenchName HSPICE_d_latch_tb resultsDir /home/itsupport/simulation/new_dff,d_ff_tb,schematic/history_1/simulation/HSPICE_d_latch_tb/HSPICE/nominal/results testSuiteDir /home/itsupport/simulation/new_dff,d_ff_tb,schematic/history_1/simulation/HSPICE_d_latch_tb/HSPICE/nominal databaseName /home/itsupport/simulation/new_dff,d_ff_tb,schematic/history_1/simulation/HSPICE_d_latch_tb/HSPICE/nominal/resultsDatabase remoteRun {} testbenchId 1 saveImages true
[14:30:49.68] /o false
[14:31:03.55] /i ::wf::viewerExited
[14:31:08.93] /i ::sa::_backgroundSaeShell::exit
[14:31:08.93] /o saeInterBGSaeShell:  ::sa::_backgroundSaeShell::childFormallyExiting
