[16:24:23.27] /m Information: License 'SAE' checked out. (LICENSE-003)
[16:24:24.99] /o sae_shell Version Custom Compiler N-2017.12-SP1-2
              /c Build  (OPT) compiled on Wed May 16 15:20:56 2018 for RHEL64 6.6
              /c Execution time: Tue May 19 16:24:20 2026
              /c Host: localhost.localdomain
              /c 
              /c Copyright © 2004-2018 Synopsys, Inc.
              /c This software and the associated documentation are proprietary to Synopsys, Inc. This software may only be used in accordance with the terms and conditions of a written license agreement with Synopsys, Inc. All other use, reproduction, or distribution of this software is strictly prohibited.
              /c 
              /c 
[16:24:25.02] /w Warning: Preference 'leActiveLPP' is deprecated and scheduled for removal in a future release with no replacement. For migration assistance, see the Custom Compiler Tcl Reference Manual. (PREFERENCE-058)
[16:24:25.03] /o 	#######################################
[16:24:25.03] /o 	PDK Library Name	: reference90RF
[16:24:25.03] /o 	PDK Version		: 2.0
[16:24:25.03] /o 	PDK Release Date	: 25-March-2010 
[16:24:25.03] /o 	#######################################
[16:24:25.03] /o 
[16:24:25.03] /i ::sa::_backgroundSaeShell::signalProcessReady 1779182659
[16:24:25.03] /o saeInterBGSaeShell:  ::sa::_backgroundSaeShell::processReady 6
[16:29:26.04] /o saeInterBGSaeShell:  ::sa::_backgroundSaeShell::pingBack
[16:29:26.13] /i ::sa::_backgroundSaeShell::parentRunning
[16:29:26.13] /o 1779182966
[16:34:27.06] /o saeInterBGSaeShell:  ::sa::_backgroundSaeShell::pingBack
[16:34:27.13] /i ::sa::_backgroundSaeShell::parentRunning
[16:34:27.13] /o 1779183267
[16:39:28.06] /o saeInterBGSaeShell:  ::sa::_backgroundSaeShell::pingBack
[16:39:28.13] /i ::sa::_backgroundSaeShell::parentRunning
[16:39:28.13] /o 1779183568
[16:41:30.33] /i ::wf::viewerExited
