[17:21:28.17] /m Information: License 'SAE' checked out. (LICENSE-003)
[17:21:29.17] /o sae_shell Version Custom Compiler N-2017.12-SP1-2
              /c Build  (OPT) compiled on Wed May 16 15:20:56 2018 for RHEL64 6.6
              /c Execution time: Sat May 23 17:21:27 2026
              /c Host: localhost.localdomain
              /c 
              /c Copyright © 2004-2018 Synopsys, Inc.
              /c This software and the associated documentation are proprietary to Synopsys, Inc. This software may only be used in accordance with the terms and conditions of a written license agreement with Synopsys, Inc. All other use, reproduction, or distribution of this software is strictly prohibited.
              /c 
              /c 
[17:21:29.18] /w Warning: Preference 'leActiveLPP' is deprecated and scheduled for removal in a future release with no replacement. For migration assistance, see the Custom Compiler Tcl Reference Manual. (PREFERENCE-058)
[17:21:29.19] /o 	#######################################
[17:21:29.19] /o 	PDK Library Name	: reference90RF
[17:21:29.19] /o 	PDK Version		: 2.0
[17:21:29.19] /o 	PDK Release Date	: 25-March-2010 
[17:21:29.19] /o 	#######################################
[17:21:29.19] /o 
[17:21:29.19] /i ::sa::_backgroundSaeShell::signalProcessReady 1779531686
[17:21:29.19] /o saeInterBGSaeShell:  ::sa::_backgroundSaeShell::processReady 3
[17:26:30.20] /o saeInterBGSaeShell:  ::sa::_backgroundSaeShell::pingBack
[17:26:30.26] /i ::sa::_backgroundSaeShell::parentRunning
[17:26:30.26] /o 1779531990
[17:31:31.22] /o saeInterBGSaeShell:  ::sa::_backgroundSaeShell::pingBack
[17:31:31.27] /i ::sa::_backgroundSaeShell::parentRunning
[17:31:31.27] /o 1779532291
[17:36:32.23] /o saeInterBGSaeShell:  ::sa::_backgroundSaeShell::pingBack
[17:36:32.27] /i ::sa::_backgroundSaeShell::parentRunning
[17:36:32.27] /o 1779532592
[17:41:23.43] /i ::sa::_backgroundSaeShell::exit
[17:41:23.43] /o saeInterBGSaeShell:  ::sa::_backgroundSaeShell::childFormallyExiting
