[16:28:10.38] /m Information: License 'SAE' checked out. (LICENSE-003)
[16:28:11.89] /o sae_shell Version Custom Compiler N-2017.12-SP1-2
              /c Build  (OPT) compiled on Wed May 16 15:20:56 2018 for RHEL64 6.6
              /c Execution time: Sat May  2 16:28:09 2026
              /c Host: localhost.localdomain
              /c 
              /c Copyright © 2004-2018 Synopsys, Inc.
              /c This software and the associated documentation are proprietary to Synopsys, Inc. This software may only be used in accordance with the terms and conditions of a written license agreement with Synopsys, Inc. All other use, reproduction, or distribution of this software is strictly prohibited.
              /c 
              /c 
[16:28:11.90] /w Warning: Preference 'leActiveLPP' is deprecated and scheduled for removal in a future release with no replacement. For migration assistance, see the Custom Compiler Tcl Reference Manual. (PREFERENCE-058)
[16:28:11.91] /o 	#######################################
[16:28:11.91] /o 	PDK Library Name	: reference90RF
[16:28:11.91] /o 	PDK Version		: 2.0
[16:28:11.91] /o 	PDK Release Date	: 25-March-2010 
[16:28:11.91] /o 	#######################################
[16:28:11.91] /o 
[16:28:11.91] /i ::sa::_backgroundSaeShell::signalProcessReady 1777714089
[16:28:11.91] /o saeInterBGSaeShell:  ::sa::_backgroundSaeShell::processReady 2
[16:28:19.37] /i ::wf::viewerExited
[16:29:16.84] /i ::wf::viewerExited
[16:30:30.44] /i ::wf::viewerExited
[16:33:02.34] /i ::wf::viewerExited
[16:33:12.92] /o saeInterBGSaeShell:  ::sa::_backgroundSaeShell::pingBack
[16:33:12.96] /i ::sa::_backgroundSaeShell::parentRunning
[16:33:12.96] /o 1777714392
[16:33:50.14] /i ::wf::viewerExited
[16:34:43.74] /i ::wf::viewerExited
[16:36:47.14] /i ::wf::viewerExited
[16:38:13.93] /o saeInterBGSaeShell:  ::sa::_backgroundSaeShell::pingBack
[16:38:13.95] /i ::sa::_backgroundSaeShell::parentRunning
[16:38:13.95] /o 1777714693
[16:41:28.74] /i ::wf::viewerExited
[16:43:14.94] /o saeInterBGSaeShell:  ::sa::_backgroundSaeShell::pingBack
[16:43:15.05] /i ::sa::_backgroundSaeShell::parentRunning
[16:43:15.05] /o 1777714995
[16:48:15.96] /o saeInterBGSaeShell:  ::sa::_backgroundSaeShell::pingBack
[16:48:16.04] /i ::sa::_backgroundSaeShell::parentRunning
[16:48:16.04] /o 1777715296
[16:53:16.98] /o saeInterBGSaeShell:  ::sa::_backgroundSaeShell::pingBack
[16:53:17.06] /i ::sa::_backgroundSaeShell::parentRunning
[16:53:17.06] /o 1777715597
[16:58:17.99] /o saeInterBGSaeShell:  ::sa::_backgroundSaeShell::pingBack
[16:58:18.04] /i ::sa::_backgroundSaeShell::parentRunning
[16:58:18.04] /o 1777715898
[17:03:19.01] /o saeInterBGSaeShell:  ::sa::_backgroundSaeShell::pingBack
[17:03:19.15] /i ::sa::_backgroundSaeShell::parentRunning
[17:03:19.15] /o 1777716199
[17:08:20.03] /o saeInterBGSaeShell:  ::sa::_backgroundSaeShell::pingBack
[17:08:20.04] /i ::sa::_backgroundSaeShell::parentRunning
[17:08:20.05] /o 1777716500
[17:09:07.95] /i ::wf::viewerExited
[17:11:25.65] /i ::wf::viewerExited
[17:13:21.04] /o saeInterBGSaeShell:  ::sa::_backgroundSaeShell::pingBack
[17:13:21.14] /i ::sa::_backgroundSaeShell::parentRunning
[17:13:21.14] /o 1777716801
[17:18:22.05] /o saeInterBGSaeShell:  ::sa::_backgroundSaeShell::pingBack
[17:18:22.15] /i ::sa::_backgroundSaeShell::parentRunning
[17:18:22.15] /o 1777717102
[17:23:23.06] /o saeInterBGSaeShell:  ::sa::_backgroundSaeShell::pingBack
[17:23:23.14] /i ::sa::_backgroundSaeShell::parentRunning
[17:23:23.14] /o 1777717403
[17:28:24.07] /o saeInterBGSaeShell:  ::sa::_backgroundSaeShell::pingBack
[17:28:24.15] /i ::sa::_backgroundSaeShell::parentRunning
[17:28:24.15] /o 1777717704
[17:33:25.08] /o saeInterBGSaeShell:  ::sa::_backgroundSaeShell::pingBack
[17:33:25.15] /i ::sa::_backgroundSaeShell::parentRunning
[17:33:25.15] /o 1777718005
[17:33:36.55] /i ::wf::viewerExited
[17:38:26.08] /o saeInterBGSaeShell:  ::sa::_backgroundSaeShell::pingBack
[17:38:26.15] /i ::sa::_backgroundSaeShell::parentRunning
[17:38:26.15] /o 1777718306
[17:39:32.05] /i ::wf::viewerExited
[17:43:27.11] /o saeInterBGSaeShell:  ::sa::_backgroundSaeShell::pingBack
[17:43:27.14] /i ::sa::_backgroundSaeShell::parentRunning
[17:43:27.14] /o 1777718607
[17:43:41.14] /i ::wf::viewerExited
[17:48:28.12] /o saeInterBGSaeShell:  ::sa::_backgroundSaeShell::pingBack
[17:48:28.15] /i ::sa::_backgroundSaeShell::parentRunning
[17:48:28.15] /o 1777718908
[17:51:39.65] /i ::wf::viewerExited
[17:53:29.14] /o saeInterBGSaeShell:  ::sa::_backgroundSaeShell::pingBack
[17:53:29.25] /i ::sa::_backgroundSaeShell::parentRunning
[17:53:29.25] /o 1777719209
[17:58:30.15] /o saeInterBGSaeShell:  ::sa::_backgroundSaeShell::pingBack
[17:58:30.24] /i ::sa::_backgroundSaeShell::parentRunning
[17:58:30.24] /o 1777719510
[18:03:31.16] /o saeInterBGSaeShell:  ::sa::_backgroundSaeShell::pingBack
[18:03:31.25] /i ::sa::_backgroundSaeShell::parentRunning
[18:03:31.25] /o 1777719811
[18:08:32.17] /o saeInterBGSaeShell:  ::sa::_backgroundSaeShell::pingBack
[18:08:32.26] /i ::sa::_backgroundSaeShell::parentRunning
[18:08:32.26] /o 1777720112
[18:13:33.17] /o saeInterBGSaeShell:  ::sa::_backgroundSaeShell::pingBack
[18:13:33.24] /i ::sa::_backgroundSaeShell::parentRunning
[18:13:33.25] /o 1777720413
[18:18:34.19] /o saeInterBGSaeShell:  ::sa::_backgroundSaeShell::pingBack
[18:18:34.26] /i ::sa::_backgroundSaeShell::parentRunning
[18:18:34.26] /o 1777720714
[18:23:35.20] /o saeInterBGSaeShell:  ::sa::_backgroundSaeShell::pingBack
[18:23:35.25] /i ::sa::_backgroundSaeShell::parentRunning
[18:23:35.25] /o 1777721015
[18:28:36.21] /o saeInterBGSaeShell:  ::sa::_backgroundSaeShell::pingBack
[18:28:36.25] /i ::sa::_backgroundSaeShell::parentRunning
[18:28:36.25] /o 1777721316
[18:33:37.22] /o saeInterBGSaeShell:  ::sa::_backgroundSaeShell::pingBack
[18:33:37.25] /i ::sa::_backgroundSaeShell::parentRunning
[18:33:37.25] /o 1777721617
[18:38:38.24] /o saeInterBGSaeShell:  ::sa::_backgroundSaeShell::pingBack
[18:38:38.35] /i ::sa::_backgroundSaeShell::parentRunning
[18:38:38.35] /o 1777721918
[18:43:39.27] /o saeInterBGSaeShell:  ::sa::_backgroundSaeShell::pingBack
[18:43:39.34] /i ::sa::_backgroundSaeShell::parentRunning
[18:43:39.35] /o 1777722219
[18:46:28.65] /i ::sa::_backgroundSaeShell::exit
[18:46:28.65] /o saeInterBGSaeShell:  ::sa::_backgroundSaeShell::childFormallyExiting
