[23:19:35.34] /m Information: License 'SAE' checked out. (LICENSE-003)
[23:19:36.43] /o sae_shell Version Custom Compiler N-2017.12-SP1-2
              /c Build  (OPT) compiled on Wed May 16 15:20:56 2018 for RHEL64 6.6
              /c Execution time: Sat May 23 23:19:34 2026
              /c Host: localhost.localdomain
              /c 
              /c Copyright © 2004-2018 Synopsys, Inc.
              /c This software and the associated documentation are proprietary to Synopsys, Inc. This software may only be used in accordance with the terms and conditions of a written license agreement with Synopsys, Inc. All other use, reproduction, or distribution of this software is strictly prohibited.
              /c 
              /c 
[23:19:36.44] /w Warning: Preference 'leActiveLPP' is deprecated and scheduled for removal in a future release with no replacement. For migration assistance, see the Custom Compiler Tcl Reference Manual. (PREFERENCE-058)
[23:19:36.44] /o 	#######################################
[23:19:36.44] /o 	PDK Library Name	: reference90RF
[23:19:36.44] /o 	PDK Version		: 2.0
[23:19:36.44] /o 	PDK Release Date	: 25-March-2010 
[23:19:36.44] /o 	#######################################
[23:19:36.44] /o 
[23:19:36.45] /i ::sa::_backgroundSaeShell::signalProcessReady 1779553174
[23:19:36.45] /o saeInterBGSaeShell:  ::sa::_backgroundSaeShell::processReady 2
[23:19:39.57] /i ::sa::_backgroundSaeShell::runScript /home/itsupport/simulation/project_d_ff,tb_d_latch_2,schematic/history_1/simulation/HSPICE_tb_2latch/HSPICE/nominal/.bg_measurement_script.tcl sa::_resultsDatabase::saeShellProcessingCompletedProc testSuiteName saeSession8 testbenchName HSPICE_tb_2latch resultsDir /home/itsupport/simulation/project_d_ff,tb_d_latch_2,schematic/history_1/simulation/HSPICE_tb_2latch/HSPICE/nominal/results testSuiteDir /home/itsupport/simulation/project_d_ff,tb_d_latch_2,schematic/history_1/simulation/HSPICE_tb_2latch/HSPICE/nominal databaseName /home/itsupport/simulation/project_d_ff,tb_d_latch_2,schematic/history_1/simulation/HSPICE_tb_2latch/HSPICE/nominal/resultsDatabase remoteRun {} testbenchId 1 saveImages true
[23:19:39.93] /m Information: Started sharing "Custom WaveView" license. (WAVEFORM-110)
[23:19:40.01] /o saeInterBGSaeShell:  ::sa::_backgroundSaeShell::scriptFinished 0.4 {} sa::_resultsDatabase::saeShellProcessingCompletedProc testSuiteName saeSession8 testbenchName HSPICE_tb_2latch resultsDir /home/itsupport/simulation/project_d_ff,tb_d_latch_2,schematic/history_1/simulation/HSPICE_tb_2latch/HSPICE/nominal/results testSuiteDir /home/itsupport/simulation/project_d_ff,tb_d_latch_2,schematic/history_1/simulation/HSPICE_tb_2latch/HSPICE/nominal databaseName /home/itsupport/simulation/project_d_ff,tb_d_latch_2,schematic/history_1/simulation/HSPICE_tb_2latch/HSPICE/nominal/resultsDatabase remoteRun {} testbenchId 1 saveImages true
[23:19:40.01] /o false
[23:21:51.01] /i ::wf::viewerExited
[23:24:41.46] /o saeInterBGSaeShell:  ::sa::_backgroundSaeShell::pingBack
[23:24:41.51] /i ::sa::_backgroundSaeShell::parentRunning
[23:24:41.51] /o 1779553481
[23:24:44.70] /m Information: Stopped sharing "Custom WaveView" license. (WAVEFORM-111)
[23:29:42.46] /o saeInterBGSaeShell:  ::sa::_backgroundSaeShell::pingBack
[23:29:42.51] /i ::sa::_backgroundSaeShell::parentRunning
[23:29:42.51] /o 1779553782
[00:14:30.38] /m Information: Exiting due to non-response from parent process.
[00:14:30.38] /o saeInterBGSaeShell:  ::sa::_backgroundSaeShell::childFormallyExiting
