[15:51:53.19] /m Information: License 'SAE' checked out. (LICENSE-003)
[15:51:54.43] /o sae_shell Version Custom Compiler N-2017.12-SP1-2
              /c Build  (OPT) compiled on Wed May 16 15:20:56 2018 for RHEL64 6.6
              /c Execution time: Sun May 24 15:51:52 2026
              /c Host: localhost.localdomain
              /c 
              /c Copyright © 2004-2018 Synopsys, Inc.
              /c This software and the associated documentation are proprietary to Synopsys, Inc. This software may only be used in accordance with the terms and conditions of a written license agreement with Synopsys, Inc. All other use, reproduction, or distribution of this software is strictly prohibited.
              /c 
              /c 
[15:51:54.45] /w Warning: Preference 'leActiveLPP' is deprecated and scheduled for removal in a future release with no replacement. For migration assistance, see the Custom Compiler Tcl Reference Manual. (PREFERENCE-058)
[15:51:54.45] /o 	#######################################
[15:51:54.45] /o 	PDK Library Name	: reference90RF
[15:51:54.45] /o 	PDK Version		: 2.0
[15:51:54.45] /o 	PDK Release Date	: 25-March-2010 
[15:51:54.45] /o 	#######################################
[15:51:54.45] /o 
[15:51:54.46] /i ::sa::_backgroundSaeShell::signalProcessReady 1779612711
[15:51:54.46] /o saeInterBGSaeShell:  ::sa::_backgroundSaeShell::processReady 3
[15:51:59.48] /i ::sa::_backgroundSaeShell::runScript /home/itsupport/simulation/new_dff,d_latch_tb_layout,config/history_1/simulation/HSPICE_d_latch_post_layout/HSPICE/nominal/.bg_measurement_script.tcl sa::_resultsDatabase::saeShellProcessingCompletedProc testSuiteName saeSession2 testbenchName HSPICE_d_latch_post_layout resultsDir /home/itsupport/simulation/new_dff,d_latch_tb_layout,config/history_1/simulation/HSPICE_d_latch_post_layout/HSPICE/nominal/results testSuiteDir /home/itsupport/simulation/new_dff,d_latch_tb_layout,config/history_1/simulation/HSPICE_d_latch_post_layout/HSPICE/nominal databaseName /home/itsupport/simulation/new_dff,d_latch_tb_layout,config/history_1/simulation/HSPICE_d_latch_post_layout/HSPICE/nominal/resultsDatabase remoteRun {} testbenchId 1 saveImages true
[15:51:59.79] /m Information: Started sharing "Custom WaveView" license. (WAVEFORM-110)
[15:51:59.88] /o saeInterBGSaeShell:  ::sa::_backgroundSaeShell::scriptFinished 0.4 {} sa::_resultsDatabase::saeShellProcessingCompletedProc testSuiteName saeSession2 testbenchName HSPICE_d_latch_post_layout resultsDir /home/itsupport/simulation/new_dff,d_latch_tb_layout,config/history_1/simulation/HSPICE_d_latch_post_layout/HSPICE/nominal/results testSuiteDir /home/itsupport/simulation/new_dff,d_latch_tb_layout,config/history_1/simulation/HSPICE_d_latch_post_layout/HSPICE/nominal databaseName /home/itsupport/simulation/new_dff,d_latch_tb_layout,config/history_1/simulation/HSPICE_d_latch_post_layout/HSPICE/nominal/resultsDatabase remoteRun {} testbenchId 1 saveImages true
[15:51:59.88] /o false
[15:57:00.48] /o saeInterBGSaeShell:  ::sa::_backgroundSaeShell::pingBack
[15:57:00.53] /i ::sa::_backgroundSaeShell::parentRunning
[15:57:00.53] /o 1779613020
[15:57:04.82] /m Information: Stopped sharing "Custom WaveView" license. (WAVEFORM-111)
[15:59:10.91] /i ::sa::_backgroundSaeShell::exit
[15:59:10.91] /o saeInterBGSaeShell:  ::sa::_backgroundSaeShell::childFormallyExiting
