[20:53:30.85] /m Information: License 'SAE' checked out. (LICENSE-003)
[20:53:31.90] /o sae_shell Version Custom Compiler N-2017.12-SP1-2
              /c Build  (OPT) compiled on Wed May 16 15:20:56 2018 for RHEL64 6.6
              /c Execution time: Sat May  2 20:53:29 2026
              /c Host: localhost.localdomain
              /c 
              /c Copyright © 2004-2018 Synopsys, Inc.
              /c This software and the associated documentation are proprietary to Synopsys, Inc. This software may only be used in accordance with the terms and conditions of a written license agreement with Synopsys, Inc. All other use, reproduction, or distribution of this software is strictly prohibited.
              /c 
              /c 
[20:53:31.91] /w Warning: Preference 'leActiveLPP' is deprecated and scheduled for removal in a future release with no replacement. For migration assistance, see the Custom Compiler Tcl Reference Manual. (PREFERENCE-058)
[20:53:31.91] /o 	#######################################
[20:53:31.91] /o 	PDK Library Name	: reference90RF
[20:53:31.91] /o 	PDK Version		: 2.0
[20:53:31.91] /o 	PDK Release Date	: 25-March-2010 
[20:53:31.91] /o 	#######################################
[20:53:31.91] /o 
[20:53:31.92] /i ::sa::_backgroundSaeShell::signalProcessReady 1777730009
[20:53:31.92] /o saeInterBGSaeShell:  ::sa::_backgroundSaeShell::processReady 2
[20:54:24.71] /i ::sa::_backgroundSaeShell::runScript /home/itsupport/simulation/inverter,TB_CMOS,schematic/history_1/simulation/default/HSPICE/nominal/.bg_measurement_script.tcl sa::_resultsDatabase::saeShellProcessingCompletedProc testSuiteName saeSession4 testbenchName default resultsDir /home/itsupport/simulation/inverter,TB_CMOS,schematic/history_1/simulation/default/HSPICE/nominal/results testSuiteDir /home/itsupport/simulation/inverter,TB_CMOS,schematic/history_1/simulation/default/HSPICE/nominal databaseName /home/itsupport/simulation/inverter,TB_CMOS,schematic/history_1/simulation/default/HSPICE/nominal/resultsDatabase remoteRun {} testbenchId 1 saveImages true
[20:54:25.04] /m Information: Started sharing "Custom WaveView" license. (WAVEFORM-110)
[20:54:25.14] /o saeInterBGSaeShell:  ::sa::_backgroundSaeShell::scriptFinished 0.4 {} sa::_resultsDatabase::saeShellProcessingCompletedProc testSuiteName saeSession4 testbenchName default resultsDir /home/itsupport/simulation/inverter,TB_CMOS,schematic/history_1/simulation/default/HSPICE/nominal/results testSuiteDir /home/itsupport/simulation/inverter,TB_CMOS,schematic/history_1/simulation/default/HSPICE/nominal databaseName /home/itsupport/simulation/inverter,TB_CMOS,schematic/history_1/simulation/default/HSPICE/nominal/resultsDatabase remoteRun {} testbenchId 1 saveImages true
[20:54:25.14] /o false
[20:54:52.74] /i ::wf::viewerExited
[20:55:16.40] /i ::sa::_backgroundSaeShell::runScript /home/itsupport/simulation/inverter,TB_CMOS,schematic/history_1/simulation/default/HSPICE/nominal/.bg_measurement_script.tcl sa::_resultsDatabase::saeShellProcessingCompletedProc testSuiteName saeSession4 testbenchName default resultsDir /home/itsupport/simulation/inverter,TB_CMOS,schematic/history_1/simulation/default/HSPICE/nominal/results testSuiteDir /home/itsupport/simulation/inverter,TB_CMOS,schematic/history_1/simulation/default/HSPICE/nominal databaseName /home/itsupport/simulation/inverter,TB_CMOS,schematic/history_1/simulation/default/HSPICE/nominal/resultsDatabase remoteRun {} testbenchId 1 saveImages true
[20:55:16.66] /o saeInterBGSaeShell:  ::sa::_backgroundSaeShell::scriptFinished 0.2 {} sa::_resultsDatabase::saeShellProcessingCompletedProc testSuiteName saeSession4 testbenchName default resultsDir /home/itsupport/simulation/inverter,TB_CMOS,schematic/history_1/simulation/default/HSPICE/nominal/results testSuiteDir /home/itsupport/simulation/inverter,TB_CMOS,schematic/history_1/simulation/default/HSPICE/nominal databaseName /home/itsupport/simulation/inverter,TB_CMOS,schematic/history_1/simulation/default/HSPICE/nominal/resultsDatabase remoteRun {} testbenchId 1 saveImages true
[20:55:16.66] /o false
[20:55:45.64] /i ::wf::viewerExited
[20:56:05.01] /i ::sa::_backgroundSaeShell::runScript /home/itsupport/simulation/inverter,TB_CMOS,schematic/history_1/simulation/default/HSPICE/nominal/.bg_measurement_script.tcl sa::_resultsDatabase::saeShellProcessingCompletedProc testSuiteName saeSession4 testbenchName default resultsDir /home/itsupport/simulation/inverter,TB_CMOS,schematic/history_1/simulation/default/HSPICE/nominal/results testSuiteDir /home/itsupport/simulation/inverter,TB_CMOS,schematic/history_1/simulation/default/HSPICE/nominal databaseName /home/itsupport/simulation/inverter,TB_CMOS,schematic/history_1/simulation/default/HSPICE/nominal/resultsDatabase remoteRun {} testbenchId 1 saveImages true
[20:56:05.26] /o saeInterBGSaeShell:  ::sa::_backgroundSaeShell::scriptFinished 0.2 {} sa::_resultsDatabase::saeShellProcessingCompletedProc testSuiteName saeSession4 testbenchName default resultsDir /home/itsupport/simulation/inverter,TB_CMOS,schematic/history_1/simulation/default/HSPICE/nominal/results testSuiteDir /home/itsupport/simulation/inverter,TB_CMOS,schematic/history_1/simulation/default/HSPICE/nominal databaseName /home/itsupport/simulation/inverter,TB_CMOS,schematic/history_1/simulation/default/HSPICE/nominal/resultsDatabase remoteRun {} testbenchId 1 saveImages true
[20:56:05.26] /o false
[20:57:10.04] /i ::wf::viewerExited
[20:57:32.11] /i ::sa::_backgroundSaeShell::runScript /home/itsupport/simulation/inverter,TB_CMOS,schematic/history_1/simulation/default/HSPICE/nominal/.bg_measurement_script.tcl sa::_resultsDatabase::saeShellProcessingCompletedProc testSuiteName saeSession4 testbenchName default resultsDir /home/itsupport/simulation/inverter,TB_CMOS,schematic/history_1/simulation/default/HSPICE/nominal/results testSuiteDir /home/itsupport/simulation/inverter,TB_CMOS,schematic/history_1/simulation/default/HSPICE/nominal databaseName /home/itsupport/simulation/inverter,TB_CMOS,schematic/history_1/simulation/default/HSPICE/nominal/resultsDatabase remoteRun {} testbenchId 1 saveImages true
[20:57:32.38] /o saeInterBGSaeShell:  ::sa::_backgroundSaeShell::scriptFinished 0.2 {} sa::_resultsDatabase::saeShellProcessingCompletedProc testSuiteName saeSession4 testbenchName default resultsDir /home/itsupport/simulation/inverter,TB_CMOS,schematic/history_1/simulation/default/HSPICE/nominal/results testSuiteDir /home/itsupport/simulation/inverter,TB_CMOS,schematic/history_1/simulation/default/HSPICE/nominal databaseName /home/itsupport/simulation/inverter,TB_CMOS,schematic/history_1/simulation/default/HSPICE/nominal/resultsDatabase remoteRun {} testbenchId 1 saveImages true
[20:57:32.39] /o false
[20:58:20.24] /i ::sa::_backgroundSaeShell::runScript /home/itsupport/simulation/inverter,TB_CMOS,schematic/history_1/simulation/default/HSPICE/nominal/.bg_measurement_script.tcl sa::_resultsDatabase::saeShellProcessingCompletedProc testSuiteName saeSession4 testbenchName default resultsDir /home/itsupport/simulation/inverter,TB_CMOS,schematic/history_1/simulation/default/HSPICE/nominal/results testSuiteDir /home/itsupport/simulation/inverter,TB_CMOS,schematic/history_1/simulation/default/HSPICE/nominal databaseName /home/itsupport/simulation/inverter,TB_CMOS,schematic/history_1/simulation/default/HSPICE/nominal/resultsDatabase remoteRun {} testbenchId 1 saveImages true
[20:58:20.54] /o saeInterBGSaeShell:  ::sa::_backgroundSaeShell::scriptFinished 0.3 {} sa::_resultsDatabase::saeShellProcessingCompletedProc testSuiteName saeSession4 testbenchName default resultsDir /home/itsupport/simulation/inverter,TB_CMOS,schematic/history_1/simulation/default/HSPICE/nominal/results testSuiteDir /home/itsupport/simulation/inverter,TB_CMOS,schematic/history_1/simulation/default/HSPICE/nominal databaseName /home/itsupport/simulation/inverter,TB_CMOS,schematic/history_1/simulation/default/HSPICE/nominal/resultsDatabase remoteRun {} testbenchId 1 saveImages true
[20:58:20.54] /o false
[20:58:27.14] /i ::wf::viewerExited
[20:58:30.04] /i ::sa::_backgroundSaeShell::runScript /home/itsupport/simulation/inverter,TB_CMOS,schematic/history_1/simulation/default/HSPICE/nominal/.bg_measurement_script.tcl sa::_resultsDatabase::saeShellProcessingCompletedProc testSuiteName saeSession4 testbenchName default resultsDir /home/itsupport/simulation/inverter,TB_CMOS,schematic/history_1/simulation/default/HSPICE/nominal/results testSuiteDir /home/itsupport/simulation/inverter,TB_CMOS,schematic/history_1/simulation/default/HSPICE/nominal databaseName /home/itsupport/simulation/inverter,TB_CMOS,schematic/history_1/simulation/default/HSPICE/nominal/resultsDatabase remoteRun {} testbenchId 1 saveImages true
[20:58:30.39] /o saeInterBGSaeShell:  ::sa::_backgroundSaeShell::scriptFinished 0.3 {} sa::_resultsDatabase::saeShellProcessingCompletedProc testSuiteName saeSession4 testbenchName default resultsDir /home/itsupport/simulation/inverter,TB_CMOS,schematic/history_1/simulation/default/HSPICE/nominal/results testSuiteDir /home/itsupport/simulation/inverter,TB_CMOS,schematic/history_1/simulation/default/HSPICE/nominal databaseName /home/itsupport/simulation/inverter,TB_CMOS,schematic/history_1/simulation/default/HSPICE/nominal/resultsDatabase remoteRun {} testbenchId 1 saveImages true
[20:58:30.39] /o false
[20:59:32.54] /i ::wf::viewerExited
[20:59:49.24] /i ::sa::_backgroundSaeShell::runScript /home/itsupport/simulation/inverter,TB_CMOS,schematic/history_1/simulation/default/HSPICE/nominal/.bg_measurement_script.tcl sa::_resultsDatabase::saeShellProcessingCompletedProc testSuiteName saeSession4 testbenchName default resultsDir /home/itsupport/simulation/inverter,TB_CMOS,schematic/history_1/simulation/default/HSPICE/nominal/results testSuiteDir /home/itsupport/simulation/inverter,TB_CMOS,schematic/history_1/simulation/default/HSPICE/nominal databaseName /home/itsupport/simulation/inverter,TB_CMOS,schematic/history_1/simulation/default/HSPICE/nominal/resultsDatabase remoteRun {} testbenchId 1 saveImages true
[20:59:49.47] /o saeInterBGSaeShell:  ::sa::_backgroundSaeShell::scriptFinished 0.2 {} sa::_resultsDatabase::saeShellProcessingCompletedProc testSuiteName saeSession4 testbenchName default resultsDir /home/itsupport/simulation/inverter,TB_CMOS,schematic/history_1/simulation/default/HSPICE/nominal/results testSuiteDir /home/itsupport/simulation/inverter,TB_CMOS,schematic/history_1/simulation/default/HSPICE/nominal databaseName /home/itsupport/simulation/inverter,TB_CMOS,schematic/history_1/simulation/default/HSPICE/nominal/resultsDatabase remoteRun {} testbenchId 1 saveImages true
[20:59:49.47] /o false
[21:00:06.54] /i ::wf::viewerExited
[21:00:16.03] /i ::sa::_backgroundSaeShell::runScript /home/itsupport/simulation/inverter,TB_CMOS,schematic/history_1/simulation/default/HSPICE/nominal/.bg_measurement_script.tcl sa::_resultsDatabase::saeShellProcessingCompletedProc testSuiteName saeSession4 testbenchName default resultsDir /home/itsupport/simulation/inverter,TB_CMOS,schematic/history_1/simulation/default/HSPICE/nominal/results testSuiteDir /home/itsupport/simulation/inverter,TB_CMOS,schematic/history_1/simulation/default/HSPICE/nominal databaseName /home/itsupport/simulation/inverter,TB_CMOS,schematic/history_1/simulation/default/HSPICE/nominal/resultsDatabase remoteRun {} testbenchId 1 saveImages true
[21:00:16.28] /o saeInterBGSaeShell:  ::sa::_backgroundSaeShell::scriptFinished 0.2 {} sa::_resultsDatabase::saeShellProcessingCompletedProc testSuiteName saeSession4 testbenchName default resultsDir /home/itsupport/simulation/inverter,TB_CMOS,schematic/history_1/simulation/default/HSPICE/nominal/results testSuiteDir /home/itsupport/simulation/inverter,TB_CMOS,schematic/history_1/simulation/default/HSPICE/nominal databaseName /home/itsupport/simulation/inverter,TB_CMOS,schematic/history_1/simulation/default/HSPICE/nominal/resultsDatabase remoteRun {} testbenchId 1 saveImages true
[21:00:16.28] /o false
[21:05:17.95] /o saeInterBGSaeShell:  ::sa::_backgroundSaeShell::pingBack
[21:05:18.04] /i ::sa::_backgroundSaeShell::parentRunning
[21:05:18.04] /o 1777730718
[21:05:21.33] /m Information: Stopped sharing "Custom WaveView" license. (WAVEFORM-111)
[21:10:18.96] /o saeInterBGSaeShell:  ::sa::_backgroundSaeShell::pingBack
[21:10:19.04] /i ::sa::_backgroundSaeShell::parentRunning
[21:10:19.04] /o 1777731019
[21:15:19.97] /o saeInterBGSaeShell:  ::sa::_backgroundSaeShell::pingBack
[21:15:20.04] /i ::sa::_backgroundSaeShell::parentRunning
[21:15:20.04] /o 1777731320
[21:20:20.98] /o saeInterBGSaeShell:  ::sa::_backgroundSaeShell::pingBack
[21:20:21.04] /i ::sa::_backgroundSaeShell::parentRunning
[21:20:21.04] /o 1777731621
[21:21:58.95] /i ::wf::viewerExited
[21:22:31.66] /i ::sa::_backgroundSaeShell::runScript /home/itsupport/simulation/inverter,TB_CMOS,schematic/history_1/simulation/default/HSPICE/nominal/.bg_measurement_script.tcl sa::_resultsDatabase::saeShellProcessingCompletedProc testSuiteName saeSession4 testbenchName default resultsDir /home/itsupport/simulation/inverter,TB_CMOS,schematic/history_1/simulation/default/HSPICE/nominal/results testSuiteDir /home/itsupport/simulation/inverter,TB_CMOS,schematic/history_1/simulation/default/HSPICE/nominal databaseName /home/itsupport/simulation/inverter,TB_CMOS,schematic/history_1/simulation/default/HSPICE/nominal/resultsDatabase remoteRun {} testbenchId 1 saveImages true
[21:22:31.98] /m Information: Started sharing "Custom WaveView" license. (WAVEFORM-110)
[21:22:32.05] /o saeInterBGSaeShell:  ::sa::_backgroundSaeShell::scriptFinished 0.3 {} sa::_resultsDatabase::saeShellProcessingCompletedProc testSuiteName saeSession4 testbenchName default resultsDir /home/itsupport/simulation/inverter,TB_CMOS,schematic/history_1/simulation/default/HSPICE/nominal/results testSuiteDir /home/itsupport/simulation/inverter,TB_CMOS,schematic/history_1/simulation/default/HSPICE/nominal databaseName /home/itsupport/simulation/inverter,TB_CMOS,schematic/history_1/simulation/default/HSPICE/nominal/resultsDatabase remoteRun {} testbenchId 1 saveImages true
[21:22:32.05] /o false
[21:22:56.54] /i ::wf::viewerExited
[21:27:32.34] /m Information: Stopped sharing "Custom WaveView" license. (WAVEFORM-111)
[21:27:33.02] /o saeInterBGSaeShell:  ::sa::_backgroundSaeShell::pingBack
[21:27:33.05] /i ::sa::_backgroundSaeShell::parentRunning
[21:27:33.05] /o 1777732053
[21:32:34.03] /o saeInterBGSaeShell:  ::sa::_backgroundSaeShell::pingBack
[21:32:34.04] /i ::sa::_backgroundSaeShell::parentRunning
[21:32:34.04] /o 1777732354
[21:37:35.04] /o saeInterBGSaeShell:  ::sa::_backgroundSaeShell::pingBack
[21:37:35.14] /i ::sa::_backgroundSaeShell::parentRunning
[21:37:35.14] /o 1777732655
[21:42:36.05] /o saeInterBGSaeShell:  ::sa::_backgroundSaeShell::pingBack
[21:42:36.14] /i ::sa::_backgroundSaeShell::parentRunning
[21:42:36.14] /o 1777732956
[21:47:37.06] /o saeInterBGSaeShell:  ::sa::_backgroundSaeShell::pingBack
[21:47:37.14] /i ::sa::_backgroundSaeShell::parentRunning
[21:47:37.14] /o 1777733257
[21:52:38.07] /o saeInterBGSaeShell:  ::sa::_backgroundSaeShell::pingBack
[21:52:38.15] /i ::sa::_backgroundSaeShell::parentRunning
[21:52:38.15] /o 1777733558
[21:57:39.08] /o saeInterBGSaeShell:  ::sa::_backgroundSaeShell::pingBack
[21:57:39.14] /i ::sa::_backgroundSaeShell::parentRunning
[21:57:39.15] /o 1777733859
[22:01:37.67] /i ::sa::_backgroundSaeShell::runScript /home/itsupport/simulation/inverter,TB_CMOS,schematic/history_1/simulation/default/HSPICE/nominal/.bg_measurement_script.tcl sa::_resultsDatabase::saeShellProcessingCompletedProc testSuiteName saeSession4 testbenchName default resultsDir /home/itsupport/simulation/inverter,TB_CMOS,schematic/history_1/simulation/default/HSPICE/nominal/results testSuiteDir /home/itsupport/simulation/inverter,TB_CMOS,schematic/history_1/simulation/default/HSPICE/nominal databaseName /home/itsupport/simulation/inverter,TB_CMOS,schematic/history_1/simulation/default/HSPICE/nominal/resultsDatabase remoteRun {} testbenchId 1 saveImages true
[22:01:37.99] /m Information: Started sharing "Custom WaveView" license. (WAVEFORM-110)
[22:01:38.07] /o saeInterBGSaeShell:  ::sa::_backgroundSaeShell::scriptFinished 0.3 {} sa::_resultsDatabase::saeShellProcessingCompletedProc testSuiteName saeSession4 testbenchName default resultsDir /home/itsupport/simulation/inverter,TB_CMOS,schematic/history_1/simulation/default/HSPICE/nominal/results testSuiteDir /home/itsupport/simulation/inverter,TB_CMOS,schematic/history_1/simulation/default/HSPICE/nominal databaseName /home/itsupport/simulation/inverter,TB_CMOS,schematic/history_1/simulation/default/HSPICE/nominal/resultsDatabase remoteRun {} testbenchId 1 saveImages true
[22:01:38.07] /o false
[22:01:45.05] /i ::wf::viewerExited
[22:01:57.41] /i ::sa::_backgroundSaeShell::runScript /home/itsupport/simulation/inverter,TB_CMOS,schematic/history_1/simulation/default/HSPICE/nominal/.bg_measurement_script.tcl sa::_resultsDatabase::saeShellProcessingCompletedProc testSuiteName saeSession4 testbenchName default resultsDir /home/itsupport/simulation/inverter,TB_CMOS,schematic/history_1/simulation/default/HSPICE/nominal/results testSuiteDir /home/itsupport/simulation/inverter,TB_CMOS,schematic/history_1/simulation/default/HSPICE/nominal databaseName /home/itsupport/simulation/inverter,TB_CMOS,schematic/history_1/simulation/default/HSPICE/nominal/resultsDatabase remoteRun {} testbenchId 1 saveImages true
[22:01:57.73] /o saeInterBGSaeShell:  ::sa::_backgroundSaeShell::scriptFinished 0.3 {} sa::_resultsDatabase::saeShellProcessingCompletedProc testSuiteName saeSession4 testbenchName default resultsDir /home/itsupport/simulation/inverter,TB_CMOS,schematic/history_1/simulation/default/HSPICE/nominal/results testSuiteDir /home/itsupport/simulation/inverter,TB_CMOS,schematic/history_1/simulation/default/HSPICE/nominal databaseName /home/itsupport/simulation/inverter,TB_CMOS,schematic/history_1/simulation/default/HSPICE/nominal/resultsDatabase remoteRun {} testbenchId 1 saveImages true
[22:01:57.73] /o false
[22:02:19.05] /i ::wf::viewerExited
[22:02:28.54] /i ::sa::_backgroundSaeShell::runScript /home/itsupport/simulation/inverter,TB_CMOS,schematic/history_1/simulation/default/HSPICE/nominal/.bg_measurement_script.tcl sa::_resultsDatabase::saeShellProcessingCompletedProc testSuiteName saeSession4 testbenchName default resultsDir /home/itsupport/simulation/inverter,TB_CMOS,schematic/history_1/simulation/default/HSPICE/nominal/results testSuiteDir /home/itsupport/simulation/inverter,TB_CMOS,schematic/history_1/simulation/default/HSPICE/nominal databaseName /home/itsupport/simulation/inverter,TB_CMOS,schematic/history_1/simulation/default/HSPICE/nominal/resultsDatabase remoteRun {} testbenchId 1 saveImages true
[22:02:28.84] /o saeInterBGSaeShell:  ::sa::_backgroundSaeShell::scriptFinished 0.3 {} sa::_resultsDatabase::saeShellProcessingCompletedProc testSuiteName saeSession4 testbenchName default resultsDir /home/itsupport/simulation/inverter,TB_CMOS,schematic/history_1/simulation/default/HSPICE/nominal/results testSuiteDir /home/itsupport/simulation/inverter,TB_CMOS,schematic/history_1/simulation/default/HSPICE/nominal databaseName /home/itsupport/simulation/inverter,TB_CMOS,schematic/history_1/simulation/default/HSPICE/nominal/resultsDatabase remoteRun {} testbenchId 1 saveImages true
[22:02:28.84] /o false
[22:07:29.10] /o saeInterBGSaeShell:  ::sa::_backgroundSaeShell::pingBack
[22:07:29.14] /i ::sa::_backgroundSaeShell::parentRunning
[22:07:29.14] /o 1777734449
[22:07:33.34] /m Information: Stopped sharing "Custom WaveView" license. (WAVEFORM-111)
[22:12:30.12] /o saeInterBGSaeShell:  ::sa::_backgroundSaeShell::pingBack
[22:12:30.14] /i ::sa::_backgroundSaeShell::parentRunning
[22:12:30.14] /o 1777734750
[22:17:31.12] /o saeInterBGSaeShell:  ::sa::_backgroundSaeShell::pingBack
[22:17:31.14] /i ::sa::_backgroundSaeShell::parentRunning
[22:17:31.15] /o 1777735051
[22:22:32.13] /o saeInterBGSaeShell:  ::sa::_backgroundSaeShell::pingBack
[22:22:32.24] /i ::sa::_backgroundSaeShell::parentRunning
[22:22:32.24] /o 1777735352
[22:23:55.85] /i ::wf::viewerExited
[22:24:08.13] /i ::sa::_backgroundSaeShell::runScript /home/itsupport/simulation/inverter,TB_CMOS,schematic/history_1/simulation/default/HSPICE/nominal/.bg_measurement_script.tcl sa::_resultsDatabase::saeShellProcessingCompletedProc testSuiteName saeSession4 testbenchName default resultsDir /home/itsupport/simulation/inverter,TB_CMOS,schematic/history_1/simulation/default/HSPICE/nominal/results testSuiteDir /home/itsupport/simulation/inverter,TB_CMOS,schematic/history_1/simulation/default/HSPICE/nominal databaseName /home/itsupport/simulation/inverter,TB_CMOS,schematic/history_1/simulation/default/HSPICE/nominal/resultsDatabase remoteRun {} testbenchId 1 saveImages true
[22:24:08.32] /m Information: Started sharing "Custom WaveView" license. (WAVEFORM-110)
[22:24:08.42] /o saeInterBGSaeShell:  ::sa::_backgroundSaeShell::scriptFinished 0.2 {} sa::_resultsDatabase::saeShellProcessingCompletedProc testSuiteName saeSession4 testbenchName default resultsDir /home/itsupport/simulation/inverter,TB_CMOS,schematic/history_1/simulation/default/HSPICE/nominal/results testSuiteDir /home/itsupport/simulation/inverter,TB_CMOS,schematic/history_1/simulation/default/HSPICE/nominal databaseName /home/itsupport/simulation/inverter,TB_CMOS,schematic/history_1/simulation/default/HSPICE/nominal/resultsDatabase remoteRun {} testbenchId 1 saveImages true
[22:24:08.42] /o false
[22:25:09.34] /i ::wf::viewerExited
[22:25:18.20] /i ::sa::_backgroundSaeShell::exit
[22:25:18.20] /o saeInterBGSaeShell:  ::sa::_backgroundSaeShell::childFormallyExiting
