[21:39:23.41] /m Information: License 'SAE' checked out. (LICENSE-003)
[21:39:25.50] /o sae_shell Version Custom Compiler N-2017.12-SP1-2
              /c Build  (OPT) compiled on Wed May 16 15:20:56 2018 for RHEL64 6.6
              /c Execution time: Tue May  5 21:39:22 2026
              /c Host: localhost.localdomain
              /c 
              /c Copyright © 2004-2018 Synopsys, Inc.
              /c This software and the associated documentation are proprietary to Synopsys, Inc. This software may only be used in accordance with the terms and conditions of a written license agreement with Synopsys, Inc. All other use, reproduction, or distribution of this software is strictly prohibited.
              /c 
              /c 
[21:39:25.51] /w Warning: Preference 'leActiveLPP' is deprecated and scheduled for removal in a future release with no replacement. For migration assistance, see the Custom Compiler Tcl Reference Manual. (PREFERENCE-058)
[21:39:25.52] /o 	#######################################
[21:39:25.52] /o 	PDK Library Name	: reference90RF
[21:39:25.52] /o 	PDK Version		: 2.0
[21:39:25.52] /o 	PDK Release Date	: 25-March-2010 
[21:39:25.52] /o 	#######################################
[21:39:25.52] /o 
[21:39:25.53] /i ::sa::_backgroundSaeShell::signalProcessReady 1777991961
[21:39:25.53] /o saeInterBGSaeShell:  ::sa::_backgroundSaeShell::processReady 4
[21:44:26.53] /o saeInterBGSaeShell:  ::sa::_backgroundSaeShell::pingBack
[21:44:26.62] /i ::sa::_backgroundSaeShell::parentRunning
[21:44:26.62] /o 1777992266
[21:49:27.54] /o saeInterBGSaeShell:  ::sa::_backgroundSaeShell::pingBack
[21:49:27.60] /i ::sa::_backgroundSaeShell::parentRunning
[21:49:27.60] /o 1777992567
[21:50:37.71] /i ::wf::viewerExited
[21:54:28.56] /o saeInterBGSaeShell:  ::sa::_backgroundSaeShell::pingBack
[21:54:28.60] /i ::sa::_backgroundSaeShell::parentRunning
[21:54:28.60] /o 1777992868
[21:54:53.30] /i ::wf::viewerExited
[21:59:29.56] /o saeInterBGSaeShell:  ::sa::_backgroundSaeShell::pingBack
[21:59:29.61] /i ::sa::_backgroundSaeShell::parentRunning
[21:59:29.61] /o 1777993169
[21:59:48.81] /i ::wf::viewerExited
[22:04:30.57] /o saeInterBGSaeShell:  ::sa::_backgroundSaeShell::pingBack
[22:04:30.60] /i ::sa::_backgroundSaeShell::parentRunning
[22:04:30.60] /o 1777993470
[22:09:31.57] /o saeInterBGSaeShell:  ::sa::_backgroundSaeShell::pingBack
[22:09:31.60] /i ::sa::_backgroundSaeShell::parentRunning
[22:09:31.60] /o 1777993771
[22:14:32.57] /o saeInterBGSaeShell:  ::sa::_backgroundSaeShell::pingBack
[22:14:32.61] /i ::sa::_backgroundSaeShell::parentRunning
[22:14:32.61] /o 1777994072
[22:19:33.57] /o saeInterBGSaeShell:  ::sa::_backgroundSaeShell::pingBack
[22:19:33.60] /i ::sa::_backgroundSaeShell::parentRunning
[22:19:33.60] /o 1777994373
[22:24:34.59] /o saeInterBGSaeShell:  ::sa::_backgroundSaeShell::pingBack
[22:24:34.61] /i ::sa::_backgroundSaeShell::parentRunning
[22:24:34.61] /o 1777994674
[22:29:35.61] /o saeInterBGSaeShell:  ::sa::_backgroundSaeShell::pingBack
[22:29:35.70] /i ::sa::_backgroundSaeShell::parentRunning
[22:29:35.71] /o 1777994975
[22:34:36.62] /o saeInterBGSaeShell:  ::sa::_backgroundSaeShell::pingBack
[22:34:36.70] /i ::sa::_backgroundSaeShell::parentRunning
[22:34:36.70] /o 1777995276
[22:36:32.81] /i ::wf::viewerExited
[22:39:37.63] /o saeInterBGSaeShell:  ::sa::_backgroundSaeShell::pingBack
[22:39:37.70] /i ::sa::_backgroundSaeShell::parentRunning
[22:39:37.70] /o 1777995577
[22:44:38.63] /o saeInterBGSaeShell:  ::sa::_backgroundSaeShell::pingBack
[22:44:38.70] /i ::sa::_backgroundSaeShell::parentRunning
[22:44:38.71] /o 1777995878
[22:49:39.65] /o saeInterBGSaeShell:  ::sa::_backgroundSaeShell::pingBack
[22:49:39.70] /i ::sa::_backgroundSaeShell::parentRunning
[22:49:39.70] /o 1777996179
[22:54:40.67] /o saeInterBGSaeShell:  ::sa::_backgroundSaeShell::pingBack
[22:54:40.70] /i ::sa::_backgroundSaeShell::parentRunning
[22:54:40.70] /o 1777996480
[22:59:41.68] /o saeInterBGSaeShell:  ::sa::_backgroundSaeShell::pingBack
[22:59:41.70] /i ::sa::_backgroundSaeShell::parentRunning
[22:59:41.70] /o 1777996781
[23:04:42.70] /o saeInterBGSaeShell:  ::sa::_backgroundSaeShell::pingBack
[23:04:42.80] /i ::sa::_backgroundSaeShell::parentRunning
[23:04:42.81] /o 1777997082
[23:09:43.70] /o saeInterBGSaeShell:  ::sa::_backgroundSaeShell::pingBack
[23:09:43.81] /i ::sa::_backgroundSaeShell::parentRunning
[23:09:43.81] /o 1777997383
[23:14:44.72] /o saeInterBGSaeShell:  ::sa::_backgroundSaeShell::pingBack
[23:14:44.81] /i ::sa::_backgroundSaeShell::parentRunning
[23:14:44.81] /o 1777997684
[23:18:13.30] /i ::sa::_backgroundSaeShell::exit
[23:18:13.30] /o saeInterBGSaeShell:  ::sa::_backgroundSaeShell::childFormallyExiting
