[20:54:26.03] /m Information: License 'SAE' checked out. (LICENSE-003)
[20:54:27.18] /o sae_shell Version Custom Compiler N-2017.12-SP1-2
              /c Build  (OPT) compiled on Wed May 16 15:20:56 2018 for RHEL64 6.6
              /c Execution time: Sat May  2 20:54:25 2026
              /c Host: localhost.localdomain
              /c 
              /c Copyright © 2004-2018 Synopsys, Inc.
              /c This software and the associated documentation are proprietary to Synopsys, Inc. This software may only be used in accordance with the terms and conditions of a written license agreement with Synopsys, Inc. All other use, reproduction, or distribution of this software is strictly prohibited.
              /c 
              /c 
[20:54:27.19] /w Warning: Preference 'leActiveLPP' is deprecated and scheduled for removal in a future release with no replacement. For migration assistance, see the Custom Compiler Tcl Reference Manual. (PREFERENCE-058)
[20:54:27.20] /o 	#######################################
[20:54:27.20] /o 	PDK Library Name	: reference90RF
[20:54:27.20] /o 	PDK Version		: 2.0
[20:54:27.20] /o 	PDK Release Date	: 25-March-2010 
[20:54:27.20] /o 	#######################################
[20:54:27.20] /o 
[20:54:27.20] /i ::sa::_backgroundSaeShell::signalProcessReady 1777730064
[20:54:27.20] /o saeInterBGSaeShell:  ::sa::_backgroundSaeShell::processReady 3
[20:54:52.74] /i ::wf::viewerExited
[20:55:45.64] /i ::wf::viewerExited
[20:57:10.04] /i ::wf::viewerExited
[20:58:27.14] /i ::wf::viewerExited
[20:59:28.22] /o saeInterBGSaeShell:  ::sa::_backgroundSaeShell::pingBack
[20:59:28.24] /i ::sa::_backgroundSaeShell::parentRunning
[20:59:28.24] /o 1777730368
[20:59:32.54] /i ::wf::viewerExited
[21:00:06.54] /i ::wf::viewerExited
[21:04:29.24] /o saeInterBGSaeShell:  ::sa::_backgroundSaeShell::pingBack
[21:04:29.35] /i ::sa::_backgroundSaeShell::parentRunning
[21:04:29.35] /o 1777730669
[21:09:30.26] /o saeInterBGSaeShell:  ::sa::_backgroundSaeShell::pingBack
[21:09:30.34] /i ::sa::_backgroundSaeShell::parentRunning
[21:09:30.34] /o 1777730970
[21:14:31.26] /o saeInterBGSaeShell:  ::sa::_backgroundSaeShell::pingBack
[21:14:31.34] /i ::sa::_backgroundSaeShell::parentRunning
[21:14:31.34] /o 1777731271
[21:19:32.28] /o saeInterBGSaeShell:  ::sa::_backgroundSaeShell::pingBack
[21:19:32.34] /i ::sa::_backgroundSaeShell::parentRunning
[21:19:32.34] /o 1777731572
[21:21:58.95] /i ::wf::viewerExited
[21:22:56.54] /i ::wf::viewerExited
[21:24:33.29] /o saeInterBGSaeShell:  ::sa::_backgroundSaeShell::pingBack
[21:24:33.36] /i ::sa::_backgroundSaeShell::parentRunning
[21:24:33.36] /o 1777731873
[21:29:34.29] /o saeInterBGSaeShell:  ::sa::_backgroundSaeShell::pingBack
[21:29:34.35] /i ::sa::_backgroundSaeShell::parentRunning
[21:29:34.35] /o 1777732174
[21:34:35.30] /o saeInterBGSaeShell:  ::sa::_backgroundSaeShell::pingBack
[21:34:35.35] /i ::sa::_backgroundSaeShell::parentRunning
[21:34:35.35] /o 1777732475
[21:39:36.31] /o saeInterBGSaeShell:  ::sa::_backgroundSaeShell::pingBack
[21:39:36.34] /i ::sa::_backgroundSaeShell::parentRunning
[21:39:36.34] /o 1777732776
[21:44:37.32] /o saeInterBGSaeShell:  ::sa::_backgroundSaeShell::pingBack
[21:44:37.34] /i ::sa::_backgroundSaeShell::parentRunning
[21:44:37.35] /o 1777733077
[21:49:38.32] /o saeInterBGSaeShell:  ::sa::_backgroundSaeShell::pingBack
[21:49:38.34] /i ::sa::_backgroundSaeShell::parentRunning
[21:49:38.34] /o 1777733378
[21:54:39.33] /o saeInterBGSaeShell:  ::sa::_backgroundSaeShell::pingBack
[21:54:39.34] /i ::sa::_backgroundSaeShell::parentRunning
[21:54:39.35] /o 1777733679
[21:59:40.36] /o saeInterBGSaeShell:  ::sa::_backgroundSaeShell::pingBack
[21:59:40.45] /i ::sa::_backgroundSaeShell::parentRunning
[21:59:40.46] /o 1777733980
[22:01:45.05] /i ::wf::viewerExited
[22:02:19.05] /i ::wf::viewerExited
[22:04:41.38] /o saeInterBGSaeShell:  ::sa::_backgroundSaeShell::pingBack
[22:04:41.44] /i ::sa::_backgroundSaeShell::parentRunning
[22:04:41.44] /o 1777734281
[22:09:42.38] /o saeInterBGSaeShell:  ::sa::_backgroundSaeShell::pingBack
[22:09:42.44] /i ::sa::_backgroundSaeShell::parentRunning
[22:09:42.45] /o 1777734582
[22:14:43.39] /o saeInterBGSaeShell:  ::sa::_backgroundSaeShell::pingBack
[22:14:43.44] /i ::sa::_backgroundSaeShell::parentRunning
[22:14:43.45] /o 1777734883
[22:19:44.42] /o saeInterBGSaeShell:  ::sa::_backgroundSaeShell::pingBack
[22:19:44.44] /i ::sa::_backgroundSaeShell::parentRunning
[22:19:44.45] /o 1777735184
[22:23:55.85] /i ::wf::viewerExited
[22:24:45.43] /o saeInterBGSaeShell:  ::sa::_backgroundSaeShell::pingBack
[22:24:45.44] /i ::sa::_backgroundSaeShell::parentRunning
[22:24:45.45] /o 1777735485
[22:25:09.34] /i ::wf::viewerExited
[22:25:18.20] /i ::sa::_backgroundSaeShell::exit
[22:25:18.20] /o saeInterBGSaeShell:  ::sa::_backgroundSaeShell::childFormallyExiting
