[16:18:45.44] /m Information: License 'SAE' checked out. (LICENSE-003)
[16:18:46.46] /o sae_shell Version Custom Compiler N-2017.12-SP1-2
              /c Build  (OPT) compiled on Wed May 16 15:20:56 2018 for RHEL64 6.6
              /c Execution time: Tue Apr 14 16:18:44 2026
              /c Host: localhost.localdomain
              /c 
              /c Copyright © 2004-2018 Synopsys, Inc.
              /c This software and the associated documentation are proprietary to Synopsys, Inc. This software may only be used in accordance with the terms and conditions of a written license agreement with Synopsys, Inc. All other use, reproduction, or distribution of this software is strictly prohibited.
              /c 
              /c 
[16:18:46.47] /w Warning: Preference 'leActiveLPP' is deprecated and scheduled for removal in a future release with no replacement. For migration assistance, see the Custom Compiler Tcl Reference Manual. (PREFERENCE-058)
[16:18:46.47] /o 	#######################################
[16:18:46.47] /o 	PDK Library Name	: reference90RF
[16:18:46.47] /o 	PDK Version		: 2.0
[16:18:46.47] /o 	PDK Release Date	: 25-March-2010 
[16:18:46.47] /o 	#######################################
[16:18:46.47] /o 
[16:18:46.48] /i ::sa::_backgroundSaeShell::signalProcessReady 1776158324
[16:18:46.48] /o saeInterBGSaeShell:  ::sa::_backgroundSaeShell::processReady 2
[16:23:47.49] /o saeInterBGSaeShell:  ::sa::_backgroundSaeShell::pingBack
[16:23:47.53] /i ::sa::_backgroundSaeShell::parentRunning
[16:23:47.53] /o 1776158627
[16:24:07.91] /i ::sa::_backgroundSaeShell::runScript /home/itsupport/simulation/inverter,tb_nmos,schematic/history_1/simulation/HSPICE_default/HSPICE/parametric/.bg_measurement_script.tcl sa::_resultsDatabase::saeShellProcessingCompletedProc testSuiteName saeSession5 testbenchName HSPICE_default resultsDir /home/itsupport/simulation/inverter,tb_nmos,schematic/history_1/simulation/HSPICE_default/HSPICE/parametric/results testSuiteDir /home/itsupport/simulation/inverter,tb_nmos,schematic/history_1/simulation/HSPICE_default/HSPICE/parametric databaseName /home/itsupport/simulation/inverter,tb_nmos,schematic/history_1/simulation/HSPICE_default/HSPICE/parametric/resultsDatabase remoteRun {} testbenchId 1 saveImages true
[16:24:08.18] /m Information: Expression 'i(/V2/PLUS)' did not evaluate: No results found.
[16:24:08.18] /m Information: Expression 'i(/V2/MINUS)' did not evaluate: No results found.
[16:24:08.18] /m Information: Expression 'v(/net9)' did not evaluate: No results found.
[16:24:08.24] /m Information: Re-evaluating the failed expression 'i(/V2/PLUS)'
[16:24:08.24] /m Information: Expression 'i(/V2/PLUS)' did not evaluate: No results found.
[16:24:08.24] /m Information: Re-evaluating the failed expression 'i(/V2/MINUS)'
[16:24:08.24] /m Information: Expression 'i(/V2/MINUS)' did not evaluate: No results found.
[16:24:08.25] /m Information: Re-evaluating the failed expression 'v(/net9)'
[16:24:08.25] /m Information: Expression 'v(/net9)' did not evaluate: No results found.
[16:24:08.27] /o saeInterBGSaeShell:  ::sa::_backgroundSaeShell::scriptFinished 0.3 {} sa::_resultsDatabase::saeShellProcessingCompletedProc testSuiteName saeSession5 testbenchName HSPICE_default resultsDir /home/itsupport/simulation/inverter,tb_nmos,schematic/history_1/simulation/HSPICE_default/HSPICE/parametric/results testSuiteDir /home/itsupport/simulation/inverter,tb_nmos,schematic/history_1/simulation/HSPICE_default/HSPICE/parametric databaseName /home/itsupport/simulation/inverter,tb_nmos,schematic/history_1/simulation/HSPICE_default/HSPICE/parametric/resultsDatabase remoteRun {} testbenchId 1 saveImages true
[16:24:08.27] /o false
[16:25:59.86] /i ::sa::_backgroundSaeShell::runScript /home/itsupport/simulation/inverter,tb_nmos,schematic/history_1/simulation/HSPICE_default/HSPICE/parametric/.bg_measurement_script.tcl sa::_resultsDatabase::saeShellProcessingCompletedProc testSuiteName saeSession5 testbenchName HSPICE_default resultsDir /home/itsupport/simulation/inverter,tb_nmos,schematic/history_1/simulation/HSPICE_default/HSPICE/parametric/results testSuiteDir /home/itsupport/simulation/inverter,tb_nmos,schematic/history_1/simulation/HSPICE_default/HSPICE/parametric databaseName /home/itsupport/simulation/inverter,tb_nmos,schematic/history_1/simulation/HSPICE_default/HSPICE/parametric/resultsDatabase remoteRun {} testbenchId 1 saveImages true
[16:26:00.03] /m Information: Expression 'i(/V2/PLUS)' did not evaluate: No results found.
[16:26:00.03] /m Information: Expression 'i(/V2/MINUS)' did not evaluate: No results found.
[16:26:00.03] /m Information: Expression 'v(/net9)' did not evaluate: No results found.
[16:26:00.08] /m Information: Re-evaluating the failed expression 'i(/V2/PLUS)'
[16:26:00.08] /m Information: Expression 'i(/V2/PLUS)' did not evaluate: No results found.
[16:26:00.08] /m Information: Re-evaluating the failed expression 'i(/V2/MINUS)'
[16:26:00.08] /m Information: Expression 'i(/V2/MINUS)' did not evaluate: No results found.
[16:26:00.08] /m Information: Re-evaluating the failed expression 'v(/net9)'
[16:26:00.08] /m Information: Expression 'v(/net9)' did not evaluate: No results found.
[16:26:00.11] /o saeInterBGSaeShell:  ::sa::_backgroundSaeShell::scriptFinished 0.2 {} sa::_resultsDatabase::saeShellProcessingCompletedProc testSuiteName saeSession5 testbenchName HSPICE_default resultsDir /home/itsupport/simulation/inverter,tb_nmos,schematic/history_1/simulation/HSPICE_default/HSPICE/parametric/results testSuiteDir /home/itsupport/simulation/inverter,tb_nmos,schematic/history_1/simulation/HSPICE_default/HSPICE/parametric databaseName /home/itsupport/simulation/inverter,tb_nmos,schematic/history_1/simulation/HSPICE_default/HSPICE/parametric/resultsDatabase remoteRun {} testbenchId 1 saveImages true
[16:26:00.11] /o false
[16:28:16.22] /i ::sa::_backgroundSaeShell::runScript /home/itsupport/simulation/inverter,tb_nmos,schematic/history_1/simulation/HSPICE_default/HSPICE/parametric/.bg_measurement_script.tcl sa::_resultsDatabase::saeShellProcessingCompletedProc testSuiteName saeSession5 testbenchName HSPICE_default resultsDir /home/itsupport/simulation/inverter,tb_nmos,schematic/history_1/simulation/HSPICE_default/HSPICE/parametric/results testSuiteDir /home/itsupport/simulation/inverter,tb_nmos,schematic/history_1/simulation/HSPICE_default/HSPICE/parametric databaseName /home/itsupport/simulation/inverter,tb_nmos,schematic/history_1/simulation/HSPICE_default/HSPICE/parametric/resultsDatabase remoteRun {} testbenchId 1 saveImages true
[16:28:16.45] /m Information: Expression 'i(/V2/PLUS)' did not evaluate: No results found.
[16:28:16.45] /m Information: Expression 'i(/V2/MINUS)' did not evaluate: No results found.
[16:28:16.45] /m Information: Expression 'v(/net9)' did not evaluate: No results found.
[16:28:16.49] /m Information: Re-evaluating the failed expression 'i(/V2/PLUS)'
[16:28:16.49] /m Information: Expression 'i(/V2/PLUS)' did not evaluate: No results found.
[16:28:16.49] /m Information: Re-evaluating the failed expression 'i(/V2/MINUS)'
[16:28:16.49] /m Information: Expression 'i(/V2/MINUS)' did not evaluate: No results found.
[16:28:16.49] /m Information: Re-evaluating the failed expression 'v(/net9)'
[16:28:16.50] /m Information: Expression 'v(/net9)' did not evaluate: No results found.
[16:28:16.53] /o saeInterBGSaeShell:  ::sa::_backgroundSaeShell::scriptFinished 0.3 {} sa::_resultsDatabase::saeShellProcessingCompletedProc testSuiteName saeSession5 testbenchName HSPICE_default resultsDir /home/itsupport/simulation/inverter,tb_nmos,schematic/history_1/simulation/HSPICE_default/HSPICE/parametric/results testSuiteDir /home/itsupport/simulation/inverter,tb_nmos,schematic/history_1/simulation/HSPICE_default/HSPICE/parametric databaseName /home/itsupport/simulation/inverter,tb_nmos,schematic/history_1/simulation/HSPICE_default/HSPICE/parametric/resultsDatabase remoteRun {} testbenchId 1 saveImages true
[16:28:16.53] /o false
[16:32:29.35] /i ::sa::_backgroundSaeShell::runScript /home/itsupport/simulation/inverter,tb_nmos,schematic/history_1/simulation/HSPICE_default/HSPICE/parametric/.bg_measurement_script.tcl sa::_resultsDatabase::saeShellProcessingCompletedProc testSuiteName saeSession5 testbenchName HSPICE_default resultsDir /home/itsupport/simulation/inverter,tb_nmos,schematic/history_1/simulation/HSPICE_default/HSPICE/parametric/results testSuiteDir /home/itsupport/simulation/inverter,tb_nmos,schematic/history_1/simulation/HSPICE_default/HSPICE/parametric databaseName /home/itsupport/simulation/inverter,tb_nmos,schematic/history_1/simulation/HSPICE_default/HSPICE/parametric/resultsDatabase remoteRun {} testbenchId 1 saveImages true
[16:32:29.51] /m Information: Expression 'i(/V2/PLUS)' did not evaluate: No results found.
[16:32:29.51] /m Information: Expression 'i(/V2/MINUS)' did not evaluate: No results found.
[16:32:29.51] /m Information: Expression 'v(/net9)' did not evaluate: No results found.
[16:32:29.54] /m Information: Re-evaluating the failed expression 'i(/V2/PLUS)'
[16:32:29.54] /m Information: Expression 'i(/V2/PLUS)' did not evaluate: No results found.
[16:32:29.54] /m Information: Re-evaluating the failed expression 'i(/V2/MINUS)'
[16:32:29.55] /m Information: Expression 'i(/V2/MINUS)' did not evaluate: No results found.
[16:32:29.55] /m Information: Re-evaluating the failed expression 'v(/net9)'
[16:32:29.55] /m Information: Expression 'v(/net9)' did not evaluate: No results found.
[16:32:29.57] /o saeInterBGSaeShell:  ::sa::_backgroundSaeShell::scriptFinished 0.2 {} sa::_resultsDatabase::saeShellProcessingCompletedProc testSuiteName saeSession5 testbenchName HSPICE_default resultsDir /home/itsupport/simulation/inverter,tb_nmos,schematic/history_1/simulation/HSPICE_default/HSPICE/parametric/results testSuiteDir /home/itsupport/simulation/inverter,tb_nmos,schematic/history_1/simulation/HSPICE_default/HSPICE/parametric databaseName /home/itsupport/simulation/inverter,tb_nmos,schematic/history_1/simulation/HSPICE_default/HSPICE/parametric/resultsDatabase remoteRun {} testbenchId 1 saveImages true
[16:32:29.57] /o false
[16:32:43.44] /i ::sa::_backgroundSaeShell::runScript /home/itsupport/simulation/inverter,tb_nmos,schematic/history_1/simulation/HSPICE_default/HSPICE/parametric/.bg_measurement_script.tcl sa::_resultsDatabase::saeShellProcessingCompletedProc testSuiteName saeSession5 testbenchName HSPICE_default resultsDir /home/itsupport/simulation/inverter,tb_nmos,schematic/history_1/simulation/HSPICE_default/HSPICE/parametric/results testSuiteDir /home/itsupport/simulation/inverter,tb_nmos,schematic/history_1/simulation/HSPICE_default/HSPICE/parametric databaseName /home/itsupport/simulation/inverter,tb_nmos,schematic/history_1/simulation/HSPICE_default/HSPICE/parametric/resultsDatabase remoteRun {} testbenchId 1 saveImages true
[16:32:43.59] /m Information: Expression 'i(/V2/PLUS)' did not evaluate: No results found.
[16:32:43.59] /m Information: Expression 'i(/V2/MINUS)' did not evaluate: No results found.
[16:32:43.59] /m Information: Expression 'v(/net9)' did not evaluate: No results found.
[16:32:43.64] /m Information: Re-evaluating the failed expression 'i(/V2/PLUS)'
[16:32:43.64] /m Information: Expression 'i(/V2/PLUS)' did not evaluate: No results found.
[16:32:43.64] /m Information: Re-evaluating the failed expression 'i(/V2/MINUS)'
[16:32:43.64] /m Information: Expression 'i(/V2/MINUS)' did not evaluate: No results found.
[16:32:43.64] /m Information: Re-evaluating the failed expression 'v(/net9)'
[16:32:43.64] /m Information: Expression 'v(/net9)' did not evaluate: No results found.
[16:32:43.66] /o saeInterBGSaeShell:  ::sa::_backgroundSaeShell::scriptFinished 0.2 {} sa::_resultsDatabase::saeShellProcessingCompletedProc testSuiteName saeSession5 testbenchName HSPICE_default resultsDir /home/itsupport/simulation/inverter,tb_nmos,schematic/history_1/simulation/HSPICE_default/HSPICE/parametric/results testSuiteDir /home/itsupport/simulation/inverter,tb_nmos,schematic/history_1/simulation/HSPICE_default/HSPICE/parametric databaseName /home/itsupport/simulation/inverter,tb_nmos,schematic/history_1/simulation/HSPICE_default/HSPICE/parametric/resultsDatabase remoteRun {} testbenchId 1 saveImages true
[16:32:43.66] /o false
[16:36:24.74] /i ::sa::_backgroundSaeShell::runScript /home/itsupport/simulation/inverter,tb_nmos,schematic/history_1/simulation/HSPICE_default/HSPICE/parametric/.bg_measurement_script.tcl sa::_resultsDatabase::saeShellProcessingCompletedProc testSuiteName saeSession5 testbenchName HSPICE_default resultsDir /home/itsupport/simulation/inverter,tb_nmos,schematic/history_1/simulation/HSPICE_default/HSPICE/parametric/results testSuiteDir /home/itsupport/simulation/inverter,tb_nmos,schematic/history_1/simulation/HSPICE_default/HSPICE/parametric databaseName /home/itsupport/simulation/inverter,tb_nmos,schematic/history_1/simulation/HSPICE_default/HSPICE/parametric/resultsDatabase remoteRun {} testbenchId 1 saveImages true
[16:36:24.96] /m Information: Expression 'i(/V2/PLUS)' did not evaluate: No results found.
[16:36:24.96] /m Information: Expression 'i(/V2/MINUS)' did not evaluate: No results found.
[16:36:24.96] /m Information: Expression 'v(/net9)' did not evaluate: No results found.
[16:36:24.99] /m Information: Re-evaluating the failed expression 'i(/V2/PLUS)'
[16:36:24.99] /m Information: Expression 'i(/V2/PLUS)' did not evaluate: No results found.
[16:36:24.99] /m Information: Re-evaluating the failed expression 'i(/V2/MINUS)'
[16:36:24.99] /m Information: Expression 'i(/V2/MINUS)' did not evaluate: No results found.
[16:36:24.99] /m Information: Re-evaluating the failed expression 'v(/net9)'
[16:36:24.99] /m Information: Expression 'v(/net9)' did not evaluate: No results found.
[16:36:25.02] /o saeInterBGSaeShell:  ::sa::_backgroundSaeShell::scriptFinished 0.2 {} sa::_resultsDatabase::saeShellProcessingCompletedProc testSuiteName saeSession5 testbenchName HSPICE_default resultsDir /home/itsupport/simulation/inverter,tb_nmos,schematic/history_1/simulation/HSPICE_default/HSPICE/parametric/results testSuiteDir /home/itsupport/simulation/inverter,tb_nmos,schematic/history_1/simulation/HSPICE_default/HSPICE/parametric databaseName /home/itsupport/simulation/inverter,tb_nmos,schematic/history_1/simulation/HSPICE_default/HSPICE/parametric/resultsDatabase remoteRun {} testbenchId 1 saveImages true
[16:36:25.02] /o false
[16:36:44.58] /i ::sa::_backgroundSaeShell::exit
[16:36:44.58] /o saeInterBGSaeShell:  ::sa::_backgroundSaeShell::childFormallyExiting
