[19:41:23.81] /m Information: License 'SAE' checked out. (LICENSE-003)
[19:41:25.01] /o sae_shell Version Custom Compiler N-2017.12-SP1-2
              /c Build  (OPT) compiled on Wed May 16 15:20:56 2018 for RHEL64 6.6
              /c Execution time: Mon Apr 13 19:41:22 2026
              /c Host: localhost.localdomain
              /c 
              /c Copyright © 2004-2018 Synopsys, Inc.
              /c This software and the associated documentation are proprietary to Synopsys, Inc. This software may only be used in accordance with the terms and conditions of a written license agreement with Synopsys, Inc. All other use, reproduction, or distribution of this software is strictly prohibited.
              /c 
              /c 
[19:41:25.02] /w Warning: Preference 'leActiveLPP' is deprecated and scheduled for removal in a future release with no replacement. For migration assistance, see the Custom Compiler Tcl Reference Manual. (PREFERENCE-058)
[19:41:25.02] /o 	#######################################
[19:41:25.02] /o 	PDK Library Name	: reference90RF
[19:41:25.02] /o 	PDK Version		: 2.0
[19:41:25.02] /o 	PDK Release Date	: 25-March-2010 
[19:41:25.02] /o 	#######################################
[19:41:25.02] /o 
[19:41:25.03] /i ::sa::_backgroundSaeShell::signalProcessReady 1776084082
[19:41:25.03] /o saeInterBGSaeShell:  ::sa::_backgroundSaeShell::processReady 3
[19:41:28.99] /i ::sa::_backgroundSaeShell::runScript /home/itsupport/simulation/inverter,tb_inv,schematic/history_1/simulation/default/HSPICE/nominal/.bg_measurement_script.tcl sa::_resultsDatabase::saeShellProcessingCompletedProc testSuiteName saeSession3 testbenchName default resultsDir /home/itsupport/simulation/inverter,tb_inv,schematic/history_1/simulation/default/HSPICE/nominal/results testSuiteDir /home/itsupport/simulation/inverter,tb_inv,schematic/history_1/simulation/default/HSPICE/nominal databaseName /home/itsupport/simulation/inverter,tb_inv,schematic/history_1/simulation/default/HSPICE/nominal/resultsDatabase remoteRun {} testbenchId 1 saveImages true
[19:41:29.21] /o saeInterBGSaeShell:  ::sa::_backgroundSaeShell::scriptFinished 0.2 {} sa::_resultsDatabase::saeShellProcessingCompletedProc testSuiteName saeSession3 testbenchName default resultsDir /home/itsupport/simulation/inverter,tb_inv,schematic/history_1/simulation/default/HSPICE/nominal/results testSuiteDir /home/itsupport/simulation/inverter,tb_inv,schematic/history_1/simulation/default/HSPICE/nominal databaseName /home/itsupport/simulation/inverter,tb_inv,schematic/history_1/simulation/default/HSPICE/nominal/resultsDatabase remoteRun {} testbenchId 1 saveImages true
[19:41:29.21] /o false
[19:42:15.16] /i ::sa::_backgroundSaeShell::exit
[19:42:15.17] /o saeInterBGSaeShell:  ::sa::_backgroundSaeShell::childFormallyExiting
