[15:50:10.89] /m Information: License 'SAE' checked out. (LICENSE-003)
[15:50:11.94] /o sae_shell Version Custom Compiler N-2017.12-SP1-2
              /c Build  (OPT) compiled on Wed May 16 15:20:56 2018 for RHEL64 6.6
              /c Execution time: Sat May 23 15:50:09 2026
              /c Host: localhost.localdomain
              /c 
              /c Copyright © 2004-2018 Synopsys, Inc.
              /c This software and the associated documentation are proprietary to Synopsys, Inc. This software may only be used in accordance with the terms and conditions of a written license agreement with Synopsys, Inc. All other use, reproduction, or distribution of this software is strictly prohibited.
              /c 
              /c 
[15:50:11.95] /w Warning: Preference 'leActiveLPP' is deprecated and scheduled for removal in a future release with no replacement. For migration assistance, see the Custom Compiler Tcl Reference Manual. (PREFERENCE-058)
[15:50:11.95] /o 	#######################################
[15:50:11.95] /o 	PDK Library Name	: reference90RF
[15:50:11.95] /o 	PDK Version		: 2.0
[15:50:11.95] /o 	PDK Release Date	: 25-March-2010 
[15:50:11.95] /o 	#######################################
[15:50:11.95] /o 
[15:50:11.96] /i ::sa::_backgroundSaeShell::signalProcessReady 1779526209
[15:50:11.96] /o saeInterBGSaeShell:  ::sa::_backgroundSaeShell::processReady 2
[15:50:14.92] /i ::sa::_backgroundSaeShell::runScript /home/itsupport/simulation/project_d_ff,CLOCK_INV_TB,schematic/history_1/simulation/HSPICE_clock_/HSPICE/nominal/.bg_measurement_script.tcl sa::_resultsDatabase::saeShellProcessingCompletedProc testSuiteName saeSession2 testbenchName HSPICE_clock_ resultsDir /home/itsupport/simulation/project_d_ff,CLOCK_INV_TB,schematic/history_1/simulation/HSPICE_clock_/HSPICE/nominal/results testSuiteDir /home/itsupport/simulation/project_d_ff,CLOCK_INV_TB,schematic/history_1/simulation/HSPICE_clock_/HSPICE/nominal databaseName /home/itsupport/simulation/project_d_ff,CLOCK_INV_TB,schematic/history_1/simulation/HSPICE_clock_/HSPICE/nominal/resultsDatabase remoteRun {} testbenchId 1 saveImages true
[15:50:15.32] /m Information: Started sharing "Custom WaveView" license. (WAVEFORM-110)
[15:50:15.42] /o saeInterBGSaeShell:  ::sa::_backgroundSaeShell::scriptFinished 0.4 {} sa::_resultsDatabase::saeShellProcessingCompletedProc testSuiteName saeSession2 testbenchName HSPICE_clock_ resultsDir /home/itsupport/simulation/project_d_ff,CLOCK_INV_TB,schematic/history_1/simulation/HSPICE_clock_/HSPICE/nominal/results testSuiteDir /home/itsupport/simulation/project_d_ff,CLOCK_INV_TB,schematic/history_1/simulation/HSPICE_clock_/HSPICE/nominal databaseName /home/itsupport/simulation/project_d_ff,CLOCK_INV_TB,schematic/history_1/simulation/HSPICE_clock_/HSPICE/nominal/resultsDatabase remoteRun {} testbenchId 1 saveImages true
[15:50:15.42] /o false
[16:27:22.66] /m Information: Exiting due to non-response from parent process.
[16:27:22.66] /o saeInterBGSaeShell:  ::sa::_backgroundSaeShell::childFormallyExiting
