[20:15:40.44] /m Information: License 'SAE' checked out. (LICENSE-003)
[20:15:41.75] /o sae_shell Version Custom Compiler N-2017.12-SP1-2
              /c Build  (OPT) compiled on Wed May 16 15:20:56 2018 for RHEL64 6.6
              /c Execution time: Sat May 23 20:15:39 2026
              /c Host: localhost.localdomain
              /c 
              /c Copyright © 2004-2018 Synopsys, Inc.
              /c This software and the associated documentation are proprietary to Synopsys, Inc. This software may only be used in accordance with the terms and conditions of a written license agreement with Synopsys, Inc. All other use, reproduction, or distribution of this software is strictly prohibited.
              /c 
              /c 
[20:15:41.76] /w Warning: Preference 'leActiveLPP' is deprecated and scheduled for removal in a future release with no replacement. For migration assistance, see the Custom Compiler Tcl Reference Manual. (PREFERENCE-058)
[20:15:41.76] /o 	#######################################
[20:15:41.76] /o 	PDK Library Name	: reference90RF
[20:15:41.76] /o 	PDK Version		: 2.0
[20:15:41.76] /o 	PDK Release Date	: 25-March-2010 
[20:15:41.76] /o 	#######################################
[20:15:41.76] /o 
[20:15:41.77] /i ::sa::_backgroundSaeShell::signalProcessReady 1779542138
[20:15:41.77] /o saeInterBGSaeShell:  ::sa::_backgroundSaeShell::processReady 3
[20:16:11.05] /i ::sa::_backgroundSaeShell::runScript /home/itsupport/simulation/project_d_ff,D_FF_tb,schematic/history_1/simulation/HSPICE_d_Fff/HSPICE/nominal/.bg_measurement_script.tcl sa::_resultsDatabase::saeShellProcessingCompletedProc testSuiteName saeSession6 testbenchName HSPICE_d_Fff resultsDir /home/itsupport/simulation/project_d_ff,D_FF_tb,schematic/history_1/simulation/HSPICE_d_Fff/HSPICE/nominal/results testSuiteDir /home/itsupport/simulation/project_d_ff,D_FF_tb,schematic/history_1/simulation/HSPICE_d_Fff/HSPICE/nominal databaseName /home/itsupport/simulation/project_d_ff,D_FF_tb,schematic/history_1/simulation/HSPICE_d_Fff/HSPICE/nominal/resultsDatabase remoteRun {} testbenchId 1 saveImages true
[20:16:11.34] /m Information: Started sharing "Custom WaveView" license. (WAVEFORM-110)
[20:16:11.46] /o saeInterBGSaeShell:  ::sa::_backgroundSaeShell::scriptFinished 0.4 {} sa::_resultsDatabase::saeShellProcessingCompletedProc testSuiteName saeSession6 testbenchName HSPICE_d_Fff resultsDir /home/itsupport/simulation/project_d_ff,D_FF_tb,schematic/history_1/simulation/HSPICE_d_Fff/HSPICE/nominal/results testSuiteDir /home/itsupport/simulation/project_d_ff,D_FF_tb,schematic/history_1/simulation/HSPICE_d_Fff/HSPICE/nominal databaseName /home/itsupport/simulation/project_d_ff,D_FF_tb,schematic/history_1/simulation/HSPICE_d_Fff/HSPICE/nominal/resultsDatabase remoteRun {} testbenchId 1 saveImages true
[20:16:11.46] /o false
[20:17:21.64] /i ::sa::_backgroundSaeShell::runScript /home/itsupport/simulation/project_d_ff,D_FF_tb,schematic/history_1/simulation/HSPICE_d_Fff/HSPICE/nominal/.bg_measurement_script.tcl sa::_resultsDatabase::saeShellProcessingCompletedProc testSuiteName saeSession6 testbenchName HSPICE_d_Fff resultsDir /home/itsupport/simulation/project_d_ff,D_FF_tb,schematic/history_1/simulation/HSPICE_d_Fff/HSPICE/nominal/results testSuiteDir /home/itsupport/simulation/project_d_ff,D_FF_tb,schematic/history_1/simulation/HSPICE_d_Fff/HSPICE/nominal databaseName /home/itsupport/simulation/project_d_ff,D_FF_tb,schematic/history_1/simulation/HSPICE_d_Fff/HSPICE/nominal/resultsDatabase remoteRun {} testbenchId 1 saveImages true
[20:17:21.95] /o saeInterBGSaeShell:  ::sa::_backgroundSaeShell::scriptFinished 0.3 {} sa::_resultsDatabase::saeShellProcessingCompletedProc testSuiteName saeSession6 testbenchName HSPICE_d_Fff resultsDir /home/itsupport/simulation/project_d_ff,D_FF_tb,schematic/history_1/simulation/HSPICE_d_Fff/HSPICE/nominal/results testSuiteDir /home/itsupport/simulation/project_d_ff,D_FF_tb,schematic/history_1/simulation/HSPICE_d_Fff/HSPICE/nominal databaseName /home/itsupport/simulation/project_d_ff,D_FF_tb,schematic/history_1/simulation/HSPICE_d_Fff/HSPICE/nominal/resultsDatabase remoteRun {} testbenchId 1 saveImages true
[20:17:21.96] /o false
[20:17:57.39] /i ::sa::_backgroundSaeShell::runScript /home/itsupport/simulation/project_d_ff,D_FF_tb,schematic/history_1/simulation/HSPICE_d_Fff/HSPICE/nominal/.bg_measurement_script.tcl sa::_resultsDatabase::saeShellProcessingCompletedProc testSuiteName saeSession6 testbenchName HSPICE_d_Fff resultsDir /home/itsupport/simulation/project_d_ff,D_FF_tb,schematic/history_1/simulation/HSPICE_d_Fff/HSPICE/nominal/results testSuiteDir /home/itsupport/simulation/project_d_ff,D_FF_tb,schematic/history_1/simulation/HSPICE_d_Fff/HSPICE/nominal databaseName /home/itsupport/simulation/project_d_ff,D_FF_tb,schematic/history_1/simulation/HSPICE_d_Fff/HSPICE/nominal/resultsDatabase remoteRun {} testbenchId 1 saveImages true
[20:17:57.75] /o saeInterBGSaeShell:  ::sa::_backgroundSaeShell::scriptFinished 0.3 {} sa::_resultsDatabase::saeShellProcessingCompletedProc testSuiteName saeSession6 testbenchName HSPICE_d_Fff resultsDir /home/itsupport/simulation/project_d_ff,D_FF_tb,schematic/history_1/simulation/HSPICE_d_Fff/HSPICE/nominal/results testSuiteDir /home/itsupport/simulation/project_d_ff,D_FF_tb,schematic/history_1/simulation/HSPICE_d_Fff/HSPICE/nominal databaseName /home/itsupport/simulation/project_d_ff,D_FF_tb,schematic/history_1/simulation/HSPICE_d_Fff/HSPICE/nominal/resultsDatabase remoteRun {} testbenchId 1 saveImages true
[20:17:57.75] /o false
[20:21:41.51] /i ::wf::viewerExited
[20:21:48.24] /i ::sa::_backgroundSaeShell::exit
[20:21:48.25] /o saeInterBGSaeShell:  ::sa::_backgroundSaeShell::childFormallyExiting
