[15:35:25.81] /m Information: License 'SAE' checked out. (LICENSE-003)
[15:35:27.28] /o sae_shell Version Custom Compiler N-2017.12-SP1-2
              /c Build  (OPT) compiled on Wed May 16 15:20:56 2018 for RHEL64 6.6
              /c Execution time: Sat May 23 15:35:24 2026
              /c Host: localhost.localdomain
              /c 
              /c Copyright © 2004-2018 Synopsys, Inc.
              /c This software and the associated documentation are proprietary to Synopsys, Inc. This software may only be used in accordance with the terms and conditions of a written license agreement with Synopsys, Inc. All other use, reproduction, or distribution of this software is strictly prohibited.
              /c 
              /c 
[15:35:27.29] /w Warning: Preference 'leActiveLPP' is deprecated and scheduled for removal in a future release with no replacement. For migration assistance, see the Custom Compiler Tcl Reference Manual. (PREFERENCE-058)
[15:35:27.30] /o 	#######################################
[15:35:27.30] /o 	PDK Library Name	: reference90RF
[15:35:27.30] /o 	PDK Version		: 2.0
[15:35:27.30] /o 	PDK Release Date	: 25-March-2010 
[15:35:27.30] /o 	#######################################
[15:35:27.30] /o 
[15:35:27.30] /i ::sa::_backgroundSaeShell::signalProcessReady 1779525323
[15:35:27.30] /o saeInterBGSaeShell:  ::sa::_backgroundSaeShell::processReady 4
[15:35:53.84] /i ::wf::viewerExited
[15:36:26.16] /i ::wf::viewerExited
[15:36:59.66] /i ::wf::viewerExited
[15:40:28.31] /o saeInterBGSaeShell:  ::sa::_backgroundSaeShell::pingBack
[15:40:28.36] /i ::sa::_backgroundSaeShell::parentRunning
[15:40:28.36] /o 1779525628
[15:41:07.96] /i ::wf::viewerExited
[15:44:31.67] /i ::sa::_backgroundSaeShell::exit
[15:44:31.67] /o saeInterBGSaeShell:  ::sa::_backgroundSaeShell::childFormallyExiting
