[04:51:09.50] /m Information: License 'SAE' checked out. (LICENSE-003)
[04:51:10.62] /o sae_shell Version Custom Compiler N-2017.12-SP1-2
              /c Build  (OPT) compiled on Wed May 16 15:20:56 2018 for RHEL64 6.6
              /c Execution time: Wed May 20 04:51:08 2026
              /c Host: localhost.localdomain
              /c 
              /c Copyright © 2004-2018 Synopsys, Inc.
              /c This software and the associated documentation are proprietary to Synopsys, Inc. This software may only be used in accordance with the terms and conditions of a written license agreement with Synopsys, Inc. All other use, reproduction, or distribution of this software is strictly prohibited.
              /c 
              /c 
[04:51:10.63] /w Warning: Preference 'leActiveLPP' is deprecated and scheduled for removal in a future release with no replacement. For migration assistance, see the Custom Compiler Tcl Reference Manual. (PREFERENCE-058)
[04:51:10.63] /o 	#######################################
[04:51:10.63] /o 	PDK Library Name	: reference90RF
[04:51:10.63] /o 	PDK Version		: 2.0
[04:51:10.63] /o 	PDK Release Date	: 25-March-2010 
[04:51:10.63] /o 	#######################################
[04:51:10.63] /o 
[04:51:10.63] /i ::sa::_backgroundSaeShell::signalProcessReady 1779227468
[04:51:10.63] /o saeInterBGSaeShell:  ::sa::_backgroundSaeShell::processReady 2
[04:52:19.99] /i ::sa::_backgroundSaeShell::runScript /home/itsupport/simulation/inverter,NAND2_tb_2,config/history_1/simulation/default/HSPICE/nominal/.bg_measurement_script.tcl sa::_resultsDatabase::saeShellProcessingCompletedProc testSuiteName saeSession1 testbenchName default resultsDir /home/itsupport/simulation/inverter,NAND2_tb_2,config/history_1/simulation/default/HSPICE/nominal/results testSuiteDir /home/itsupport/simulation/inverter,NAND2_tb_2,config/history_1/simulation/default/HSPICE/nominal databaseName /home/itsupport/simulation/inverter,NAND2_tb_2,config/history_1/simulation/default/HSPICE/nominal/resultsDatabase remoteRun {} testbenchId 1 saveImages true
[04:52:20.74] /m Information: Started sharing "Custom WaveView" license. (WAVEFORM-110)
[04:52:20.92] /o saeInterBGSaeShell:  ::sa::_backgroundSaeShell::scriptFinished 0.9 {} sa::_resultsDatabase::saeShellProcessingCompletedProc testSuiteName saeSession1 testbenchName default resultsDir /home/itsupport/simulation/inverter,NAND2_tb_2,config/history_1/simulation/default/HSPICE/nominal/results testSuiteDir /home/itsupport/simulation/inverter,NAND2_tb_2,config/history_1/simulation/default/HSPICE/nominal databaseName /home/itsupport/simulation/inverter,NAND2_tb_2,config/history_1/simulation/default/HSPICE/nominal/resultsDatabase remoteRun {} testbenchId 1 saveImages true
[04:52:20.93] /o false
[04:57:21.66] /o saeInterBGSaeShell:  ::sa::_backgroundSaeShell::pingBack
[04:57:21.72] /i ::sa::_backgroundSaeShell::parentRunning
[04:57:21.72] /o 1779227841
[04:57:25.81] /m Information: Stopped sharing "Custom WaveView" license. (WAVEFORM-111)
[04:59:07.34] /i ::sa::_backgroundSaeShell::runScript /home/itsupport/simulation/inverter,NAND2_tb_2,config/history_1/simulation/default/HSPICE/nominal/.bg_measurement_script.tcl sa::_resultsDatabase::saeShellProcessingCompletedProc testSuiteName saeSession1 testbenchName default resultsDir /home/itsupport/simulation/inverter,NAND2_tb_2,config/history_1/simulation/default/HSPICE/nominal/results testSuiteDir /home/itsupport/simulation/inverter,NAND2_tb_2,config/history_1/simulation/default/HSPICE/nominal databaseName /home/itsupport/simulation/inverter,NAND2_tb_2,config/history_1/simulation/default/HSPICE/nominal/resultsDatabase remoteRun {} testbenchId 1 saveImages true
[04:59:07.66] /m Information: Started sharing "Custom WaveView" license. (WAVEFORM-110)
[04:59:07.73] /o saeInterBGSaeShell:  ::sa::_backgroundSaeShell::scriptFinished 0.3 {} sa::_resultsDatabase::saeShellProcessingCompletedProc testSuiteName saeSession1 testbenchName default resultsDir /home/itsupport/simulation/inverter,NAND2_tb_2,config/history_1/simulation/default/HSPICE/nominal/results testSuiteDir /home/itsupport/simulation/inverter,NAND2_tb_2,config/history_1/simulation/default/HSPICE/nominal databaseName /home/itsupport/simulation/inverter,NAND2_tb_2,config/history_1/simulation/default/HSPICE/nominal/resultsDatabase remoteRun {} testbenchId 1 saveImages true
[04:59:07.73] /o false
[04:59:27.72] /i ::wf::viewerExited
[04:59:31.62] /i ::sa::_backgroundSaeShell::runScript /home/itsupport/simulation/inverter,NAND2_tb_2,config/history_1/simulation/default/HSPICE/nominal/.bg_measurement_script.tcl sa::_resultsDatabase::saeShellProcessingCompletedProc testSuiteName saeSession1 testbenchName default resultsDir /home/itsupport/simulation/inverter,NAND2_tb_2,config/history_1/simulation/default/HSPICE/nominal/results testSuiteDir /home/itsupport/simulation/inverter,NAND2_tb_2,config/history_1/simulation/default/HSPICE/nominal databaseName /home/itsupport/simulation/inverter,NAND2_tb_2,config/history_1/simulation/default/HSPICE/nominal/resultsDatabase remoteRun {} testbenchId 1 saveImages true
[04:59:31.88] /o saeInterBGSaeShell:  ::sa::_backgroundSaeShell::scriptFinished 0.2 {} sa::_resultsDatabase::saeShellProcessingCompletedProc testSuiteName saeSession1 testbenchName default resultsDir /home/itsupport/simulation/inverter,NAND2_tb_2,config/history_1/simulation/default/HSPICE/nominal/results testSuiteDir /home/itsupport/simulation/inverter,NAND2_tb_2,config/history_1/simulation/default/HSPICE/nominal databaseName /home/itsupport/simulation/inverter,NAND2_tb_2,config/history_1/simulation/default/HSPICE/nominal/resultsDatabase remoteRun {} testbenchId 1 saveImages true
[04:59:31.88] /o false
[05:01:19.09] /i ::sa::_backgroundSaeShell::exit
[05:01:19.09] /o saeInterBGSaeShell:  ::sa::_backgroundSaeShell::childFormallyExiting
