[17:43:37.05] /m Information: License 'SAE' checked out. (LICENSE-003)
[17:43:38.04] /o sae_shell Version Custom Compiler N-2017.12-SP1-2
              /c Build  (OPT) compiled on Wed May 16 15:20:56 2018 for RHEL64 6.6
              /c Execution time: Sat May 23 17:43:36 2026
              /c Host: localhost.localdomain
              /c 
              /c Copyright © 2004-2018 Synopsys, Inc.
              /c This software and the associated documentation are proprietary to Synopsys, Inc. This software may only be used in accordance with the terms and conditions of a written license agreement with Synopsys, Inc. All other use, reproduction, or distribution of this software is strictly prohibited.
              /c 
              /c 
[17:43:38.05] /w Warning: Preference 'leActiveLPP' is deprecated and scheduled for removal in a future release with no replacement. For migration assistance, see the Custom Compiler Tcl Reference Manual. (PREFERENCE-058)
[17:43:38.05] /o 	#######################################
[17:43:38.05] /o 	PDK Library Name	: reference90RF
[17:43:38.05] /o 	PDK Version		: 2.0
[17:43:38.05] /o 	PDK Release Date	: 25-March-2010 
[17:43:38.05] /o 	#######################################
[17:43:38.05] /o 
[17:43:38.05] /i ::sa::_backgroundSaeShell::signalProcessReady 1779533015
[17:43:38.05] /o saeInterBGSaeShell:  ::sa::_backgroundSaeShell::processReady 3
[17:44:41.86] /i ::wf::viewerExited
[18:39:10.61] /m Information: Exiting due to non-response from parent process.
[18:39:10.62] /o saeInterBGSaeShell:  ::sa::_backgroundSaeShell::childFormallyExiting
