[05:36:20.69] /m Information: License 'SAE' checked out. (LICENSE-003)
[05:36:21.82] /o sae_shell Version Custom Compiler N-2017.12-SP1-2
              /c Build  (OPT) compiled on Wed May 16 15:20:56 2018 for RHEL64 6.6
              /c Execution time: Wed May 20 05:36:19 2026
              /c Host: localhost.localdomain
              /c 
              /c Copyright © 2004-2018 Synopsys, Inc.
              /c This software and the associated documentation are proprietary to Synopsys, Inc. This software may only be used in accordance with the terms and conditions of a written license agreement with Synopsys, Inc. All other use, reproduction, or distribution of this software is strictly prohibited.
              /c 
              /c 
[05:36:21.83] /w Warning: Preference 'leActiveLPP' is deprecated and scheduled for removal in a future release with no replacement. For migration assistance, see the Custom Compiler Tcl Reference Manual. (PREFERENCE-058)
[05:36:21.83] /o 	#######################################
[05:36:21.83] /o 	PDK Library Name	: reference90RF
[05:36:21.83] /o 	PDK Version		: 2.0
[05:36:21.83] /o 	PDK Release Date	: 25-March-2010 
[05:36:21.83] /o 	#######################################
[05:36:21.83] /o 
[05:36:21.84] /i ::sa::_backgroundSaeShell::signalProcessReady 1779230179
[05:36:21.85] /o saeInterBGSaeShell:  ::sa::_backgroundSaeShell::processReady 2
[05:36:32.52] /i ::sa::_backgroundSaeShell::runScript /home/itsupport/simulation/inverter,FA_1bit_tb,schematic/history_1/simulation/HSPICE_tb1fa/HSPICE/nominal/.bg_measurement_script.tcl sa::_resultsDatabase::saeShellProcessingCompletedProc testSuiteName saeSession2 testbenchName HSPICE_tb1fa resultsDir /home/itsupport/simulation/inverter,FA_1bit_tb,schematic/history_1/simulation/HSPICE_tb1fa/HSPICE/nominal/results testSuiteDir /home/itsupport/simulation/inverter,FA_1bit_tb,schematic/history_1/simulation/HSPICE_tb1fa/HSPICE/nominal databaseName /home/itsupport/simulation/inverter,FA_1bit_tb,schematic/history_1/simulation/HSPICE_tb1fa/HSPICE/nominal/resultsDatabase remoteRun {} testbenchId 1 saveImages true
[05:36:32.88] /m Information: Started sharing "Custom WaveView" license. (WAVEFORM-110)
[05:36:32.96] /o saeInterBGSaeShell:  ::sa::_backgroundSaeShell::scriptFinished 0.4 {} sa::_resultsDatabase::saeShellProcessingCompletedProc testSuiteName saeSession2 testbenchName HSPICE_tb1fa resultsDir /home/itsupport/simulation/inverter,FA_1bit_tb,schematic/history_1/simulation/HSPICE_tb1fa/HSPICE/nominal/results testSuiteDir /home/itsupport/simulation/inverter,FA_1bit_tb,schematic/history_1/simulation/HSPICE_tb1fa/HSPICE/nominal databaseName /home/itsupport/simulation/inverter,FA_1bit_tb,schematic/history_1/simulation/HSPICE_tb1fa/HSPICE/nominal/resultsDatabase remoteRun {} testbenchId 1 saveImages true
[05:36:32.96] /o false
[05:38:29.85] /i ::wf::viewerExited
[05:38:33.84] /i ::sa::_backgroundSaeShell::runScript /home/itsupport/simulation/inverter,FA_1bit_tb,schematic/history_1/simulation/HSPICE_tb1fa/HSPICE/nominal/.bg_measurement_script.tcl sa::_resultsDatabase::saeShellProcessingCompletedProc testSuiteName saeSession2 testbenchName HSPICE_tb1fa resultsDir /home/itsupport/simulation/inverter,FA_1bit_tb,schematic/history_1/simulation/HSPICE_tb1fa/HSPICE/nominal/results testSuiteDir /home/itsupport/simulation/inverter,FA_1bit_tb,schematic/history_1/simulation/HSPICE_tb1fa/HSPICE/nominal databaseName /home/itsupport/simulation/inverter,FA_1bit_tb,schematic/history_1/simulation/HSPICE_tb1fa/HSPICE/nominal/resultsDatabase remoteRun {} testbenchId 1 saveImages true
[05:38:34.08] /o saeInterBGSaeShell:  ::sa::_backgroundSaeShell::scriptFinished 0.2 {} sa::_resultsDatabase::saeShellProcessingCompletedProc testSuiteName saeSession2 testbenchName HSPICE_tb1fa resultsDir /home/itsupport/simulation/inverter,FA_1bit_tb,schematic/history_1/simulation/HSPICE_tb1fa/HSPICE/nominal/results testSuiteDir /home/itsupport/simulation/inverter,FA_1bit_tb,schematic/history_1/simulation/HSPICE_tb1fa/HSPICE/nominal databaseName /home/itsupport/simulation/inverter,FA_1bit_tb,schematic/history_1/simulation/HSPICE_tb1fa/HSPICE/nominal/resultsDatabase remoteRun {} testbenchId 1 saveImages true
[05:38:34.08] /o false
[05:38:59.56] /i ::wf::viewerExited
[05:39:05.45] /i ::sa::_backgroundSaeShell::exit
[05:39:05.45] /o saeInterBGSaeShell:  ::sa::_backgroundSaeShell::childFormallyExiting
