[05:22:13.10] /m Information: License 'SAE' checked out. (LICENSE-003)
[05:22:14.45] /o sae_shell Version Custom Compiler N-2017.12-SP1-2
              /c Build  (OPT) compiled on Wed May 16 15:20:56 2018 for RHEL64 6.6
              /c Execution time: Wed May 20 05:22:12 2026
              /c Host: localhost.localdomain
              /c 
              /c Copyright © 2004-2018 Synopsys, Inc.
              /c This software and the associated documentation are proprietary to Synopsys, Inc. This software may only be used in accordance with the terms and conditions of a written license agreement with Synopsys, Inc. All other use, reproduction, or distribution of this software is strictly prohibited.
              /c 
              /c 
[05:22:14.46] /w Warning: Preference 'leActiveLPP' is deprecated and scheduled for removal in a future release with no replacement. For migration assistance, see the Custom Compiler Tcl Reference Manual. (PREFERENCE-058)
[05:22:14.46] /o 	#######################################
[05:22:14.46] /o 	PDK Library Name	: reference90RF
[05:22:14.46] /o 	PDK Version		: 2.0
[05:22:14.46] /o 	PDK Release Date	: 25-March-2010 
[05:22:14.46] /o 	#######################################
[05:22:14.46] /o 
[05:22:14.47] /i ::sa::_backgroundSaeShell::signalProcessReady 1779229331
[05:22:14.47] /o saeInterBGSaeShell:  ::sa::_backgroundSaeShell::processReady 3
[05:26:48.36] /i ::wf::viewerExited
[05:27:15.49] /o saeInterBGSaeShell:  ::sa::_backgroundSaeShell::pingBack
[05:27:15.55] /i ::sa::_backgroundSaeShell::parentRunning
[05:27:15.55] /o 1779229635
[05:27:53.66] /i ::wf::viewerExited
[05:31:07.05] /i ::wf::viewerExited
[05:31:12.59] /i ::sa::_backgroundSaeShell::exit
[05:31:12.59] /o saeInterBGSaeShell:  ::sa::_backgroundSaeShell::childFormallyExiting
