[19:52:29.84] /m Information: License 'SAE' checked out. (LICENSE-003)
[19:52:31.01] /o sae_shell Version Custom Compiler N-2017.12-SP1-2
              /c Build  (OPT) compiled on Wed May 16 15:20:56 2018 for RHEL64 6.6
              /c Execution time: Mon Apr 13 19:52:28 2026
              /c Host: localhost.localdomain
              /c 
              /c Copyright © 2004-2018 Synopsys, Inc.
              /c This software and the associated documentation are proprietary to Synopsys, Inc. This software may only be used in accordance with the terms and conditions of a written license agreement with Synopsys, Inc. All other use, reproduction, or distribution of this software is strictly prohibited.
              /c 
              /c 
[19:52:31.02] /w Warning: Preference 'leActiveLPP' is deprecated and scheduled for removal in a future release with no replacement. For migration assistance, see the Custom Compiler Tcl Reference Manual. (PREFERENCE-058)
[19:52:31.02] /o 	#######################################
[19:52:31.02] /o 	PDK Library Name	: reference90RF
[19:52:31.02] /o 	PDK Version		: 2.0
[19:52:31.02] /o 	PDK Release Date	: 25-March-2010 
[19:52:31.02] /o 	#######################################
[19:52:31.02] /o 
[19:52:31.03] /i ::sa::_backgroundSaeShell::signalProcessReady 1776084748
[19:52:31.03] /o saeInterBGSaeShell:  ::sa::_backgroundSaeShell::processReady 3
[19:52:58.31] /i ::wf::viewerExited
[19:54:42.01] /i ::wf::viewerExited
[19:57:32.05] /o saeInterBGSaeShell:  ::sa::_backgroundSaeShell::pingBack
[19:57:32.12] /i ::sa::_backgroundSaeShell::parentRunning
[19:57:32.12] /o 1776085052
[19:58:41.12] /i ::wf::viewerExited
[20:02:33.05] /o saeInterBGSaeShell:  ::sa::_backgroundSaeShell::pingBack
[20:02:33.11] /i ::sa::_backgroundSaeShell::parentRunning
[20:02:33.11] /o 1776085353
[20:07:19.51] /i ::wf::viewerExited
[20:07:34.06] /o saeInterBGSaeShell:  ::sa::_backgroundSaeShell::pingBack
[20:07:34.12] /i ::sa::_backgroundSaeShell::parentRunning
[20:07:34.12] /o 1776085654
[20:07:36.91] /i ::sa::_backgroundSaeShell::exit
[20:07:36.91] /o saeInterBGSaeShell:  ::sa::_backgroundSaeShell::childFormallyExiting
