[01:34:32.64] /m Information: License 'SAE' checked out. (LICENSE-003)
[01:34:33.74] /o sae_shell Version Custom Compiler N-2017.12-SP1-2
              /c Build  (OPT) compiled on Wed May 16 15:20:56 2018 for RHEL64 6.6
              /c Execution time: Wed May  6 01:34:31 2026
              /c Host: localhost.localdomain
              /c 
              /c Copyright © 2004-2018 Synopsys, Inc.
              /c This software and the associated documentation are proprietary to Synopsys, Inc. This software may only be used in accordance with the terms and conditions of a written license agreement with Synopsys, Inc. All other use, reproduction, or distribution of this software is strictly prohibited.
              /c 
              /c 
[01:34:33.75] /w Warning: Preference 'leActiveLPP' is deprecated and scheduled for removal in a future release with no replacement. For migration assistance, see the Custom Compiler Tcl Reference Manual. (PREFERENCE-058)
[01:34:33.76] /o 	#######################################
[01:34:33.76] /o 	PDK Library Name	: reference90RF
[01:34:33.76] /o 	PDK Version		: 2.0
[01:34:33.76] /o 	PDK Release Date	: 25-March-2010 
[01:34:33.76] /o 	#######################################
[01:34:33.76] /o 
[01:34:33.76] /i ::sa::_backgroundSaeShell::signalProcessReady 1778006071
[01:34:33.76] /o saeInterBGSaeShell:  ::sa::_backgroundSaeShell::processReady 2
[01:34:43.61] /i ::sa::_backgroundSaeShell::runScript /home/itsupport/simulation/inverter,TB_CMOS,config/history_1/simulation/HSPICE_default/HSPICE/nominal/.bg_measurement_script.tcl sa::_resultsDatabase::saeShellProcessingCompletedProc testSuiteName saeSession3 testbenchName HSPICE_default resultsDir /home/itsupport/simulation/inverter,TB_CMOS,config/history_1/simulation/HSPICE_default/HSPICE/nominal/results testSuiteDir /home/itsupport/simulation/inverter,TB_CMOS,config/history_1/simulation/HSPICE_default/HSPICE/nominal databaseName /home/itsupport/simulation/inverter,TB_CMOS,config/history_1/simulation/HSPICE_default/HSPICE/nominal/resultsDatabase remoteRun {} testbenchId 1 saveImages true
[01:34:44.35] /m Information: Started sharing "Custom WaveView" license. (WAVEFORM-110)
[01:34:44.71] /o saeInterBGSaeShell:  ::sa::_backgroundSaeShell::scriptFinished 1.1 {} sa::_resultsDatabase::saeShellProcessingCompletedProc testSuiteName saeSession3 testbenchName HSPICE_default resultsDir /home/itsupport/simulation/inverter,TB_CMOS,config/history_1/simulation/HSPICE_default/HSPICE/nominal/results testSuiteDir /home/itsupport/simulation/inverter,TB_CMOS,config/history_1/simulation/HSPICE_default/HSPICE/nominal databaseName /home/itsupport/simulation/inverter,TB_CMOS,config/history_1/simulation/HSPICE_default/HSPICE/nominal/resultsDatabase remoteRun {} testbenchId 1 saveImages true
[01:34:44.71] /o false
[01:37:19.77] /i ::sa::_backgroundSaeShell::exit
[01:37:19.77] /o saeInterBGSaeShell:  ::sa::_backgroundSaeShell::childFormallyExiting
