[13:01:57.34] /m Information: License 'SAE' checked out. (LICENSE-003)
[13:01:58.40] /o sae_shell Version Custom Compiler N-2017.12-SP1-2
              /c Build  (OPT) compiled on Wed May 16 15:20:56 2018 for RHEL64 6.6
              /c Execution time: Sun May 24 13:01:56 2026
              /c Host: localhost.localdomain
              /c 
              /c Copyright © 2004-2018 Synopsys, Inc.
              /c This software and the associated documentation are proprietary to Synopsys, Inc. This software may only be used in accordance with the terms and conditions of a written license agreement with Synopsys, Inc. All other use, reproduction, or distribution of this software is strictly prohibited.
              /c 
              /c 
[13:01:58.41] /w Warning: Preference 'leActiveLPP' is deprecated and scheduled for removal in a future release with no replacement. For migration assistance, see the Custom Compiler Tcl Reference Manual. (PREFERENCE-058)
[13:01:58.41] /o 	#######################################
[13:01:58.41] /o 	PDK Library Name	: reference90RF
[13:01:58.41] /o 	PDK Version		: 2.0
[13:01:58.41] /o 	PDK Release Date	: 25-March-2010 
[13:01:58.41] /o 	#######################################
[13:01:58.41] /o 
[13:01:58.41] /i ::sa::_backgroundSaeShell::signalProcessReady 1779602516
[13:01:58.42] /o saeInterBGSaeShell:  ::sa::_backgroundSaeShell::processReady 2
[13:04:40.43] /i ::sa::_backgroundSaeShell::runScript /home/itsupport/simulation/new_dff,d_ff,schematic/history_1/simulation/HSPICE_default/HSPICE/nominal/.bg_measurement_script.tcl sa::_resultsDatabase::saeShellProcessingCompletedProc testSuiteName saeSession2 testbenchName HSPICE_default resultsDir /home/itsupport/simulation/new_dff,d_ff,schematic/history_1/simulation/HSPICE_default/HSPICE/nominal/results testSuiteDir /home/itsupport/simulation/new_dff,d_ff,schematic/history_1/simulation/HSPICE_default/HSPICE/nominal databaseName /home/itsupport/simulation/new_dff,d_ff,schematic/history_1/simulation/HSPICE_default/HSPICE/nominal/resultsDatabase remoteRun {} testbenchId 1 saveImages true
[13:04:40.71] /m Information: Started sharing "Custom WaveView" license. (WAVEFORM-110)
[13:04:40.79] /o saeInterBGSaeShell:  ::sa::_backgroundSaeShell::scriptFinished 0.3 {} sa::_resultsDatabase::saeShellProcessingCompletedProc testSuiteName saeSession2 testbenchName HSPICE_default resultsDir /home/itsupport/simulation/new_dff,d_ff,schematic/history_1/simulation/HSPICE_default/HSPICE/nominal/results testSuiteDir /home/itsupport/simulation/new_dff,d_ff,schematic/history_1/simulation/HSPICE_default/HSPICE/nominal databaseName /home/itsupport/simulation/new_dff,d_ff,schematic/history_1/simulation/HSPICE_default/HSPICE/nominal/resultsDatabase remoteRun {} testbenchId 1 saveImages true
[13:04:40.79] /o false
[13:06:51.44] /i ::sa::_backgroundSaeShell::runScript /home/itsupport/simulation/new_dff,d_ff,schematic/history_1/simulation/HSPICE_default/HSPICE/nominal/.bg_measurement_script.tcl sa::_resultsDatabase::saeShellProcessingCompletedProc testSuiteName saeSession2 testbenchName HSPICE_default resultsDir /home/itsupport/simulation/new_dff,d_ff,schematic/history_1/simulation/HSPICE_default/HSPICE/nominal/results testSuiteDir /home/itsupport/simulation/new_dff,d_ff,schematic/history_1/simulation/HSPICE_default/HSPICE/nominal databaseName /home/itsupport/simulation/new_dff,d_ff,schematic/history_1/simulation/HSPICE_default/HSPICE/nominal/resultsDatabase remoteRun {} testbenchId 1 saveImages true
[13:06:51.69] /o saeInterBGSaeShell:  ::sa::_backgroundSaeShell::scriptFinished 0.2 {} sa::_resultsDatabase::saeShellProcessingCompletedProc testSuiteName saeSession2 testbenchName HSPICE_default resultsDir /home/itsupport/simulation/new_dff,d_ff,schematic/history_1/simulation/HSPICE_default/HSPICE/nominal/results testSuiteDir /home/itsupport/simulation/new_dff,d_ff,schematic/history_1/simulation/HSPICE_default/HSPICE/nominal databaseName /home/itsupport/simulation/new_dff,d_ff,schematic/history_1/simulation/HSPICE_default/HSPICE/nominal/resultsDatabase remoteRun {} testbenchId 1 saveImages true
[13:06:51.69] /o false
[13:08:34.02] /i ::wf::viewerExited
[13:11:18.05] /i ::sa::_backgroundSaeShell::runScript /home/itsupport/simulation/new_dff,d_ff,schematic/history_1/simulation/HSPICE_default/HSPICE/nominal/.bg_measurement_script.tcl sa::_resultsDatabase::saeShellProcessingCompletedProc testSuiteName saeSession2 testbenchName HSPICE_default resultsDir /home/itsupport/simulation/new_dff,d_ff,schematic/history_1/simulation/HSPICE_default/HSPICE/nominal/results testSuiteDir /home/itsupport/simulation/new_dff,d_ff,schematic/history_1/simulation/HSPICE_default/HSPICE/nominal databaseName /home/itsupport/simulation/new_dff,d_ff,schematic/history_1/simulation/HSPICE_default/HSPICE/nominal/resultsDatabase remoteRun {} testbenchId 1 saveImages true
[13:11:18.30] /o saeInterBGSaeShell:  ::sa::_backgroundSaeShell::scriptFinished 0.2 {} sa::_resultsDatabase::saeShellProcessingCompletedProc testSuiteName saeSession2 testbenchName HSPICE_default resultsDir /home/itsupport/simulation/new_dff,d_ff,schematic/history_1/simulation/HSPICE_default/HSPICE/nominal/results testSuiteDir /home/itsupport/simulation/new_dff,d_ff,schematic/history_1/simulation/HSPICE_default/HSPICE/nominal databaseName /home/itsupport/simulation/new_dff,d_ff,schematic/history_1/simulation/HSPICE_default/HSPICE/nominal/resultsDatabase remoteRun {} testbenchId 1 saveImages true
[13:11:18.30] /o false
[13:11:34.72] /i ::wf::viewerExited
[13:12:09.95] /i ::sa::_backgroundSaeShell::runScript /home/itsupport/simulation/new_dff,d_ff,schematic/history_1/simulation/HSPICE_default/HSPICE/nominal/.bg_measurement_script.tcl sa::_resultsDatabase::saeShellProcessingCompletedProc testSuiteName saeSession2 testbenchName HSPICE_default resultsDir /home/itsupport/simulation/new_dff,d_ff,schematic/history_1/simulation/HSPICE_default/HSPICE/nominal/results testSuiteDir /home/itsupport/simulation/new_dff,d_ff,schematic/history_1/simulation/HSPICE_default/HSPICE/nominal databaseName /home/itsupport/simulation/new_dff,d_ff,schematic/history_1/simulation/HSPICE_default/HSPICE/nominal/resultsDatabase remoteRun {} testbenchId 1 saveImages true
[13:12:10.20] /o saeInterBGSaeShell:  ::sa::_backgroundSaeShell::scriptFinished 0.2 {} sa::_resultsDatabase::saeShellProcessingCompletedProc testSuiteName saeSession2 testbenchName HSPICE_default resultsDir /home/itsupport/simulation/new_dff,d_ff,schematic/history_1/simulation/HSPICE_default/HSPICE/nominal/results testSuiteDir /home/itsupport/simulation/new_dff,d_ff,schematic/history_1/simulation/HSPICE_default/HSPICE/nominal databaseName /home/itsupport/simulation/new_dff,d_ff,schematic/history_1/simulation/HSPICE_default/HSPICE/nominal/resultsDatabase remoteRun {} testbenchId 1 saveImages true
[13:12:10.20] /o false
[13:15:57.56] /i ::sa::_backgroundSaeShell::runScript /home/itsupport/simulation/new_dff,d_ff,schematic/history_1/simulation/HSPICE_default/HSPICE/nominal/.bg_measurement_script.tcl sa::_resultsDatabase::saeShellProcessingCompletedProc testSuiteName saeSession2 testbenchName HSPICE_default resultsDir /home/itsupport/simulation/new_dff,d_ff,schematic/history_1/simulation/HSPICE_default/HSPICE/nominal/results testSuiteDir /home/itsupport/simulation/new_dff,d_ff,schematic/history_1/simulation/HSPICE_default/HSPICE/nominal databaseName /home/itsupport/simulation/new_dff,d_ff,schematic/history_1/simulation/HSPICE_default/HSPICE/nominal/resultsDatabase remoteRun {} testbenchId 1 saveImages true
[13:15:57.82] /o saeInterBGSaeShell:  ::sa::_backgroundSaeShell::scriptFinished 0.2 {} sa::_resultsDatabase::saeShellProcessingCompletedProc testSuiteName saeSession2 testbenchName HSPICE_default resultsDir /home/itsupport/simulation/new_dff,d_ff,schematic/history_1/simulation/HSPICE_default/HSPICE/nominal/results testSuiteDir /home/itsupport/simulation/new_dff,d_ff,schematic/history_1/simulation/HSPICE_default/HSPICE/nominal databaseName /home/itsupport/simulation/new_dff,d_ff,schematic/history_1/simulation/HSPICE_default/HSPICE/nominal/resultsDatabase remoteRun {} testbenchId 1 saveImages true
[13:15:57.82] /o false
[13:16:36.55] /i ::sa::_backgroundSaeShell::runScript /home/itsupport/simulation/new_dff,d_ff,schematic/history_1/simulation/HSPICE_default/HSPICE/nominal/.bg_measurement_script.tcl sa::_resultsDatabase::saeShellProcessingCompletedProc testSuiteName saeSession2 testbenchName HSPICE_default resultsDir /home/itsupport/simulation/new_dff,d_ff,schematic/history_1/simulation/HSPICE_default/HSPICE/nominal/results testSuiteDir /home/itsupport/simulation/new_dff,d_ff,schematic/history_1/simulation/HSPICE_default/HSPICE/nominal databaseName /home/itsupport/simulation/new_dff,d_ff,schematic/history_1/simulation/HSPICE_default/HSPICE/nominal/resultsDatabase remoteRun {} testbenchId 1 saveImages true
[13:16:36.80] /o saeInterBGSaeShell:  ::sa::_backgroundSaeShell::scriptFinished 0.2 {} sa::_resultsDatabase::saeShellProcessingCompletedProc testSuiteName saeSession2 testbenchName HSPICE_default resultsDir /home/itsupport/simulation/new_dff,d_ff,schematic/history_1/simulation/HSPICE_default/HSPICE/nominal/results testSuiteDir /home/itsupport/simulation/new_dff,d_ff,schematic/history_1/simulation/HSPICE_default/HSPICE/nominal databaseName /home/itsupport/simulation/new_dff,d_ff,schematic/history_1/simulation/HSPICE_default/HSPICE/nominal/resultsDatabase remoteRun {} testbenchId 1 saveImages true
[13:16:36.80] /o false
[13:21:16.65] /i ::sa::_backgroundSaeShell::runScript /home/itsupport/simulation/new_dff,d_ff,schematic/history_1/simulation/HSPICE_default/HSPICE/nominal/.bg_measurement_script.tcl sa::_resultsDatabase::saeShellProcessingCompletedProc testSuiteName saeSession2 testbenchName HSPICE_default resultsDir /home/itsupport/simulation/new_dff,d_ff,schematic/history_1/simulation/HSPICE_default/HSPICE/nominal/results testSuiteDir /home/itsupport/simulation/new_dff,d_ff,schematic/history_1/simulation/HSPICE_default/HSPICE/nominal databaseName /home/itsupport/simulation/new_dff,d_ff,schematic/history_1/simulation/HSPICE_default/HSPICE/nominal/resultsDatabase remoteRun {} testbenchId 1 saveImages true
[13:21:16.96] /o saeInterBGSaeShell:  ::sa::_backgroundSaeShell::scriptFinished 0.3 {} sa::_resultsDatabase::saeShellProcessingCompletedProc testSuiteName saeSession2 testbenchName HSPICE_default resultsDir /home/itsupport/simulation/new_dff,d_ff,schematic/history_1/simulation/HSPICE_default/HSPICE/nominal/results testSuiteDir /home/itsupport/simulation/new_dff,d_ff,schematic/history_1/simulation/HSPICE_default/HSPICE/nominal databaseName /home/itsupport/simulation/new_dff,d_ff,schematic/history_1/simulation/HSPICE_default/HSPICE/nominal/resultsDatabase remoteRun {} testbenchId 1 saveImages true
[13:21:16.96] /o false
[13:22:26.20] /i ::sa::_backgroundSaeShell::runScript /home/itsupport/simulation/new_dff,d_ff,schematic/history_1/simulation/HSPICE_default/HSPICE/nominal/.bg_measurement_script.tcl sa::_resultsDatabase::saeShellProcessingCompletedProc testSuiteName saeSession2 testbenchName HSPICE_default resultsDir /home/itsupport/simulation/new_dff,d_ff,schematic/history_1/simulation/HSPICE_default/HSPICE/nominal/results testSuiteDir /home/itsupport/simulation/new_dff,d_ff,schematic/history_1/simulation/HSPICE_default/HSPICE/nominal databaseName /home/itsupport/simulation/new_dff,d_ff,schematic/history_1/simulation/HSPICE_default/HSPICE/nominal/resultsDatabase remoteRun {} testbenchId 1 saveImages true
[13:22:26.46] /o saeInterBGSaeShell:  ::sa::_backgroundSaeShell::scriptFinished 0.2 {} sa::_resultsDatabase::saeShellProcessingCompletedProc testSuiteName saeSession2 testbenchName HSPICE_default resultsDir /home/itsupport/simulation/new_dff,d_ff,schematic/history_1/simulation/HSPICE_default/HSPICE/nominal/results testSuiteDir /home/itsupport/simulation/new_dff,d_ff,schematic/history_1/simulation/HSPICE_default/HSPICE/nominal databaseName /home/itsupport/simulation/new_dff,d_ff,schematic/history_1/simulation/HSPICE_default/HSPICE/nominal/resultsDatabase remoteRun {} testbenchId 1 saveImages true
[13:22:26.46] /o false
[13:22:39.62] /i ::wf::viewerExited
[13:22:49.14] /i ::sa::_backgroundSaeShell::runScript /home/itsupport/simulation/new_dff,d_ff,schematic/history_1/simulation/HSPICE_default/HSPICE/nominal/.bg_measurement_script.tcl sa::_resultsDatabase::saeShellProcessingCompletedProc testSuiteName saeSession2 testbenchName HSPICE_default resultsDir /home/itsupport/simulation/new_dff,d_ff,schematic/history_1/simulation/HSPICE_default/HSPICE/nominal/results testSuiteDir /home/itsupport/simulation/new_dff,d_ff,schematic/history_1/simulation/HSPICE_default/HSPICE/nominal databaseName /home/itsupport/simulation/new_dff,d_ff,schematic/history_1/simulation/HSPICE_default/HSPICE/nominal/resultsDatabase remoteRun {} testbenchId 1 saveImages true
[13:22:49.51] /o saeInterBGSaeShell:  ::sa::_backgroundSaeShell::scriptFinished 0.3 {} sa::_resultsDatabase::saeShellProcessingCompletedProc testSuiteName saeSession2 testbenchName HSPICE_default resultsDir /home/itsupport/simulation/new_dff,d_ff,schematic/history_1/simulation/HSPICE_default/HSPICE/nominal/results testSuiteDir /home/itsupport/simulation/new_dff,d_ff,schematic/history_1/simulation/HSPICE_default/HSPICE/nominal databaseName /home/itsupport/simulation/new_dff,d_ff,schematic/history_1/simulation/HSPICE_default/HSPICE/nominal/resultsDatabase remoteRun {} testbenchId 1 saveImages true
[13:22:49.51] /o false
[13:24:56.67] /i ::sa::_backgroundSaeShell::runScript /home/itsupport/simulation/new_dff,d_ff,schematic/history_1/simulation/HSPICE_default/HSPICE/nominal/.bg_measurement_script.tcl sa::_resultsDatabase::saeShellProcessingCompletedProc testSuiteName saeSession2 testbenchName HSPICE_default resultsDir /home/itsupport/simulation/new_dff,d_ff,schematic/history_1/simulation/HSPICE_default/HSPICE/nominal/results testSuiteDir /home/itsupport/simulation/new_dff,d_ff,schematic/history_1/simulation/HSPICE_default/HSPICE/nominal databaseName /home/itsupport/simulation/new_dff,d_ff,schematic/history_1/simulation/HSPICE_default/HSPICE/nominal/resultsDatabase remoteRun {} testbenchId 1 saveImages true
[13:24:56.96] /o saeInterBGSaeShell:  ::sa::_backgroundSaeShell::scriptFinished 0.2 {} sa::_resultsDatabase::saeShellProcessingCompletedProc testSuiteName saeSession2 testbenchName HSPICE_default resultsDir /home/itsupport/simulation/new_dff,d_ff,schematic/history_1/simulation/HSPICE_default/HSPICE/nominal/results testSuiteDir /home/itsupport/simulation/new_dff,d_ff,schematic/history_1/simulation/HSPICE_default/HSPICE/nominal databaseName /home/itsupport/simulation/new_dff,d_ff,schematic/history_1/simulation/HSPICE_default/HSPICE/nominal/resultsDatabase remoteRun {} testbenchId 1 saveImages true
[13:24:56.96] /o false
[13:26:14.11] /i ::sa::_backgroundSaeShell::runScript /home/itsupport/simulation/new_dff,d_ff,schematic/history_1/simulation/HSPICE_default/HSPICE/nominal/.bg_measurement_script.tcl sa::_resultsDatabase::saeShellProcessingCompletedProc testSuiteName saeSession2 testbenchName HSPICE_default resultsDir /home/itsupport/simulation/new_dff,d_ff,schematic/history_1/simulation/HSPICE_default/HSPICE/nominal/results testSuiteDir /home/itsupport/simulation/new_dff,d_ff,schematic/history_1/simulation/HSPICE_default/HSPICE/nominal databaseName /home/itsupport/simulation/new_dff,d_ff,schematic/history_1/simulation/HSPICE_default/HSPICE/nominal/resultsDatabase remoteRun {} testbenchId 1 saveImages true
[13:26:14.41] /o saeInterBGSaeShell:  ::sa::_backgroundSaeShell::scriptFinished 0.2 {} sa::_resultsDatabase::saeShellProcessingCompletedProc testSuiteName saeSession2 testbenchName HSPICE_default resultsDir /home/itsupport/simulation/new_dff,d_ff,schematic/history_1/simulation/HSPICE_default/HSPICE/nominal/results testSuiteDir /home/itsupport/simulation/new_dff,d_ff,schematic/history_1/simulation/HSPICE_default/HSPICE/nominal databaseName /home/itsupport/simulation/new_dff,d_ff,schematic/history_1/simulation/HSPICE_default/HSPICE/nominal/resultsDatabase remoteRun {} testbenchId 1 saveImages true
[13:26:14.41] /o false
[13:26:32.93] /i ::sa::_backgroundSaeShell::runScript /home/itsupport/simulation/new_dff,d_ff,schematic/history_1/simulation/HSPICE_default/HSPICE/nominal/.bg_measurement_script.tcl sa::_resultsDatabase::saeShellProcessingCompletedProc testSuiteName saeSession2 testbenchName HSPICE_default resultsDir /home/itsupport/simulation/new_dff,d_ff,schematic/history_1/simulation/HSPICE_default/HSPICE/nominal/results testSuiteDir /home/itsupport/simulation/new_dff,d_ff,schematic/history_1/simulation/HSPICE_default/HSPICE/nominal databaseName /home/itsupport/simulation/new_dff,d_ff,schematic/history_1/simulation/HSPICE_default/HSPICE/nominal/resultsDatabase remoteRun {} testbenchId 1 saveImages true
[13:26:33.21] /o saeInterBGSaeShell:  ::sa::_backgroundSaeShell::scriptFinished 0.2 {} sa::_resultsDatabase::saeShellProcessingCompletedProc testSuiteName saeSession2 testbenchName HSPICE_default resultsDir /home/itsupport/simulation/new_dff,d_ff,schematic/history_1/simulation/HSPICE_default/HSPICE/nominal/results testSuiteDir /home/itsupport/simulation/new_dff,d_ff,schematic/history_1/simulation/HSPICE_default/HSPICE/nominal databaseName /home/itsupport/simulation/new_dff,d_ff,schematic/history_1/simulation/HSPICE_default/HSPICE/nominal/resultsDatabase remoteRun {} testbenchId 1 saveImages true
[13:26:33.21] /o false
[13:26:43.03] /i ::wf::viewerExited
[13:27:41.66] /i ::sa::_backgroundSaeShell::runScript /home/itsupport/simulation/new_dff,d_ff,schematic/history_1/simulation/HSPICE_default/HSPICE/nominal/.bg_measurement_script.tcl sa::_resultsDatabase::saeShellProcessingCompletedProc testSuiteName saeSession2 testbenchName HSPICE_default resultsDir /home/itsupport/simulation/new_dff,d_ff,schematic/history_1/simulation/HSPICE_default/HSPICE/nominal/results testSuiteDir /home/itsupport/simulation/new_dff,d_ff,schematic/history_1/simulation/HSPICE_default/HSPICE/nominal databaseName /home/itsupport/simulation/new_dff,d_ff,schematic/history_1/simulation/HSPICE_default/HSPICE/nominal/resultsDatabase remoteRun {} testbenchId 1 saveImages true
[13:27:42.01] /o saeInterBGSaeShell:  ::sa::_backgroundSaeShell::scriptFinished 0.3 {} sa::_resultsDatabase::saeShellProcessingCompletedProc testSuiteName saeSession2 testbenchName HSPICE_default resultsDir /home/itsupport/simulation/new_dff,d_ff,schematic/history_1/simulation/HSPICE_default/HSPICE/nominal/results testSuiteDir /home/itsupport/simulation/new_dff,d_ff,schematic/history_1/simulation/HSPICE_default/HSPICE/nominal databaseName /home/itsupport/simulation/new_dff,d_ff,schematic/history_1/simulation/HSPICE_default/HSPICE/nominal/resultsDatabase remoteRun {} testbenchId 1 saveImages true
[13:27:42.01] /o false
[13:27:54.32] /i ::wf::viewerExited
[13:28:20.31] /i ::sa::_backgroundSaeShell::runScript /home/itsupport/simulation/new_dff,d_ff,schematic/history_1/simulation/HSPICE_default/HSPICE/nominal/.bg_measurement_script.tcl sa::_resultsDatabase::saeShellProcessingCompletedProc testSuiteName saeSession2 testbenchName HSPICE_default resultsDir /home/itsupport/simulation/new_dff,d_ff,schematic/history_1/simulation/HSPICE_default/HSPICE/nominal/results testSuiteDir /home/itsupport/simulation/new_dff,d_ff,schematic/history_1/simulation/HSPICE_default/HSPICE/nominal databaseName /home/itsupport/simulation/new_dff,d_ff,schematic/history_1/simulation/HSPICE_default/HSPICE/nominal/resultsDatabase remoteRun {} testbenchId 1 saveImages true
[13:28:20.54] /e Error: Evaluating 'v(/net15)': "Could not find net named: net15" (HIERARCHY_COMMANDS-007)
[13:28:20.62] /o saeInterBGSaeShell:  ::sa::_backgroundSaeShell::scriptFinished 0.3 {} sa::_resultsDatabase::saeShellProcessingCompletedProc testSuiteName saeSession2 testbenchName HSPICE_default resultsDir /home/itsupport/simulation/new_dff,d_ff,schematic/history_1/simulation/HSPICE_default/HSPICE/nominal/results testSuiteDir /home/itsupport/simulation/new_dff,d_ff,schematic/history_1/simulation/HSPICE_default/HSPICE/nominal databaseName /home/itsupport/simulation/new_dff,d_ff,schematic/history_1/simulation/HSPICE_default/HSPICE/nominal/resultsDatabase remoteRun {} testbenchId 1 saveImages true
[13:28:20.62] /o false
[13:28:29.73] /i ::wf::viewerExited
[13:28:41.26] /i ::sa::_backgroundSaeShell::runScript /home/itsupport/simulation/new_dff,d_ff,schematic/history_1/simulation/HSPICE_default/HSPICE/nominal/.bg_measurement_script.tcl sa::_resultsDatabase::saeShellProcessingCompletedProc testSuiteName saeSession2 testbenchName HSPICE_default resultsDir /home/itsupport/simulation/new_dff,d_ff,schematic/history_1/simulation/HSPICE_default/HSPICE/nominal/results testSuiteDir /home/itsupport/simulation/new_dff,d_ff,schematic/history_1/simulation/HSPICE_default/HSPICE/nominal databaseName /home/itsupport/simulation/new_dff,d_ff,schematic/history_1/simulation/HSPICE_default/HSPICE/nominal/resultsDatabase remoteRun {} testbenchId 1 saveImages true
[13:28:41.42] /e Error: Evaluating 'v(/net15)': "Could not find net named: net15" (HIERARCHY_COMMANDS-007)
[13:28:41.50] /o saeInterBGSaeShell:  ::sa::_backgroundSaeShell::scriptFinished 0.2 {} sa::_resultsDatabase::saeShellProcessingCompletedProc testSuiteName saeSession2 testbenchName HSPICE_default resultsDir /home/itsupport/simulation/new_dff,d_ff,schematic/history_1/simulation/HSPICE_default/HSPICE/nominal/results testSuiteDir /home/itsupport/simulation/new_dff,d_ff,schematic/history_1/simulation/HSPICE_default/HSPICE/nominal databaseName /home/itsupport/simulation/new_dff,d_ff,schematic/history_1/simulation/HSPICE_default/HSPICE/nominal/resultsDatabase remoteRun {} testbenchId 1 saveImages true
[13:28:41.50] /o false
[13:28:59.57] /i ::sa::_backgroundSaeShell::runScript /home/itsupport/simulation/new_dff,d_ff,schematic/history_1/simulation/HSPICE_default/HSPICE/nominal/.bg_measurement_script.tcl sa::_resultsDatabase::saeShellProcessingCompletedProc testSuiteName saeSession2 testbenchName HSPICE_default resultsDir /home/itsupport/simulation/new_dff,d_ff,schematic/history_1/simulation/HSPICE_default/HSPICE/nominal/results testSuiteDir /home/itsupport/simulation/new_dff,d_ff,schematic/history_1/simulation/HSPICE_default/HSPICE/nominal databaseName /home/itsupport/simulation/new_dff,d_ff,schematic/history_1/simulation/HSPICE_default/HSPICE/nominal/resultsDatabase remoteRun {} testbenchId 1 saveImages true
[13:28:59.81] /e Error: Evaluating 'v(/net15)': "Could not find net named: net15" (HIERARCHY_COMMANDS-007)
[13:28:59.88] /o saeInterBGSaeShell:  ::sa::_backgroundSaeShell::scriptFinished 0.3 {} sa::_resultsDatabase::saeShellProcessingCompletedProc testSuiteName saeSession2 testbenchName HSPICE_default resultsDir /home/itsupport/simulation/new_dff,d_ff,schematic/history_1/simulation/HSPICE_default/HSPICE/nominal/results testSuiteDir /home/itsupport/simulation/new_dff,d_ff,schematic/history_1/simulation/HSPICE_default/HSPICE/nominal databaseName /home/itsupport/simulation/new_dff,d_ff,schematic/history_1/simulation/HSPICE_default/HSPICE/nominal/resultsDatabase remoteRun {} testbenchId 1 saveImages true
[13:28:59.88] /o false
[13:29:24.99] /i ::sa::_backgroundSaeShell::runScript /home/itsupport/simulation/new_dff,d_ff,schematic/history_1/simulation/HSPICE_default/HSPICE/nominal/.bg_measurement_script.tcl sa::_resultsDatabase::saeShellProcessingCompletedProc testSuiteName saeSession2 testbenchName HSPICE_default resultsDir /home/itsupport/simulation/new_dff,d_ff,schematic/history_1/simulation/HSPICE_default/HSPICE/nominal/results testSuiteDir /home/itsupport/simulation/new_dff,d_ff,schematic/history_1/simulation/HSPICE_default/HSPICE/nominal databaseName /home/itsupport/simulation/new_dff,d_ff,schematic/history_1/simulation/HSPICE_default/HSPICE/nominal/resultsDatabase remoteRun {} testbenchId 1 saveImages true
[13:29:25.21] /e Error: Evaluating 'v(/net15)': "Could not find net named: net15" (HIERARCHY_COMMANDS-007)
[13:29:25.31] /o saeInterBGSaeShell:  ::sa::_backgroundSaeShell::scriptFinished 0.3 {} sa::_resultsDatabase::saeShellProcessingCompletedProc testSuiteName saeSession2 testbenchName HSPICE_default resultsDir /home/itsupport/simulation/new_dff,d_ff,schematic/history_1/simulation/HSPICE_default/HSPICE/nominal/results testSuiteDir /home/itsupport/simulation/new_dff,d_ff,schematic/history_1/simulation/HSPICE_default/HSPICE/nominal databaseName /home/itsupport/simulation/new_dff,d_ff,schematic/history_1/simulation/HSPICE_default/HSPICE/nominal/resultsDatabase remoteRun {} testbenchId 1 saveImages true
[13:29:25.31] /o false
[13:31:30.57] /i ::sa::_backgroundSaeShell::runScript /home/itsupport/simulation/new_dff,d_ff,schematic/history_1/simulation/HSPICE_default/HSPICE/nominal/.bg_measurement_script.tcl sa::_resultsDatabase::saeShellProcessingCompletedProc testSuiteName saeSession2 testbenchName HSPICE_default resultsDir /home/itsupport/simulation/new_dff,d_ff,schematic/history_1/simulation/HSPICE_default/HSPICE/nominal/results testSuiteDir /home/itsupport/simulation/new_dff,d_ff,schematic/history_1/simulation/HSPICE_default/HSPICE/nominal databaseName /home/itsupport/simulation/new_dff,d_ff,schematic/history_1/simulation/HSPICE_default/HSPICE/nominal/resultsDatabase remoteRun {} testbenchId 1 saveImages true
[13:31:30.80] /e Error: Evaluating 'v(/net15)': "Could not find net named: net15" (HIERARCHY_COMMANDS-007)
[13:31:30.92] /o saeInterBGSaeShell:  ::sa::_backgroundSaeShell::scriptFinished 0.3 {} sa::_resultsDatabase::saeShellProcessingCompletedProc testSuiteName saeSession2 testbenchName HSPICE_default resultsDir /home/itsupport/simulation/new_dff,d_ff,schematic/history_1/simulation/HSPICE_default/HSPICE/nominal/results testSuiteDir /home/itsupport/simulation/new_dff,d_ff,schematic/history_1/simulation/HSPICE_default/HSPICE/nominal databaseName /home/itsupport/simulation/new_dff,d_ff,schematic/history_1/simulation/HSPICE_default/HSPICE/nominal/resultsDatabase remoteRun {} testbenchId 1 saveImages true
[13:31:30.92] /o false
[13:31:46.65] /i ::sa::_backgroundSaeShell::runScript /home/itsupport/simulation/new_dff,d_ff,schematic/history_1/simulation/HSPICE_default/HSPICE/nominal/.bg_measurement_script.tcl sa::_resultsDatabase::saeShellProcessingCompletedProc testSuiteName saeSession2 testbenchName HSPICE_default resultsDir /home/itsupport/simulation/new_dff,d_ff,schematic/history_1/simulation/HSPICE_default/HSPICE/nominal/results testSuiteDir /home/itsupport/simulation/new_dff,d_ff,schematic/history_1/simulation/HSPICE_default/HSPICE/nominal databaseName /home/itsupport/simulation/new_dff,d_ff,schematic/history_1/simulation/HSPICE_default/HSPICE/nominal/resultsDatabase remoteRun {} testbenchId 1 saveImages true
[13:31:46.87] /e Error: Evaluating 'v(/net15)': "Could not find net named: net15" (HIERARCHY_COMMANDS-007)
[13:31:46.99] /o saeInterBGSaeShell:  ::sa::_backgroundSaeShell::scriptFinished 0.3 {} sa::_resultsDatabase::saeShellProcessingCompletedProc testSuiteName saeSession2 testbenchName HSPICE_default resultsDir /home/itsupport/simulation/new_dff,d_ff,schematic/history_1/simulation/HSPICE_default/HSPICE/nominal/results testSuiteDir /home/itsupport/simulation/new_dff,d_ff,schematic/history_1/simulation/HSPICE_default/HSPICE/nominal databaseName /home/itsupport/simulation/new_dff,d_ff,schematic/history_1/simulation/HSPICE_default/HSPICE/nominal/resultsDatabase remoteRun {} testbenchId 1 saveImages true
[13:31:46.99] /o false
[13:33:05.24] /i ::sa::_backgroundSaeShell::runScript /home/itsupport/simulation/new_dff,d_ff,schematic/history_1/simulation/HSPICE_default/HSPICE/nominal/.bg_measurement_script.tcl sa::_resultsDatabase::saeShellProcessingCompletedProc testSuiteName saeSession2 testbenchName HSPICE_default resultsDir /home/itsupport/simulation/new_dff,d_ff,schematic/history_1/simulation/HSPICE_default/HSPICE/nominal/results testSuiteDir /home/itsupport/simulation/new_dff,d_ff,schematic/history_1/simulation/HSPICE_default/HSPICE/nominal databaseName /home/itsupport/simulation/new_dff,d_ff,schematic/history_1/simulation/HSPICE_default/HSPICE/nominal/resultsDatabase remoteRun {} testbenchId 1 saveImages true
[13:33:05.47] /e Error: Evaluating 'v(/net15)': "Could not find net named: net15" (HIERARCHY_COMMANDS-007)
[13:33:05.56] /o saeInterBGSaeShell:  ::sa::_backgroundSaeShell::scriptFinished 0.3 {} sa::_resultsDatabase::saeShellProcessingCompletedProc testSuiteName saeSession2 testbenchName HSPICE_default resultsDir /home/itsupport/simulation/new_dff,d_ff,schematic/history_1/simulation/HSPICE_default/HSPICE/nominal/results testSuiteDir /home/itsupport/simulation/new_dff,d_ff,schematic/history_1/simulation/HSPICE_default/HSPICE/nominal databaseName /home/itsupport/simulation/new_dff,d_ff,schematic/history_1/simulation/HSPICE_default/HSPICE/nominal/resultsDatabase remoteRun {} testbenchId 1 saveImages true
[13:33:05.56] /o false
[13:36:47.38] /i ::sa::_backgroundSaeShell::runScript /home/itsupport/simulation/new_dff,d_ff,schematic/history_1/simulation/HSPICE_default/HSPICE/nominal/.bg_measurement_script.tcl sa::_resultsDatabase::saeShellProcessingCompletedProc testSuiteName saeSession2 testbenchName HSPICE_default resultsDir /home/itsupport/simulation/new_dff,d_ff,schematic/history_1/simulation/HSPICE_default/HSPICE/nominal/results testSuiteDir /home/itsupport/simulation/new_dff,d_ff,schematic/history_1/simulation/HSPICE_default/HSPICE/nominal databaseName /home/itsupport/simulation/new_dff,d_ff,schematic/history_1/simulation/HSPICE_default/HSPICE/nominal/resultsDatabase remoteRun {} testbenchId 1 saveImages true
[13:36:47.59] /e Error: Evaluating 'v(/net15)': "Could not find net named: net15" (HIERARCHY_COMMANDS-007)
[13:36:47.69] /o saeInterBGSaeShell:  ::sa::_backgroundSaeShell::scriptFinished 0.3 {} sa::_resultsDatabase::saeShellProcessingCompletedProc testSuiteName saeSession2 testbenchName HSPICE_default resultsDir /home/itsupport/simulation/new_dff,d_ff,schematic/history_1/simulation/HSPICE_default/HSPICE/nominal/results testSuiteDir /home/itsupport/simulation/new_dff,d_ff,schematic/history_1/simulation/HSPICE_default/HSPICE/nominal databaseName /home/itsupport/simulation/new_dff,d_ff,schematic/history_1/simulation/HSPICE_default/HSPICE/nominal/resultsDatabase remoteRun {} testbenchId 1 saveImages true
[13:36:47.69] /o false
[13:41:48.54] /o saeInterBGSaeShell:  ::sa::_backgroundSaeShell::pingBack
[13:41:48.62] /i ::sa::_backgroundSaeShell::parentRunning
[13:41:48.62] /o 1779604908
[13:41:52.41] /m Information: Stopped sharing "Custom WaveView" license. (WAVEFORM-111)
[13:46:49.56] /o saeInterBGSaeShell:  ::sa::_backgroundSaeShell::pingBack
[13:46:49.62] /i ::sa::_backgroundSaeShell::parentRunning
[13:46:49.62] /o 1779605209
[13:50:49.83] /i ::wf::viewerExited
[13:51:50.57] /o saeInterBGSaeShell:  ::sa::_backgroundSaeShell::pingBack
[13:51:50.62] /i ::sa::_backgroundSaeShell::parentRunning
[13:51:50.62] /o 1779605510
[13:52:33.90] /i ::sa::_backgroundSaeShell::exit
[13:52:33.90] /o saeInterBGSaeShell:  ::sa::_backgroundSaeShell::childFormallyExiting
