[16:01:55.42] /m Information: License 'SAE' checked out. (LICENSE-003)
[16:01:56.69] /o sae_shell Version Custom Compiler N-2017.12-SP1-2
              /c Build  (OPT) compiled on Wed May 16 15:20:56 2018 for RHEL64 6.6
              /c Execution time: Tue Apr 14 16:01:54 2026
              /c Host: localhost.localdomain
              /c 
              /c Copyright © 2004-2018 Synopsys, Inc.
              /c This software and the associated documentation are proprietary to Synopsys, Inc. This software may only be used in accordance with the terms and conditions of a written license agreement with Synopsys, Inc. All other use, reproduction, or distribution of this software is strictly prohibited.
              /c 
              /c 
[16:01:56.70] /w Warning: Preference 'leActiveLPP' is deprecated and scheduled for removal in a future release with no replacement. For migration assistance, see the Custom Compiler Tcl Reference Manual. (PREFERENCE-058)
[16:01:56.71] /o 	#######################################
[16:01:56.71] /o 	PDK Library Name	: reference90RF
[16:01:56.71] /o 	PDK Version		: 2.0
[16:01:56.71] /o 	PDK Release Date	: 25-March-2010 
[16:01:56.71] /o 	#######################################
[16:01:56.71] /o 
[16:01:56.71] /i ::sa::_backgroundSaeShell::signalProcessReady 1776157313
[16:01:56.71] /o saeInterBGSaeShell:  ::sa::_backgroundSaeShell::processReady 3
[16:06:57.73] /o saeInterBGSaeShell:  ::sa::_backgroundSaeShell::pingBack
[16:06:57.82] /i ::sa::_backgroundSaeShell::parentRunning
[16:06:57.83] /o 1776157617
[16:07:49.19] /i ::sa::_backgroundSaeShell::runScript /home/itsupport/simulation/inverter,tb_nmos,schematic/history_1/simulation/default/HSPICE/parametric/.bg_measurement_script.tcl sa::_resultsDatabase::saeShellProcessingCompletedProc testSuiteName saeSession4 testbenchName default resultsDir /home/itsupport/simulation/inverter,tb_nmos,schematic/history_1/simulation/default/HSPICE/parametric/results testSuiteDir /home/itsupport/simulation/inverter,tb_nmos,schematic/history_1/simulation/default/HSPICE/parametric databaseName /home/itsupport/simulation/inverter,tb_nmos,schematic/history_1/simulation/default/HSPICE/parametric/resultsDatabase remoteRun {} testbenchId 1 saveImages true
[16:07:49.63] /o saeInterBGSaeShell:  ::sa::_backgroundSaeShell::scriptFinished 0.4 {} sa::_resultsDatabase::saeShellProcessingCompletedProc testSuiteName saeSession4 testbenchName default resultsDir /home/itsupport/simulation/inverter,tb_nmos,schematic/history_1/simulation/default/HSPICE/parametric/results testSuiteDir /home/itsupport/simulation/inverter,tb_nmos,schematic/history_1/simulation/default/HSPICE/parametric databaseName /home/itsupport/simulation/inverter,tb_nmos,schematic/history_1/simulation/default/HSPICE/parametric/resultsDatabase remoteRun {} testbenchId 1 saveImages true
[16:07:49.63] /o false
[16:10:25.32] /i ::sa::_backgroundSaeShell::runScript /home/itsupport/simulation/inverter,tb_nmos,schematic/history_1/simulation/default/HSPICE/parametric/.bg_measurement_script.tcl sa::_resultsDatabase::saeShellProcessingCompletedProc testSuiteName saeSession4 testbenchName default resultsDir /home/itsupport/simulation/inverter,tb_nmos,schematic/history_1/simulation/default/HSPICE/parametric/results testSuiteDir /home/itsupport/simulation/inverter,tb_nmos,schematic/history_1/simulation/default/HSPICE/parametric databaseName /home/itsupport/simulation/inverter,tb_nmos,schematic/history_1/simulation/default/HSPICE/parametric/resultsDatabase remoteRun {} testbenchId 1 saveImages true
[16:10:25.48] /m Information: Expression 'v(/net7)' did not evaluate: No results found.
[16:10:25.48] /m Information: Expression 'i(/V2/PLUS)' did not evaluate: No results found.
[16:10:25.48] /m Information: Expression 'i(/V2/MINUS)' did not evaluate: No results found.
[16:10:25.52] /m Information: Re-evaluating the failed expression 'v(/net7)'
[16:10:25.52] /m Information: Expression 'v(/net7)' did not evaluate: No results found.
[16:10:25.52] /m Information: Re-evaluating the failed expression 'i(/V2/PLUS)'
[16:10:25.52] /m Information: Expression 'i(/V2/PLUS)' did not evaluate: No results found.
[16:10:25.52] /m Information: Re-evaluating the failed expression 'i(/V2/MINUS)'
[16:10:25.52] /m Information: Expression 'i(/V2/MINUS)' did not evaluate: No results found.
[16:10:25.55] /o saeInterBGSaeShell:  ::sa::_backgroundSaeShell::scriptFinished 0.2 {} sa::_resultsDatabase::saeShellProcessingCompletedProc testSuiteName saeSession4 testbenchName default resultsDir /home/itsupport/simulation/inverter,tb_nmos,schematic/history_1/simulation/default/HSPICE/parametric/results testSuiteDir /home/itsupport/simulation/inverter,tb_nmos,schematic/history_1/simulation/default/HSPICE/parametric databaseName /home/itsupport/simulation/inverter,tb_nmos,schematic/history_1/simulation/default/HSPICE/parametric/resultsDatabase remoteRun {} testbenchId 1 saveImages true
[16:10:25.55] /o false
[16:11:17.06] /i ::sa::_backgroundSaeShell::runScript /home/itsupport/simulation/inverter,tb_nmos,schematic/history_1/simulation/default/HSPICE/parametric/.bg_measurement_script.tcl sa::_resultsDatabase::saeShellProcessingCompletedProc testSuiteName saeSession4 testbenchName default resultsDir /home/itsupport/simulation/inverter,tb_nmos,schematic/history_1/simulation/default/HSPICE/parametric/results testSuiteDir /home/itsupport/simulation/inverter,tb_nmos,schematic/history_1/simulation/default/HSPICE/parametric databaseName /home/itsupport/simulation/inverter,tb_nmos,schematic/history_1/simulation/default/HSPICE/parametric/resultsDatabase remoteRun {} testbenchId 1 saveImages true
[16:11:17.22] /m Information: Expression 'v(/net7)' did not evaluate: No results found.
[16:11:17.22] /m Information: Expression 'i(/V2/PLUS)' did not evaluate: No results found.
[16:11:17.22] /m Information: Expression 'i(/V2/MINUS)' did not evaluate: No results found.
[16:11:17.25] /m Information: Re-evaluating the failed expression 'v(/net7)'
[16:11:17.26] /m Information: Expression 'v(/net7)' did not evaluate: No results found.
[16:11:17.26] /m Information: Re-evaluating the failed expression 'i(/V2/PLUS)'
[16:11:17.26] /m Information: Expression 'i(/V2/PLUS)' did not evaluate: No results found.
[16:11:17.26] /m Information: Re-evaluating the failed expression 'i(/V2/MINUS)'
[16:11:17.26] /m Information: Expression 'i(/V2/MINUS)' did not evaluate: No results found.
[16:11:17.28] /o saeInterBGSaeShell:  ::sa::_backgroundSaeShell::scriptFinished 0.2 {} sa::_resultsDatabase::saeShellProcessingCompletedProc testSuiteName saeSession4 testbenchName default resultsDir /home/itsupport/simulation/inverter,tb_nmos,schematic/history_1/simulation/default/HSPICE/parametric/results testSuiteDir /home/itsupport/simulation/inverter,tb_nmos,schematic/history_1/simulation/default/HSPICE/parametric databaseName /home/itsupport/simulation/inverter,tb_nmos,schematic/history_1/simulation/default/HSPICE/parametric/resultsDatabase remoteRun {} testbenchId 1 saveImages true
[16:11:17.28] /o false
[16:12:42.14] /i ::sa::_backgroundSaeShell::runScript /home/itsupport/simulation/inverter,tb_nmos,schematic/history_1/simulation/default/HSPICE/parametric/.bg_measurement_script.tcl sa::_resultsDatabase::saeShellProcessingCompletedProc testSuiteName saeSession4 testbenchName default resultsDir /home/itsupport/simulation/inverter,tb_nmos,schematic/history_1/simulation/default/HSPICE/parametric/results testSuiteDir /home/itsupport/simulation/inverter,tb_nmos,schematic/history_1/simulation/default/HSPICE/parametric databaseName /home/itsupport/simulation/inverter,tb_nmos,schematic/history_1/simulation/default/HSPICE/parametric/resultsDatabase remoteRun {} testbenchId 1 saveImages true
[16:12:42.27] /m Information: Expression 'v(/net7)' did not evaluate: No results found.
[16:12:42.28] /m Information: Expression 'i(/V2/PLUS)' did not evaluate: No results found.
[16:12:42.28] /m Information: Expression 'i(/V2/MINUS)' did not evaluate: No results found.
[16:12:42.31] /m Information: Re-evaluating the failed expression 'v(/net7)'
[16:12:42.31] /m Information: Expression 'v(/net7)' did not evaluate: No results found.
[16:12:42.31] /m Information: Re-evaluating the failed expression 'i(/V2/PLUS)'
[16:12:42.31] /m Information: Expression 'i(/V2/PLUS)' did not evaluate: No results found.
[16:12:42.31] /m Information: Re-evaluating the failed expression 'i(/V2/MINUS)'
[16:12:42.31] /m Information: Expression 'i(/V2/MINUS)' did not evaluate: No results found.
[16:12:42.34] /o saeInterBGSaeShell:  ::sa::_backgroundSaeShell::scriptFinished 0.2 {} sa::_resultsDatabase::saeShellProcessingCompletedProc testSuiteName saeSession4 testbenchName default resultsDir /home/itsupport/simulation/inverter,tb_nmos,schematic/history_1/simulation/default/HSPICE/parametric/results testSuiteDir /home/itsupport/simulation/inverter,tb_nmos,schematic/history_1/simulation/default/HSPICE/parametric databaseName /home/itsupport/simulation/inverter,tb_nmos,schematic/history_1/simulation/default/HSPICE/parametric/resultsDatabase remoteRun {} testbenchId 1 saveImages true
[16:12:42.34] /o false
[16:13:40.83] /i ::sa::_backgroundSaeShell::runScript /home/itsupport/simulation/inverter,tb_nmos,schematic/history_1/simulation/default/HSPICE/parametric/.bg_measurement_script.tcl sa::_resultsDatabase::saeShellProcessingCompletedProc testSuiteName saeSession4 testbenchName default resultsDir /home/itsupport/simulation/inverter,tb_nmos,schematic/history_1/simulation/default/HSPICE/parametric/results testSuiteDir /home/itsupport/simulation/inverter,tb_nmos,schematic/history_1/simulation/default/HSPICE/parametric databaseName /home/itsupport/simulation/inverter,tb_nmos,schematic/history_1/simulation/default/HSPICE/parametric/resultsDatabase remoteRun {} testbenchId 1 saveImages true
[16:13:41.02] /m Information: Expression 'v(/net7)' did not evaluate: No results found.
[16:13:41.02] /m Information: Expression 'i(/V2/PLUS)' did not evaluate: No results found.
[16:13:41.02] /m Information: Expression 'i(/V2/MINUS)' did not evaluate: No results found.
[16:13:41.06] /m Information: Re-evaluating the failed expression 'v(/net7)'
[16:13:41.06] /m Information: Expression 'v(/net7)' did not evaluate: No results found.
[16:13:41.06] /m Information: Re-evaluating the failed expression 'i(/V2/PLUS)'
[16:13:41.06] /m Information: Expression 'i(/V2/PLUS)' did not evaluate: No results found.
[16:13:41.06] /m Information: Re-evaluating the failed expression 'i(/V2/MINUS)'
[16:13:41.06] /m Information: Expression 'i(/V2/MINUS)' did not evaluate: No results found.
[16:13:41.08] /o saeInterBGSaeShell:  ::sa::_backgroundSaeShell::scriptFinished 0.2 {} sa::_resultsDatabase::saeShellProcessingCompletedProc testSuiteName saeSession4 testbenchName default resultsDir /home/itsupport/simulation/inverter,tb_nmos,schematic/history_1/simulation/default/HSPICE/parametric/results testSuiteDir /home/itsupport/simulation/inverter,tb_nmos,schematic/history_1/simulation/default/HSPICE/parametric databaseName /home/itsupport/simulation/inverter,tb_nmos,schematic/history_1/simulation/default/HSPICE/parametric/resultsDatabase remoteRun {} testbenchId 1 saveImages true
[16:13:41.08] /o false
[16:16:59.79] /i ::sa::_backgroundSaeShell::runScript /home/itsupport/simulation/inverter,tb_nmos,schematic/history_1/simulation/default/HSPICE/parametric/.bg_measurement_script.tcl sa::_resultsDatabase::saeShellProcessingCompletedProc testSuiteName saeSession4 testbenchName default resultsDir /home/itsupport/simulation/inverter,tb_nmos,schematic/history_1/simulation/default/HSPICE/parametric/results testSuiteDir /home/itsupport/simulation/inverter,tb_nmos,schematic/history_1/simulation/default/HSPICE/parametric databaseName /home/itsupport/simulation/inverter,tb_nmos,schematic/history_1/simulation/default/HSPICE/parametric/resultsDatabase remoteRun {} testbenchId 1 saveImages true
[16:17:00.01] /m Information: Expression 'v(/net7)' did not evaluate: No results found.
[16:17:00.01] /m Information: Expression 'i(/V2/PLUS)' did not evaluate: No results found.
[16:17:00.01] /m Information: Expression 'i(/V2/MINUS)' did not evaluate: No results found.
[16:17:00.06] /m Information: Re-evaluating the failed expression 'v(/net7)'
[16:17:00.06] /m Information: Expression 'v(/net7)' did not evaluate: No results found.
[16:17:00.06] /m Information: Re-evaluating the failed expression 'i(/V2/PLUS)'
[16:17:00.06] /m Information: Expression 'i(/V2/PLUS)' did not evaluate: No results found.
[16:17:00.06] /m Information: Re-evaluating the failed expression 'i(/V2/MINUS)'
[16:17:00.06] /m Information: Expression 'i(/V2/MINUS)' did not evaluate: No results found.
[16:17:00.09] /o saeInterBGSaeShell:  ::sa::_backgroundSaeShell::scriptFinished 0.3 {} sa::_resultsDatabase::saeShellProcessingCompletedProc testSuiteName saeSession4 testbenchName default resultsDir /home/itsupport/simulation/inverter,tb_nmos,schematic/history_1/simulation/default/HSPICE/parametric/results testSuiteDir /home/itsupport/simulation/inverter,tb_nmos,schematic/history_1/simulation/default/HSPICE/parametric databaseName /home/itsupport/simulation/inverter,tb_nmos,schematic/history_1/simulation/default/HSPICE/parametric/resultsDatabase remoteRun {} testbenchId 1 saveImages true
[16:17:00.09] /o false
[16:18:30.08] /i ::sa::_backgroundSaeShell::exit
[16:18:30.08] /o saeInterBGSaeShell:  ::sa::_backgroundSaeShell::childFormallyExiting
