[18:20:45.28] /m Information: License 'SAE' checked out. (LICENSE-003)
[18:20:46.25] /o sae_shell Version Custom Compiler N-2017.12-SP1-2
              /c Build  (OPT) compiled on Wed May 16 15:20:56 2018 for RHEL64 6.6
              /c Execution time: Tue May 19 18:20:44 2026
              /c Host: localhost.localdomain
              /c 
              /c Copyright © 2004-2018 Synopsys, Inc.
              /c This software and the associated documentation are proprietary to Synopsys, Inc. This software may only be used in accordance with the terms and conditions of a written license agreement with Synopsys, Inc. All other use, reproduction, or distribution of this software is strictly prohibited.
              /c 
              /c 
[18:20:46.26] /w Warning: Preference 'leActiveLPP' is deprecated and scheduled for removal in a future release with no replacement. For migration assistance, see the Custom Compiler Tcl Reference Manual. (PREFERENCE-058)
[18:20:46.27] /o 	#######################################
[18:20:46.27] /o 	PDK Library Name	: reference90RF
[18:20:46.27] /o 	PDK Version		: 2.0
[18:20:46.27] /o 	PDK Release Date	: 25-March-2010 
[18:20:46.27] /o 	#######################################
[18:20:46.27] /o 
[18:20:46.27] /i ::sa::_backgroundSaeShell::signalProcessReady 1779189644
[18:20:46.27] /o saeInterBGSaeShell:  ::sa::_backgroundSaeShell::processReady 2
[18:21:57.92] /i ::sa::_backgroundSaeShell::runScript /home/itsupport/simulation/inverter,NAND2_tb_2,config/history_1/simulation/HSPICE_NAND2/HSPICE/nominal/.bg_measurement_script.tcl sa::_resultsDatabase::saeShellProcessingCompletedProc testSuiteName saeSession1 testbenchName HSPICE_NAND2 resultsDir /home/itsupport/simulation/inverter,NAND2_tb_2,config/history_1/simulation/HSPICE_NAND2/HSPICE/nominal/results testSuiteDir /home/itsupport/simulation/inverter,NAND2_tb_2,config/history_1/simulation/HSPICE_NAND2/HSPICE/nominal databaseName /home/itsupport/simulation/inverter,NAND2_tb_2,config/history_1/simulation/HSPICE_NAND2/HSPICE/nominal/resultsDatabase remoteRun {} testbenchId 1 saveImages true
[18:21:58.52] /m Information: Started sharing "Custom WaveView" license. (WAVEFORM-110)
[18:21:58.71] /o saeInterBGSaeShell:  ::sa::_backgroundSaeShell::scriptFinished 0.7 {} sa::_resultsDatabase::saeShellProcessingCompletedProc testSuiteName saeSession1 testbenchName HSPICE_NAND2 resultsDir /home/itsupport/simulation/inverter,NAND2_tb_2,config/history_1/simulation/HSPICE_NAND2/HSPICE/nominal/results testSuiteDir /home/itsupport/simulation/inverter,NAND2_tb_2,config/history_1/simulation/HSPICE_NAND2/HSPICE/nominal databaseName /home/itsupport/simulation/inverter,NAND2_tb_2,config/history_1/simulation/HSPICE_NAND2/HSPICE/nominal/resultsDatabase remoteRun {} testbenchId 1 saveImages true
[18:21:58.71] /o false
[18:22:11.85] /i ::wf::viewerExited
[18:22:25.56] /i ::sa::_backgroundSaeShell::runScript /home/itsupport/simulation/inverter,NAND2_tb_2,config/history_1/simulation/HSPICE_NAND2/HSPICE/nominal/.bg_measurement_script.tcl sa::_resultsDatabase::saeShellProcessingCompletedProc testSuiteName saeSession1 testbenchName HSPICE_NAND2 resultsDir /home/itsupport/simulation/inverter,NAND2_tb_2,config/history_1/simulation/HSPICE_NAND2/HSPICE/nominal/results testSuiteDir /home/itsupport/simulation/inverter,NAND2_tb_2,config/history_1/simulation/HSPICE_NAND2/HSPICE/nominal databaseName /home/itsupport/simulation/inverter,NAND2_tb_2,config/history_1/simulation/HSPICE_NAND2/HSPICE/nominal/resultsDatabase remoteRun {} testbenchId 1 saveImages true
[18:22:25.77] /o saeInterBGSaeShell:  ::sa::_backgroundSaeShell::scriptFinished 0.2 {} sa::_resultsDatabase::saeShellProcessingCompletedProc testSuiteName saeSession1 testbenchName HSPICE_NAND2 resultsDir /home/itsupport/simulation/inverter,NAND2_tb_2,config/history_1/simulation/HSPICE_NAND2/HSPICE/nominal/results testSuiteDir /home/itsupport/simulation/inverter,NAND2_tb_2,config/history_1/simulation/HSPICE_NAND2/HSPICE/nominal databaseName /home/itsupport/simulation/inverter,NAND2_tb_2,config/history_1/simulation/HSPICE_NAND2/HSPICE/nominal/resultsDatabase remoteRun {} testbenchId 1 saveImages true
[18:22:25.77] /o false
[18:26:53.15] /i ::wf::viewerExited
[18:27:00.89] /i ::sa::_backgroundSaeShell::exit
[18:27:00.89] /o saeInterBGSaeShell:  ::sa::_backgroundSaeShell::childFormallyExiting
