[22:10:03.75] /m Information: License 'SAE' checked out. (LICENSE-003)
[22:10:04.95] /o sae_shell Version Custom Compiler N-2017.12-SP1-2
              /c Build  (OPT) compiled on Wed May 16 15:20:56 2018 for RHEL64 6.6
              /c Execution time: Thu May 21 22:10:02 2026
              /c Host: localhost.localdomain
              /c 
              /c Copyright © 2004-2018 Synopsys, Inc.
              /c This software and the associated documentation are proprietary to Synopsys, Inc. This software may only be used in accordance with the terms and conditions of a written license agreement with Synopsys, Inc. All other use, reproduction, or distribution of this software is strictly prohibited.
              /c 
              /c 
[22:10:04.96] /w Warning: Preference 'leActiveLPP' is deprecated and scheduled for removal in a future release with no replacement. For migration assistance, see the Custom Compiler Tcl Reference Manual. (PREFERENCE-058)
[22:10:04.96] /o 	#######################################
[22:10:04.96] /o 	PDK Library Name	: reference90RF
[22:10:04.96] /o 	PDK Version		: 2.0
[22:10:04.96] /o 	PDK Release Date	: 25-March-2010 
[22:10:04.96] /o 	#######################################
[22:10:04.96] /o 
[22:10:04.97] /i ::sa::_backgroundSaeShell::signalProcessReady 1779376202
[22:10:04.97] /o saeInterBGSaeShell:  ::sa::_backgroundSaeShell::processReady 2
[22:11:43.97] /i ::wf::viewerExited
[22:15:05.99] /o saeInterBGSaeShell:  ::sa::_backgroundSaeShell::pingBack
[22:15:06.06] /i ::sa::_backgroundSaeShell::parentRunning
[22:15:06.06] /o 1779376506
[22:20:06.99] /o saeInterBGSaeShell:  ::sa::_backgroundSaeShell::pingBack
[22:20:07.06] /i ::sa::_backgroundSaeShell::parentRunning
[22:20:07.06] /o 1779376807
[22:25:08.00] /o saeInterBGSaeShell:  ::sa::_backgroundSaeShell::pingBack
[22:25:08.06] /i ::sa::_backgroundSaeShell::parentRunning
[22:25:08.06] /o 1779377108
[22:30:09.01] /o saeInterBGSaeShell:  ::sa::_backgroundSaeShell::pingBack
[22:30:09.06] /i ::sa::_backgroundSaeShell::parentRunning
[22:30:09.06] /o 1779377409
[22:35:10.02] /o saeInterBGSaeShell:  ::sa::_backgroundSaeShell::pingBack
[22:35:10.05] /i ::sa::_backgroundSaeShell::parentRunning
[22:35:10.06] /o 1779377710
[22:40:11.02] /o saeInterBGSaeShell:  ::sa::_backgroundSaeShell::pingBack
[22:40:11.06] /i ::sa::_backgroundSaeShell::parentRunning
[22:40:11.06] /o 1779378011
[22:45:12.04] /o saeInterBGSaeShell:  ::sa::_backgroundSaeShell::pingBack
[22:45:12.06] /i ::sa::_backgroundSaeShell::parentRunning
[22:45:12.06] /o 1779378312
[22:47:44.66] /i ::wf::viewerExited
[22:49:26.86] /i ::wf::viewerExited
[22:50:13.05] /o saeInterBGSaeShell:  ::sa::_backgroundSaeShell::pingBack
[22:50:13.15] /i ::sa::_backgroundSaeShell::parentRunning
[22:50:13.16] /o 1779378613
[22:55:14.06] /o saeInterBGSaeShell:  ::sa::_backgroundSaeShell::pingBack
[22:55:14.16] /i ::sa::_backgroundSaeShell::parentRunning
[22:55:14.17] /o 1779378914
[23:00:15.08] /o saeInterBGSaeShell:  ::sa::_backgroundSaeShell::pingBack
[23:00:15.16] /i ::sa::_backgroundSaeShell::parentRunning
[23:00:15.16] /o 1779379215
[23:01:50.65] /i ::wf::viewerExited
[23:05:16.09] /o saeInterBGSaeShell:  ::sa::_backgroundSaeShell::pingBack
[23:05:16.16] /i ::sa::_backgroundSaeShell::parentRunning
[23:05:16.17] /o 1779379516
[23:10:17.11] /o saeInterBGSaeShell:  ::sa::_backgroundSaeShell::pingBack
[23:10:17.16] /i ::sa::_backgroundSaeShell::parentRunning
[23:10:17.16] /o 1779379817
[23:15:18.11] /o saeInterBGSaeShell:  ::sa::_backgroundSaeShell::pingBack
[23:15:18.15] /i ::sa::_backgroundSaeShell::parentRunning
[23:15:18.16] /o 1779380118
[23:20:19.13] /o saeInterBGSaeShell:  ::sa::_backgroundSaeShell::pingBack
[23:20:19.16] /i ::sa::_backgroundSaeShell::parentRunning
[23:20:19.16] /o 1779380419
[23:23:57.28] /i ::sa::_backgroundSaeShell::exit
[23:23:57.28] /o saeInterBGSaeShell:  ::sa::_backgroundSaeShell::childFormallyExiting
