[06:07:53.69] /m Information: License 'SAE' checked out. (LICENSE-003)
[06:07:55.15] /o sae_shell Version Custom Compiler N-2017.12-SP1-2
              /c Build  (OPT) compiled on Wed May 16 15:20:56 2018 for RHEL64 6.6
              /c Execution time: Wed May 20 06:07:52 2026
              /c Host: localhost.localdomain
              /c 
              /c Copyright © 2004-2018 Synopsys, Inc.
              /c This software and the associated documentation are proprietary to Synopsys, Inc. This software may only be used in accordance with the terms and conditions of a written license agreement with Synopsys, Inc. All other use, reproduction, or distribution of this software is strictly prohibited.
              /c 
              /c 
[06:07:55.16] /w Warning: Preference 'leActiveLPP' is deprecated and scheduled for removal in a future release with no replacement. For migration assistance, see the Custom Compiler Tcl Reference Manual. (PREFERENCE-058)
[06:07:55.17] /o 	#######################################
[06:07:55.17] /o 	PDK Library Name	: reference90RF
[06:07:55.17] /o 	PDK Version		: 2.0
[06:07:55.17] /o 	PDK Release Date	: 25-March-2010 
[06:07:55.17] /o 	#######################################
[06:07:55.17] /o 
[06:07:55.17] /i ::sa::_backgroundSaeShell::signalProcessReady 1779232071
[06:07:55.18] /o saeInterBGSaeShell:  ::sa::_backgroundSaeShell::processReady 4
[06:08:30.11] /i ::sa::_backgroundSaeShell::runScript /home/itsupport/simulation/inverter,FA_1bit_tb,config/history_1/simulation/default/HSPICE/nominal/.bg_measurement_script.tcl sa::_resultsDatabase::saeShellProcessingCompletedProc testSuiteName saeSession3 testbenchName default resultsDir /home/itsupport/simulation/inverter,FA_1bit_tb,config/history_1/simulation/default/HSPICE/nominal/results testSuiteDir /home/itsupport/simulation/inverter,FA_1bit_tb,config/history_1/simulation/default/HSPICE/nominal databaseName /home/itsupport/simulation/inverter,FA_1bit_tb,config/history_1/simulation/default/HSPICE/nominal/resultsDatabase remoteRun {} testbenchId 1 saveImages true
[06:08:30.45] /m Information: Started sharing "Custom WaveView" license. (WAVEFORM-110)
[06:08:30.57] /o saeInterBGSaeShell:  ::sa::_backgroundSaeShell::scriptFinished 0.4 {} sa::_resultsDatabase::saeShellProcessingCompletedProc testSuiteName saeSession3 testbenchName default resultsDir /home/itsupport/simulation/inverter,FA_1bit_tb,config/history_1/simulation/default/HSPICE/nominal/results testSuiteDir /home/itsupport/simulation/inverter,FA_1bit_tb,config/history_1/simulation/default/HSPICE/nominal databaseName /home/itsupport/simulation/inverter,FA_1bit_tb,config/history_1/simulation/default/HSPICE/nominal/resultsDatabase remoteRun {} testbenchId 1 saveImages true
[06:08:30.57] /o false
[06:11:52.90] /i ::sa::_backgroundSaeShell::runScript /home/itsupport/simulation/inverter,FA_1bit_tb,config/history_1/simulation/default/HSPICE/nominal/.bg_measurement_script.tcl sa::_resultsDatabase::saeShellProcessingCompletedProc testSuiteName saeSession3 testbenchName default resultsDir /home/itsupport/simulation/inverter,FA_1bit_tb,config/history_1/simulation/default/HSPICE/nominal/results testSuiteDir /home/itsupport/simulation/inverter,FA_1bit_tb,config/history_1/simulation/default/HSPICE/nominal databaseName /home/itsupport/simulation/inverter,FA_1bit_tb,config/history_1/simulation/default/HSPICE/nominal/resultsDatabase remoteRun {} testbenchId 1 saveImages true
[06:11:53.36] /o saeInterBGSaeShell:  ::sa::_backgroundSaeShell::scriptFinished 0.4 {} sa::_resultsDatabase::saeShellProcessingCompletedProc testSuiteName saeSession3 testbenchName default resultsDir /home/itsupport/simulation/inverter,FA_1bit_tb,config/history_1/simulation/default/HSPICE/nominal/results testSuiteDir /home/itsupport/simulation/inverter,FA_1bit_tb,config/history_1/simulation/default/HSPICE/nominal databaseName /home/itsupport/simulation/inverter,FA_1bit_tb,config/history_1/simulation/default/HSPICE/nominal/resultsDatabase remoteRun {} testbenchId 1 saveImages true
[06:11:53.36] /o false
[06:14:04.09] /i ::sa::_backgroundSaeShell::runScript /home/itsupport/simulation/inverter,FA_1bit_tb,config/history_1/simulation/default/HSPICE/nominal/.bg_measurement_script.tcl sa::_resultsDatabase::saeShellProcessingCompletedProc testSuiteName saeSession3 testbenchName default resultsDir /home/itsupport/simulation/inverter,FA_1bit_tb,config/history_1/simulation/default/HSPICE/nominal/results testSuiteDir /home/itsupport/simulation/inverter,FA_1bit_tb,config/history_1/simulation/default/HSPICE/nominal databaseName /home/itsupport/simulation/inverter,FA_1bit_tb,config/history_1/simulation/default/HSPICE/nominal/resultsDatabase remoteRun {} testbenchId 1 saveImages true
[06:14:04.47] /o Tracing gnd!
[06:14:04.47] /o Tracing gnd! (Found 0)
[06:14:04.47] /o Tracing collected globals
[06:14:04.59] /o saeInterBGSaeShell:  ::sa::_backgroundSaeShell::scriptFinished 0.4 {} sa::_resultsDatabase::saeShellProcessingCompletedProc testSuiteName saeSession3 testbenchName default resultsDir /home/itsupport/simulation/inverter,FA_1bit_tb,config/history_1/simulation/default/HSPICE/nominal/results testSuiteDir /home/itsupport/simulation/inverter,FA_1bit_tb,config/history_1/simulation/default/HSPICE/nominal databaseName /home/itsupport/simulation/inverter,FA_1bit_tb,config/history_1/simulation/default/HSPICE/nominal/resultsDatabase remoteRun {} testbenchId 1 saveImages true
[06:14:04.59] /o false
[06:19:05.21] /o saeInterBGSaeShell:  ::sa::_backgroundSaeShell::pingBack
[06:19:05.22] /i ::sa::_backgroundSaeShell::parentRunning
[06:19:05.22] /o 1779232745
[06:19:09.29] /m Information: Stopped sharing "Custom WaveView" license. (WAVEFORM-111)
