[17:21:06.92] /m Information: License 'SAE' checked out. (LICENSE-003)
[17:21:07.86] /o sae_shell Version Custom Compiler N-2017.12-SP1-2
              /c Build  (OPT) compiled on Wed May 16 15:20:56 2018 for RHEL64 6.6
              /c Execution time: Sat May 23 17:21:06 2026
              /c Host: localhost.localdomain
              /c 
              /c Copyright © 2004-2018 Synopsys, Inc.
              /c This software and the associated documentation are proprietary to Synopsys, Inc. This software may only be used in accordance with the terms and conditions of a written license agreement with Synopsys, Inc. All other use, reproduction, or distribution of this software is strictly prohibited.
              /c 
              /c 
[17:21:07.87] /w Warning: Preference 'leActiveLPP' is deprecated and scheduled for removal in a future release with no replacement. For migration assistance, see the Custom Compiler Tcl Reference Manual. (PREFERENCE-058)
[17:21:07.87] /o 	#######################################
[17:21:07.87] /o 	PDK Library Name	: reference90RF
[17:21:07.87] /o 	PDK Version		: 2.0
[17:21:07.87] /o 	PDK Release Date	: 25-March-2010 
[17:21:07.87] /o 	#######################################
[17:21:07.87] /o 
[17:21:07.87] /i ::sa::_backgroundSaeShell::signalProcessReady 1779531665
[17:21:07.88] /o saeInterBGSaeShell:  ::sa::_backgroundSaeShell::processReady 2
[17:21:26.93] /i ::sa::_backgroundSaeShell::runScript /home/itsupport/simulation/project_d_ff,tb_d_latch,schematic/history_1/simulation/HSPICE_tb_d_latch/HSPICE/nominal/.bg_measurement_script.tcl sa::_resultsDatabase::saeShellProcessingCompletedProc testSuiteName saeSession0 testbenchName HSPICE_tb_d_latch resultsDir /home/itsupport/simulation/project_d_ff,tb_d_latch,schematic/history_1/simulation/HSPICE_tb_d_latch/HSPICE/nominal/results testSuiteDir /home/itsupport/simulation/project_d_ff,tb_d_latch,schematic/history_1/simulation/HSPICE_tb_d_latch/HSPICE/nominal databaseName /home/itsupport/simulation/project_d_ff,tb_d_latch,schematic/history_1/simulation/HSPICE_tb_d_latch/HSPICE/nominal/resultsDatabase remoteRun {} testbenchId 1 saveImages true
[17:21:27.19] /m Information: Started sharing "Custom WaveView" license. (WAVEFORM-110)
[17:21:27.27] /o saeInterBGSaeShell:  ::sa::_backgroundSaeShell::scriptFinished 0.3 {} sa::_resultsDatabase::saeShellProcessingCompletedProc testSuiteName saeSession0 testbenchName HSPICE_tb_d_latch resultsDir /home/itsupport/simulation/project_d_ff,tb_d_latch,schematic/history_1/simulation/HSPICE_tb_d_latch/HSPICE/nominal/results testSuiteDir /home/itsupport/simulation/project_d_ff,tb_d_latch,schematic/history_1/simulation/HSPICE_tb_d_latch/HSPICE/nominal databaseName /home/itsupport/simulation/project_d_ff,tb_d_latch,schematic/history_1/simulation/HSPICE_tb_d_latch/HSPICE/nominal/resultsDatabase remoteRun {} testbenchId 1 saveImages true
[17:21:27.27] /o false
[17:23:49.63] /i ::sa::_backgroundSaeShell::runScript /home/itsupport/simulation/project_d_ff,tb_d_latch,schematic/history_1/simulation/HSPICE_tb_d_latch/HSPICE/nominal/.bg_measurement_script.tcl sa::_resultsDatabase::saeShellProcessingCompletedProc testSuiteName saeSession0 testbenchName HSPICE_tb_d_latch resultsDir /home/itsupport/simulation/project_d_ff,tb_d_latch,schematic/history_1/simulation/HSPICE_tb_d_latch/HSPICE/nominal/results testSuiteDir /home/itsupport/simulation/project_d_ff,tb_d_latch,schematic/history_1/simulation/HSPICE_tb_d_latch/HSPICE/nominal databaseName /home/itsupport/simulation/project_d_ff,tb_d_latch,schematic/history_1/simulation/HSPICE_tb_d_latch/HSPICE/nominal/resultsDatabase remoteRun {} testbenchId 1 saveImages true
[17:23:49.91] /o saeInterBGSaeShell:  ::sa::_backgroundSaeShell::scriptFinished 0.2 {} sa::_resultsDatabase::saeShellProcessingCompletedProc testSuiteName saeSession0 testbenchName HSPICE_tb_d_latch resultsDir /home/itsupport/simulation/project_d_ff,tb_d_latch,schematic/history_1/simulation/HSPICE_tb_d_latch/HSPICE/nominal/results testSuiteDir /home/itsupport/simulation/project_d_ff,tb_d_latch,schematic/history_1/simulation/HSPICE_tb_d_latch/HSPICE/nominal databaseName /home/itsupport/simulation/project_d_ff,tb_d_latch,schematic/history_1/simulation/HSPICE_tb_d_latch/HSPICE/nominal/resultsDatabase remoteRun {} testbenchId 1 saveImages true
[17:23:49.91] /o false
[17:28:50.89] /o saeInterBGSaeShell:  ::sa::_backgroundSaeShell::pingBack
[17:28:50.97] /i ::sa::_backgroundSaeShell::parentRunning
[17:28:50.97] /o 1779532130
[17:28:54.36] /m Information: Stopped sharing "Custom WaveView" license. (WAVEFORM-111)
[17:33:51.91] /o saeInterBGSaeShell:  ::sa::_backgroundSaeShell::pingBack
[17:33:51.96] /i ::sa::_backgroundSaeShell::parentRunning
[17:33:51.96] /o 1779532431
[17:38:52.92] /o saeInterBGSaeShell:  ::sa::_backgroundSaeShell::pingBack
[17:38:52.96] /i ::sa::_backgroundSaeShell::parentRunning
[17:38:52.96] /o 1779532732
[17:41:23.43] /i ::sa::_backgroundSaeShell::exit
[17:41:23.43] /o saeInterBGSaeShell:  ::sa::_backgroundSaeShell::childFormallyExiting
