[22:51:22.38] /m Information: License 'SAE' checked out. (LICENSE-003)
[22:51:23.41] /o sae_shell Version Custom Compiler N-2017.12-SP1-2
              /c Build  (OPT) compiled on Wed May 16 15:20:56 2018 for RHEL64 6.6
              /c Execution time: Sat May  2 22:51:21 2026
              /c Host: localhost.localdomain
              /c 
              /c Copyright © 2004-2018 Synopsys, Inc.
              /c This software and the associated documentation are proprietary to Synopsys, Inc. This software may only be used in accordance with the terms and conditions of a written license agreement with Synopsys, Inc. All other use, reproduction, or distribution of this software is strictly prohibited.
              /c 
              /c 
[22:51:23.42] /w Warning: Preference 'leActiveLPP' is deprecated and scheduled for removal in a future release with no replacement. For migration assistance, see the Custom Compiler Tcl Reference Manual. (PREFERENCE-058)
[22:51:23.42] /o 	#######################################
[22:51:23.42] /o 	PDK Library Name	: reference90RF
[22:51:23.42] /o 	PDK Version		: 2.0
[22:51:23.42] /o 	PDK Release Date	: 25-March-2010 
[22:51:23.42] /o 	#######################################
[22:51:23.42] /o 
[22:51:23.43] /i ::sa::_backgroundSaeShell::signalProcessReady 1777737081
[22:51:23.43] /o saeInterBGSaeShell:  ::sa::_backgroundSaeShell::processReady 2
[22:52:28.35] /i ::wf::viewerExited
[22:54:07.74] /i ::wf::viewerExited
[22:56:24.44] /o saeInterBGSaeShell:  ::sa::_backgroundSaeShell::pingBack
[22:56:24.54] /i ::sa::_backgroundSaeShell::parentRunning
[22:56:24.54] /o 1777737384
[22:57:33.14] /i ::wf::viewerExited
[22:59:37.14] /i ::wf::viewerExited
[23:00:18.95] /i ::wf::viewerExited
[23:01:25.44] /o saeInterBGSaeShell:  ::sa::_backgroundSaeShell::pingBack
[23:01:25.54] /i ::sa::_backgroundSaeShell::parentRunning
[23:01:25.54] /o 1777737685
[23:06:26.44] /o saeInterBGSaeShell:  ::sa::_backgroundSaeShell::pingBack
[23:06:26.54] /i ::sa::_backgroundSaeShell::parentRunning
[23:06:26.54] /o 1777737986
[23:11:27.45] /o saeInterBGSaeShell:  ::sa::_backgroundSaeShell::pingBack
[23:11:27.54] /i ::sa::_backgroundSaeShell::parentRunning
[23:11:27.54] /o 1777738287
[23:13:06.84] /i ::wf::viewerExited
[23:15:22.55] /i ::wf::viewerExited
[23:16:28.47] /o saeInterBGSaeShell:  ::sa::_backgroundSaeShell::pingBack
[23:16:28.55] /i ::sa::_backgroundSaeShell::parentRunning
[23:16:28.55] /o 1777738588
[23:21:29.48] /o saeInterBGSaeShell:  ::sa::_backgroundSaeShell::pingBack
[23:21:29.55] /i ::sa::_backgroundSaeShell::parentRunning
[23:21:29.55] /o 1777738889
[23:26:30.48] /o saeInterBGSaeShell:  ::sa::_backgroundSaeShell::pingBack
[23:26:30.54] /i ::sa::_backgroundSaeShell::parentRunning
[23:26:30.54] /o 1777739190
[23:29:24.14] /i ::wf::viewerExited
[23:31:31.50] /o saeInterBGSaeShell:  ::sa::_backgroundSaeShell::pingBack
[23:31:31.55] /i ::sa::_backgroundSaeShell::parentRunning
[23:31:31.55] /o 1777739491
[23:36:32.51] /o saeInterBGSaeShell:  ::sa::_backgroundSaeShell::pingBack
[23:36:32.54] /i ::sa::_backgroundSaeShell::parentRunning
[23:36:32.55] /o 1777739792
[23:38:57.64] /i ::wf::viewerExited
[23:41:33.52] /o saeInterBGSaeShell:  ::sa::_backgroundSaeShell::pingBack
[23:41:33.54] /i ::sa::_backgroundSaeShell::parentRunning
[23:41:33.54] /o 1777740093
[23:46:34.53] /o saeInterBGSaeShell:  ::sa::_backgroundSaeShell::pingBack
[23:46:34.54] /i ::sa::_backgroundSaeShell::parentRunning
[23:46:34.55] /o 1777740394
[23:51:35.56] /o saeInterBGSaeShell:  ::sa::_backgroundSaeShell::pingBack
[23:51:35.65] /i ::sa::_backgroundSaeShell::parentRunning
[23:51:35.66] /o 1777740695
[23:56:36.58] /o saeInterBGSaeShell:  ::sa::_backgroundSaeShell::pingBack
[23:56:36.66] /i ::sa::_backgroundSaeShell::parentRunning
[23:56:36.67] /o 1777740996
[00:01:37.60] /o saeInterBGSaeShell:  ::sa::_backgroundSaeShell::pingBack
[00:01:37.66] /i ::sa::_backgroundSaeShell::parentRunning
[00:01:37.67] /o 1777741297
[00:06:38.62] /o saeInterBGSaeShell:  ::sa::_backgroundSaeShell::pingBack
[00:06:38.65] /i ::sa::_backgroundSaeShell::parentRunning
[00:06:38.65] /o 1777741598
[00:11:39.63] /o saeInterBGSaeShell:  ::sa::_backgroundSaeShell::pingBack
[00:11:39.64] /i ::sa::_backgroundSaeShell::parentRunning
[00:11:39.65] /o 1777741899
[00:16:40.65] /o saeInterBGSaeShell:  ::sa::_backgroundSaeShell::pingBack
[00:16:40.75] /i ::sa::_backgroundSaeShell::parentRunning
[00:16:40.76] /o 1777742200
[00:21:41.67] /o saeInterBGSaeShell:  ::sa::_backgroundSaeShell::pingBack
[00:21:41.75] /i ::sa::_backgroundSaeShell::parentRunning
[00:21:41.75] /o 1777742501
[00:26:42.68] /o saeInterBGSaeShell:  ::sa::_backgroundSaeShell::pingBack
[00:26:42.74] /i ::sa::_backgroundSaeShell::parentRunning
[00:26:42.75] /o 1777742802
[00:31:43.70] /o saeInterBGSaeShell:  ::sa::_backgroundSaeShell::pingBack
[00:31:43.74] /i ::sa::_backgroundSaeShell::parentRunning
[00:31:43.74] /o 1777743103
[00:36:44.72] /o saeInterBGSaeShell:  ::sa::_backgroundSaeShell::pingBack
[00:36:44.74] /i ::sa::_backgroundSaeShell::parentRunning
[00:36:44.75] /o 1777743404
[00:41:45.74] /o saeInterBGSaeShell:  ::sa::_backgroundSaeShell::pingBack
[00:41:45.75] /i ::sa::_backgroundSaeShell::parentRunning
[00:41:45.75] /o 1777743705
[00:46:46.75] /o saeInterBGSaeShell:  ::sa::_backgroundSaeShell::pingBack
[00:46:46.85] /i ::sa::_backgroundSaeShell::parentRunning
[00:46:46.85] /o 1777744006
[00:51:47.77] /o saeInterBGSaeShell:  ::sa::_backgroundSaeShell::pingBack
[00:51:47.84] /i ::sa::_backgroundSaeShell::parentRunning
[00:51:47.85] /o 1777744307
[00:56:48.78] /o saeInterBGSaeShell:  ::sa::_backgroundSaeShell::pingBack
[00:56:48.85] /i ::sa::_backgroundSaeShell::parentRunning
[00:56:48.85] /o 1777744608
[14:48:11.22] /m Information: Exiting due to non-response from parent process.
[14:48:11.22] /o saeInterBGSaeShell:  ::sa::_backgroundSaeShell::childFormallyExiting
