[20:16:12.45] /m Information: License 'SAE' checked out. (LICENSE-003)
[20:16:13.65] /o sae_shell Version Custom Compiler N-2017.12-SP1-2
              /c Build  (OPT) compiled on Wed May 16 15:20:56 2018 for RHEL64 6.6
              /c Execution time: Sat May 23 20:16:11 2026
              /c Host: localhost.localdomain
              /c 
              /c Copyright © 2004-2018 Synopsys, Inc.
              /c This software and the associated documentation are proprietary to Synopsys, Inc. This software may only be used in accordance with the terms and conditions of a written license agreement with Synopsys, Inc. All other use, reproduction, or distribution of this software is strictly prohibited.
              /c 
              /c 
[20:16:13.67] /w Warning: Preference 'leActiveLPP' is deprecated and scheduled for removal in a future release with no replacement. For migration assistance, see the Custom Compiler Tcl Reference Manual. (PREFERENCE-058)
[20:16:13.67] /o 	#######################################
[20:16:13.67] /o 	PDK Library Name	: reference90RF
[20:16:13.67] /o 	PDK Version		: 2.0
[20:16:13.67] /o 	PDK Release Date	: 25-March-2010 
[20:16:13.67] /o 	#######################################
[20:16:13.67] /o 
[20:16:13.68] /i ::sa::_backgroundSaeShell::signalProcessReady 1779542171
[20:16:13.68] /o saeInterBGSaeShell:  ::sa::_backgroundSaeShell::processReady 2
[20:21:14.68] /o saeInterBGSaeShell:  ::sa::_backgroundSaeShell::pingBack
[20:21:14.71] /i ::sa::_backgroundSaeShell::parentRunning
[20:21:14.71] /o 1779542474
[20:21:41.51] /i ::wf::viewerExited
[20:21:48.25] /i ::sa::_backgroundSaeShell::exit
[20:21:48.25] /o saeInterBGSaeShell:  ::sa::_backgroundSaeShell::childFormallyExiting
