[15:46:46.70] /m Information: License 'SAE' checked out. (LICENSE-003)
[15:46:47.72] /o sae_shell Version Custom Compiler N-2017.12-SP1-2
              /c Build  (OPT) compiled on Wed May 16 15:20:56 2018 for RHEL64 6.6
              /c Execution time: Sat May 23 15:46:45 2026
              /c Host: localhost.localdomain
              /c 
              /c Copyright © 2004-2018 Synopsys, Inc.
              /c This software and the associated documentation are proprietary to Synopsys, Inc. This software may only be used in accordance with the terms and conditions of a written license agreement with Synopsys, Inc. All other use, reproduction, or distribution of this software is strictly prohibited.
              /c 
              /c 
[15:46:47.73] /w Warning: Preference 'leActiveLPP' is deprecated and scheduled for removal in a future release with no replacement. For migration assistance, see the Custom Compiler Tcl Reference Manual. (PREFERENCE-058)
[15:46:47.73] /o 	#######################################
[15:46:47.73] /o 	PDK Library Name	: reference90RF
[15:46:47.73] /o 	PDK Version		: 2.0
[15:46:47.73] /o 	PDK Release Date	: 25-March-2010 
[15:46:47.73] /o 	#######################################
[15:46:47.73] /o 
[15:46:47.73] /i ::sa::_backgroundSaeShell::signalProcessReady 1779526005
[15:46:47.73] /o saeInterBGSaeShell:  ::sa::_backgroundSaeShell::processReady 2
[15:48:12.82] /i ::sa::_backgroundSaeShell::runScript /home/itsupport/simulation/project_d_ff,CLOCK_INV_TB,config/history_1/simulation/HSPICE_default/HSPICE/nominal/.bg_measurement_script.tcl sa::_resultsDatabase::saeShellProcessingCompletedProc testSuiteName saeSession1 testbenchName HSPICE_default resultsDir /home/itsupport/simulation/project_d_ff,CLOCK_INV_TB,config/history_1/simulation/HSPICE_default/HSPICE/nominal/results testSuiteDir /home/itsupport/simulation/project_d_ff,CLOCK_INV_TB,config/history_1/simulation/HSPICE_default/HSPICE/nominal databaseName /home/itsupport/simulation/project_d_ff,CLOCK_INV_TB,config/history_1/simulation/HSPICE_default/HSPICE/nominal/resultsDatabase remoteRun {} testbenchId 1 saveImages true
[15:48:13.18] /m Information: Started sharing "Custom WaveView" license. (WAVEFORM-110)
[15:48:13.35] /o saeInterBGSaeShell:  ::sa::_backgroundSaeShell::scriptFinished 0.5 {} sa::_resultsDatabase::saeShellProcessingCompletedProc testSuiteName saeSession1 testbenchName HSPICE_default resultsDir /home/itsupport/simulation/project_d_ff,CLOCK_INV_TB,config/history_1/simulation/HSPICE_default/HSPICE/nominal/results testSuiteDir /home/itsupport/simulation/project_d_ff,CLOCK_INV_TB,config/history_1/simulation/HSPICE_default/HSPICE/nominal databaseName /home/itsupport/simulation/project_d_ff,CLOCK_INV_TB,config/history_1/simulation/HSPICE_default/HSPICE/nominal/resultsDatabase remoteRun {} testbenchId 1 saveImages true
[15:48:13.35] /o false
[15:48:37.16] /i ::sa::_backgroundSaeShell::runScript /home/itsupport/simulation/project_d_ff,CLOCK_INV_TB,config/history_1/simulation/HSPICE_default/HSPICE/nominal/.bg_measurement_script.tcl sa::_resultsDatabase::saeShellProcessingCompletedProc testSuiteName saeSession1 testbenchName HSPICE_default resultsDir /home/itsupport/simulation/project_d_ff,CLOCK_INV_TB,config/history_1/simulation/HSPICE_default/HSPICE/nominal/results testSuiteDir /home/itsupport/simulation/project_d_ff,CLOCK_INV_TB,config/history_1/simulation/HSPICE_default/HSPICE/nominal databaseName /home/itsupport/simulation/project_d_ff,CLOCK_INV_TB,config/history_1/simulation/HSPICE_default/HSPICE/nominal/resultsDatabase remoteRun {} testbenchId 1 saveImages true
[15:48:37.40] /o saeInterBGSaeShell:  ::sa::_backgroundSaeShell::scriptFinished 0.2 {} sa::_resultsDatabase::saeShellProcessingCompletedProc testSuiteName saeSession1 testbenchName HSPICE_default resultsDir /home/itsupport/simulation/project_d_ff,CLOCK_INV_TB,config/history_1/simulation/HSPICE_default/HSPICE/nominal/results testSuiteDir /home/itsupport/simulation/project_d_ff,CLOCK_INV_TB,config/history_1/simulation/HSPICE_default/HSPICE/nominal databaseName /home/itsupport/simulation/project_d_ff,CLOCK_INV_TB,config/history_1/simulation/HSPICE_default/HSPICE/nominal/resultsDatabase remoteRun {} testbenchId 1 saveImages true
[15:48:37.40] /o false
[15:49:14.17] /i ::sa::_backgroundSaeShell::runScript /home/itsupport/simulation/project_d_ff,CLOCK_INV_TB,config/history_1/simulation/HSPICE_default/HSPICE/nominal/.bg_measurement_script.tcl sa::_resultsDatabase::saeShellProcessingCompletedProc testSuiteName saeSession1 testbenchName HSPICE_default resultsDir /home/itsupport/simulation/project_d_ff,CLOCK_INV_TB,config/history_1/simulation/HSPICE_default/HSPICE/nominal/results testSuiteDir /home/itsupport/simulation/project_d_ff,CLOCK_INV_TB,config/history_1/simulation/HSPICE_default/HSPICE/nominal databaseName /home/itsupport/simulation/project_d_ff,CLOCK_INV_TB,config/history_1/simulation/HSPICE_default/HSPICE/nominal/resultsDatabase remoteRun {} testbenchId 1 saveImages true
[15:49:14.46] /o saeInterBGSaeShell:  ::sa::_backgroundSaeShell::scriptFinished 0.2 {} sa::_resultsDatabase::saeShellProcessingCompletedProc testSuiteName saeSession1 testbenchName HSPICE_default resultsDir /home/itsupport/simulation/project_d_ff,CLOCK_INV_TB,config/history_1/simulation/HSPICE_default/HSPICE/nominal/results testSuiteDir /home/itsupport/simulation/project_d_ff,CLOCK_INV_TB,config/history_1/simulation/HSPICE_default/HSPICE/nominal databaseName /home/itsupport/simulation/project_d_ff,CLOCK_INV_TB,config/history_1/simulation/HSPICE_default/HSPICE/nominal/resultsDatabase remoteRun {} testbenchId 1 saveImages true
[15:49:14.46] /o false
[15:49:28.96] /i ::sa::_backgroundSaeShell::runScript /home/itsupport/simulation/project_d_ff,CLOCK_INV_TB,config/history_1/simulation/HSPICE_default/HSPICE/nominal/.bg_measurement_script.tcl sa::_resultsDatabase::saeShellProcessingCompletedProc testSuiteName saeSession1 testbenchName HSPICE_default resultsDir /home/itsupport/simulation/project_d_ff,CLOCK_INV_TB,config/history_1/simulation/HSPICE_default/HSPICE/nominal/results testSuiteDir /home/itsupport/simulation/project_d_ff,CLOCK_INV_TB,config/history_1/simulation/HSPICE_default/HSPICE/nominal databaseName /home/itsupport/simulation/project_d_ff,CLOCK_INV_TB,config/history_1/simulation/HSPICE_default/HSPICE/nominal/resultsDatabase remoteRun {} testbenchId 1 saveImages true
[15:49:29.27] /o saeInterBGSaeShell:  ::sa::_backgroundSaeShell::scriptFinished 0.3 {} sa::_resultsDatabase::saeShellProcessingCompletedProc testSuiteName saeSession1 testbenchName HSPICE_default resultsDir /home/itsupport/simulation/project_d_ff,CLOCK_INV_TB,config/history_1/simulation/HSPICE_default/HSPICE/nominal/results testSuiteDir /home/itsupport/simulation/project_d_ff,CLOCK_INV_TB,config/history_1/simulation/HSPICE_default/HSPICE/nominal databaseName /home/itsupport/simulation/project_d_ff,CLOCK_INV_TB,config/history_1/simulation/HSPICE_default/HSPICE/nominal/resultsDatabase remoteRun {} testbenchId 1 saveImages true
[15:49:29.28] /o false
[15:49:48.36] /i ::wf::viewerExited
[15:50:00.36] /i ::sa::_backgroundSaeShell::exit
[15:50:00.36] /o saeInterBGSaeShell:  ::sa::_backgroundSaeShell::childFormallyExiting
