[21:36:47.37] /m Information: License 'SAE' checked out. (LICENSE-003)
[21:36:48.45] /o sae_shell Version Custom Compiler N-2017.12-SP1-2
              /c Build  (OPT) compiled on Wed May 16 15:20:56 2018 for RHEL64 6.6
              /c Execution time: Fri May 15 21:36:46 2026
              /c Host: localhost.localdomain
              /c 
              /c Copyright © 2004-2018 Synopsys, Inc.
              /c This software and the associated documentation are proprietary to Synopsys, Inc. This software may only be used in accordance with the terms and conditions of a written license agreement with Synopsys, Inc. All other use, reproduction, or distribution of this software is strictly prohibited.
              /c 
              /c 
[21:36:48.46] /w Warning: Preference 'leActiveLPP' is deprecated and scheduled for removal in a future release with no replacement. For migration assistance, see the Custom Compiler Tcl Reference Manual. (PREFERENCE-058)
[21:36:48.47] /o 	#######################################
[21:36:48.47] /o 	PDK Library Name	: reference90RF
[21:36:48.47] /o 	PDK Version		: 2.0
[21:36:48.47] /o 	PDK Release Date	: 25-March-2010 
[21:36:48.47] /o 	#######################################
[21:36:48.47] /o 
[21:36:48.47] /i ::sa::_backgroundSaeShell::signalProcessReady 1778855805
[21:36:48.47] /o saeInterBGSaeShell:  ::sa::_backgroundSaeShell::processReady 3
[21:40:06.29] /i ::sa::_backgroundSaeShell::runScript /home/itsupport/simulation/inverter,NAND2_tb,schematic/history_1/simulation/default/HSPICE/nominal/.bg_measurement_script.tcl sa::_resultsDatabase::saeShellProcessingCompletedProc testSuiteName saeSession9 testbenchName default resultsDir /home/itsupport/simulation/inverter,NAND2_tb,schematic/history_1/simulation/default/HSPICE/nominal/results testSuiteDir /home/itsupport/simulation/inverter,NAND2_tb,schematic/history_1/simulation/default/HSPICE/nominal databaseName /home/itsupport/simulation/inverter,NAND2_tb,schematic/history_1/simulation/default/HSPICE/nominal/resultsDatabase remoteRun {} testbenchId 1 saveImages true
[21:40:06.83] /m Information: Started sharing "Custom WaveView" license. (WAVEFORM-110)
[21:40:06.93] /o saeInterBGSaeShell:  ::sa::_backgroundSaeShell::scriptFinished 0.6 {} sa::_resultsDatabase::saeShellProcessingCompletedProc testSuiteName saeSession9 testbenchName default resultsDir /home/itsupport/simulation/inverter,NAND2_tb,schematic/history_1/simulation/default/HSPICE/nominal/results testSuiteDir /home/itsupport/simulation/inverter,NAND2_tb,schematic/history_1/simulation/default/HSPICE/nominal databaseName /home/itsupport/simulation/inverter,NAND2_tb,schematic/history_1/simulation/default/HSPICE/nominal/resultsDatabase remoteRun {} testbenchId 1 saveImages true
[21:40:06.93] /o false
[21:41:40.38] /i ::wf::viewerExited
[21:43:15.62] /i ::sa::_backgroundSaeShell::runScript /home/itsupport/simulation/inverter,NAND2_tb,schematic/history_1/simulation/default/HSPICE/nominal/.bg_measurement_script.tcl sa::_resultsDatabase::saeShellProcessingCompletedProc testSuiteName saeSession9 testbenchName default resultsDir /home/itsupport/simulation/inverter,NAND2_tb,schematic/history_1/simulation/default/HSPICE/nominal/results testSuiteDir /home/itsupport/simulation/inverter,NAND2_tb,schematic/history_1/simulation/default/HSPICE/nominal databaseName /home/itsupport/simulation/inverter,NAND2_tb,schematic/history_1/simulation/default/HSPICE/nominal/resultsDatabase remoteRun {} testbenchId 1 saveImages true
[21:43:15.86] /o saeInterBGSaeShell:  ::sa::_backgroundSaeShell::scriptFinished 0.2 {} sa::_resultsDatabase::saeShellProcessingCompletedProc testSuiteName saeSession9 testbenchName default resultsDir /home/itsupport/simulation/inverter,NAND2_tb,schematic/history_1/simulation/default/HSPICE/nominal/results testSuiteDir /home/itsupport/simulation/inverter,NAND2_tb,schematic/history_1/simulation/default/HSPICE/nominal databaseName /home/itsupport/simulation/inverter,NAND2_tb,schematic/history_1/simulation/default/HSPICE/nominal/resultsDatabase remoteRun {} testbenchId 1 saveImages true
[21:43:15.86] /o false
[21:43:25.58] /i ::wf::viewerExited
[21:43:33.18] /i ::sa::_backgroundSaeShell::runScript /home/itsupport/simulation/inverter,NAND2_tb,schematic/history_1/simulation/default/HSPICE/nominal/.bg_measurement_script.tcl sa::_resultsDatabase::saeShellProcessingCompletedProc testSuiteName saeSession9 testbenchName default resultsDir /home/itsupport/simulation/inverter,NAND2_tb,schematic/history_1/simulation/default/HSPICE/nominal/results testSuiteDir /home/itsupport/simulation/inverter,NAND2_tb,schematic/history_1/simulation/default/HSPICE/nominal databaseName /home/itsupport/simulation/inverter,NAND2_tb,schematic/history_1/simulation/default/HSPICE/nominal/resultsDatabase remoteRun {} testbenchId 1 saveImages true
[21:43:33.43] /o saeInterBGSaeShell:  ::sa::_backgroundSaeShell::scriptFinished 0.2 {} sa::_resultsDatabase::saeShellProcessingCompletedProc testSuiteName saeSession9 testbenchName default resultsDir /home/itsupport/simulation/inverter,NAND2_tb,schematic/history_1/simulation/default/HSPICE/nominal/results testSuiteDir /home/itsupport/simulation/inverter,NAND2_tb,schematic/history_1/simulation/default/HSPICE/nominal databaseName /home/itsupport/simulation/inverter,NAND2_tb,schematic/history_1/simulation/default/HSPICE/nominal/resultsDatabase remoteRun {} testbenchId 1 saveImages true
[21:43:33.43] /o false
[21:43:48.38] /i ::wf::viewerExited
[21:44:00.37] /i ::sa::_backgroundSaeShell::runScript /home/itsupport/simulation/inverter,NAND2_tb,schematic/history_1/simulation/default/HSPICE/nominal/.bg_measurement_script.tcl sa::_resultsDatabase::saeShellProcessingCompletedProc testSuiteName saeSession9 testbenchName default resultsDir /home/itsupport/simulation/inverter,NAND2_tb,schematic/history_1/simulation/default/HSPICE/nominal/results testSuiteDir /home/itsupport/simulation/inverter,NAND2_tb,schematic/history_1/simulation/default/HSPICE/nominal databaseName /home/itsupport/simulation/inverter,NAND2_tb,schematic/history_1/simulation/default/HSPICE/nominal/resultsDatabase remoteRun {} testbenchId 1 saveImages true
[21:44:00.60] /o saeInterBGSaeShell:  ::sa::_backgroundSaeShell::scriptFinished 0.2 {} sa::_resultsDatabase::saeShellProcessingCompletedProc testSuiteName saeSession9 testbenchName default resultsDir /home/itsupport/simulation/inverter,NAND2_tb,schematic/history_1/simulation/default/HSPICE/nominal/results testSuiteDir /home/itsupport/simulation/inverter,NAND2_tb,schematic/history_1/simulation/default/HSPICE/nominal databaseName /home/itsupport/simulation/inverter,NAND2_tb,schematic/history_1/simulation/default/HSPICE/nominal/resultsDatabase remoteRun {} testbenchId 1 saveImages true
[21:44:00.60] /o false
[21:45:13.63] /i ::sa::_backgroundSaeShell::runScript /home/itsupport/simulation/inverter,NAND2_tb,schematic/history_1/simulation/default/HSPICE/nominal/.bg_measurement_script.tcl sa::_resultsDatabase::saeShellProcessingCompletedProc testSuiteName saeSession9 testbenchName default resultsDir /home/itsupport/simulation/inverter,NAND2_tb,schematic/history_1/simulation/default/HSPICE/nominal/results testSuiteDir /home/itsupport/simulation/inverter,NAND2_tb,schematic/history_1/simulation/default/HSPICE/nominal databaseName /home/itsupport/simulation/inverter,NAND2_tb,schematic/history_1/simulation/default/HSPICE/nominal/resultsDatabase remoteRun {} testbenchId 1 saveImages true
[21:45:13.90] /o saeInterBGSaeShell:  ::sa::_backgroundSaeShell::scriptFinished 0.2 {} sa::_resultsDatabase::saeShellProcessingCompletedProc testSuiteName saeSession9 testbenchName default resultsDir /home/itsupport/simulation/inverter,NAND2_tb,schematic/history_1/simulation/default/HSPICE/nominal/results testSuiteDir /home/itsupport/simulation/inverter,NAND2_tb,schematic/history_1/simulation/default/HSPICE/nominal databaseName /home/itsupport/simulation/inverter,NAND2_tb,schematic/history_1/simulation/default/HSPICE/nominal/resultsDatabase remoteRun {} testbenchId 1 saveImages true
[21:45:13.90] /o false
[21:45:34.44] /i ::sa::_backgroundSaeShell::runScript /home/itsupport/simulation/inverter,NAND2_tb,schematic/history_1/simulation/default/HSPICE/nominal/.bg_measurement_script.tcl sa::_resultsDatabase::saeShellProcessingCompletedProc testSuiteName saeSession9 testbenchName default resultsDir /home/itsupport/simulation/inverter,NAND2_tb,schematic/history_1/simulation/default/HSPICE/nominal/results testSuiteDir /home/itsupport/simulation/inverter,NAND2_tb,schematic/history_1/simulation/default/HSPICE/nominal databaseName /home/itsupport/simulation/inverter,NAND2_tb,schematic/history_1/simulation/default/HSPICE/nominal/resultsDatabase remoteRun {} testbenchId 1 saveImages true
[21:45:34.71] /o saeInterBGSaeShell:  ::sa::_backgroundSaeShell::scriptFinished 0.2 {} sa::_resultsDatabase::saeShellProcessingCompletedProc testSuiteName saeSession9 testbenchName default resultsDir /home/itsupport/simulation/inverter,NAND2_tb,schematic/history_1/simulation/default/HSPICE/nominal/results testSuiteDir /home/itsupport/simulation/inverter,NAND2_tb,schematic/history_1/simulation/default/HSPICE/nominal databaseName /home/itsupport/simulation/inverter,NAND2_tb,schematic/history_1/simulation/default/HSPICE/nominal/resultsDatabase remoteRun {} testbenchId 1 saveImages true
[21:45:34.71] /o false
[21:46:16.63] /i ::sa::_backgroundSaeShell::runScript /home/itsupport/simulation/inverter,NAND2_tb,schematic/history_1/simulation/default/HSPICE/nominal/.bg_measurement_script.tcl sa::_resultsDatabase::saeShellProcessingCompletedProc testSuiteName saeSession9 testbenchName default resultsDir /home/itsupport/simulation/inverter,NAND2_tb,schematic/history_1/simulation/default/HSPICE/nominal/results testSuiteDir /home/itsupport/simulation/inverter,NAND2_tb,schematic/history_1/simulation/default/HSPICE/nominal databaseName /home/itsupport/simulation/inverter,NAND2_tb,schematic/history_1/simulation/default/HSPICE/nominal/resultsDatabase remoteRun {} testbenchId 1 saveImages true
[21:46:16.94] /o saeInterBGSaeShell:  ::sa::_backgroundSaeShell::scriptFinished 0.3 {} sa::_resultsDatabase::saeShellProcessingCompletedProc testSuiteName saeSession9 testbenchName default resultsDir /home/itsupport/simulation/inverter,NAND2_tb,schematic/history_1/simulation/default/HSPICE/nominal/results testSuiteDir /home/itsupport/simulation/inverter,NAND2_tb,schematic/history_1/simulation/default/HSPICE/nominal databaseName /home/itsupport/simulation/inverter,NAND2_tb,schematic/history_1/simulation/default/HSPICE/nominal/resultsDatabase remoteRun {} testbenchId 1 saveImages true
[21:46:16.94] /o false
[21:46:41.57] /i ::sa::_backgroundSaeShell::runScript /home/itsupport/simulation/inverter,NAND2_tb,schematic/history_1/simulation/default/HSPICE/nominal/.bg_measurement_script.tcl sa::_resultsDatabase::saeShellProcessingCompletedProc testSuiteName saeSession9 testbenchName default resultsDir /home/itsupport/simulation/inverter,NAND2_tb,schematic/history_1/simulation/default/HSPICE/nominal/results testSuiteDir /home/itsupport/simulation/inverter,NAND2_tb,schematic/history_1/simulation/default/HSPICE/nominal databaseName /home/itsupport/simulation/inverter,NAND2_tb,schematic/history_1/simulation/default/HSPICE/nominal/resultsDatabase remoteRun {} testbenchId 1 saveImages true
[21:46:41.82] /o saeInterBGSaeShell:  ::sa::_backgroundSaeShell::scriptFinished 0.2 {} sa::_resultsDatabase::saeShellProcessingCompletedProc testSuiteName saeSession9 testbenchName default resultsDir /home/itsupport/simulation/inverter,NAND2_tb,schematic/history_1/simulation/default/HSPICE/nominal/results testSuiteDir /home/itsupport/simulation/inverter,NAND2_tb,schematic/history_1/simulation/default/HSPICE/nominal databaseName /home/itsupport/simulation/inverter,NAND2_tb,schematic/history_1/simulation/default/HSPICE/nominal/resultsDatabase remoteRun {} testbenchId 1 saveImages true
[21:46:41.82] /o false
[21:47:16.65] /i ::sa::_backgroundSaeShell::runScript /home/itsupport/simulation/inverter,NAND2_tb,schematic/history_1/simulation/default/HSPICE/nominal/.bg_measurement_script.tcl sa::_resultsDatabase::saeShellProcessingCompletedProc testSuiteName saeSession9 testbenchName default resultsDir /home/itsupport/simulation/inverter,NAND2_tb,schematic/history_1/simulation/default/HSPICE/nominal/results testSuiteDir /home/itsupport/simulation/inverter,NAND2_tb,schematic/history_1/simulation/default/HSPICE/nominal databaseName /home/itsupport/simulation/inverter,NAND2_tb,schematic/history_1/simulation/default/HSPICE/nominal/resultsDatabase remoteRun {} testbenchId 1 saveImages true
[21:47:16.91] /o saeInterBGSaeShell:  ::sa::_backgroundSaeShell::scriptFinished 0.2 {} sa::_resultsDatabase::saeShellProcessingCompletedProc testSuiteName saeSession9 testbenchName default resultsDir /home/itsupport/simulation/inverter,NAND2_tb,schematic/history_1/simulation/default/HSPICE/nominal/results testSuiteDir /home/itsupport/simulation/inverter,NAND2_tb,schematic/history_1/simulation/default/HSPICE/nominal databaseName /home/itsupport/simulation/inverter,NAND2_tb,schematic/history_1/simulation/default/HSPICE/nominal/resultsDatabase remoteRun {} testbenchId 1 saveImages true
[21:47:16.91] /o false
[21:48:03.67] /i ::sa::_backgroundSaeShell::runScript /home/itsupport/simulation/inverter,NAND2_tb,schematic/history_1/simulation/default/HSPICE/nominal/.bg_measurement_script.tcl sa::_resultsDatabase::saeShellProcessingCompletedProc testSuiteName saeSession9 testbenchName default resultsDir /home/itsupport/simulation/inverter,NAND2_tb,schematic/history_1/simulation/default/HSPICE/nominal/results testSuiteDir /home/itsupport/simulation/inverter,NAND2_tb,schematic/history_1/simulation/default/HSPICE/nominal databaseName /home/itsupport/simulation/inverter,NAND2_tb,schematic/history_1/simulation/default/HSPICE/nominal/resultsDatabase remoteRun {} testbenchId 1 saveImages true
[21:48:03.95] /o saeInterBGSaeShell:  ::sa::_backgroundSaeShell::scriptFinished 0.2 {} sa::_resultsDatabase::saeShellProcessingCompletedProc testSuiteName saeSession9 testbenchName default resultsDir /home/itsupport/simulation/inverter,NAND2_tb,schematic/history_1/simulation/default/HSPICE/nominal/results testSuiteDir /home/itsupport/simulation/inverter,NAND2_tb,schematic/history_1/simulation/default/HSPICE/nominal databaseName /home/itsupport/simulation/inverter,NAND2_tb,schematic/history_1/simulation/default/HSPICE/nominal/resultsDatabase remoteRun {} testbenchId 1 saveImages true
[21:48:03.95] /o false
[21:48:07.26] /i ::sa::_backgroundSaeShell::runScript /home/itsupport/simulation/inverter,NAND2_tb,schematic/history_1/simulation/default/HSPICE/nominal/.bg_measurement_script.tcl sa::_resultsDatabase::saeShellProcessingCompletedProc testSuiteName saeSession9 testbenchName default resultsDir /home/itsupport/simulation/inverter,NAND2_tb,schematic/history_1/simulation/default/HSPICE/nominal/results testSuiteDir /home/itsupport/simulation/inverter,NAND2_tb,schematic/history_1/simulation/default/HSPICE/nominal databaseName /home/itsupport/simulation/inverter,NAND2_tb,schematic/history_1/simulation/default/HSPICE/nominal/resultsDatabase remoteRun {} testbenchId 1 saveImages true
[21:48:07.51] /o saeInterBGSaeShell:  ::sa::_backgroundSaeShell::scriptFinished 0.2 {} sa::_resultsDatabase::saeShellProcessingCompletedProc testSuiteName saeSession9 testbenchName default resultsDir /home/itsupport/simulation/inverter,NAND2_tb,schematic/history_1/simulation/default/HSPICE/nominal/results testSuiteDir /home/itsupport/simulation/inverter,NAND2_tb,schematic/history_1/simulation/default/HSPICE/nominal databaseName /home/itsupport/simulation/inverter,NAND2_tb,schematic/history_1/simulation/default/HSPICE/nominal/resultsDatabase remoteRun {} testbenchId 1 saveImages true
[21:48:07.51] /o false
[21:48:34.54] /i ::sa::_backgroundSaeShell::runScript /home/itsupport/simulation/inverter,NAND2_tb,schematic/history_1/simulation/default/HSPICE/nominal/.bg_measurement_script.tcl sa::_resultsDatabase::saeShellProcessingCompletedProc testSuiteName saeSession9 testbenchName default resultsDir /home/itsupport/simulation/inverter,NAND2_tb,schematic/history_1/simulation/default/HSPICE/nominal/results testSuiteDir /home/itsupport/simulation/inverter,NAND2_tb,schematic/history_1/simulation/default/HSPICE/nominal databaseName /home/itsupport/simulation/inverter,NAND2_tb,schematic/history_1/simulation/default/HSPICE/nominal/resultsDatabase remoteRun {} testbenchId 1 saveImages true
[21:48:34.80] /o saeInterBGSaeShell:  ::sa::_backgroundSaeShell::scriptFinished 0.2 {} sa::_resultsDatabase::saeShellProcessingCompletedProc testSuiteName saeSession9 testbenchName default resultsDir /home/itsupport/simulation/inverter,NAND2_tb,schematic/history_1/simulation/default/HSPICE/nominal/results testSuiteDir /home/itsupport/simulation/inverter,NAND2_tb,schematic/history_1/simulation/default/HSPICE/nominal databaseName /home/itsupport/simulation/inverter,NAND2_tb,schematic/history_1/simulation/default/HSPICE/nominal/resultsDatabase remoteRun {} testbenchId 1 saveImages true
[21:48:34.80] /o false
[21:49:22.66] /i ::sa::_backgroundSaeShell::runScript /home/itsupport/simulation/inverter,NAND2_tb,schematic/history_1/simulation/default/HSPICE/nominal/.bg_measurement_script.tcl sa::_resultsDatabase::saeShellProcessingCompletedProc testSuiteName saeSession9 testbenchName default resultsDir /home/itsupport/simulation/inverter,NAND2_tb,schematic/history_1/simulation/default/HSPICE/nominal/results testSuiteDir /home/itsupport/simulation/inverter,NAND2_tb,schematic/history_1/simulation/default/HSPICE/nominal databaseName /home/itsupport/simulation/inverter,NAND2_tb,schematic/history_1/simulation/default/HSPICE/nominal/resultsDatabase remoteRun {} testbenchId 1 saveImages true
[21:49:22.95] /o saeInterBGSaeShell:  ::sa::_backgroundSaeShell::scriptFinished 0.2 {} sa::_resultsDatabase::saeShellProcessingCompletedProc testSuiteName saeSession9 testbenchName default resultsDir /home/itsupport/simulation/inverter,NAND2_tb,schematic/history_1/simulation/default/HSPICE/nominal/results testSuiteDir /home/itsupport/simulation/inverter,NAND2_tb,schematic/history_1/simulation/default/HSPICE/nominal databaseName /home/itsupport/simulation/inverter,NAND2_tb,schematic/history_1/simulation/default/HSPICE/nominal/resultsDatabase remoteRun {} testbenchId 1 saveImages true
[21:49:22.95] /o false
[21:49:28.29] /i ::wf::viewerExited
[21:49:32.12] /i ::sa::_backgroundSaeShell::runScript /home/itsupport/simulation/inverter,NAND2_tb,schematic/history_1/simulation/default/HSPICE/nominal/.bg_measurement_script.tcl sa::_resultsDatabase::saeShellProcessingCompletedProc testSuiteName saeSession9 testbenchName default resultsDir /home/itsupport/simulation/inverter,NAND2_tb,schematic/history_1/simulation/default/HSPICE/nominal/results testSuiteDir /home/itsupport/simulation/inverter,NAND2_tb,schematic/history_1/simulation/default/HSPICE/nominal databaseName /home/itsupport/simulation/inverter,NAND2_tb,schematic/history_1/simulation/default/HSPICE/nominal/resultsDatabase remoteRun {} testbenchId 1 saveImages true
[21:49:32.37] /o saeInterBGSaeShell:  ::sa::_backgroundSaeShell::scriptFinished 0.2 {} sa::_resultsDatabase::saeShellProcessingCompletedProc testSuiteName saeSession9 testbenchName default resultsDir /home/itsupport/simulation/inverter,NAND2_tb,schematic/history_1/simulation/default/HSPICE/nominal/results testSuiteDir /home/itsupport/simulation/inverter,NAND2_tb,schematic/history_1/simulation/default/HSPICE/nominal databaseName /home/itsupport/simulation/inverter,NAND2_tb,schematic/history_1/simulation/default/HSPICE/nominal/resultsDatabase remoteRun {} testbenchId 1 saveImages true
[21:49:32.37] /o false
[21:49:36.18] /i ::wf::viewerExited
[21:49:47.34] /i ::sa::_backgroundSaeShell::runScript /home/itsupport/simulation/inverter,NAND2_tb,schematic/history_1/simulation/default/HSPICE/nominal/.bg_measurement_script.tcl sa::_resultsDatabase::saeShellProcessingCompletedProc testSuiteName saeSession9 testbenchName default resultsDir /home/itsupport/simulation/inverter,NAND2_tb,schematic/history_1/simulation/default/HSPICE/nominal/results testSuiteDir /home/itsupport/simulation/inverter,NAND2_tb,schematic/history_1/simulation/default/HSPICE/nominal databaseName /home/itsupport/simulation/inverter,NAND2_tb,schematic/history_1/simulation/default/HSPICE/nominal/resultsDatabase remoteRun {} testbenchId 1 saveImages true
[21:49:47.58] /o saeInterBGSaeShell:  ::sa::_backgroundSaeShell::scriptFinished 0.2 {} sa::_resultsDatabase::saeShellProcessingCompletedProc testSuiteName saeSession9 testbenchName default resultsDir /home/itsupport/simulation/inverter,NAND2_tb,schematic/history_1/simulation/default/HSPICE/nominal/results testSuiteDir /home/itsupport/simulation/inverter,NAND2_tb,schematic/history_1/simulation/default/HSPICE/nominal databaseName /home/itsupport/simulation/inverter,NAND2_tb,schematic/history_1/simulation/default/HSPICE/nominal/resultsDatabase remoteRun {} testbenchId 1 saveImages true
[21:49:47.58] /o false
[21:50:41.03] /i ::sa::_backgroundSaeShell::runScript /home/itsupport/simulation/inverter,NAND2_tb,schematic/history_1/simulation/default/HSPICE/nominal/.bg_measurement_script.tcl sa::_resultsDatabase::saeShellProcessingCompletedProc testSuiteName saeSession9 testbenchName default resultsDir /home/itsupport/simulation/inverter,NAND2_tb,schematic/history_1/simulation/default/HSPICE/nominal/results testSuiteDir /home/itsupport/simulation/inverter,NAND2_tb,schematic/history_1/simulation/default/HSPICE/nominal databaseName /home/itsupport/simulation/inverter,NAND2_tb,schematic/history_1/simulation/default/HSPICE/nominal/resultsDatabase remoteRun {} testbenchId 1 saveImages true
[21:50:41.30] /o saeInterBGSaeShell:  ::sa::_backgroundSaeShell::scriptFinished 0.2 {} sa::_resultsDatabase::saeShellProcessingCompletedProc testSuiteName saeSession9 testbenchName default resultsDir /home/itsupport/simulation/inverter,NAND2_tb,schematic/history_1/simulation/default/HSPICE/nominal/results testSuiteDir /home/itsupport/simulation/inverter,NAND2_tb,schematic/history_1/simulation/default/HSPICE/nominal databaseName /home/itsupport/simulation/inverter,NAND2_tb,schematic/history_1/simulation/default/HSPICE/nominal/resultsDatabase remoteRun {} testbenchId 1 saveImages true
[21:50:41.30] /o false
[21:51:08.74] /i ::sa::_backgroundSaeShell::runScript /home/itsupport/simulation/inverter,NAND2_tb,schematic/history_1/simulation/default/HSPICE/nominal/.bg_measurement_script.tcl sa::_resultsDatabase::saeShellProcessingCompletedProc testSuiteName saeSession9 testbenchName default resultsDir /home/itsupport/simulation/inverter,NAND2_tb,schematic/history_1/simulation/default/HSPICE/nominal/results testSuiteDir /home/itsupport/simulation/inverter,NAND2_tb,schematic/history_1/simulation/default/HSPICE/nominal databaseName /home/itsupport/simulation/inverter,NAND2_tb,schematic/history_1/simulation/default/HSPICE/nominal/resultsDatabase remoteRun {} testbenchId 1 saveImages true
[21:51:09.01] /o saeInterBGSaeShell:  ::sa::_backgroundSaeShell::scriptFinished 0.2 {} sa::_resultsDatabase::saeShellProcessingCompletedProc testSuiteName saeSession9 testbenchName default resultsDir /home/itsupport/simulation/inverter,NAND2_tb,schematic/history_1/simulation/default/HSPICE/nominal/results testSuiteDir /home/itsupport/simulation/inverter,NAND2_tb,schematic/history_1/simulation/default/HSPICE/nominal databaseName /home/itsupport/simulation/inverter,NAND2_tb,schematic/history_1/simulation/default/HSPICE/nominal/resultsDatabase remoteRun {} testbenchId 1 saveImages true
[21:51:09.01] /o false
[21:51:38.05] /i ::sa::_backgroundSaeShell::runScript /home/itsupport/simulation/inverter,NAND2_tb,schematic/history_1/simulation/default/HSPICE/nominal/.bg_measurement_script.tcl sa::_resultsDatabase::saeShellProcessingCompletedProc testSuiteName saeSession9 testbenchName default resultsDir /home/itsupport/simulation/inverter,NAND2_tb,schematic/history_1/simulation/default/HSPICE/nominal/results testSuiteDir /home/itsupport/simulation/inverter,NAND2_tb,schematic/history_1/simulation/default/HSPICE/nominal databaseName /home/itsupport/simulation/inverter,NAND2_tb,schematic/history_1/simulation/default/HSPICE/nominal/resultsDatabase remoteRun {} testbenchId 1 saveImages true
[21:51:38.40] /o saeInterBGSaeShell:  ::sa::_backgroundSaeShell::scriptFinished 0.3 {} sa::_resultsDatabase::saeShellProcessingCompletedProc testSuiteName saeSession9 testbenchName default resultsDir /home/itsupport/simulation/inverter,NAND2_tb,schematic/history_1/simulation/default/HSPICE/nominal/results testSuiteDir /home/itsupport/simulation/inverter,NAND2_tb,schematic/history_1/simulation/default/HSPICE/nominal databaseName /home/itsupport/simulation/inverter,NAND2_tb,schematic/history_1/simulation/default/HSPICE/nominal/resultsDatabase remoteRun {} testbenchId 1 saveImages true
[21:51:38.40] /o false
[21:56:39.50] /o saeInterBGSaeShell:  ::sa::_backgroundSaeShell::pingBack
[21:56:39.58] /i ::sa::_backgroundSaeShell::parentRunning
[21:56:39.58] /o 1778856999
[21:56:43.28] /m Information: Stopped sharing "Custom WaveView" license. (WAVEFORM-111)
[22:01:40.52] /o saeInterBGSaeShell:  ::sa::_backgroundSaeShell::pingBack
[22:01:40.59] /i ::sa::_backgroundSaeShell::parentRunning
[22:01:40.59] /o 1778857300
[22:06:41.53] /o saeInterBGSaeShell:  ::sa::_backgroundSaeShell::pingBack
[22:06:41.58] /i ::sa::_backgroundSaeShell::parentRunning
[22:06:41.58] /o 1778857601
[22:11:42.54] /o saeInterBGSaeShell:  ::sa::_backgroundSaeShell::pingBack
[22:11:42.58] /i ::sa::_backgroundSaeShell::parentRunning
[22:11:42.58] /o 1778857902
[22:16:43.54] /o saeInterBGSaeShell:  ::sa::_backgroundSaeShell::pingBack
[22:16:43.59] /i ::sa::_backgroundSaeShell::parentRunning
[22:16:43.59] /o 1778858203
[22:21:44.56] /o saeInterBGSaeShell:  ::sa::_backgroundSaeShell::pingBack
[22:21:44.58] /i ::sa::_backgroundSaeShell::parentRunning
[22:21:44.58] /o 1778858504
[22:26:45.58] /o saeInterBGSaeShell:  ::sa::_backgroundSaeShell::pingBack
[22:26:45.59] /i ::sa::_backgroundSaeShell::parentRunning
[22:26:45.59] /o 1778858805
[22:31:46.61] /o saeInterBGSaeShell:  ::sa::_backgroundSaeShell::pingBack
[22:31:46.68] /i ::sa::_backgroundSaeShell::parentRunning
[22:31:46.69] /o 1778859106
[22:32:18.48] /i ::sa::_backgroundSaeShell::runScript /home/itsupport/simulation/inverter,NAND2_tb,schematic/history_1/simulation/default/HSPICE/nominal/.bg_measurement_script.tcl sa::_resultsDatabase::saeShellProcessingCompletedProc testSuiteName saeSession9 testbenchName default resultsDir /home/itsupport/simulation/inverter,NAND2_tb,schematic/history_1/simulation/default/HSPICE/nominal/results testSuiteDir /home/itsupport/simulation/inverter,NAND2_tb,schematic/history_1/simulation/default/HSPICE/nominal databaseName /home/itsupport/simulation/inverter,NAND2_tb,schematic/history_1/simulation/default/HSPICE/nominal/resultsDatabase remoteRun {} testbenchId 1 saveImages true
[22:32:18.87] /m Information: Started sharing "Custom WaveView" license. (WAVEFORM-110)
[22:32:18.95] /o saeInterBGSaeShell:  ::sa::_backgroundSaeShell::scriptFinished 0.4 {} sa::_resultsDatabase::saeShellProcessingCompletedProc testSuiteName saeSession9 testbenchName default resultsDir /home/itsupport/simulation/inverter,NAND2_tb,schematic/history_1/simulation/default/HSPICE/nominal/results testSuiteDir /home/itsupport/simulation/inverter,NAND2_tb,schematic/history_1/simulation/default/HSPICE/nominal databaseName /home/itsupport/simulation/inverter,NAND2_tb,schematic/history_1/simulation/default/HSPICE/nominal/resultsDatabase remoteRun {} testbenchId 1 saveImages true
[22:32:18.95] /o false
[22:32:33.36] /i ::sa::_backgroundSaeShell::runScript /home/itsupport/simulation/inverter,NAND2_tb,schematic/history_1/simulation/default/HSPICE/nominal/.bg_measurement_script.tcl sa::_resultsDatabase::saeShellProcessingCompletedProc testSuiteName saeSession9 testbenchName default resultsDir /home/itsupport/simulation/inverter,NAND2_tb,schematic/history_1/simulation/default/HSPICE/nominal/results testSuiteDir /home/itsupport/simulation/inverter,NAND2_tb,schematic/history_1/simulation/default/HSPICE/nominal databaseName /home/itsupport/simulation/inverter,NAND2_tb,schematic/history_1/simulation/default/HSPICE/nominal/resultsDatabase remoteRun {} testbenchId 1 saveImages true
[22:32:33.65] /o saeInterBGSaeShell:  ::sa::_backgroundSaeShell::scriptFinished 0.2 {} sa::_resultsDatabase::saeShellProcessingCompletedProc testSuiteName saeSession9 testbenchName default resultsDir /home/itsupport/simulation/inverter,NAND2_tb,schematic/history_1/simulation/default/HSPICE/nominal/results testSuiteDir /home/itsupport/simulation/inverter,NAND2_tb,schematic/history_1/simulation/default/HSPICE/nominal databaseName /home/itsupport/simulation/inverter,NAND2_tb,schematic/history_1/simulation/default/HSPICE/nominal/resultsDatabase remoteRun {} testbenchId 1 saveImages true
[22:32:33.65] /o false
[22:33:06.97] /i ::sa::_backgroundSaeShell::runScript /home/itsupport/simulation/inverter,NAND2_tb,schematic/history_1/simulation/default/HSPICE/nominal/.bg_measurement_script.tcl sa::_resultsDatabase::saeShellProcessingCompletedProc testSuiteName saeSession9 testbenchName default resultsDir /home/itsupport/simulation/inverter,NAND2_tb,schematic/history_1/simulation/default/HSPICE/nominal/results testSuiteDir /home/itsupport/simulation/inverter,NAND2_tb,schematic/history_1/simulation/default/HSPICE/nominal databaseName /home/itsupport/simulation/inverter,NAND2_tb,schematic/history_1/simulation/default/HSPICE/nominal/resultsDatabase remoteRun {} testbenchId 1 saveImages true
[22:33:07.30] /o saeInterBGSaeShell:  ::sa::_backgroundSaeShell::scriptFinished 0.3 {} sa::_resultsDatabase::saeShellProcessingCompletedProc testSuiteName saeSession9 testbenchName default resultsDir /home/itsupport/simulation/inverter,NAND2_tb,schematic/history_1/simulation/default/HSPICE/nominal/results testSuiteDir /home/itsupport/simulation/inverter,NAND2_tb,schematic/history_1/simulation/default/HSPICE/nominal databaseName /home/itsupport/simulation/inverter,NAND2_tb,schematic/history_1/simulation/default/HSPICE/nominal/resultsDatabase remoteRun {} testbenchId 1 saveImages true
[22:33:07.30] /o false
[22:33:55.63] /i ::sa::_backgroundSaeShell::runScript /home/itsupport/simulation/inverter,NAND2_tb,schematic/history_1/simulation/default/HSPICE/nominal/.bg_measurement_script.tcl sa::_resultsDatabase::saeShellProcessingCompletedProc testSuiteName saeSession9 testbenchName default resultsDir /home/itsupport/simulation/inverter,NAND2_tb,schematic/history_1/simulation/default/HSPICE/nominal/results testSuiteDir /home/itsupport/simulation/inverter,NAND2_tb,schematic/history_1/simulation/default/HSPICE/nominal databaseName /home/itsupport/simulation/inverter,NAND2_tb,schematic/history_1/simulation/default/HSPICE/nominal/resultsDatabase remoteRun {} testbenchId 1 saveImages true
[22:33:55.95] /o saeInterBGSaeShell:  ::sa::_backgroundSaeShell::scriptFinished 0.3 {} sa::_resultsDatabase::saeShellProcessingCompletedProc testSuiteName saeSession9 testbenchName default resultsDir /home/itsupport/simulation/inverter,NAND2_tb,schematic/history_1/simulation/default/HSPICE/nominal/results testSuiteDir /home/itsupport/simulation/inverter,NAND2_tb,schematic/history_1/simulation/default/HSPICE/nominal databaseName /home/itsupport/simulation/inverter,NAND2_tb,schematic/history_1/simulation/default/HSPICE/nominal/resultsDatabase remoteRun {} testbenchId 1 saveImages true
[22:33:55.95] /o false
[22:34:32.16] /i ::sa::_backgroundSaeShell::runScript /home/itsupport/simulation/inverter,NAND2_tb,schematic/history_1/simulation/default/HSPICE/nominal/.bg_measurement_script.tcl sa::_resultsDatabase::saeShellProcessingCompletedProc testSuiteName saeSession9 testbenchName default resultsDir /home/itsupport/simulation/inverter,NAND2_tb,schematic/history_1/simulation/default/HSPICE/nominal/results testSuiteDir /home/itsupport/simulation/inverter,NAND2_tb,schematic/history_1/simulation/default/HSPICE/nominal databaseName /home/itsupport/simulation/inverter,NAND2_tb,schematic/history_1/simulation/default/HSPICE/nominal/resultsDatabase remoteRun {} testbenchId 1 saveImages true
[22:34:32.53] /o saeInterBGSaeShell:  ::sa::_backgroundSaeShell::scriptFinished 0.3 {} sa::_resultsDatabase::saeShellProcessingCompletedProc testSuiteName saeSession9 testbenchName default resultsDir /home/itsupport/simulation/inverter,NAND2_tb,schematic/history_1/simulation/default/HSPICE/nominal/results testSuiteDir /home/itsupport/simulation/inverter,NAND2_tb,schematic/history_1/simulation/default/HSPICE/nominal databaseName /home/itsupport/simulation/inverter,NAND2_tb,schematic/history_1/simulation/default/HSPICE/nominal/resultsDatabase remoteRun {} testbenchId 1 saveImages true
[22:34:32.53] /o false
[22:36:05.47] /i ::sa::_backgroundSaeShell::runScript /home/itsupport/simulation/inverter,NAND2_tb,schematic/history_1/simulation/default/HSPICE/nominal/.bg_measurement_script.tcl sa::_resultsDatabase::saeShellProcessingCompletedProc testSuiteName saeSession9 testbenchName default resultsDir /home/itsupport/simulation/inverter,NAND2_tb,schematic/history_1/simulation/default/HSPICE/nominal/results testSuiteDir /home/itsupport/simulation/inverter,NAND2_tb,schematic/history_1/simulation/default/HSPICE/nominal databaseName /home/itsupport/simulation/inverter,NAND2_tb,schematic/history_1/simulation/default/HSPICE/nominal/resultsDatabase remoteRun {} testbenchId 1 saveImages true
[22:36:05.84] /o saeInterBGSaeShell:  ::sa::_backgroundSaeShell::scriptFinished 0.3 {} sa::_resultsDatabase::saeShellProcessingCompletedProc testSuiteName saeSession9 testbenchName default resultsDir /home/itsupport/simulation/inverter,NAND2_tb,schematic/history_1/simulation/default/HSPICE/nominal/results testSuiteDir /home/itsupport/simulation/inverter,NAND2_tb,schematic/history_1/simulation/default/HSPICE/nominal databaseName /home/itsupport/simulation/inverter,NAND2_tb,schematic/history_1/simulation/default/HSPICE/nominal/resultsDatabase remoteRun {} testbenchId 1 saveImages true
[22:36:05.84] /o false
[22:37:14.71] /i ::wf::viewerExited
