[00:06:17.77] /m Information: License 'SAE' checked out. (LICENSE-003)
[00:06:18.90] /o sae_shell Version Custom Compiler N-2017.12-SP1-2
              /c Build  (OPT) compiled on Wed May 16 15:20:56 2018 for RHEL64 6.6
              /c Execution time: Tue May 19 00:06:16 2026
              /c Host: localhost.localdomain
              /c 
              /c Copyright © 2004-2018 Synopsys, Inc.
              /c This software and the associated documentation are proprietary to Synopsys, Inc. This software may only be used in accordance with the terms and conditions of a written license agreement with Synopsys, Inc. All other use, reproduction, or distribution of this software is strictly prohibited.
              /c 
              /c 
[00:06:18.91] /w Warning: Preference 'leActiveLPP' is deprecated and scheduled for removal in a future release with no replacement. For migration assistance, see the Custom Compiler Tcl Reference Manual. (PREFERENCE-058)
[00:06:18.91] /o 	#######################################
[00:06:18.91] /o 	PDK Library Name	: reference90RF
[00:06:18.91] /o 	PDK Version		: 2.0
[00:06:18.91] /o 	PDK Release Date	: 25-March-2010 
[00:06:18.91] /o 	#######################################
[00:06:18.91] /o 
[00:06:18.91] /i ::sa::_backgroundSaeShell::signalProcessReady 1779123976
[00:06:18.92] /o saeInterBGSaeShell:  ::sa::_backgroundSaeShell::processReady 2
[00:07:16.57] /i ::sa::_backgroundSaeShell::runScript /home/itsupport/simulation/inverter,tb_full_adder_2bit,schematic/history_1/simulation/default/HSPICE/nominal/.bg_measurement_script.tcl sa::_resultsDatabase::saeShellProcessingCompletedProc testSuiteName saeSession4 testbenchName default resultsDir /home/itsupport/simulation/inverter,tb_full_adder_2bit,schematic/history_1/simulation/default/HSPICE/nominal/results testSuiteDir /home/itsupport/simulation/inverter,tb_full_adder_2bit,schematic/history_1/simulation/default/HSPICE/nominal databaseName /home/itsupport/simulation/inverter,tb_full_adder_2bit,schematic/history_1/simulation/default/HSPICE/nominal/resultsDatabase remoteRun {} testbenchId 1 saveImages true
[00:07:16.82] /o saeInterBGSaeShell:  ::sa::_backgroundSaeShell::scriptFinished 0.2 {} sa::_resultsDatabase::saeShellProcessingCompletedProc testSuiteName saeSession4 testbenchName default resultsDir /home/itsupport/simulation/inverter,tb_full_adder_2bit,schematic/history_1/simulation/default/HSPICE/nominal/results testSuiteDir /home/itsupport/simulation/inverter,tb_full_adder_2bit,schematic/history_1/simulation/default/HSPICE/nominal databaseName /home/itsupport/simulation/inverter,tb_full_adder_2bit,schematic/history_1/simulation/default/HSPICE/nominal/resultsDatabase remoteRun {} testbenchId 1 saveImages true
[00:07:16.82] /o false
[00:08:18.99] /i ::sa::_backgroundSaeShell::runScript /home/itsupport/simulation/inverter,tb_full_adder_2bit,schematic/history_1/simulation/default/HSPICE/nominal/.bg_measurement_script.tcl sa::_resultsDatabase::saeShellProcessingCompletedProc testSuiteName saeSession4 testbenchName default resultsDir /home/itsupport/simulation/inverter,tb_full_adder_2bit,schematic/history_1/simulation/default/HSPICE/nominal/results testSuiteDir /home/itsupport/simulation/inverter,tb_full_adder_2bit,schematic/history_1/simulation/default/HSPICE/nominal databaseName /home/itsupport/simulation/inverter,tb_full_adder_2bit,schematic/history_1/simulation/default/HSPICE/nominal/resultsDatabase remoteRun {} testbenchId 1 saveImages true
[00:08:19.28] /m Information: Started sharing "Custom WaveView" license. (WAVEFORM-110)
[00:08:19.39] /o saeInterBGSaeShell:  ::sa::_backgroundSaeShell::scriptFinished 0.4 {} sa::_resultsDatabase::saeShellProcessingCompletedProc testSuiteName saeSession4 testbenchName default resultsDir /home/itsupport/simulation/inverter,tb_full_adder_2bit,schematic/history_1/simulation/default/HSPICE/nominal/results testSuiteDir /home/itsupport/simulation/inverter,tb_full_adder_2bit,schematic/history_1/simulation/default/HSPICE/nominal databaseName /home/itsupport/simulation/inverter,tb_full_adder_2bit,schematic/history_1/simulation/default/HSPICE/nominal/resultsDatabase remoteRun {} testbenchId 1 saveImages true
[00:08:19.39] /o false
[00:08:25.29] /i ::wf::viewerExited
[00:08:29.70] /i ::sa::_backgroundSaeShell::runScript /home/itsupport/simulation/inverter,tb_full_adder_2bit,schematic/history_1/simulation/default/HSPICE/nominal/.bg_measurement_script.tcl sa::_resultsDatabase::saeShellProcessingCompletedProc testSuiteName saeSession4 testbenchName default resultsDir /home/itsupport/simulation/inverter,tb_full_adder_2bit,schematic/history_1/simulation/default/HSPICE/nominal/results testSuiteDir /home/itsupport/simulation/inverter,tb_full_adder_2bit,schematic/history_1/simulation/default/HSPICE/nominal databaseName /home/itsupport/simulation/inverter,tb_full_adder_2bit,schematic/history_1/simulation/default/HSPICE/nominal/resultsDatabase remoteRun {} testbenchId 1 saveImages true
[00:08:29.95] /o saeInterBGSaeShell:  ::sa::_backgroundSaeShell::scriptFinished 0.2 {} sa::_resultsDatabase::saeShellProcessingCompletedProc testSuiteName saeSession4 testbenchName default resultsDir /home/itsupport/simulation/inverter,tb_full_adder_2bit,schematic/history_1/simulation/default/HSPICE/nominal/results testSuiteDir /home/itsupport/simulation/inverter,tb_full_adder_2bit,schematic/history_1/simulation/default/HSPICE/nominal databaseName /home/itsupport/simulation/inverter,tb_full_adder_2bit,schematic/history_1/simulation/default/HSPICE/nominal/resultsDatabase remoteRun {} testbenchId 1 saveImages true
[00:08:29.95] /o false
[00:08:44.50] /i ::wf::viewerExited
[00:10:25.93] /i ::sa::_backgroundSaeShell::runScript /home/itsupport/simulation/inverter,tb_full_adder_2bit,schematic/history_1/simulation/default/HSPICE/nominal/.bg_measurement_script.tcl sa::_resultsDatabase::saeShellProcessingCompletedProc testSuiteName saeSession4 testbenchName default resultsDir /home/itsupport/simulation/inverter,tb_full_adder_2bit,schematic/history_1/simulation/default/HSPICE/nominal/results testSuiteDir /home/itsupport/simulation/inverter,tb_full_adder_2bit,schematic/history_1/simulation/default/HSPICE/nominal databaseName /home/itsupport/simulation/inverter,tb_full_adder_2bit,schematic/history_1/simulation/default/HSPICE/nominal/resultsDatabase remoteRun {} testbenchId 1 saveImages true
[00:10:26.15] /e Error: Evaluating 'v(/Cin)': "Could not find net named: Cin" (HIERARCHY_COMMANDS-007)
[00:10:26.22] /o saeInterBGSaeShell:  ::sa::_backgroundSaeShell::scriptFinished 0.2 {} sa::_resultsDatabase::saeShellProcessingCompletedProc testSuiteName saeSession4 testbenchName default resultsDir /home/itsupport/simulation/inverter,tb_full_adder_2bit,schematic/history_1/simulation/default/HSPICE/nominal/results testSuiteDir /home/itsupport/simulation/inverter,tb_full_adder_2bit,schematic/history_1/simulation/default/HSPICE/nominal databaseName /home/itsupport/simulation/inverter,tb_full_adder_2bit,schematic/history_1/simulation/default/HSPICE/nominal/resultsDatabase remoteRun {} testbenchId 1 saveImages true
[00:10:26.22] /o false
[00:10:39.99] /i ::wf::viewerExited
[00:11:12.09] /i ::sa::_backgroundSaeShell::runScript /home/itsupport/simulation/inverter,tb_full_adder_2bit,schematic/history_1/simulation/default/HSPICE/nominal/.bg_measurement_script.tcl sa::_resultsDatabase::saeShellProcessingCompletedProc testSuiteName saeSession4 testbenchName default resultsDir /home/itsupport/simulation/inverter,tb_full_adder_2bit,schematic/history_1/simulation/default/HSPICE/nominal/results testSuiteDir /home/itsupport/simulation/inverter,tb_full_adder_2bit,schematic/history_1/simulation/default/HSPICE/nominal databaseName /home/itsupport/simulation/inverter,tb_full_adder_2bit,schematic/history_1/simulation/default/HSPICE/nominal/resultsDatabase remoteRun {} testbenchId 1 saveImages true
[00:11:12.29] /e Error: Evaluating 'v(/Cin)': "Could not find net named: Cin" (HIERARCHY_COMMANDS-007)
[00:11:12.35] /o saeInterBGSaeShell:  ::sa::_backgroundSaeShell::scriptFinished 0.2 {} sa::_resultsDatabase::saeShellProcessingCompletedProc testSuiteName saeSession4 testbenchName default resultsDir /home/itsupport/simulation/inverter,tb_full_adder_2bit,schematic/history_1/simulation/default/HSPICE/nominal/results testSuiteDir /home/itsupport/simulation/inverter,tb_full_adder_2bit,schematic/history_1/simulation/default/HSPICE/nominal databaseName /home/itsupport/simulation/inverter,tb_full_adder_2bit,schematic/history_1/simulation/default/HSPICE/nominal/resultsDatabase remoteRun {} testbenchId 1 saveImages true
[00:11:12.35] /o false
[00:16:13.94] /o saeInterBGSaeShell:  ::sa::_backgroundSaeShell::pingBack
[00:16:14.00] /i ::sa::_backgroundSaeShell::parentRunning
[00:16:14.00] /o 1779124574
[00:16:17.08] /m Information: Stopped sharing "Custom WaveView" license. (WAVEFORM-111)
[00:21:14.95] /o saeInterBGSaeShell:  ::sa::_backgroundSaeShell::pingBack
[00:21:15.00] /i ::sa::_backgroundSaeShell::parentRunning
[00:21:15.01] /o 1779124875
[00:23:17.13] /i ::sa::_backgroundSaeShell::runScript /home/itsupport/simulation/inverter,tb_full_adder_2bit,schematic/history_1/simulation/default/HSPICE/nominal/.bg_measurement_script.tcl sa::_resultsDatabase::saeShellProcessingCompletedProc testSuiteName saeSession4 testbenchName default resultsDir /home/itsupport/simulation/inverter,tb_full_adder_2bit,schematic/history_1/simulation/default/HSPICE/nominal/results testSuiteDir /home/itsupport/simulation/inverter,tb_full_adder_2bit,schematic/history_1/simulation/default/HSPICE/nominal databaseName /home/itsupport/simulation/inverter,tb_full_adder_2bit,schematic/history_1/simulation/default/HSPICE/nominal/resultsDatabase remoteRun {} testbenchId 1 saveImages true
[00:23:17.37] /m Information: Started sharing "Custom WaveView" license. (WAVEFORM-110)
[00:23:17.39] /e Error: Evaluating 'v(/Cin)': "Could not find net named: Cin" (HIERARCHY_COMMANDS-007)
[00:23:17.49] /o saeInterBGSaeShell:  ::sa::_backgroundSaeShell::scriptFinished 0.3 {} sa::_resultsDatabase::saeShellProcessingCompletedProc testSuiteName saeSession4 testbenchName default resultsDir /home/itsupport/simulation/inverter,tb_full_adder_2bit,schematic/history_1/simulation/default/HSPICE/nominal/results testSuiteDir /home/itsupport/simulation/inverter,tb_full_adder_2bit,schematic/history_1/simulation/default/HSPICE/nominal databaseName /home/itsupport/simulation/inverter,tb_full_adder_2bit,schematic/history_1/simulation/default/HSPICE/nominal/resultsDatabase remoteRun {} testbenchId 1 saveImages true
[00:23:17.49] /o false
[00:23:49.75] /i ::sa::_backgroundSaeShell::runScript /home/itsupport/simulation/inverter,tb_full_adder_2bit,schematic/history_1/simulation/default/HSPICE/nominal/.bg_measurement_script.tcl sa::_resultsDatabase::saeShellProcessingCompletedProc testSuiteName saeSession4 testbenchName default resultsDir /home/itsupport/simulation/inverter,tb_full_adder_2bit,schematic/history_1/simulation/default/HSPICE/nominal/results testSuiteDir /home/itsupport/simulation/inverter,tb_full_adder_2bit,schematic/history_1/simulation/default/HSPICE/nominal databaseName /home/itsupport/simulation/inverter,tb_full_adder_2bit,schematic/history_1/simulation/default/HSPICE/nominal/resultsDatabase remoteRun {} testbenchId 1 saveImages true
[00:23:49.97] /e Error: Evaluating 'v(/Cin)': "Could not find net named: Cin" (HIERARCHY_COMMANDS-007)
[00:23:50.08] /o saeInterBGSaeShell:  ::sa::_backgroundSaeShell::scriptFinished 0.3 {} sa::_resultsDatabase::saeShellProcessingCompletedProc testSuiteName saeSession4 testbenchName default resultsDir /home/itsupport/simulation/inverter,tb_full_adder_2bit,schematic/history_1/simulation/default/HSPICE/nominal/results testSuiteDir /home/itsupport/simulation/inverter,tb_full_adder_2bit,schematic/history_1/simulation/default/HSPICE/nominal databaseName /home/itsupport/simulation/inverter,tb_full_adder_2bit,schematic/history_1/simulation/default/HSPICE/nominal/resultsDatabase remoteRun {} testbenchId 1 saveImages true
[00:23:50.08] /o false
[00:24:18.70] /i ::sa::_backgroundSaeShell::runScript /home/itsupport/simulation/inverter,tb_full_adder_2bit,schematic/history_1/simulation/default/HSPICE/nominal/.bg_measurement_script.tcl sa::_resultsDatabase::saeShellProcessingCompletedProc testSuiteName saeSession4 testbenchName default resultsDir /home/itsupport/simulation/inverter,tb_full_adder_2bit,schematic/history_1/simulation/default/HSPICE/nominal/results testSuiteDir /home/itsupport/simulation/inverter,tb_full_adder_2bit,schematic/history_1/simulation/default/HSPICE/nominal databaseName /home/itsupport/simulation/inverter,tb_full_adder_2bit,schematic/history_1/simulation/default/HSPICE/nominal/resultsDatabase remoteRun {} testbenchId 1 saveImages true
[00:24:19.01] /o saeInterBGSaeShell:  ::sa::_backgroundSaeShell::scriptFinished 0.3 {} sa::_resultsDatabase::saeShellProcessingCompletedProc testSuiteName saeSession4 testbenchName default resultsDir /home/itsupport/simulation/inverter,tb_full_adder_2bit,schematic/history_1/simulation/default/HSPICE/nominal/results testSuiteDir /home/itsupport/simulation/inverter,tb_full_adder_2bit,schematic/history_1/simulation/default/HSPICE/nominal databaseName /home/itsupport/simulation/inverter,tb_full_adder_2bit,schematic/history_1/simulation/default/HSPICE/nominal/resultsDatabase remoteRun {} testbenchId 1 saveImages true
[00:24:19.01] /o false
[00:28:56.40] /i ::sa::_backgroundSaeShell::runScript /home/itsupport/simulation/inverter,tb_full_adder_2bit,schematic/history_1/simulation/default/HSPICE/nominal/.bg_measurement_script.tcl sa::_resultsDatabase::saeShellProcessingCompletedProc testSuiteName saeSession4 testbenchName default resultsDir /home/itsupport/simulation/inverter,tb_full_adder_2bit,schematic/history_1/simulation/default/HSPICE/nominal/results testSuiteDir /home/itsupport/simulation/inverter,tb_full_adder_2bit,schematic/history_1/simulation/default/HSPICE/nominal databaseName /home/itsupport/simulation/inverter,tb_full_adder_2bit,schematic/history_1/simulation/default/HSPICE/nominal/resultsDatabase remoteRun {} testbenchId 1 saveImages true
[00:28:56.69] /o saeInterBGSaeShell:  ::sa::_backgroundSaeShell::scriptFinished 0.2 {} sa::_resultsDatabase::saeShellProcessingCompletedProc testSuiteName saeSession4 testbenchName default resultsDir /home/itsupport/simulation/inverter,tb_full_adder_2bit,schematic/history_1/simulation/default/HSPICE/nominal/results testSuiteDir /home/itsupport/simulation/inverter,tb_full_adder_2bit,schematic/history_1/simulation/default/HSPICE/nominal databaseName /home/itsupport/simulation/inverter,tb_full_adder_2bit,schematic/history_1/simulation/default/HSPICE/nominal/resultsDatabase remoteRun {} testbenchId 1 saveImages true
[00:28:56.69] /o false
[00:33:57.99] /o saeInterBGSaeShell:  ::sa::_backgroundSaeShell::pingBack
[00:33:58.10] /i ::sa::_backgroundSaeShell::parentRunning
[00:33:58.10] /o 1779125638
[00:34:01.09] /m Information: Stopped sharing "Custom WaveView" license. (WAVEFORM-111)
[00:36:56.84] /i ::sa::_backgroundSaeShell::runScript /home/itsupport/simulation/inverter,tb_full_adder_2bit,schematic/history_1/simulation/default/HSPICE/nominal/.bg_measurement_script.tcl sa::_resultsDatabase::saeShellProcessingCompletedProc testSuiteName saeSession4 testbenchName default resultsDir /home/itsupport/simulation/inverter,tb_full_adder_2bit,schematic/history_1/simulation/default/HSPICE/nominal/results testSuiteDir /home/itsupport/simulation/inverter,tb_full_adder_2bit,schematic/history_1/simulation/default/HSPICE/nominal databaseName /home/itsupport/simulation/inverter,tb_full_adder_2bit,schematic/history_1/simulation/default/HSPICE/nominal/resultsDatabase remoteRun {} testbenchId 1 saveImages true
[00:36:57.09] /m Information: Started sharing "Custom WaveView" license. (WAVEFORM-110)
[00:36:57.18] /o saeInterBGSaeShell:  ::sa::_backgroundSaeShell::scriptFinished 0.3 {} sa::_resultsDatabase::saeShellProcessingCompletedProc testSuiteName saeSession4 testbenchName default resultsDir /home/itsupport/simulation/inverter,tb_full_adder_2bit,schematic/history_1/simulation/default/HSPICE/nominal/results testSuiteDir /home/itsupport/simulation/inverter,tb_full_adder_2bit,schematic/history_1/simulation/default/HSPICE/nominal databaseName /home/itsupport/simulation/inverter,tb_full_adder_2bit,schematic/history_1/simulation/default/HSPICE/nominal/resultsDatabase remoteRun {} testbenchId 1 saveImages true
[00:36:57.18] /o false
[00:37:02.16] /i ::sa::_backgroundSaeShell::runScript /home/itsupport/simulation/inverter,tb_full_adder_2bit,schematic/history_1/simulation/default/HSPICE/nominal/.bg_measurement_script.tcl sa::_resultsDatabase::saeShellProcessingCompletedProc testSuiteName saeSession4 testbenchName default resultsDir /home/itsupport/simulation/inverter,tb_full_adder_2bit,schematic/history_1/simulation/default/HSPICE/nominal/results testSuiteDir /home/itsupport/simulation/inverter,tb_full_adder_2bit,schematic/history_1/simulation/default/HSPICE/nominal databaseName /home/itsupport/simulation/inverter,tb_full_adder_2bit,schematic/history_1/simulation/default/HSPICE/nominal/resultsDatabase remoteRun {} testbenchId 1 saveImages true
[00:37:02.53] /o saeInterBGSaeShell:  ::sa::_backgroundSaeShell::scriptFinished 0.3 {} sa::_resultsDatabase::saeShellProcessingCompletedProc testSuiteName saeSession4 testbenchName default resultsDir /home/itsupport/simulation/inverter,tb_full_adder_2bit,schematic/history_1/simulation/default/HSPICE/nominal/results testSuiteDir /home/itsupport/simulation/inverter,tb_full_adder_2bit,schematic/history_1/simulation/default/HSPICE/nominal databaseName /home/itsupport/simulation/inverter,tb_full_adder_2bit,schematic/history_1/simulation/default/HSPICE/nominal/resultsDatabase remoteRun {} testbenchId 1 saveImages true
[00:37:02.53] /o false
[00:40:02.12] /i ::sa::_backgroundSaeShell::runScript /home/itsupport/simulation/inverter,tb_full_adder_2bit,schematic/history_1/simulation/default/HSPICE/nominal/.bg_measurement_script.tcl sa::_resultsDatabase::saeShellProcessingCompletedProc testSuiteName saeSession4 testbenchName default resultsDir /home/itsupport/simulation/inverter,tb_full_adder_2bit,schematic/history_1/simulation/default/HSPICE/nominal/results testSuiteDir /home/itsupport/simulation/inverter,tb_full_adder_2bit,schematic/history_1/simulation/default/HSPICE/nominal databaseName /home/itsupport/simulation/inverter,tb_full_adder_2bit,schematic/history_1/simulation/default/HSPICE/nominal/resultsDatabase remoteRun {} testbenchId 1 saveImages true
[00:40:02.50] /o saeInterBGSaeShell:  ::sa::_backgroundSaeShell::scriptFinished 0.3 {} sa::_resultsDatabase::saeShellProcessingCompletedProc testSuiteName saeSession4 testbenchName default resultsDir /home/itsupport/simulation/inverter,tb_full_adder_2bit,schematic/history_1/simulation/default/HSPICE/nominal/results testSuiteDir /home/itsupport/simulation/inverter,tb_full_adder_2bit,schematic/history_1/simulation/default/HSPICE/nominal databaseName /home/itsupport/simulation/inverter,tb_full_adder_2bit,schematic/history_1/simulation/default/HSPICE/nominal/resultsDatabase remoteRun {} testbenchId 1 saveImages true
[00:40:02.50] /o false
[00:43:51.04] /i ::sa::_backgroundSaeShell::runScript /home/itsupport/simulation/inverter,tb_full_adder_2bit,schematic/history_1/simulation/default/HSPICE/nominal/.bg_measurement_script.tcl sa::_resultsDatabase::saeShellProcessingCompletedProc testSuiteName saeSession4 testbenchName default resultsDir /home/itsupport/simulation/inverter,tb_full_adder_2bit,schematic/history_1/simulation/default/HSPICE/nominal/results testSuiteDir /home/itsupport/simulation/inverter,tb_full_adder_2bit,schematic/history_1/simulation/default/HSPICE/nominal databaseName /home/itsupport/simulation/inverter,tb_full_adder_2bit,schematic/history_1/simulation/default/HSPICE/nominal/resultsDatabase remoteRun {} testbenchId 1 saveImages true
[00:43:51.40] /o saeInterBGSaeShell:  ::sa::_backgroundSaeShell::scriptFinished 0.3 {} sa::_resultsDatabase::saeShellProcessingCompletedProc testSuiteName saeSession4 testbenchName default resultsDir /home/itsupport/simulation/inverter,tb_full_adder_2bit,schematic/history_1/simulation/default/HSPICE/nominal/results testSuiteDir /home/itsupport/simulation/inverter,tb_full_adder_2bit,schematic/history_1/simulation/default/HSPICE/nominal databaseName /home/itsupport/simulation/inverter,tb_full_adder_2bit,schematic/history_1/simulation/default/HSPICE/nominal/resultsDatabase remoteRun {} testbenchId 1 saveImages true
[00:43:51.40] /o false
[00:47:01.01] /i ::sa::_backgroundSaeShell::runScript /home/itsupport/simulation/inverter,tb_full_adder_2bit,schematic/history_1/simulation/default/HSPICE/nominal/.bg_measurement_script.tcl sa::_resultsDatabase::saeShellProcessingCompletedProc testSuiteName saeSession4 testbenchName default resultsDir /home/itsupport/simulation/inverter,tb_full_adder_2bit,schematic/history_1/simulation/default/HSPICE/nominal/results testSuiteDir /home/itsupport/simulation/inverter,tb_full_adder_2bit,schematic/history_1/simulation/default/HSPICE/nominal databaseName /home/itsupport/simulation/inverter,tb_full_adder_2bit,schematic/history_1/simulation/default/HSPICE/nominal/resultsDatabase remoteRun {} testbenchId 1 saveImages true
[00:47:01.37] /o saeInterBGSaeShell:  ::sa::_backgroundSaeShell::scriptFinished 0.3 {} sa::_resultsDatabase::saeShellProcessingCompletedProc testSuiteName saeSession4 testbenchName default resultsDir /home/itsupport/simulation/inverter,tb_full_adder_2bit,schematic/history_1/simulation/default/HSPICE/nominal/results testSuiteDir /home/itsupport/simulation/inverter,tb_full_adder_2bit,schematic/history_1/simulation/default/HSPICE/nominal databaseName /home/itsupport/simulation/inverter,tb_full_adder_2bit,schematic/history_1/simulation/default/HSPICE/nominal/resultsDatabase remoteRun {} testbenchId 1 saveImages true
[00:47:01.37] /o false
[00:47:28.32] /i ::sa::_backgroundSaeShell::runScript /home/itsupport/simulation/inverter,tb_full_adder_2bit,schematic/history_1/simulation/default/HSPICE/nominal/.bg_measurement_script.tcl sa::_resultsDatabase::saeShellProcessingCompletedProc testSuiteName saeSession4 testbenchName default resultsDir /home/itsupport/simulation/inverter,tb_full_adder_2bit,schematic/history_1/simulation/default/HSPICE/nominal/results testSuiteDir /home/itsupport/simulation/inverter,tb_full_adder_2bit,schematic/history_1/simulation/default/HSPICE/nominal databaseName /home/itsupport/simulation/inverter,tb_full_adder_2bit,schematic/history_1/simulation/default/HSPICE/nominal/resultsDatabase remoteRun {} testbenchId 1 saveImages true
[00:47:28.65] /o saeInterBGSaeShell:  ::sa::_backgroundSaeShell::scriptFinished 0.3 {} sa::_resultsDatabase::saeShellProcessingCompletedProc testSuiteName saeSession4 testbenchName default resultsDir /home/itsupport/simulation/inverter,tb_full_adder_2bit,schematic/history_1/simulation/default/HSPICE/nominal/results testSuiteDir /home/itsupport/simulation/inverter,tb_full_adder_2bit,schematic/history_1/simulation/default/HSPICE/nominal databaseName /home/itsupport/simulation/inverter,tb_full_adder_2bit,schematic/history_1/simulation/default/HSPICE/nominal/resultsDatabase remoteRun {} testbenchId 1 saveImages true
[00:47:28.65] /o false
[00:49:01.51] /i ::sa::_backgroundSaeShell::runScript /home/itsupport/simulation/inverter,tb_full_adder_2bit,schematic/history_1/simulation/default/HSPICE/nominal/.bg_measurement_script.tcl sa::_resultsDatabase::saeShellProcessingCompletedProc testSuiteName saeSession4 testbenchName default resultsDir /home/itsupport/simulation/inverter,tb_full_adder_2bit,schematic/history_1/simulation/default/HSPICE/nominal/results testSuiteDir /home/itsupport/simulation/inverter,tb_full_adder_2bit,schematic/history_1/simulation/default/HSPICE/nominal databaseName /home/itsupport/simulation/inverter,tb_full_adder_2bit,schematic/history_1/simulation/default/HSPICE/nominal/resultsDatabase remoteRun {} testbenchId 1 saveImages true
[00:49:01.83] /o saeInterBGSaeShell:  ::sa::_backgroundSaeShell::scriptFinished 0.3 {} sa::_resultsDatabase::saeShellProcessingCompletedProc testSuiteName saeSession4 testbenchName default resultsDir /home/itsupport/simulation/inverter,tb_full_adder_2bit,schematic/history_1/simulation/default/HSPICE/nominal/results testSuiteDir /home/itsupport/simulation/inverter,tb_full_adder_2bit,schematic/history_1/simulation/default/HSPICE/nominal databaseName /home/itsupport/simulation/inverter,tb_full_adder_2bit,schematic/history_1/simulation/default/HSPICE/nominal/resultsDatabase remoteRun {} testbenchId 1 saveImages true
[00:49:01.83] /o false
[00:50:37.43] /i ::sa::_backgroundSaeShell::runScript /home/itsupport/simulation/inverter,tb_full_adder_2bit,schematic/history_1/simulation/default/HSPICE/nominal/.bg_measurement_script.tcl sa::_resultsDatabase::saeShellProcessingCompletedProc testSuiteName saeSession4 testbenchName default resultsDir /home/itsupport/simulation/inverter,tb_full_adder_2bit,schematic/history_1/simulation/default/HSPICE/nominal/results testSuiteDir /home/itsupport/simulation/inverter,tb_full_adder_2bit,schematic/history_1/simulation/default/HSPICE/nominal databaseName /home/itsupport/simulation/inverter,tb_full_adder_2bit,schematic/history_1/simulation/default/HSPICE/nominal/resultsDatabase remoteRun {} testbenchId 1 saveImages true
[00:50:37.81] /o saeInterBGSaeShell:  ::sa::_backgroundSaeShell::scriptFinished 0.3 {} sa::_resultsDatabase::saeShellProcessingCompletedProc testSuiteName saeSession4 testbenchName default resultsDir /home/itsupport/simulation/inverter,tb_full_adder_2bit,schematic/history_1/simulation/default/HSPICE/nominal/results testSuiteDir /home/itsupport/simulation/inverter,tb_full_adder_2bit,schematic/history_1/simulation/default/HSPICE/nominal databaseName /home/itsupport/simulation/inverter,tb_full_adder_2bit,schematic/history_1/simulation/default/HSPICE/nominal/resultsDatabase remoteRun {} testbenchId 1 saveImages true
[00:50:37.81] /o false
[00:53:33.32] /i ::sa::_backgroundSaeShell::runScript /home/itsupport/simulation/inverter,tb_full_adder_2bit,schematic/history_1/simulation/default/HSPICE/nominal/.bg_measurement_script.tcl sa::_resultsDatabase::saeShellProcessingCompletedProc testSuiteName saeSession4 testbenchName default resultsDir /home/itsupport/simulation/inverter,tb_full_adder_2bit,schematic/history_1/simulation/default/HSPICE/nominal/results testSuiteDir /home/itsupport/simulation/inverter,tb_full_adder_2bit,schematic/history_1/simulation/default/HSPICE/nominal databaseName /home/itsupport/simulation/inverter,tb_full_adder_2bit,schematic/history_1/simulation/default/HSPICE/nominal/resultsDatabase remoteRun {} testbenchId 1 saveImages true
[00:53:33.75] /o saeInterBGSaeShell:  ::sa::_backgroundSaeShell::scriptFinished 0.4 {} sa::_resultsDatabase::saeShellProcessingCompletedProc testSuiteName saeSession4 testbenchName default resultsDir /home/itsupport/simulation/inverter,tb_full_adder_2bit,schematic/history_1/simulation/default/HSPICE/nominal/results testSuiteDir /home/itsupport/simulation/inverter,tb_full_adder_2bit,schematic/history_1/simulation/default/HSPICE/nominal databaseName /home/itsupport/simulation/inverter,tb_full_adder_2bit,schematic/history_1/simulation/default/HSPICE/nominal/resultsDatabase remoteRun {} testbenchId 1 saveImages true
[00:53:33.75] /o false
[00:55:16.91] /i ::sa::_backgroundSaeShell::runScript /home/itsupport/simulation/inverter,tb_full_adder_2bit,schematic/history_1/simulation/default/HSPICE/nominal/.bg_measurement_script.tcl sa::_resultsDatabase::saeShellProcessingCompletedProc testSuiteName saeSession4 testbenchName default resultsDir /home/itsupport/simulation/inverter,tb_full_adder_2bit,schematic/history_1/simulation/default/HSPICE/nominal/results testSuiteDir /home/itsupport/simulation/inverter,tb_full_adder_2bit,schematic/history_1/simulation/default/HSPICE/nominal databaseName /home/itsupport/simulation/inverter,tb_full_adder_2bit,schematic/history_1/simulation/default/HSPICE/nominal/resultsDatabase remoteRun {} testbenchId 1 saveImages true
[00:55:17.17] /e Error: Evaluating 'v(/out1)': "Could not find net named: out1" (HIERARCHY_COMMANDS-007)
[00:55:17.17] /e Error: Evaluating 'v(/out0)': "Could not find net named: out0" (HIERARCHY_COMMANDS-007)
[00:55:17.18] /e Error: Evaluating 'v(/Cout_1)': "Could not find net named: Cout_1" (HIERARCHY_COMMANDS-007)
[00:55:17.27] /o saeInterBGSaeShell:  ::sa::_backgroundSaeShell::scriptFinished 0.3 {} sa::_resultsDatabase::saeShellProcessingCompletedProc testSuiteName saeSession4 testbenchName default resultsDir /home/itsupport/simulation/inverter,tb_full_adder_2bit,schematic/history_1/simulation/default/HSPICE/nominal/results testSuiteDir /home/itsupport/simulation/inverter,tb_full_adder_2bit,schematic/history_1/simulation/default/HSPICE/nominal databaseName /home/itsupport/simulation/inverter,tb_full_adder_2bit,schematic/history_1/simulation/default/HSPICE/nominal/resultsDatabase remoteRun {} testbenchId 1 saveImages true
[00:55:17.27] /o false
[00:55:33.96] /i ::sa::_backgroundSaeShell::runScript /home/itsupport/simulation/inverter,tb_full_adder_2bit,schematic/history_1/simulation/default/HSPICE/nominal/.bg_measurement_script.tcl sa::_resultsDatabase::saeShellProcessingCompletedProc testSuiteName saeSession4 testbenchName default resultsDir /home/itsupport/simulation/inverter,tb_full_adder_2bit,schematic/history_1/simulation/default/HSPICE/nominal/results testSuiteDir /home/itsupport/simulation/inverter,tb_full_adder_2bit,schematic/history_1/simulation/default/HSPICE/nominal databaseName /home/itsupport/simulation/inverter,tb_full_adder_2bit,schematic/history_1/simulation/default/HSPICE/nominal/resultsDatabase remoteRun {} testbenchId 1 saveImages true
[00:55:34.30] /o saeInterBGSaeShell:  ::sa::_backgroundSaeShell::scriptFinished 0.3 {} sa::_resultsDatabase::saeShellProcessingCompletedProc testSuiteName saeSession4 testbenchName default resultsDir /home/itsupport/simulation/inverter,tb_full_adder_2bit,schematic/history_1/simulation/default/HSPICE/nominal/results testSuiteDir /home/itsupport/simulation/inverter,tb_full_adder_2bit,schematic/history_1/simulation/default/HSPICE/nominal databaseName /home/itsupport/simulation/inverter,tb_full_adder_2bit,schematic/history_1/simulation/default/HSPICE/nominal/resultsDatabase remoteRun {} testbenchId 1 saveImages true
[00:55:34.30] /o false
