[15:45:40.12] /m Information: License 'SAE' checked out. (LICENSE-003)
[15:45:41.48] /o sae_shell Version Custom Compiler N-2017.12-SP1-2
              /c Build  (OPT) compiled on Wed May 16 15:20:56 2018 for RHEL64 6.6
              /c Execution time: Mon May 18 15:45:39 2026
              /c Host: localhost.localdomain
              /c 
              /c Copyright © 2004-2018 Synopsys, Inc.
              /c This software and the associated documentation are proprietary to Synopsys, Inc. This software may only be used in accordance with the terms and conditions of a written license agreement with Synopsys, Inc. All other use, reproduction, or distribution of this software is strictly prohibited.
              /c 
              /c 
[15:45:41.49] /w Warning: Preference 'leActiveLPP' is deprecated and scheduled for removal in a future release with no replacement. For migration assistance, see the Custom Compiler Tcl Reference Manual. (PREFERENCE-058)
[15:45:41.49] /o 	#######################################
[15:45:41.49] /o 	PDK Library Name	: reference90RF
[15:45:41.49] /o 	PDK Version		: 2.0
[15:45:41.49] /o 	PDK Release Date	: 25-March-2010 
[15:45:41.49] /o 	#######################################
[15:45:41.49] /o 
[15:45:41.49] /i ::sa::_backgroundSaeShell::signalProcessReady 1779093938
[15:45:41.49] /o saeInterBGSaeShell:  ::sa::_backgroundSaeShell::processReady 3
[15:46:05.31] /i ::wf::viewerExited
[15:46:30.90] /i ::sa::_backgroundSaeShell::exit
[15:46:30.90] /o saeInterBGSaeShell:  ::sa::_backgroundSaeShell::childFormallyExiting
