[20:20:11.77] /m Information: License 'SAE' checked out. (LICENSE-003)
[20:20:13.27] /o sae_shell Version Custom Compiler N-2017.12-SP1-2
              /c Build  (OPT) compiled on Wed May 16 15:20:56 2018 for RHEL64 6.6
              /c Execution time: Sat May  2 20:20:10 2026
              /c Host: localhost.localdomain
              /c 
              /c Copyright © 2004-2018 Synopsys, Inc.
              /c This software and the associated documentation are proprietary to Synopsys, Inc. This software may only be used in accordance with the terms and conditions of a written license agreement with Synopsys, Inc. All other use, reproduction, or distribution of this software is strictly prohibited.
              /c 
              /c 
[20:20:13.28] /w Warning: Preference 'leActiveLPP' is deprecated and scheduled for removal in a future release with no replacement. For migration assistance, see the Custom Compiler Tcl Reference Manual. (PREFERENCE-058)
[20:20:13.29] /o 	#######################################
[20:20:13.29] /o 	PDK Library Name	: reference90RF
[20:20:13.29] /o 	PDK Version		: 2.0
[20:20:13.29] /o 	PDK Release Date	: 25-March-2010 
[20:20:13.29] /o 	#######################################
[20:20:13.29] /o 
[20:20:13.29] /i ::sa::_backgroundSaeShell::signalProcessReady 1777728009
[20:20:13.29] /o saeInterBGSaeShell:  ::sa::_backgroundSaeShell::processReady 4
[20:21:01.31] /i ::sa::_backgroundSaeShell::runScript /home/itsupport/simulation/inverter,TB_CMOS,schematic/history_1/simulation/default/HSPICE/nominal/.bg_measurement_script.tcl sa::_resultsDatabase::saeShellProcessingCompletedProc testSuiteName saeSession2 testbenchName default resultsDir /home/itsupport/simulation/inverter,TB_CMOS,schematic/history_1/simulation/default/HSPICE/nominal/results testSuiteDir /home/itsupport/simulation/inverter,TB_CMOS,schematic/history_1/simulation/default/HSPICE/nominal databaseName /home/itsupport/simulation/inverter,TB_CMOS,schematic/history_1/simulation/default/HSPICE/nominal/resultsDatabase remoteRun {} testbenchId 1 saveImages true
[20:21:01.69] /m Information: Started sharing "Custom WaveView" license. (WAVEFORM-110)
[20:21:01.77] /o saeInterBGSaeShell:  ::sa::_backgroundSaeShell::scriptFinished 0.4 {} sa::_resultsDatabase::saeShellProcessingCompletedProc testSuiteName saeSession2 testbenchName default resultsDir /home/itsupport/simulation/inverter,TB_CMOS,schematic/history_1/simulation/default/HSPICE/nominal/results testSuiteDir /home/itsupport/simulation/inverter,TB_CMOS,schematic/history_1/simulation/default/HSPICE/nominal databaseName /home/itsupport/simulation/inverter,TB_CMOS,schematic/history_1/simulation/default/HSPICE/nominal/resultsDatabase remoteRun {} testbenchId 1 saveImages true
[20:21:01.77] /o false
[20:21:16.14] /i ::wf::viewerExited
[20:21:46.06] /i ::sa::_backgroundSaeShell::runScript /home/itsupport/simulation/inverter,TB_CMOS,schematic/history_1/simulation/default/HSPICE/nominal/.bg_measurement_script.tcl sa::_resultsDatabase::saeShellProcessingCompletedProc testSuiteName saeSession2 testbenchName default resultsDir /home/itsupport/simulation/inverter,TB_CMOS,schematic/history_1/simulation/default/HSPICE/nominal/results testSuiteDir /home/itsupport/simulation/inverter,TB_CMOS,schematic/history_1/simulation/default/HSPICE/nominal databaseName /home/itsupport/simulation/inverter,TB_CMOS,schematic/history_1/simulation/default/HSPICE/nominal/resultsDatabase remoteRun {} testbenchId 1 saveImages true
[20:21:46.31] /o saeInterBGSaeShell:  ::sa::_backgroundSaeShell::scriptFinished 0.2 {} sa::_resultsDatabase::saeShellProcessingCompletedProc testSuiteName saeSession2 testbenchName default resultsDir /home/itsupport/simulation/inverter,TB_CMOS,schematic/history_1/simulation/default/HSPICE/nominal/results testSuiteDir /home/itsupport/simulation/inverter,TB_CMOS,schematic/history_1/simulation/default/HSPICE/nominal databaseName /home/itsupport/simulation/inverter,TB_CMOS,schematic/history_1/simulation/default/HSPICE/nominal/resultsDatabase remoteRun {} testbenchId 1 saveImages true
[20:21:46.31] /o false
[20:22:17.82] /i ::sa::_backgroundSaeShell::runScript /home/itsupport/simulation/inverter,TB_CMOS,schematic/history_1/simulation/default/HSPICE/nominal/.bg_measurement_script.tcl sa::_resultsDatabase::saeShellProcessingCompletedProc testSuiteName saeSession2 testbenchName default resultsDir /home/itsupport/simulation/inverter,TB_CMOS,schematic/history_1/simulation/default/HSPICE/nominal/results testSuiteDir /home/itsupport/simulation/inverter,TB_CMOS,schematic/history_1/simulation/default/HSPICE/nominal databaseName /home/itsupport/simulation/inverter,TB_CMOS,schematic/history_1/simulation/default/HSPICE/nominal/resultsDatabase remoteRun {} testbenchId 1 saveImages true
[20:22:18.09] /o saeInterBGSaeShell:  ::sa::_backgroundSaeShell::scriptFinished 0.2 {} sa::_resultsDatabase::saeShellProcessingCompletedProc testSuiteName saeSession2 testbenchName default resultsDir /home/itsupport/simulation/inverter,TB_CMOS,schematic/history_1/simulation/default/HSPICE/nominal/results testSuiteDir /home/itsupport/simulation/inverter,TB_CMOS,schematic/history_1/simulation/default/HSPICE/nominal databaseName /home/itsupport/simulation/inverter,TB_CMOS,schematic/history_1/simulation/default/HSPICE/nominal/resultsDatabase remoteRun {} testbenchId 1 saveImages true
[20:22:18.09] /o false
[20:22:23.34] /i ::wf::viewerExited
[20:22:31.75] /i ::sa::_backgroundSaeShell::runScript /home/itsupport/simulation/inverter,TB_CMOS,schematic/history_1/simulation/default/HSPICE/nominal/.bg_measurement_script.tcl sa::_resultsDatabase::saeShellProcessingCompletedProc testSuiteName saeSession2 testbenchName default resultsDir /home/itsupport/simulation/inverter,TB_CMOS,schematic/history_1/simulation/default/HSPICE/nominal/results testSuiteDir /home/itsupport/simulation/inverter,TB_CMOS,schematic/history_1/simulation/default/HSPICE/nominal databaseName /home/itsupport/simulation/inverter,TB_CMOS,schematic/history_1/simulation/default/HSPICE/nominal/resultsDatabase remoteRun {} testbenchId 1 saveImages true
[20:22:32.02] /o saeInterBGSaeShell:  ::sa::_backgroundSaeShell::scriptFinished 0.2 {} sa::_resultsDatabase::saeShellProcessingCompletedProc testSuiteName saeSession2 testbenchName default resultsDir /home/itsupport/simulation/inverter,TB_CMOS,schematic/history_1/simulation/default/HSPICE/nominal/results testSuiteDir /home/itsupport/simulation/inverter,TB_CMOS,schematic/history_1/simulation/default/HSPICE/nominal databaseName /home/itsupport/simulation/inverter,TB_CMOS,schematic/history_1/simulation/default/HSPICE/nominal/resultsDatabase remoteRun {} testbenchId 1 saveImages true
[20:22:32.02] /o false
[20:23:25.13] /i ::sa::_backgroundSaeShell::runScript /home/itsupport/simulation/inverter,TB_CMOS,schematic/history_1/simulation/default/HSPICE/nominal/.bg_measurement_script.tcl sa::_resultsDatabase::saeShellProcessingCompletedProc testSuiteName saeSession2 testbenchName default resultsDir /home/itsupport/simulation/inverter,TB_CMOS,schematic/history_1/simulation/default/HSPICE/nominal/results testSuiteDir /home/itsupport/simulation/inverter,TB_CMOS,schematic/history_1/simulation/default/HSPICE/nominal databaseName /home/itsupport/simulation/inverter,TB_CMOS,schematic/history_1/simulation/default/HSPICE/nominal/resultsDatabase remoteRun {} testbenchId 1 saveImages true
[20:23:25.42] /o saeInterBGSaeShell:  ::sa::_backgroundSaeShell::scriptFinished 0.2 {} sa::_resultsDatabase::saeShellProcessingCompletedProc testSuiteName saeSession2 testbenchName default resultsDir /home/itsupport/simulation/inverter,TB_CMOS,schematic/history_1/simulation/default/HSPICE/nominal/results testSuiteDir /home/itsupport/simulation/inverter,TB_CMOS,schematic/history_1/simulation/default/HSPICE/nominal databaseName /home/itsupport/simulation/inverter,TB_CMOS,schematic/history_1/simulation/default/HSPICE/nominal/resultsDatabase remoteRun {} testbenchId 1 saveImages true
[20:23:25.42] /o false
[20:23:31.05] /i ::wf::viewerExited
[20:23:34.64] /i ::sa::_backgroundSaeShell::runScript /home/itsupport/simulation/inverter,TB_CMOS,schematic/history_1/simulation/default/HSPICE/nominal/.bg_measurement_script.tcl sa::_resultsDatabase::saeShellProcessingCompletedProc testSuiteName saeSession2 testbenchName default resultsDir /home/itsupport/simulation/inverter,TB_CMOS,schematic/history_1/simulation/default/HSPICE/nominal/results testSuiteDir /home/itsupport/simulation/inverter,TB_CMOS,schematic/history_1/simulation/default/HSPICE/nominal databaseName /home/itsupport/simulation/inverter,TB_CMOS,schematic/history_1/simulation/default/HSPICE/nominal/resultsDatabase remoteRun {} testbenchId 1 saveImages true
[20:23:35.03] /o saeInterBGSaeShell:  ::sa::_backgroundSaeShell::scriptFinished 0.3 {} sa::_resultsDatabase::saeShellProcessingCompletedProc testSuiteName saeSession2 testbenchName default resultsDir /home/itsupport/simulation/inverter,TB_CMOS,schematic/history_1/simulation/default/HSPICE/nominal/results testSuiteDir /home/itsupport/simulation/inverter,TB_CMOS,schematic/history_1/simulation/default/HSPICE/nominal databaseName /home/itsupport/simulation/inverter,TB_CMOS,schematic/history_1/simulation/default/HSPICE/nominal/resultsDatabase remoteRun {} testbenchId 1 saveImages true
[20:23:35.03] /o false
[20:24:17.64] /i ::wf::viewerExited
[20:24:27.77] /i ::sa::_backgroundSaeShell::runScript /home/itsupport/simulation/inverter,TB_CMOS,schematic/history_1/simulation/default/HSPICE/nominal/.bg_measurement_script.tcl sa::_resultsDatabase::saeShellProcessingCompletedProc testSuiteName saeSession2 testbenchName default resultsDir /home/itsupport/simulation/inverter,TB_CMOS,schematic/history_1/simulation/default/HSPICE/nominal/results testSuiteDir /home/itsupport/simulation/inverter,TB_CMOS,schematic/history_1/simulation/default/HSPICE/nominal databaseName /home/itsupport/simulation/inverter,TB_CMOS,schematic/history_1/simulation/default/HSPICE/nominal/resultsDatabase remoteRun {} testbenchId 1 saveImages true
[20:24:28.04] /o saeInterBGSaeShell:  ::sa::_backgroundSaeShell::scriptFinished 0.2 {} sa::_resultsDatabase::saeShellProcessingCompletedProc testSuiteName saeSession2 testbenchName default resultsDir /home/itsupport/simulation/inverter,TB_CMOS,schematic/history_1/simulation/default/HSPICE/nominal/results testSuiteDir /home/itsupport/simulation/inverter,TB_CMOS,schematic/history_1/simulation/default/HSPICE/nominal databaseName /home/itsupport/simulation/inverter,TB_CMOS,schematic/history_1/simulation/default/HSPICE/nominal/resultsDatabase remoteRun {} testbenchId 1 saveImages true
[20:24:28.04] /o false
[20:25:03.64] /i ::wf::viewerExited
[20:25:10.34] /i ::sa::_backgroundSaeShell::runScript /home/itsupport/simulation/inverter,TB_CMOS,schematic/history_1/simulation/default/HSPICE/nominal/.bg_measurement_script.tcl sa::_resultsDatabase::saeShellProcessingCompletedProc testSuiteName saeSession2 testbenchName default resultsDir /home/itsupport/simulation/inverter,TB_CMOS,schematic/history_1/simulation/default/HSPICE/nominal/results testSuiteDir /home/itsupport/simulation/inverter,TB_CMOS,schematic/history_1/simulation/default/HSPICE/nominal databaseName /home/itsupport/simulation/inverter,TB_CMOS,schematic/history_1/simulation/default/HSPICE/nominal/resultsDatabase remoteRun {} testbenchId 1 saveImages true
[20:25:10.62] /o saeInterBGSaeShell:  ::sa::_backgroundSaeShell::scriptFinished 0.2 {} sa::_resultsDatabase::saeShellProcessingCompletedProc testSuiteName saeSession2 testbenchName default resultsDir /home/itsupport/simulation/inverter,TB_CMOS,schematic/history_1/simulation/default/HSPICE/nominal/results testSuiteDir /home/itsupport/simulation/inverter,TB_CMOS,schematic/history_1/simulation/default/HSPICE/nominal databaseName /home/itsupport/simulation/inverter,TB_CMOS,schematic/history_1/simulation/default/HSPICE/nominal/resultsDatabase remoteRun {} testbenchId 1 saveImages true
[20:25:10.62] /o false
[20:26:51.04] /i ::wf::viewerExited
[20:27:48.94] /i ::sa::_backgroundSaeShell::runScript /home/itsupport/simulation/inverter,TB_CMOS,schematic/history_1/simulation/default/HSPICE/nominal/.bg_measurement_script.tcl sa::_resultsDatabase::saeShellProcessingCompletedProc testSuiteName saeSession2 testbenchName default resultsDir /home/itsupport/simulation/inverter,TB_CMOS,schematic/history_1/simulation/default/HSPICE/nominal/results testSuiteDir /home/itsupport/simulation/inverter,TB_CMOS,schematic/history_1/simulation/default/HSPICE/nominal databaseName /home/itsupport/simulation/inverter,TB_CMOS,schematic/history_1/simulation/default/HSPICE/nominal/resultsDatabase remoteRun {} testbenchId 1 saveImages true
[20:27:49.22] /o saeInterBGSaeShell:  ::sa::_backgroundSaeShell::scriptFinished 0.2 {} sa::_resultsDatabase::saeShellProcessingCompletedProc testSuiteName saeSession2 testbenchName default resultsDir /home/itsupport/simulation/inverter,TB_CMOS,schematic/history_1/simulation/default/HSPICE/nominal/results testSuiteDir /home/itsupport/simulation/inverter,TB_CMOS,schematic/history_1/simulation/default/HSPICE/nominal databaseName /home/itsupport/simulation/inverter,TB_CMOS,schematic/history_1/simulation/default/HSPICE/nominal/resultsDatabase remoteRun {} testbenchId 1 saveImages true
[20:27:49.22] /o false
[20:28:36.04] /i ::wf::viewerExited
[20:29:09.95] /i ::sa::_backgroundSaeShell::runScript /home/itsupport/simulation/inverter,TB_CMOS,schematic/history_1/simulation/default/HSPICE/nominal/.bg_measurement_script.tcl sa::_resultsDatabase::saeShellProcessingCompletedProc testSuiteName saeSession2 testbenchName default resultsDir /home/itsupport/simulation/inverter,TB_CMOS,schematic/history_1/simulation/default/HSPICE/nominal/results testSuiteDir /home/itsupport/simulation/inverter,TB_CMOS,schematic/history_1/simulation/default/HSPICE/nominal databaseName /home/itsupport/simulation/inverter,TB_CMOS,schematic/history_1/simulation/default/HSPICE/nominal/resultsDatabase remoteRun {} testbenchId 1 saveImages true
[20:29:10.17] /o saeInterBGSaeShell:  ::sa::_backgroundSaeShell::scriptFinished 0.2 {} sa::_resultsDatabase::saeShellProcessingCompletedProc testSuiteName saeSession2 testbenchName default resultsDir /home/itsupport/simulation/inverter,TB_CMOS,schematic/history_1/simulation/default/HSPICE/nominal/results testSuiteDir /home/itsupport/simulation/inverter,TB_CMOS,schematic/history_1/simulation/default/HSPICE/nominal databaseName /home/itsupport/simulation/inverter,TB_CMOS,schematic/history_1/simulation/default/HSPICE/nominal/resultsDatabase remoteRun {} testbenchId 1 saveImages true
[20:29:10.17] /o false
[20:29:18.74] /i ::wf::viewerExited
[20:29:46.27] /i ::sa::_backgroundSaeShell::runScript /home/itsupport/simulation/inverter,TB_CMOS,schematic/history_1/simulation/default/HSPICE/nominal/.bg_measurement_script.tcl sa::_resultsDatabase::saeShellProcessingCompletedProc testSuiteName saeSession2 testbenchName default resultsDir /home/itsupport/simulation/inverter,TB_CMOS,schematic/history_1/simulation/default/HSPICE/nominal/results testSuiteDir /home/itsupport/simulation/inverter,TB_CMOS,schematic/history_1/simulation/default/HSPICE/nominal databaseName /home/itsupport/simulation/inverter,TB_CMOS,schematic/history_1/simulation/default/HSPICE/nominal/resultsDatabase remoteRun {} testbenchId 1 saveImages true
[20:29:46.49] /o saeInterBGSaeShell:  ::sa::_backgroundSaeShell::scriptFinished 0.2 {} sa::_resultsDatabase::saeShellProcessingCompletedProc testSuiteName saeSession2 testbenchName default resultsDir /home/itsupport/simulation/inverter,TB_CMOS,schematic/history_1/simulation/default/HSPICE/nominal/results testSuiteDir /home/itsupport/simulation/inverter,TB_CMOS,schematic/history_1/simulation/default/HSPICE/nominal databaseName /home/itsupport/simulation/inverter,TB_CMOS,schematic/history_1/simulation/default/HSPICE/nominal/resultsDatabase remoteRun {} testbenchId 1 saveImages true
[20:29:46.49] /o false
[20:29:54.34] /i ::wf::viewerExited
[20:30:12.26] /i ::sa::_backgroundSaeShell::exit
[20:30:12.26] /o saeInterBGSaeShell:  ::sa::_backgroundSaeShell::childFormallyExiting
