[22:32:37.75] /m Information: License 'SAE' checked out. (LICENSE-003)
[22:32:38.78] /o sae_shell Version Custom Compiler N-2017.12-SP1-2
              /c Build  (OPT) compiled on Wed May 16 15:20:56 2018 for RHEL64 6.6
              /c Execution time: Sat May 23 22:32:36 2026
              /c Host: localhost.localdomain
              /c 
              /c Copyright © 2004-2018 Synopsys, Inc.
              /c This software and the associated documentation are proprietary to Synopsys, Inc. This software may only be used in accordance with the terms and conditions of a written license agreement with Synopsys, Inc. All other use, reproduction, or distribution of this software is strictly prohibited.
              /c 
              /c 
[22:32:38.80] /w Warning: Preference 'leActiveLPP' is deprecated and scheduled for removal in a future release with no replacement. For migration assistance, see the Custom Compiler Tcl Reference Manual. (PREFERENCE-058)
[22:32:38.80] /o 	#######################################
[22:32:38.80] /o 	PDK Library Name	: reference90RF
[22:32:38.80] /o 	PDK Version		: 2.0
[22:32:38.80] /o 	PDK Release Date	: 25-March-2010 
[22:32:38.80] /o 	#######################################
[22:32:38.80] /o 
[22:32:38.80] /i ::sa::_backgroundSaeShell::signalProcessReady 1779550356
[22:32:38.80] /o saeInterBGSaeShell:  ::sa::_backgroundSaeShell::processReady 2
[22:33:04.06] /i ::sa::_backgroundSaeShell::runScript /home/itsupport/simulation/project_d_ff,tb_d_latch,config/history_1/simulation/HSPICE_tb_d_latch/HSPICE/nominal/.bg_measurement_script.tcl sa::_resultsDatabase::saeShellProcessingCompletedProc testSuiteName saeSession2 testbenchName HSPICE_tb_d_latch resultsDir /home/itsupport/simulation/project_d_ff,tb_d_latch,config/history_1/simulation/HSPICE_tb_d_latch/HSPICE/nominal/results testSuiteDir /home/itsupport/simulation/project_d_ff,tb_d_latch,config/history_1/simulation/HSPICE_tb_d_latch/HSPICE/nominal databaseName /home/itsupport/simulation/project_d_ff,tb_d_latch,config/history_1/simulation/HSPICE_tb_d_latch/HSPICE/nominal/resultsDatabase remoteRun {} testbenchId 1 saveImages true
[22:33:04.23] /m Information: Expression 'v(/EN)' did not evaluate: No results found.
[22:33:04.23] /m Information: Expression 'v(/out)' did not evaluate: No results found.
[22:33:04.23] /m Information: Expression 'v(/D)' did not evaluate: No results found.
[22:33:04.23] /m Information: Expression 'v(/ENB)' did not evaluate: No results found.
[22:33:04.30] /o saeInterBGSaeShell:  ::sa::_backgroundSaeShell::scriptFinished 0.2 {} sa::_resultsDatabase::saeShellProcessingCompletedProc testSuiteName saeSession2 testbenchName HSPICE_tb_d_latch resultsDir /home/itsupport/simulation/project_d_ff,tb_d_latch,config/history_1/simulation/HSPICE_tb_d_latch/HSPICE/nominal/results testSuiteDir /home/itsupport/simulation/project_d_ff,tb_d_latch,config/history_1/simulation/HSPICE_tb_d_latch/HSPICE/nominal databaseName /home/itsupport/simulation/project_d_ff,tb_d_latch,config/history_1/simulation/HSPICE_tb_d_latch/HSPICE/nominal/resultsDatabase remoteRun {} testbenchId 1 saveImages true
[22:33:04.30] /o false
[22:33:51.00] /i ::sa::_backgroundSaeShell::runScript /home/itsupport/simulation/project_d_ff,tb_d_latch,config/history_1/simulation/HSPICE_tb_d_latch/HSPICE/nominal/.bg_measurement_script.tcl sa::_resultsDatabase::saeShellProcessingCompletedProc testSuiteName saeSession2 testbenchName HSPICE_tb_d_latch resultsDir /home/itsupport/simulation/project_d_ff,tb_d_latch,config/history_1/simulation/HSPICE_tb_d_latch/HSPICE/nominal/results testSuiteDir /home/itsupport/simulation/project_d_ff,tb_d_latch,config/history_1/simulation/HSPICE_tb_d_latch/HSPICE/nominal databaseName /home/itsupport/simulation/project_d_ff,tb_d_latch,config/history_1/simulation/HSPICE_tb_d_latch/HSPICE/nominal/resultsDatabase remoteRun {} testbenchId 1 saveImages true
[22:33:51.41] /m Information: Started sharing "Custom WaveView" license. (WAVEFORM-110)
[22:33:51.45] /e Error: Evaluating 'v(/out)': "Could not find net named: out" (HIERARCHY_COMMANDS-007)
[22:33:51.54] /o saeInterBGSaeShell:  ::sa::_backgroundSaeShell::scriptFinished 0.5 {} sa::_resultsDatabase::saeShellProcessingCompletedProc testSuiteName saeSession2 testbenchName HSPICE_tb_d_latch resultsDir /home/itsupport/simulation/project_d_ff,tb_d_latch,config/history_1/simulation/HSPICE_tb_d_latch/HSPICE/nominal/results testSuiteDir /home/itsupport/simulation/project_d_ff,tb_d_latch,config/history_1/simulation/HSPICE_tb_d_latch/HSPICE/nominal databaseName /home/itsupport/simulation/project_d_ff,tb_d_latch,config/history_1/simulation/HSPICE_tb_d_latch/HSPICE/nominal/resultsDatabase remoteRun {} testbenchId 1 saveImages true
[22:33:51.54] /o false
[22:34:03.81] /i ::wf::viewerExited
[22:34:19.70] /i ::sa::_backgroundSaeShell::runScript /home/itsupport/simulation/project_d_ff,tb_d_latch,config/history_1/simulation/HSPICE_tb_d_latch/HSPICE/nominal/.bg_measurement_script.tcl sa::_resultsDatabase::saeShellProcessingCompletedProc testSuiteName saeSession2 testbenchName HSPICE_tb_d_latch resultsDir /home/itsupport/simulation/project_d_ff,tb_d_latch,config/history_1/simulation/HSPICE_tb_d_latch/HSPICE/nominal/results testSuiteDir /home/itsupport/simulation/project_d_ff,tb_d_latch,config/history_1/simulation/HSPICE_tb_d_latch/HSPICE/nominal databaseName /home/itsupport/simulation/project_d_ff,tb_d_latch,config/history_1/simulation/HSPICE_tb_d_latch/HSPICE/nominal/resultsDatabase remoteRun {} testbenchId 1 saveImages true
[22:34:19.94] /o saeInterBGSaeShell:  ::sa::_backgroundSaeShell::scriptFinished 0.2 {} sa::_resultsDatabase::saeShellProcessingCompletedProc testSuiteName saeSession2 testbenchName HSPICE_tb_d_latch resultsDir /home/itsupport/simulation/project_d_ff,tb_d_latch,config/history_1/simulation/HSPICE_tb_d_latch/HSPICE/nominal/results testSuiteDir /home/itsupport/simulation/project_d_ff,tb_d_latch,config/history_1/simulation/HSPICE_tb_d_latch/HSPICE/nominal databaseName /home/itsupport/simulation/project_d_ff,tb_d_latch,config/history_1/simulation/HSPICE_tb_d_latch/HSPICE/nominal/resultsDatabase remoteRun {} testbenchId 1 saveImages true
[22:34:19.94] /o false
[22:34:45.40] /i ::sa::_backgroundSaeShell::runScript /home/itsupport/simulation/project_d_ff,tb_d_latch,config/history_1/simulation/HSPICE_tb_d_latch/HSPICE/nominal/.bg_measurement_script.tcl sa::_resultsDatabase::saeShellProcessingCompletedProc testSuiteName saeSession2 testbenchName HSPICE_tb_d_latch resultsDir /home/itsupport/simulation/project_d_ff,tb_d_latch,config/history_1/simulation/HSPICE_tb_d_latch/HSPICE/nominal/results testSuiteDir /home/itsupport/simulation/project_d_ff,tb_d_latch,config/history_1/simulation/HSPICE_tb_d_latch/HSPICE/nominal databaseName /home/itsupport/simulation/project_d_ff,tb_d_latch,config/history_1/simulation/HSPICE_tb_d_latch/HSPICE/nominal/resultsDatabase remoteRun {} testbenchId 1 saveImages true
[22:34:45.74] /o saeInterBGSaeShell:  ::sa::_backgroundSaeShell::scriptFinished 0.3 {} sa::_resultsDatabase::saeShellProcessingCompletedProc testSuiteName saeSession2 testbenchName HSPICE_tb_d_latch resultsDir /home/itsupport/simulation/project_d_ff,tb_d_latch,config/history_1/simulation/HSPICE_tb_d_latch/HSPICE/nominal/results testSuiteDir /home/itsupport/simulation/project_d_ff,tb_d_latch,config/history_1/simulation/HSPICE_tb_d_latch/HSPICE/nominal databaseName /home/itsupport/simulation/project_d_ff,tb_d_latch,config/history_1/simulation/HSPICE_tb_d_latch/HSPICE/nominal/resultsDatabase remoteRun {} testbenchId 1 saveImages true
[22:34:45.74] /o false
[22:34:50.11] /i ::wf::viewerExited
[22:34:57.21] /i ::sa::_backgroundSaeShell::runScript /home/itsupport/simulation/project_d_ff,tb_d_latch,config/history_1/simulation/HSPICE_tb_d_latch/HSPICE/nominal/.bg_measurement_script.tcl sa::_resultsDatabase::saeShellProcessingCompletedProc testSuiteName saeSession2 testbenchName HSPICE_tb_d_latch resultsDir /home/itsupport/simulation/project_d_ff,tb_d_latch,config/history_1/simulation/HSPICE_tb_d_latch/HSPICE/nominal/results testSuiteDir /home/itsupport/simulation/project_d_ff,tb_d_latch,config/history_1/simulation/HSPICE_tb_d_latch/HSPICE/nominal databaseName /home/itsupport/simulation/project_d_ff,tb_d_latch,config/history_1/simulation/HSPICE_tb_d_latch/HSPICE/nominal/resultsDatabase remoteRun {} testbenchId 1 saveImages true
[22:34:57.51] /o saeInterBGSaeShell:  ::sa::_backgroundSaeShell::scriptFinished 0.3 {} sa::_resultsDatabase::saeShellProcessingCompletedProc testSuiteName saeSession2 testbenchName HSPICE_tb_d_latch resultsDir /home/itsupport/simulation/project_d_ff,tb_d_latch,config/history_1/simulation/HSPICE_tb_d_latch/HSPICE/nominal/results testSuiteDir /home/itsupport/simulation/project_d_ff,tb_d_latch,config/history_1/simulation/HSPICE_tb_d_latch/HSPICE/nominal databaseName /home/itsupport/simulation/project_d_ff,tb_d_latch,config/history_1/simulation/HSPICE_tb_d_latch/HSPICE/nominal/resultsDatabase remoteRun {} testbenchId 1 saveImages true
[22:34:57.51] /o false
[22:39:45.33] /i ::sa::_backgroundSaeShell::runScript /home/itsupport/simulation/project_d_ff,tb_d_latch,config/history_1/simulation/HSPICE_tb_d_latch/HSPICE/nominal/.bg_measurement_script.tcl sa::_resultsDatabase::saeShellProcessingCompletedProc testSuiteName saeSession2 testbenchName HSPICE_tb_d_latch resultsDir /home/itsupport/simulation/project_d_ff,tb_d_latch,config/history_1/simulation/HSPICE_tb_d_latch/HSPICE/nominal/results testSuiteDir /home/itsupport/simulation/project_d_ff,tb_d_latch,config/history_1/simulation/HSPICE_tb_d_latch/HSPICE/nominal databaseName /home/itsupport/simulation/project_d_ff,tb_d_latch,config/history_1/simulation/HSPICE_tb_d_latch/HSPICE/nominal/resultsDatabase remoteRun {} testbenchId 1 saveImages true
[22:39:45.60] /o saeInterBGSaeShell:  ::sa::_backgroundSaeShell::scriptFinished 0.2 {} sa::_resultsDatabase::saeShellProcessingCompletedProc testSuiteName saeSession2 testbenchName HSPICE_tb_d_latch resultsDir /home/itsupport/simulation/project_d_ff,tb_d_latch,config/history_1/simulation/HSPICE_tb_d_latch/HSPICE/nominal/results testSuiteDir /home/itsupport/simulation/project_d_ff,tb_d_latch,config/history_1/simulation/HSPICE_tb_d_latch/HSPICE/nominal databaseName /home/itsupport/simulation/project_d_ff,tb_d_latch,config/history_1/simulation/HSPICE_tb_d_latch/HSPICE/nominal/resultsDatabase remoteRun {} testbenchId 1 saveImages true
[22:39:45.61] /o false
[22:40:00.12] /i ::sa::_backgroundSaeShell::runScript /home/itsupport/simulation/project_d_ff,tb_d_latch,config/history_1/simulation/HSPICE_tb_d_latch/HSPICE/nominal/.bg_measurement_script.tcl sa::_resultsDatabase::saeShellProcessingCompletedProc testSuiteName saeSession2 testbenchName HSPICE_tb_d_latch resultsDir /home/itsupport/simulation/project_d_ff,tb_d_latch,config/history_1/simulation/HSPICE_tb_d_latch/HSPICE/nominal/results testSuiteDir /home/itsupport/simulation/project_d_ff,tb_d_latch,config/history_1/simulation/HSPICE_tb_d_latch/HSPICE/nominal databaseName /home/itsupport/simulation/project_d_ff,tb_d_latch,config/history_1/simulation/HSPICE_tb_d_latch/HSPICE/nominal/resultsDatabase remoteRun {} testbenchId 1 saveImages true
[22:40:00.56] /o saeInterBGSaeShell:  ::sa::_backgroundSaeShell::scriptFinished 0.4 {} sa::_resultsDatabase::saeShellProcessingCompletedProc testSuiteName saeSession2 testbenchName HSPICE_tb_d_latch resultsDir /home/itsupport/simulation/project_d_ff,tb_d_latch,config/history_1/simulation/HSPICE_tb_d_latch/HSPICE/nominal/results testSuiteDir /home/itsupport/simulation/project_d_ff,tb_d_latch,config/history_1/simulation/HSPICE_tb_d_latch/HSPICE/nominal databaseName /home/itsupport/simulation/project_d_ff,tb_d_latch,config/history_1/simulation/HSPICE_tb_d_latch/HSPICE/nominal/resultsDatabase remoteRun {} testbenchId 1 saveImages true
[22:40:00.56] /o false
[22:45:01.83] /o saeInterBGSaeShell:  ::sa::_backgroundSaeShell::pingBack
[22:45:01.91] /i ::sa::_backgroundSaeShell::parentRunning
[22:45:01.91] /o 1779551101
[22:45:05.80] /m Information: Stopped sharing "Custom WaveView" license. (WAVEFORM-111)
[22:50:02.84] /o saeInterBGSaeShell:  ::sa::_backgroundSaeShell::pingBack
[22:50:02.91] /i ::sa::_backgroundSaeShell::parentRunning
[22:50:02.91] /o 1779551402
[22:50:59.55] /i ::sa::_backgroundSaeShell::runScript /home/itsupport/simulation/project_d_ff,tb_d_latch,config/history_1/simulation/HSPICE_tb_d_latch/HSPICE/nominal/.bg_measurement_script.tcl sa::_resultsDatabase::saeShellProcessingCompletedProc testSuiteName saeSession2 testbenchName HSPICE_tb_d_latch resultsDir /home/itsupport/simulation/project_d_ff,tb_d_latch,config/history_1/simulation/HSPICE_tb_d_latch/HSPICE/nominal/results testSuiteDir /home/itsupport/simulation/project_d_ff,tb_d_latch,config/history_1/simulation/HSPICE_tb_d_latch/HSPICE/nominal databaseName /home/itsupport/simulation/project_d_ff,tb_d_latch,config/history_1/simulation/HSPICE_tb_d_latch/HSPICE/nominal/resultsDatabase remoteRun {} testbenchId 1 saveImages true
[22:50:59.79] /m Information: Started sharing "Custom WaveView" license. (WAVEFORM-110)
[22:50:59.89] /o saeInterBGSaeShell:  ::sa::_backgroundSaeShell::scriptFinished 0.3 {} sa::_resultsDatabase::saeShellProcessingCompletedProc testSuiteName saeSession2 testbenchName HSPICE_tb_d_latch resultsDir /home/itsupport/simulation/project_d_ff,tb_d_latch,config/history_1/simulation/HSPICE_tb_d_latch/HSPICE/nominal/results testSuiteDir /home/itsupport/simulation/project_d_ff,tb_d_latch,config/history_1/simulation/HSPICE_tb_d_latch/HSPICE/nominal databaseName /home/itsupport/simulation/project_d_ff,tb_d_latch,config/history_1/simulation/HSPICE_tb_d_latch/HSPICE/nominal/resultsDatabase remoteRun {} testbenchId 1 saveImages true
[22:50:59.89] /o false
[22:51:04.12] /i ::wf::viewerExited
[22:51:08.86] /i ::sa::_backgroundSaeShell::exit
[22:51:08.86] /o saeInterBGSaeShell:  ::sa::_backgroundSaeShell::childFormallyExiting
