[06:34:41.49] /m Information: License 'SAE' checked out. (LICENSE-003)
[06:34:44.87] /o sae_shell Version Custom Compiler N-2017.12-SP1-2
              /c Build  (OPT) compiled on Wed May 16 15:20:56 2018 for RHEL64 6.6
              /c Execution time: Wed May 20 06:34:38 2026
              /c Host: localhost.localdomain
              /c 
              /c Copyright © 2004-2018 Synopsys, Inc.
              /c This software and the associated documentation are proprietary to Synopsys, Inc. This software may only be used in accordance with the terms and conditions of a written license agreement with Synopsys, Inc. All other use, reproduction, or distribution of this software is strictly prohibited.
              /c 
              /c 
[06:34:44.90] /w Warning: Preference 'leActiveLPP' is deprecated and scheduled for removal in a future release with no replacement. For migration assistance, see the Custom Compiler Tcl Reference Manual. (PREFERENCE-058)
[06:34:44.90] /o 	#######################################
[06:34:44.90] /o 	PDK Library Name	: reference90RF
[06:34:44.90] /o 	PDK Version		: 2.0
[06:34:44.90] /o 	PDK Release Date	: 25-March-2010 
[06:34:44.90] /o 	#######################################
[06:34:44.90] /o 
[06:34:44.92] /i ::sa::_backgroundSaeShell::signalProcessReady 1779233677
[06:34:44.92] /o saeInterBGSaeShell:  ::sa::_backgroundSaeShell::processReady 7
[06:34:51.46] /i ::wf::viewerExited
[06:39:45.93] /o saeInterBGSaeShell:  ::sa::_backgroundSaeShell::pingBack
[06:39:46.04] /i ::sa::_backgroundSaeShell::parentRunning
[06:39:46.04] /o 1779233986
[06:41:21.46] /i ::sa::_backgroundSaeShell::exit
[06:41:21.46] /o saeInterBGSaeShell:  ::sa::_backgroundSaeShell::childFormallyExiting
