[16:26:07.20] /m Information: License 'SAE' checked out. (LICENSE-003)
[16:26:08.51] /o sae_shell Version Custom Compiler N-2017.12-SP1-2
              /c Build  (OPT) compiled on Wed May 16 15:20:56 2018 for RHEL64 6.6
              /c Execution time: Sat May  2 16:26:05 2026
              /c Host: localhost.localdomain
              /c 
              /c Copyright © 2004-2018 Synopsys, Inc.
              /c This software and the associated documentation are proprietary to Synopsys, Inc. This software may only be used in accordance with the terms and conditions of a written license agreement with Synopsys, Inc. All other use, reproduction, or distribution of this software is strictly prohibited.
              /c 
              /c 
[16:26:08.53] /w Warning: Preference 'leActiveLPP' is deprecated and scheduled for removal in a future release with no replacement. For migration assistance, see the Custom Compiler Tcl Reference Manual. (PREFERENCE-058)
[16:26:08.53] /o 	#######################################
[16:26:08.53] /o 	PDK Library Name	: reference90RF
[16:26:08.53] /o 	PDK Version		: 2.0
[16:26:08.53] /o 	PDK Release Date	: 25-March-2010 
[16:26:08.53] /o 	#######################################
[16:26:08.53] /o 
[16:26:08.54] /i ::sa::_backgroundSaeShell::signalProcessReady 1777713964
[16:26:08.54] /o saeInterBGSaeShell:  ::sa::_backgroundSaeShell::processReady 4
[16:28:09.00] /i ::sa::_backgroundSaeShell::runScript /home/itsupport/simulation/inverter,TB_CMOS,schematic/history_1/simulation/default/HSPICE/nominal/.bg_measurement_script.tcl sa::_resultsDatabase::saeShellProcessingCompletedProc testSuiteName saeSession0 testbenchName default resultsDir /home/itsupport/simulation/inverter,TB_CMOS,schematic/history_1/simulation/default/HSPICE/nominal/results testSuiteDir /home/itsupport/simulation/inverter,TB_CMOS,schematic/history_1/simulation/default/HSPICE/nominal databaseName /home/itsupport/simulation/inverter,TB_CMOS,schematic/history_1/simulation/default/HSPICE/nominal/resultsDatabase remoteRun {} testbenchId 1 saveImages true
[16:28:09.67] /m Information: Started sharing "Custom WaveView" license. (WAVEFORM-110)
[16:28:09.79] /o saeInterBGSaeShell:  ::sa::_backgroundSaeShell::scriptFinished 0.7 {} sa::_resultsDatabase::saeShellProcessingCompletedProc testSuiteName saeSession0 testbenchName default resultsDir /home/itsupport/simulation/inverter,TB_CMOS,schematic/history_1/simulation/default/HSPICE/nominal/results testSuiteDir /home/itsupport/simulation/inverter,TB_CMOS,schematic/history_1/simulation/default/HSPICE/nominal databaseName /home/itsupport/simulation/inverter,TB_CMOS,schematic/history_1/simulation/default/HSPICE/nominal/resultsDatabase remoteRun {} testbenchId 1 saveImages true
[16:28:09.79] /o false
[16:28:19.36] /i ::wf::viewerExited
[16:29:04.82] /i ::sa::_backgroundSaeShell::runScript /home/itsupport/simulation/inverter,TB_CMOS,schematic/history_1/simulation/default/HSPICE/nominal/.bg_measurement_script.tcl sa::_resultsDatabase::saeShellProcessingCompletedProc testSuiteName saeSession0 testbenchName default resultsDir /home/itsupport/simulation/inverter,TB_CMOS,schematic/history_1/simulation/default/HSPICE/nominal/results testSuiteDir /home/itsupport/simulation/inverter,TB_CMOS,schematic/history_1/simulation/default/HSPICE/nominal databaseName /home/itsupport/simulation/inverter,TB_CMOS,schematic/history_1/simulation/default/HSPICE/nominal/resultsDatabase remoteRun {} testbenchId 1 saveImages true
[16:29:05.06] /o saeInterBGSaeShell:  ::sa::_backgroundSaeShell::scriptFinished 0.2 {} sa::_resultsDatabase::saeShellProcessingCompletedProc testSuiteName saeSession0 testbenchName default resultsDir /home/itsupport/simulation/inverter,TB_CMOS,schematic/history_1/simulation/default/HSPICE/nominal/results testSuiteDir /home/itsupport/simulation/inverter,TB_CMOS,schematic/history_1/simulation/default/HSPICE/nominal databaseName /home/itsupport/simulation/inverter,TB_CMOS,schematic/history_1/simulation/default/HSPICE/nominal/resultsDatabase remoteRun {} testbenchId 1 saveImages true
[16:29:05.06] /o false
[16:29:16.84] /i ::wf::viewerExited
[16:29:45.01] /i ::sa::_backgroundSaeShell::runScript /home/itsupport/simulation/inverter,TB_CMOS,schematic/history_1/simulation/default/HSPICE/nominal/.bg_measurement_script.tcl sa::_resultsDatabase::saeShellProcessingCompletedProc testSuiteName saeSession0 testbenchName default resultsDir /home/itsupport/simulation/inverter,TB_CMOS,schematic/history_1/simulation/default/HSPICE/nominal/results testSuiteDir /home/itsupport/simulation/inverter,TB_CMOS,schematic/history_1/simulation/default/HSPICE/nominal databaseName /home/itsupport/simulation/inverter,TB_CMOS,schematic/history_1/simulation/default/HSPICE/nominal/resultsDatabase remoteRun {} testbenchId 1 saveImages true
[16:29:45.23] /o saeInterBGSaeShell:  ::sa::_backgroundSaeShell::scriptFinished 0.2 {} sa::_resultsDatabase::saeShellProcessingCompletedProc testSuiteName saeSession0 testbenchName default resultsDir /home/itsupport/simulation/inverter,TB_CMOS,schematic/history_1/simulation/default/HSPICE/nominal/results testSuiteDir /home/itsupport/simulation/inverter,TB_CMOS,schematic/history_1/simulation/default/HSPICE/nominal databaseName /home/itsupport/simulation/inverter,TB_CMOS,schematic/history_1/simulation/default/HSPICE/nominal/resultsDatabase remoteRun {} testbenchId 1 saveImages true
[16:29:45.23] /o false
[16:30:30.44] /i ::wf::viewerExited
[16:30:50.52] /i ::sa::_backgroundSaeShell::runScript /home/itsupport/simulation/inverter,TB_CMOS,schematic/history_1/simulation/default/HSPICE/nominal/.bg_measurement_script.tcl sa::_resultsDatabase::saeShellProcessingCompletedProc testSuiteName saeSession0 testbenchName default resultsDir /home/itsupport/simulation/inverter,TB_CMOS,schematic/history_1/simulation/default/HSPICE/nominal/results testSuiteDir /home/itsupport/simulation/inverter,TB_CMOS,schematic/history_1/simulation/default/HSPICE/nominal databaseName /home/itsupport/simulation/inverter,TB_CMOS,schematic/history_1/simulation/default/HSPICE/nominal/resultsDatabase remoteRun {} testbenchId 1 saveImages true
[16:30:50.79] /o saeInterBGSaeShell:  ::sa::_backgroundSaeShell::scriptFinished 0.2 {} sa::_resultsDatabase::saeShellProcessingCompletedProc testSuiteName saeSession0 testbenchName default resultsDir /home/itsupport/simulation/inverter,TB_CMOS,schematic/history_1/simulation/default/HSPICE/nominal/results testSuiteDir /home/itsupport/simulation/inverter,TB_CMOS,schematic/history_1/simulation/default/HSPICE/nominal databaseName /home/itsupport/simulation/inverter,TB_CMOS,schematic/history_1/simulation/default/HSPICE/nominal/resultsDatabase remoteRun {} testbenchId 1 saveImages true
[16:30:50.79] /o false
[16:33:02.34] /i ::wf::viewerExited
[16:33:42.72] /i ::sa::_backgroundSaeShell::runScript /home/itsupport/simulation/inverter,TB_CMOS,schematic/history_1/simulation/default/HSPICE/nominal/.bg_measurement_script.tcl sa::_resultsDatabase::saeShellProcessingCompletedProc testSuiteName saeSession0 testbenchName default resultsDir /home/itsupport/simulation/inverter,TB_CMOS,schematic/history_1/simulation/default/HSPICE/nominal/results testSuiteDir /home/itsupport/simulation/inverter,TB_CMOS,schematic/history_1/simulation/default/HSPICE/nominal databaseName /home/itsupport/simulation/inverter,TB_CMOS,schematic/history_1/simulation/default/HSPICE/nominal/resultsDatabase remoteRun {} testbenchId 1 saveImages true
[16:33:42.96] /o saeInterBGSaeShell:  ::sa::_backgroundSaeShell::scriptFinished 0.2 {} sa::_resultsDatabase::saeShellProcessingCompletedProc testSuiteName saeSession0 testbenchName default resultsDir /home/itsupport/simulation/inverter,TB_CMOS,schematic/history_1/simulation/default/HSPICE/nominal/results testSuiteDir /home/itsupport/simulation/inverter,TB_CMOS,schematic/history_1/simulation/default/HSPICE/nominal databaseName /home/itsupport/simulation/inverter,TB_CMOS,schematic/history_1/simulation/default/HSPICE/nominal/resultsDatabase remoteRun {} testbenchId 1 saveImages true
[16:33:42.96] /o false
[16:33:50.14] /i ::wf::viewerExited
[16:34:37.45] /i ::sa::_backgroundSaeShell::runScript /home/itsupport/simulation/inverter,TB_CMOS,schematic/history_1/simulation/default/HSPICE/nominal/.bg_measurement_script.tcl sa::_resultsDatabase::saeShellProcessingCompletedProc testSuiteName saeSession0 testbenchName default resultsDir /home/itsupport/simulation/inverter,TB_CMOS,schematic/history_1/simulation/default/HSPICE/nominal/results testSuiteDir /home/itsupport/simulation/inverter,TB_CMOS,schematic/history_1/simulation/default/HSPICE/nominal databaseName /home/itsupport/simulation/inverter,TB_CMOS,schematic/history_1/simulation/default/HSPICE/nominal/resultsDatabase remoteRun {} testbenchId 1 saveImages true
[16:34:37.69] /o saeInterBGSaeShell:  ::sa::_backgroundSaeShell::scriptFinished 0.2 {} sa::_resultsDatabase::saeShellProcessingCompletedProc testSuiteName saeSession0 testbenchName default resultsDir /home/itsupport/simulation/inverter,TB_CMOS,schematic/history_1/simulation/default/HSPICE/nominal/results testSuiteDir /home/itsupport/simulation/inverter,TB_CMOS,schematic/history_1/simulation/default/HSPICE/nominal databaseName /home/itsupport/simulation/inverter,TB_CMOS,schematic/history_1/simulation/default/HSPICE/nominal/resultsDatabase remoteRun {} testbenchId 1 saveImages true
[16:34:37.69] /o false
[16:34:43.74] /i ::wf::viewerExited
[16:35:12.93] /i ::sa::_backgroundSaeShell::runScript /home/itsupport/simulation/inverter,TB_CMOS,schematic/history_1/simulation/default/HSPICE/nominal/.bg_measurement_script.tcl sa::_resultsDatabase::saeShellProcessingCompletedProc testSuiteName saeSession0 testbenchName default resultsDir /home/itsupport/simulation/inverter,TB_CMOS,schematic/history_1/simulation/default/HSPICE/nominal/results testSuiteDir /home/itsupport/simulation/inverter,TB_CMOS,schematic/history_1/simulation/default/HSPICE/nominal databaseName /home/itsupport/simulation/inverter,TB_CMOS,schematic/history_1/simulation/default/HSPICE/nominal/resultsDatabase remoteRun {} testbenchId 1 saveImages true
[16:35:13.17] /o saeInterBGSaeShell:  ::sa::_backgroundSaeShell::scriptFinished 0.2 {} sa::_resultsDatabase::saeShellProcessingCompletedProc testSuiteName saeSession0 testbenchName default resultsDir /home/itsupport/simulation/inverter,TB_CMOS,schematic/history_1/simulation/default/HSPICE/nominal/results testSuiteDir /home/itsupport/simulation/inverter,TB_CMOS,schematic/history_1/simulation/default/HSPICE/nominal databaseName /home/itsupport/simulation/inverter,TB_CMOS,schematic/history_1/simulation/default/HSPICE/nominal/resultsDatabase remoteRun {} testbenchId 1 saveImages true
[16:35:13.17] /o false
[16:36:38.96] /i ::sa::_backgroundSaeShell::runScript /home/itsupport/simulation/inverter,TB_CMOS,schematic/history_1/simulation/default/HSPICE/nominal/.bg_measurement_script.tcl sa::_resultsDatabase::saeShellProcessingCompletedProc testSuiteName saeSession0 testbenchName default resultsDir /home/itsupport/simulation/inverter,TB_CMOS,schematic/history_1/simulation/default/HSPICE/nominal/results testSuiteDir /home/itsupport/simulation/inverter,TB_CMOS,schematic/history_1/simulation/default/HSPICE/nominal databaseName /home/itsupport/simulation/inverter,TB_CMOS,schematic/history_1/simulation/default/HSPICE/nominal/resultsDatabase remoteRun {} testbenchId 1 saveImages true
[16:36:39.19] /o saeInterBGSaeShell:  ::sa::_backgroundSaeShell::scriptFinished 0.2 {} sa::_resultsDatabase::saeShellProcessingCompletedProc testSuiteName saeSession0 testbenchName default resultsDir /home/itsupport/simulation/inverter,TB_CMOS,schematic/history_1/simulation/default/HSPICE/nominal/results testSuiteDir /home/itsupport/simulation/inverter,TB_CMOS,schematic/history_1/simulation/default/HSPICE/nominal databaseName /home/itsupport/simulation/inverter,TB_CMOS,schematic/history_1/simulation/default/HSPICE/nominal/resultsDatabase remoteRun {} testbenchId 1 saveImages true
[16:36:39.19] /o false
[16:36:47.14] /i ::wf::viewerExited
[16:36:57.03] /i ::sa::_backgroundSaeShell::runScript /home/itsupport/simulation/inverter,TB_CMOS,schematic/history_1/simulation/default/HSPICE/nominal/.bg_measurement_script.tcl sa::_resultsDatabase::saeShellProcessingCompletedProc testSuiteName saeSession0 testbenchName default resultsDir /home/itsupport/simulation/inverter,TB_CMOS,schematic/history_1/simulation/default/HSPICE/nominal/results testSuiteDir /home/itsupport/simulation/inverter,TB_CMOS,schematic/history_1/simulation/default/HSPICE/nominal databaseName /home/itsupport/simulation/inverter,TB_CMOS,schematic/history_1/simulation/default/HSPICE/nominal/resultsDatabase remoteRun {} testbenchId 1 saveImages true
[16:36:57.26] /o saeInterBGSaeShell:  ::sa::_backgroundSaeShell::scriptFinished 0.2 {} sa::_resultsDatabase::saeShellProcessingCompletedProc testSuiteName saeSession0 testbenchName default resultsDir /home/itsupport/simulation/inverter,TB_CMOS,schematic/history_1/simulation/default/HSPICE/nominal/results testSuiteDir /home/itsupport/simulation/inverter,TB_CMOS,schematic/history_1/simulation/default/HSPICE/nominal databaseName /home/itsupport/simulation/inverter,TB_CMOS,schematic/history_1/simulation/default/HSPICE/nominal/resultsDatabase remoteRun {} testbenchId 1 saveImages true
[16:36:57.26] /o false
[16:41:28.74] /i ::wf::viewerExited
[16:41:34.23] /i ::sa::_backgroundSaeShell::runScript /home/itsupport/simulation/inverter,TB_CMOS,schematic/history_1/simulation/default/HSPICE/nominal/.bg_measurement_script.tcl sa::_resultsDatabase::saeShellProcessingCompletedProc testSuiteName saeSession0 testbenchName default resultsDir /home/itsupport/simulation/inverter,TB_CMOS,schematic/history_1/simulation/default/HSPICE/nominal/results testSuiteDir /home/itsupport/simulation/inverter,TB_CMOS,schematic/history_1/simulation/default/HSPICE/nominal databaseName /home/itsupport/simulation/inverter,TB_CMOS,schematic/history_1/simulation/default/HSPICE/nominal/resultsDatabase remoteRun {} testbenchId 1 saveImages true
[16:41:34.46] /o saeInterBGSaeShell:  ::sa::_backgroundSaeShell::scriptFinished 0.2 {} sa::_resultsDatabase::saeShellProcessingCompletedProc testSuiteName saeSession0 testbenchName default resultsDir /home/itsupport/simulation/inverter,TB_CMOS,schematic/history_1/simulation/default/HSPICE/nominal/results testSuiteDir /home/itsupport/simulation/inverter,TB_CMOS,schematic/history_1/simulation/default/HSPICE/nominal databaseName /home/itsupport/simulation/inverter,TB_CMOS,schematic/history_1/simulation/default/HSPICE/nominal/resultsDatabase remoteRun {} testbenchId 1 saveImages true
[16:41:34.46] /o false
[16:46:35.59] /o saeInterBGSaeShell:  ::sa::_backgroundSaeShell::pingBack
[16:46:35.65] /i ::sa::_backgroundSaeShell::parentRunning
[16:46:35.66] /o 1777715195
[16:46:39.33] /m Information: Stopped sharing "Custom WaveView" license. (WAVEFORM-111)
[16:51:36.61] /o saeInterBGSaeShell:  ::sa::_backgroundSaeShell::pingBack
[16:51:36.64] /i ::sa::_backgroundSaeShell::parentRunning
[16:51:36.64] /o 1777715496
[16:56:37.63] /o saeInterBGSaeShell:  ::sa::_backgroundSaeShell::pingBack
[16:56:37.64] /i ::sa::_backgroundSaeShell::parentRunning
[16:56:37.64] /o 1777715797
[17:01:38.64] /o saeInterBGSaeShell:  ::sa::_backgroundSaeShell::pingBack
[17:01:38.74] /i ::sa::_backgroundSaeShell::parentRunning
[17:01:38.74] /o 1777716098
[17:06:39.66] /o saeInterBGSaeShell:  ::sa::_backgroundSaeShell::pingBack
[17:06:39.74] /i ::sa::_backgroundSaeShell::parentRunning
[17:06:39.74] /o 1777716399
[17:08:57.41] /i ::sa::_backgroundSaeShell::runScript /home/itsupport/simulation/inverter,TB_CMOS,schematic/history_1/simulation/default/HSPICE/parametric/.bg_measurement_script.tcl sa::_resultsDatabase::saeShellProcessingCompletedProc testSuiteName saeSession0 testbenchName default resultsDir /home/itsupport/simulation/inverter,TB_CMOS,schematic/history_1/simulation/default/HSPICE/parametric/results testSuiteDir /home/itsupport/simulation/inverter,TB_CMOS,schematic/history_1/simulation/default/HSPICE/parametric databaseName /home/itsupport/simulation/inverter,TB_CMOS,schematic/history_1/simulation/default/HSPICE/parametric/resultsDatabase remoteRun {} testbenchId 1 saveImages true
[17:08:57.65] /m Information: Started sharing "Custom WaveView" license. (WAVEFORM-110)
[17:08:57.89] /o saeInterBGSaeShell:  ::sa::_backgroundSaeShell::scriptFinished 0.4 {} sa::_resultsDatabase::saeShellProcessingCompletedProc testSuiteName saeSession0 testbenchName default resultsDir /home/itsupport/simulation/inverter,TB_CMOS,schematic/history_1/simulation/default/HSPICE/parametric/results testSuiteDir /home/itsupport/simulation/inverter,TB_CMOS,schematic/history_1/simulation/default/HSPICE/parametric databaseName /home/itsupport/simulation/inverter,TB_CMOS,schematic/history_1/simulation/default/HSPICE/parametric/resultsDatabase remoteRun {} testbenchId 1 saveImages true
[17:08:57.89] /o false
[17:09:07.95] /i ::wf::viewerExited
[17:09:19.03] /i ::sa::_backgroundSaeShell::runScript /home/itsupport/simulation/inverter,TB_CMOS,schematic/history_1/simulation/default/HSPICE/parametric/.bg_measurement_script.tcl sa::_resultsDatabase::saeShellProcessingCompletedProc testSuiteName saeSession0 testbenchName default resultsDir /home/itsupport/simulation/inverter,TB_CMOS,schematic/history_1/simulation/default/HSPICE/parametric/results testSuiteDir /home/itsupport/simulation/inverter,TB_CMOS,schematic/history_1/simulation/default/HSPICE/parametric databaseName /home/itsupport/simulation/inverter,TB_CMOS,schematic/history_1/simulation/default/HSPICE/parametric/resultsDatabase remoteRun {} testbenchId 1 saveImages true
[17:09:19.53] /o saeInterBGSaeShell:  ::sa::_backgroundSaeShell::scriptFinished 0.4 {} sa::_resultsDatabase::saeShellProcessingCompletedProc testSuiteName saeSession0 testbenchName default resultsDir /home/itsupport/simulation/inverter,TB_CMOS,schematic/history_1/simulation/default/HSPICE/parametric/results testSuiteDir /home/itsupport/simulation/inverter,TB_CMOS,schematic/history_1/simulation/default/HSPICE/parametric databaseName /home/itsupport/simulation/inverter,TB_CMOS,schematic/history_1/simulation/default/HSPICE/parametric/resultsDatabase remoteRun {} testbenchId 1 saveImages true
[17:09:19.53] /o false
[17:11:25.65] /i ::wf::viewerExited
[17:11:31.15] /i ::sa::_backgroundSaeShell::runScript /home/itsupport/simulation/inverter,TB_CMOS,schematic/history_1/simulation/default/HSPICE/parametric/.bg_measurement_script.tcl sa::_resultsDatabase::saeShellProcessingCompletedProc testSuiteName saeSession0 testbenchName default resultsDir /home/itsupport/simulation/inverter,TB_CMOS,schematic/history_1/simulation/default/HSPICE/parametric/results testSuiteDir /home/itsupport/simulation/inverter,TB_CMOS,schematic/history_1/simulation/default/HSPICE/parametric databaseName /home/itsupport/simulation/inverter,TB_CMOS,schematic/history_1/simulation/default/HSPICE/parametric/resultsDatabase remoteRun {} testbenchId 1 saveImages true
[17:11:31.71] /o saeInterBGSaeShell:  ::sa::_backgroundSaeShell::scriptFinished 0.5 {} sa::_resultsDatabase::saeShellProcessingCompletedProc testSuiteName saeSession0 testbenchName default resultsDir /home/itsupport/simulation/inverter,TB_CMOS,schematic/history_1/simulation/default/HSPICE/parametric/results testSuiteDir /home/itsupport/simulation/inverter,TB_CMOS,schematic/history_1/simulation/default/HSPICE/parametric databaseName /home/itsupport/simulation/inverter,TB_CMOS,schematic/history_1/simulation/default/HSPICE/parametric/resultsDatabase remoteRun {} testbenchId 1 saveImages true
[17:11:31.71] /o false
[17:16:32.68] /o saeInterBGSaeShell:  ::sa::_backgroundSaeShell::pingBack
[17:16:32.74] /i ::sa::_backgroundSaeShell::parentRunning
[17:16:32.74] /o 1777716992
[17:16:36.33] /m Information: Stopped sharing "Custom WaveView" license. (WAVEFORM-111)
[17:21:33.70] /o saeInterBGSaeShell:  ::sa::_backgroundSaeShell::pingBack
[17:21:33.74] /i ::sa::_backgroundSaeShell::parentRunning
[17:21:33.74] /o 1777717293
[17:26:34.70] /o saeInterBGSaeShell:  ::sa::_backgroundSaeShell::pingBack
[17:26:34.76] /i ::sa::_backgroundSaeShell::parentRunning
[17:26:34.76] /o 1777717594
[17:31:35.70] /o saeInterBGSaeShell:  ::sa::_backgroundSaeShell::pingBack
[17:31:35.74] /i ::sa::_backgroundSaeShell::parentRunning
[17:31:35.74] /o 1777717895
[17:33:36.55] /i ::wf::viewerExited
[17:34:01.84] /i ::sa::_backgroundSaeShell::runScript /home/itsupport/simulation/inverter,TB_CMOS,schematic/history_1/simulation/default/HSPICE/parametric/.bg_measurement_script.tcl sa::_resultsDatabase::saeShellProcessingCompletedProc testSuiteName saeSession0 testbenchName default resultsDir /home/itsupport/simulation/inverter,TB_CMOS,schematic/history_1/simulation/default/HSPICE/parametric/results testSuiteDir /home/itsupport/simulation/inverter,TB_CMOS,schematic/history_1/simulation/default/HSPICE/parametric databaseName /home/itsupport/simulation/inverter,TB_CMOS,schematic/history_1/simulation/default/HSPICE/parametric/resultsDatabase remoteRun {} testbenchId 1 saveImages true
[17:34:02.03] /m Information: Started sharing "Custom WaveView" license. (WAVEFORM-110)
[17:34:02.29] /o saeInterBGSaeShell:  ::sa::_backgroundSaeShell::scriptFinished 0.4 {} sa::_resultsDatabase::saeShellProcessingCompletedProc testSuiteName saeSession0 testbenchName default resultsDir /home/itsupport/simulation/inverter,TB_CMOS,schematic/history_1/simulation/default/HSPICE/parametric/results testSuiteDir /home/itsupport/simulation/inverter,TB_CMOS,schematic/history_1/simulation/default/HSPICE/parametric databaseName /home/itsupport/simulation/inverter,TB_CMOS,schematic/history_1/simulation/default/HSPICE/parametric/resultsDatabase remoteRun {} testbenchId 1 saveImages true
[17:34:02.29] /o false
[17:39:03.74] /o saeInterBGSaeShell:  ::sa::_backgroundSaeShell::pingBack
[17:39:03.85] /i ::sa::_backgroundSaeShell::parentRunning
[17:39:03.85] /o 1777718343
[17:39:07.33] /m Information: Stopped sharing "Custom WaveView" license. (WAVEFORM-111)
[17:39:32.04] /i ::wf::viewerExited
[17:39:46.55] /i ::sa::_backgroundSaeShell::runScript /home/itsupport/simulation/inverter,TB_CMOS,schematic/history_1/simulation/default/HSPICE/parametric/.bg_measurement_script.tcl sa::_resultsDatabase::saeShellProcessingCompletedProc testSuiteName saeSession0 testbenchName default resultsDir /home/itsupport/simulation/inverter,TB_CMOS,schematic/history_1/simulation/default/HSPICE/parametric/results testSuiteDir /home/itsupport/simulation/inverter,TB_CMOS,schematic/history_1/simulation/default/HSPICE/parametric databaseName /home/itsupport/simulation/inverter,TB_CMOS,schematic/history_1/simulation/default/HSPICE/parametric/resultsDatabase remoteRun {} testbenchId 1 saveImages true
[17:39:46.73] /m Information: Started sharing "Custom WaveView" license. (WAVEFORM-110)
[17:39:46.99] /o saeInterBGSaeShell:  ::sa::_backgroundSaeShell::scriptFinished 0.4 {} sa::_resultsDatabase::saeShellProcessingCompletedProc testSuiteName saeSession0 testbenchName default resultsDir /home/itsupport/simulation/inverter,TB_CMOS,schematic/history_1/simulation/default/HSPICE/parametric/results testSuiteDir /home/itsupport/simulation/inverter,TB_CMOS,schematic/history_1/simulation/default/HSPICE/parametric databaseName /home/itsupport/simulation/inverter,TB_CMOS,schematic/history_1/simulation/default/HSPICE/parametric/resultsDatabase remoteRun {} testbenchId 1 saveImages true
[17:39:46.99] /o false
[17:43:41.14] /i ::wf::viewerExited
[17:44:11.96] /i ::sa::_backgroundSaeShell::runScript /home/itsupport/simulation/inverter,TB_CMOS,schematic/history_1/simulation/default/HSPICE/parametric/.bg_measurement_script.tcl sa::_resultsDatabase::saeShellProcessingCompletedProc testSuiteName saeSession0 testbenchName default resultsDir /home/itsupport/simulation/inverter,TB_CMOS,schematic/history_1/simulation/default/HSPICE/parametric/results testSuiteDir /home/itsupport/simulation/inverter,TB_CMOS,schematic/history_1/simulation/default/HSPICE/parametric databaseName /home/itsupport/simulation/inverter,TB_CMOS,schematic/history_1/simulation/default/HSPICE/parametric/resultsDatabase remoteRun {} testbenchId 1 saveImages true
[17:44:12.51] /o saeInterBGSaeShell:  ::sa::_backgroundSaeShell::scriptFinished 0.5 {} sa::_resultsDatabase::saeShellProcessingCompletedProc testSuiteName saeSession0 testbenchName default resultsDir /home/itsupport/simulation/inverter,TB_CMOS,schematic/history_1/simulation/default/HSPICE/parametric/results testSuiteDir /home/itsupport/simulation/inverter,TB_CMOS,schematic/history_1/simulation/default/HSPICE/parametric databaseName /home/itsupport/simulation/inverter,TB_CMOS,schematic/history_1/simulation/default/HSPICE/parametric/resultsDatabase remoteRun {} testbenchId 1 saveImages true
[17:44:12.51] /o false
[17:49:13.79] /o saeInterBGSaeShell:  ::sa::_backgroundSaeShell::pingBack
[17:49:13.84] /i ::sa::_backgroundSaeShell::parentRunning
[17:49:13.84] /o 1777718953
[17:49:17.34] /m Information: Stopped sharing "Custom WaveView" license. (WAVEFORM-111)
[17:51:39.65] /i ::wf::viewerExited
[17:54:14.81] /o saeInterBGSaeShell:  ::sa::_backgroundSaeShell::pingBack
[17:54:14.84] /i ::sa::_backgroundSaeShell::parentRunning
[17:54:14.84] /o 1777719254
[17:59:15.81] /o saeInterBGSaeShell:  ::sa::_backgroundSaeShell::pingBack
[17:59:15.84] /i ::sa::_backgroundSaeShell::parentRunning
[17:59:15.84] /o 1777719555
[18:04:16.82] /o saeInterBGSaeShell:  ::sa::_backgroundSaeShell::pingBack
[18:04:16.85] /i ::sa::_backgroundSaeShell::parentRunning
[18:04:16.85] /o 1777719856
[18:09:17.82] /o saeInterBGSaeShell:  ::sa::_backgroundSaeShell::pingBack
[18:09:17.84] /i ::sa::_backgroundSaeShell::parentRunning
[18:09:17.84] /o 1777720157
[18:14:18.84] /o saeInterBGSaeShell:  ::sa::_backgroundSaeShell::pingBack
[18:14:18.95] /i ::sa::_backgroundSaeShell::parentRunning
[18:14:18.95] /o 1777720458
[18:19:19.89] /o saeInterBGSaeShell:  ::sa::_backgroundSaeShell::pingBack
[18:19:19.94] /i ::sa::_backgroundSaeShell::parentRunning
[18:19:19.94] /o 1777720759
[18:24:20.90] /o saeInterBGSaeShell:  ::sa::_backgroundSaeShell::pingBack
[18:24:20.94] /i ::sa::_backgroundSaeShell::parentRunning
[18:24:20.94] /o 1777721060
[18:29:22.11] /o saeInterBGSaeShell:  ::sa::_backgroundSaeShell::pingBack
[18:29:22.22] /i ::sa::_backgroundSaeShell::parentRunning
[18:29:22.22] /o 1777721362
[18:34:23.12] /o saeInterBGSaeShell:  ::sa::_backgroundSaeShell::pingBack
[18:34:23.15] /i ::sa::_backgroundSaeShell::parentRunning
[18:34:23.15] /o 1777721663
[18:39:24.14] /o saeInterBGSaeShell:  ::sa::_backgroundSaeShell::pingBack
[18:39:24.24] /i ::sa::_backgroundSaeShell::parentRunning
[18:39:24.24] /o 1777721964
[18:44:25.15] /o saeInterBGSaeShell:  ::sa::_backgroundSaeShell::pingBack
[18:44:25.24] /i ::sa::_backgroundSaeShell::parentRunning
[18:44:25.24] /o 1777722265
[18:46:28.65] /i ::sa::_backgroundSaeShell::exit
[18:46:28.65] /o saeInterBGSaeShell:  ::sa::_backgroundSaeShell::childFormallyExiting
