[18:45:09.08] /m Information: License 'SAE' checked out. (LICENSE-003)
[18:45:10.32] /o sae_shell Version Custom Compiler N-2017.12-SP1-2
              /c Build  (OPT) compiled on Wed May 16 15:20:56 2018 for RHEL64 6.6
              /c Execution time: Sat May 23 18:45:07 2026
              /c Host: localhost.localdomain
              /c 
              /c Copyright © 2004-2018 Synopsys, Inc.
              /c This software and the associated documentation are proprietary to Synopsys, Inc. This software may only be used in accordance with the terms and conditions of a written license agreement with Synopsys, Inc. All other use, reproduction, or distribution of this software is strictly prohibited.
              /c 
              /c 
[18:45:10.33] /w Warning: Preference 'leActiveLPP' is deprecated and scheduled for removal in a future release with no replacement. For migration assistance, see the Custom Compiler Tcl Reference Manual. (PREFERENCE-058)
[18:45:10.34] /o 	#######################################
[18:45:10.34] /o 	PDK Library Name	: reference90RF
[18:45:10.34] /o 	PDK Version		: 2.0
[18:45:10.34] /o 	PDK Release Date	: 25-March-2010 
[18:45:10.34] /o 	#######################################
[18:45:10.34] /o 
[18:45:10.34] /i ::sa::_backgroundSaeShell::signalProcessReady 1779536707
[18:45:10.34] /o saeInterBGSaeShell:  ::sa::_backgroundSaeShell::processReady 3
[18:50:11.36] /o saeInterBGSaeShell:  ::sa::_backgroundSaeShell::pingBack
[18:50:11.42] /i ::sa::_backgroundSaeShell::parentRunning
[18:50:11.43] /o 1779537011
[18:55:12.38] /o saeInterBGSaeShell:  ::sa::_backgroundSaeShell::pingBack
[18:55:12.42] /i ::sa::_backgroundSaeShell::parentRunning
[18:55:12.42] /o 1779537312
[19:00:13.39] /o saeInterBGSaeShell:  ::sa::_backgroundSaeShell::pingBack
[19:00:13.41] /i ::sa::_backgroundSaeShell::parentRunning
[19:00:13.41] /o 1779537613
[19:05:14.40] /o saeInterBGSaeShell:  ::sa::_backgroundSaeShell::pingBack
[19:05:14.42] /i ::sa::_backgroundSaeShell::parentRunning
[19:05:14.42] /o 1779537914
[19:10:15.40] /o saeInterBGSaeShell:  ::sa::_backgroundSaeShell::pingBack
[19:10:15.41] /i ::sa::_backgroundSaeShell::parentRunning
[19:10:15.41] /o 1779538215
[19:12:20.17] /o Process killed
              /c Information: The process was terminated by "Termination" signal.
              /c signal number = 15
              /c Stack Dump: VERSION N-2017.12-SP1-2 CONFIG 4182185 DATE Sat May 23 18:45:07 2026
              /c Frame 0. /lib64/libc.so.6 ::0x7fe66e5b5400 + 0x40
              /c Frame 1. libc.so.6: __poll + 0x24
              /c Frame 2. /lib64/libglib-2.0.so.0 ::0x7fe6821513fc + 0x43c
              /c Frame 3. libglib-2.0.so.0: g_main_context_iteration + 0x2c
              /c Frame 4. QEventDispatcherGlib::processEvents(QFlags<QEventLoop::ProcessEventsFlag>) + 0x6a
              /c Frame 5. QEventLoop::exec(QFlags<QEventLoop::ProcessEventsFlag>) + 0xea
              /c Frame 6. QCoreApplication::exec() + 0x8d
              /c Frame 7. 0x113b243 SNPSee_3cb5a937433b5647dfd0ba220bc88c363f9edc9e424f5618e629fa54920aaa2d42181fc4e419a971bdba91f3b1089c26 + 0xa3
              /c Frame 8. sae_shell: main + 0x6b
              /c Frame 9. libc.so.6: __libc_start_main + 0xf5
              /c Frame 10. /usr/synopsys/customcompiler/N-2017.12-SP1-2/linux64/platform/bin/sae_shell ::0x11306a5 + 0x29
              /c 
[19:12:20.23] /e Error: The application was unexpectedly terminated.
              /c See the session log file for recovery details. (SHUT_DOWN-001)
