[07:13:40.12] /m Information: License 'SAE' checked out. (LICENSE-003)
[07:13:41.57] /o sae_shell Version Custom Compiler N-2017.12-SP1-2
              /c Build  (OPT) compiled on Wed May 16 15:20:56 2018 for RHEL64 6.6
              /c Execution time: Wed May 20 07:13:38 2026
              /c Host: localhost.localdomain
              /c 
              /c Copyright © 2004-2018 Synopsys, Inc.
              /c This software and the associated documentation are proprietary to Synopsys, Inc. This software may only be used in accordance with the terms and conditions of a written license agreement with Synopsys, Inc. All other use, reproduction, or distribution of this software is strictly prohibited.
              /c 
              /c 
[07:13:41.58] /w Warning: Preference 'leActiveLPP' is deprecated and scheduled for removal in a future release with no replacement. For migration assistance, see the Custom Compiler Tcl Reference Manual. (PREFERENCE-058)
[07:13:41.59] /o 	#######################################
[07:13:41.59] /o 	PDK Library Name	: reference90RF
[07:13:41.59] /o 	PDK Version		: 2.0
[07:13:41.59] /o 	PDK Release Date	: 25-March-2010 
[07:13:41.59] /o 	#######################################
[07:13:41.59] /o 
[07:13:41.59] /i ::sa::_backgroundSaeShell::signalProcessReady 1779236018
[07:13:41.59] /o saeInterBGSaeShell:  ::sa::_backgroundSaeShell::processReady 3
[07:18:42.60] /o saeInterBGSaeShell:  ::sa::_backgroundSaeShell::pingBack
[07:18:42.63] /i ::sa::_backgroundSaeShell::parentRunning
[07:18:42.63] /o 1779236322
[07:23:43.61] /o saeInterBGSaeShell:  ::sa::_backgroundSaeShell::pingBack
[07:23:43.63] /i ::sa::_backgroundSaeShell::parentRunning
[07:23:43.63] /o 1779236623
[07:26:35.44] /i ::sa::_backgroundSaeShell::exit
[07:26:35.44] /o saeInterBGSaeShell:  ::sa::_backgroundSaeShell::childFormallyExiting
