[23:55:10.39] /m Information: License 'SAE' checked out. (LICENSE-003)
[23:55:11.71] /o sae_shell Version Custom Compiler N-2017.12-SP1-2
              /c Build  (OPT) compiled on Wed May 16 15:20:56 2018 for RHEL64 6.6
              /c Execution time: Thu May 21 23:55:09 2026
              /c Host: localhost.localdomain
              /c 
              /c Copyright © 2004-2018 Synopsys, Inc.
              /c This software and the associated documentation are proprietary to Synopsys, Inc. This software may only be used in accordance with the terms and conditions of a written license agreement with Synopsys, Inc. All other use, reproduction, or distribution of this software is strictly prohibited.
              /c 
              /c 
[23:55:11.72] /w Warning: Preference 'leActiveLPP' is deprecated and scheduled for removal in a future release with no replacement. For migration assistance, see the Custom Compiler Tcl Reference Manual. (PREFERENCE-058)
[23:55:11.73] /o 	#######################################
[23:55:11.73] /o 	PDK Library Name	: reference90RF
[23:55:11.73] /o 	PDK Version		: 2.0
[23:55:11.73] /o 	PDK Release Date	: 25-March-2010 
[23:55:11.73] /o 	#######################################
[23:55:11.73] /o 
[23:55:11.73] /i ::sa::_backgroundSaeShell::signalProcessReady 1779382508
[23:55:11.73] /o saeInterBGSaeShell:  ::sa::_backgroundSaeShell::processReady 3
[23:56:02.82] /i ::sa::_backgroundSaeShell::runScript /home/itsupport/simulation/project_d_ff,D_FF_tb,schematic/history_1/simulation/HSPICE_tb_d_latch/HSPICE/nominal/.bg_measurement_script.tcl sa::_resultsDatabase::saeShellProcessingCompletedProc testSuiteName saeSession4 testbenchName HSPICE_tb_d_latch resultsDir /home/itsupport/simulation/project_d_ff,D_FF_tb,schematic/history_1/simulation/HSPICE_tb_d_latch/HSPICE/nominal/results testSuiteDir /home/itsupport/simulation/project_d_ff,D_FF_tb,schematic/history_1/simulation/HSPICE_tb_d_latch/HSPICE/nominal databaseName /home/itsupport/simulation/project_d_ff,D_FF_tb,schematic/history_1/simulation/HSPICE_tb_d_latch/HSPICE/nominal/resultsDatabase remoteRun {} testbenchId 1 saveImages true
[23:56:03.09] /o saeInterBGSaeShell:  ::sa::_backgroundSaeShell::scriptFinished 0.2 {} sa::_resultsDatabase::saeShellProcessingCompletedProc testSuiteName saeSession4 testbenchName HSPICE_tb_d_latch resultsDir /home/itsupport/simulation/project_d_ff,D_FF_tb,schematic/history_1/simulation/HSPICE_tb_d_latch/HSPICE/nominal/results testSuiteDir /home/itsupport/simulation/project_d_ff,D_FF_tb,schematic/history_1/simulation/HSPICE_tb_d_latch/HSPICE/nominal databaseName /home/itsupport/simulation/project_d_ff,D_FF_tb,schematic/history_1/simulation/HSPICE_tb_d_latch/HSPICE/nominal/resultsDatabase remoteRun {} testbenchId 1 saveImages true
[23:56:03.09] /o false
[23:56:25.65] /i ::sa::_backgroundSaeShell::runScript /home/itsupport/simulation/project_d_ff,D_FF_tb,schematic/history_1/simulation/HSPICE_tb_d_latch/HSPICE/nominal/.bg_measurement_script.tcl sa::_resultsDatabase::saeShellProcessingCompletedProc testSuiteName saeSession4 testbenchName HSPICE_tb_d_latch resultsDir /home/itsupport/simulation/project_d_ff,D_FF_tb,schematic/history_1/simulation/HSPICE_tb_d_latch/HSPICE/nominal/results testSuiteDir /home/itsupport/simulation/project_d_ff,D_FF_tb,schematic/history_1/simulation/HSPICE_tb_d_latch/HSPICE/nominal databaseName /home/itsupport/simulation/project_d_ff,D_FF_tb,schematic/history_1/simulation/HSPICE_tb_d_latch/HSPICE/nominal/resultsDatabase remoteRun {} testbenchId 1 saveImages true
[23:56:26.02] /m Information: Started sharing "Custom WaveView" license. (WAVEFORM-110)
[23:56:26.12] /o saeInterBGSaeShell:  ::sa::_backgroundSaeShell::scriptFinished 0.4 {} sa::_resultsDatabase::saeShellProcessingCompletedProc testSuiteName saeSession4 testbenchName HSPICE_tb_d_latch resultsDir /home/itsupport/simulation/project_d_ff,D_FF_tb,schematic/history_1/simulation/HSPICE_tb_d_latch/HSPICE/nominal/results testSuiteDir /home/itsupport/simulation/project_d_ff,D_FF_tb,schematic/history_1/simulation/HSPICE_tb_d_latch/HSPICE/nominal databaseName /home/itsupport/simulation/project_d_ff,D_FF_tb,schematic/history_1/simulation/HSPICE_tb_d_latch/HSPICE/nominal/resultsDatabase remoteRun {} testbenchId 1 saveImages true
[23:56:26.12] /o false
[23:56:48.55] /i ::wf::viewerExited
[23:57:45.25] /i ::sa::_backgroundSaeShell::runScript /home/itsupport/simulation/project_d_ff,D_FF_tb,schematic/history_1/simulation/HSPICE_tb_d_latch/HSPICE/nominal/.bg_measurement_script.tcl sa::_resultsDatabase::saeShellProcessingCompletedProc testSuiteName saeSession4 testbenchName HSPICE_tb_d_latch resultsDir /home/itsupport/simulation/project_d_ff,D_FF_tb,schematic/history_1/simulation/HSPICE_tb_d_latch/HSPICE/nominal/results testSuiteDir /home/itsupport/simulation/project_d_ff,D_FF_tb,schematic/history_1/simulation/HSPICE_tb_d_latch/HSPICE/nominal databaseName /home/itsupport/simulation/project_d_ff,D_FF_tb,schematic/history_1/simulation/HSPICE_tb_d_latch/HSPICE/nominal/resultsDatabase remoteRun {} testbenchId 1 saveImages true
[23:57:45.48] /o saeInterBGSaeShell:  ::sa::_backgroundSaeShell::scriptFinished 0.2 {} sa::_resultsDatabase::saeShellProcessingCompletedProc testSuiteName saeSession4 testbenchName HSPICE_tb_d_latch resultsDir /home/itsupport/simulation/project_d_ff,D_FF_tb,schematic/history_1/simulation/HSPICE_tb_d_latch/HSPICE/nominal/results testSuiteDir /home/itsupport/simulation/project_d_ff,D_FF_tb,schematic/history_1/simulation/HSPICE_tb_d_latch/HSPICE/nominal databaseName /home/itsupport/simulation/project_d_ff,D_FF_tb,schematic/history_1/simulation/HSPICE_tb_d_latch/HSPICE/nominal/resultsDatabase remoteRun {} testbenchId 1 saveImages true
[23:57:45.48] /o false
[00:00:09.97] /i ::sa::_backgroundSaeShell::runScript /home/itsupport/simulation/project_d_ff,D_FF_tb,schematic/history_1/simulation/HSPICE_tb_d_latch/HSPICE/nominal/.bg_measurement_script.tcl sa::_resultsDatabase::saeShellProcessingCompletedProc testSuiteName saeSession4 testbenchName HSPICE_tb_d_latch resultsDir /home/itsupport/simulation/project_d_ff,D_FF_tb,schematic/history_1/simulation/HSPICE_tb_d_latch/HSPICE/nominal/results testSuiteDir /home/itsupport/simulation/project_d_ff,D_FF_tb,schematic/history_1/simulation/HSPICE_tb_d_latch/HSPICE/nominal databaseName /home/itsupport/simulation/project_d_ff,D_FF_tb,schematic/history_1/simulation/HSPICE_tb_d_latch/HSPICE/nominal/resultsDatabase remoteRun {} testbenchId 1 saveImages true
[00:00:10.29] /o saeInterBGSaeShell:  ::sa::_backgroundSaeShell::scriptFinished 0.3 {} sa::_resultsDatabase::saeShellProcessingCompletedProc testSuiteName saeSession4 testbenchName HSPICE_tb_d_latch resultsDir /home/itsupport/simulation/project_d_ff,D_FF_tb,schematic/history_1/simulation/HSPICE_tb_d_latch/HSPICE/nominal/results testSuiteDir /home/itsupport/simulation/project_d_ff,D_FF_tb,schematic/history_1/simulation/HSPICE_tb_d_latch/HSPICE/nominal databaseName /home/itsupport/simulation/project_d_ff,D_FF_tb,schematic/history_1/simulation/HSPICE_tb_d_latch/HSPICE/nominal/resultsDatabase remoteRun {} testbenchId 1 saveImages true
[00:00:10.29] /o false
[00:04:54.86] /i ::sa::_backgroundSaeShell::runScript /home/itsupport/simulation/project_d_ff,D_FF_tb,schematic/history_1/simulation/HSPICE_tb_d_latch/HSPICE/nominal/.bg_measurement_script.tcl sa::_resultsDatabase::saeShellProcessingCompletedProc testSuiteName saeSession4 testbenchName HSPICE_tb_d_latch resultsDir /home/itsupport/simulation/project_d_ff,D_FF_tb,schematic/history_1/simulation/HSPICE_tb_d_latch/HSPICE/nominal/results testSuiteDir /home/itsupport/simulation/project_d_ff,D_FF_tb,schematic/history_1/simulation/HSPICE_tb_d_latch/HSPICE/nominal databaseName /home/itsupport/simulation/project_d_ff,D_FF_tb,schematic/history_1/simulation/HSPICE_tb_d_latch/HSPICE/nominal/resultsDatabase remoteRun {} testbenchId 1 saveImages true
[00:04:55.22] /o saeInterBGSaeShell:  ::sa::_backgroundSaeShell::scriptFinished 0.3 {} sa::_resultsDatabase::saeShellProcessingCompletedProc testSuiteName saeSession4 testbenchName HSPICE_tb_d_latch resultsDir /home/itsupport/simulation/project_d_ff,D_FF_tb,schematic/history_1/simulation/HSPICE_tb_d_latch/HSPICE/nominal/results testSuiteDir /home/itsupport/simulation/project_d_ff,D_FF_tb,schematic/history_1/simulation/HSPICE_tb_d_latch/HSPICE/nominal databaseName /home/itsupport/simulation/project_d_ff,D_FF_tb,schematic/history_1/simulation/HSPICE_tb_d_latch/HSPICE/nominal/resultsDatabase remoteRun {} testbenchId 1 saveImages true
[00:04:55.22] /o false
[00:05:09.46] /i ::wf::viewerExited
[00:05:34.80] /i ::sa::_backgroundSaeShell::runScript /home/itsupport/simulation/project_d_ff,D_FF_tb,schematic/history_1/simulation/HSPICE_tb_d_latch/HSPICE/nominal/.bg_measurement_script.tcl sa::_resultsDatabase::saeShellProcessingCompletedProc testSuiteName saeSession4 testbenchName HSPICE_tb_d_latch resultsDir /home/itsupport/simulation/project_d_ff,D_FF_tb,schematic/history_1/simulation/HSPICE_tb_d_latch/HSPICE/nominal/results testSuiteDir /home/itsupport/simulation/project_d_ff,D_FF_tb,schematic/history_1/simulation/HSPICE_tb_d_latch/HSPICE/nominal databaseName /home/itsupport/simulation/project_d_ff,D_FF_tb,schematic/history_1/simulation/HSPICE_tb_d_latch/HSPICE/nominal/resultsDatabase remoteRun {} testbenchId 1 saveImages true
[00:05:35.07] /o saeInterBGSaeShell:  ::sa::_backgroundSaeShell::scriptFinished 0.2 {} sa::_resultsDatabase::saeShellProcessingCompletedProc testSuiteName saeSession4 testbenchName HSPICE_tb_d_latch resultsDir /home/itsupport/simulation/project_d_ff,D_FF_tb,schematic/history_1/simulation/HSPICE_tb_d_latch/HSPICE/nominal/results testSuiteDir /home/itsupport/simulation/project_d_ff,D_FF_tb,schematic/history_1/simulation/HSPICE_tb_d_latch/HSPICE/nominal databaseName /home/itsupport/simulation/project_d_ff,D_FF_tb,schematic/history_1/simulation/HSPICE_tb_d_latch/HSPICE/nominal/resultsDatabase remoteRun {} testbenchId 1 saveImages true
[00:05:35.07] /o false
[00:06:36.56] /i ::wf::viewerExited
[00:08:07.46] /i ::sa::_backgroundSaeShell::runScript /home/itsupport/simulation/project_d_ff,D_FF_tb,schematic/history_1/simulation/HSPICE_tb_d_latch/HSPICE/nominal/.bg_measurement_script.tcl sa::_resultsDatabase::saeShellProcessingCompletedProc testSuiteName saeSession4 testbenchName HSPICE_tb_d_latch resultsDir /home/itsupport/simulation/project_d_ff,D_FF_tb,schematic/history_1/simulation/HSPICE_tb_d_latch/HSPICE/nominal/results testSuiteDir /home/itsupport/simulation/project_d_ff,D_FF_tb,schematic/history_1/simulation/HSPICE_tb_d_latch/HSPICE/nominal databaseName /home/itsupport/simulation/project_d_ff,D_FF_tb,schematic/history_1/simulation/HSPICE_tb_d_latch/HSPICE/nominal/resultsDatabase remoteRun {} testbenchId 1 saveImages true
[00:08:07.75] /o saeInterBGSaeShell:  ::sa::_backgroundSaeShell::scriptFinished 0.2 {} sa::_resultsDatabase::saeShellProcessingCompletedProc testSuiteName saeSession4 testbenchName HSPICE_tb_d_latch resultsDir /home/itsupport/simulation/project_d_ff,D_FF_tb,schematic/history_1/simulation/HSPICE_tb_d_latch/HSPICE/nominal/results testSuiteDir /home/itsupport/simulation/project_d_ff,D_FF_tb,schematic/history_1/simulation/HSPICE_tb_d_latch/HSPICE/nominal databaseName /home/itsupport/simulation/project_d_ff,D_FF_tb,schematic/history_1/simulation/HSPICE_tb_d_latch/HSPICE/nominal/resultsDatabase remoteRun {} testbenchId 1 saveImages true
[00:08:07.75] /o false
[00:10:24.65] /i ::sa::_backgroundSaeShell::runScript /home/itsupport/simulation/project_d_ff,D_FF_tb,schematic/history_1/simulation/HSPICE_tb_d_latch/HSPICE/nominal/.bg_measurement_script.tcl sa::_resultsDatabase::saeShellProcessingCompletedProc testSuiteName saeSession4 testbenchName HSPICE_tb_d_latch resultsDir /home/itsupport/simulation/project_d_ff,D_FF_tb,schematic/history_1/simulation/HSPICE_tb_d_latch/HSPICE/nominal/results testSuiteDir /home/itsupport/simulation/project_d_ff,D_FF_tb,schematic/history_1/simulation/HSPICE_tb_d_latch/HSPICE/nominal databaseName /home/itsupport/simulation/project_d_ff,D_FF_tb,schematic/history_1/simulation/HSPICE_tb_d_latch/HSPICE/nominal/resultsDatabase remoteRun {} testbenchId 1 saveImages true
[00:10:24.96] /o saeInterBGSaeShell:  ::sa::_backgroundSaeShell::scriptFinished 0.3 {} sa::_resultsDatabase::saeShellProcessingCompletedProc testSuiteName saeSession4 testbenchName HSPICE_tb_d_latch resultsDir /home/itsupport/simulation/project_d_ff,D_FF_tb,schematic/history_1/simulation/HSPICE_tb_d_latch/HSPICE/nominal/results testSuiteDir /home/itsupport/simulation/project_d_ff,D_FF_tb,schematic/history_1/simulation/HSPICE_tb_d_latch/HSPICE/nominal databaseName /home/itsupport/simulation/project_d_ff,D_FF_tb,schematic/history_1/simulation/HSPICE_tb_d_latch/HSPICE/nominal/resultsDatabase remoteRun {} testbenchId 1 saveImages true
[00:10:24.96] /o false
[00:15:25.78] /o saeInterBGSaeShell:  ::sa::_backgroundSaeShell::pingBack
[00:15:25.85] /i ::sa::_backgroundSaeShell::parentRunning
[00:15:25.85] /o 1779383725
[00:15:29.45] /m Information: Stopped sharing "Custom WaveView" license. (WAVEFORM-111)
[00:17:25.97] /i ::sa::_backgroundSaeShell::runScript /home/itsupport/simulation/project_d_ff,D_FF_tb,schematic/history_1/simulation/HSPICE_tb_d_latch/HSPICE/nominal/.bg_measurement_script.tcl sa::_resultsDatabase::saeShellProcessingCompletedProc testSuiteName saeSession4 testbenchName HSPICE_tb_d_latch resultsDir /home/itsupport/simulation/project_d_ff,D_FF_tb,schematic/history_1/simulation/HSPICE_tb_d_latch/HSPICE/nominal/results testSuiteDir /home/itsupport/simulation/project_d_ff,D_FF_tb,schematic/history_1/simulation/HSPICE_tb_d_latch/HSPICE/nominal databaseName /home/itsupport/simulation/project_d_ff,D_FF_tb,schematic/history_1/simulation/HSPICE_tb_d_latch/HSPICE/nominal/resultsDatabase remoteRun {} testbenchId 1 saveImages true
[00:17:26.16] /m Information: Started sharing "Custom WaveView" license. (WAVEFORM-110)
[00:17:26.29] /o saeInterBGSaeShell:  ::sa::_backgroundSaeShell::scriptFinished 0.3 {} sa::_resultsDatabase::saeShellProcessingCompletedProc testSuiteName saeSession4 testbenchName HSPICE_tb_d_latch resultsDir /home/itsupport/simulation/project_d_ff,D_FF_tb,schematic/history_1/simulation/HSPICE_tb_d_latch/HSPICE/nominal/results testSuiteDir /home/itsupport/simulation/project_d_ff,D_FF_tb,schematic/history_1/simulation/HSPICE_tb_d_latch/HSPICE/nominal databaseName /home/itsupport/simulation/project_d_ff,D_FF_tb,schematic/history_1/simulation/HSPICE_tb_d_latch/HSPICE/nominal/resultsDatabase remoteRun {} testbenchId 1 saveImages true
[00:17:26.29] /o false
[00:19:28.89] /i ::sa::_backgroundSaeShell::runScript /home/itsupport/simulation/project_d_ff,D_FF_tb,schematic/history_1/simulation/HSPICE_tb_d_latch/HSPICE/nominal/.bg_measurement_script.tcl sa::_resultsDatabase::saeShellProcessingCompletedProc testSuiteName saeSession4 testbenchName HSPICE_tb_d_latch resultsDir /home/itsupport/simulation/project_d_ff,D_FF_tb,schematic/history_1/simulation/HSPICE_tb_d_latch/HSPICE/nominal/results testSuiteDir /home/itsupport/simulation/project_d_ff,D_FF_tb,schematic/history_1/simulation/HSPICE_tb_d_latch/HSPICE/nominal databaseName /home/itsupport/simulation/project_d_ff,D_FF_tb,schematic/history_1/simulation/HSPICE_tb_d_latch/HSPICE/nominal/resultsDatabase remoteRun {} testbenchId 1 saveImages true
[00:19:29.23] /o saeInterBGSaeShell:  ::sa::_backgroundSaeShell::scriptFinished 0.3 {} sa::_resultsDatabase::saeShellProcessingCompletedProc testSuiteName saeSession4 testbenchName HSPICE_tb_d_latch resultsDir /home/itsupport/simulation/project_d_ff,D_FF_tb,schematic/history_1/simulation/HSPICE_tb_d_latch/HSPICE/nominal/results testSuiteDir /home/itsupport/simulation/project_d_ff,D_FF_tb,schematic/history_1/simulation/HSPICE_tb_d_latch/HSPICE/nominal databaseName /home/itsupport/simulation/project_d_ff,D_FF_tb,schematic/history_1/simulation/HSPICE_tb_d_latch/HSPICE/nominal/resultsDatabase remoteRun {} testbenchId 1 saveImages true
[00:19:29.23] /o false
[00:20:11.19] /i ::sa::_backgroundSaeShell::runScript /home/itsupport/simulation/project_d_ff,D_FF_tb,schematic/history_1/simulation/HSPICE_tb_d_latch/HSPICE/nominal/.bg_measurement_script.tcl sa::_resultsDatabase::saeShellProcessingCompletedProc testSuiteName saeSession4 testbenchName HSPICE_tb_d_latch resultsDir /home/itsupport/simulation/project_d_ff,D_FF_tb,schematic/history_1/simulation/HSPICE_tb_d_latch/HSPICE/nominal/results testSuiteDir /home/itsupport/simulation/project_d_ff,D_FF_tb,schematic/history_1/simulation/HSPICE_tb_d_latch/HSPICE/nominal databaseName /home/itsupport/simulation/project_d_ff,D_FF_tb,schematic/history_1/simulation/HSPICE_tb_d_latch/HSPICE/nominal/resultsDatabase remoteRun {} testbenchId 1 saveImages true
[00:20:11.52] /o saeInterBGSaeShell:  ::sa::_backgroundSaeShell::scriptFinished 0.3 {} sa::_resultsDatabase::saeShellProcessingCompletedProc testSuiteName saeSession4 testbenchName HSPICE_tb_d_latch resultsDir /home/itsupport/simulation/project_d_ff,D_FF_tb,schematic/history_1/simulation/HSPICE_tb_d_latch/HSPICE/nominal/results testSuiteDir /home/itsupport/simulation/project_d_ff,D_FF_tb,schematic/history_1/simulation/HSPICE_tb_d_latch/HSPICE/nominal databaseName /home/itsupport/simulation/project_d_ff,D_FF_tb,schematic/history_1/simulation/HSPICE_tb_d_latch/HSPICE/nominal/resultsDatabase remoteRun {} testbenchId 1 saveImages true
[00:20:11.52] /o false
[00:20:25.88] /i ::sa::_backgroundSaeShell::runScript /home/itsupport/simulation/project_d_ff,D_FF_tb,schematic/history_1/simulation/HSPICE_tb_d_latch/HSPICE/nominal/.bg_measurement_script.tcl sa::_resultsDatabase::saeShellProcessingCompletedProc testSuiteName saeSession4 testbenchName HSPICE_tb_d_latch resultsDir /home/itsupport/simulation/project_d_ff,D_FF_tb,schematic/history_1/simulation/HSPICE_tb_d_latch/HSPICE/nominal/results testSuiteDir /home/itsupport/simulation/project_d_ff,D_FF_tb,schematic/history_1/simulation/HSPICE_tb_d_latch/HSPICE/nominal databaseName /home/itsupport/simulation/project_d_ff,D_FF_tb,schematic/history_1/simulation/HSPICE_tb_d_latch/HSPICE/nominal/resultsDatabase remoteRun {} testbenchId 1 saveImages true
[00:20:26.20] /o saeInterBGSaeShell:  ::sa::_backgroundSaeShell::scriptFinished 0.3 {} sa::_resultsDatabase::saeShellProcessingCompletedProc testSuiteName saeSession4 testbenchName HSPICE_tb_d_latch resultsDir /home/itsupport/simulation/project_d_ff,D_FF_tb,schematic/history_1/simulation/HSPICE_tb_d_latch/HSPICE/nominal/results testSuiteDir /home/itsupport/simulation/project_d_ff,D_FF_tb,schematic/history_1/simulation/HSPICE_tb_d_latch/HSPICE/nominal databaseName /home/itsupport/simulation/project_d_ff,D_FF_tb,schematic/history_1/simulation/HSPICE_tb_d_latch/HSPICE/nominal/resultsDatabase remoteRun {} testbenchId 1 saveImages true
[00:20:26.20] /o false
[00:20:48.61] /i ::sa::_backgroundSaeShell::runScript /home/itsupport/simulation/project_d_ff,D_FF_tb,schematic/history_1/simulation/HSPICE_tb_d_latch/HSPICE/nominal/.bg_measurement_script.tcl sa::_resultsDatabase::saeShellProcessingCompletedProc testSuiteName saeSession4 testbenchName HSPICE_tb_d_latch resultsDir /home/itsupport/simulation/project_d_ff,D_FF_tb,schematic/history_1/simulation/HSPICE_tb_d_latch/HSPICE/nominal/results testSuiteDir /home/itsupport/simulation/project_d_ff,D_FF_tb,schematic/history_1/simulation/HSPICE_tb_d_latch/HSPICE/nominal databaseName /home/itsupport/simulation/project_d_ff,D_FF_tb,schematic/history_1/simulation/HSPICE_tb_d_latch/HSPICE/nominal/resultsDatabase remoteRun {} testbenchId 1 saveImages true
[00:20:48.96] /o saeInterBGSaeShell:  ::sa::_backgroundSaeShell::scriptFinished 0.3 {} sa::_resultsDatabase::saeShellProcessingCompletedProc testSuiteName saeSession4 testbenchName HSPICE_tb_d_latch resultsDir /home/itsupport/simulation/project_d_ff,D_FF_tb,schematic/history_1/simulation/HSPICE_tb_d_latch/HSPICE/nominal/results testSuiteDir /home/itsupport/simulation/project_d_ff,D_FF_tb,schematic/history_1/simulation/HSPICE_tb_d_latch/HSPICE/nominal databaseName /home/itsupport/simulation/project_d_ff,D_FF_tb,schematic/history_1/simulation/HSPICE_tb_d_latch/HSPICE/nominal/resultsDatabase remoteRun {} testbenchId 1 saveImages true
[00:20:48.96] /o false
[00:22:43.67] /i ::sa::_backgroundSaeShell::runScript /home/itsupport/simulation/project_d_ff,D_FF_tb,schematic/history_1/simulation/HSPICE_tb_d_latch/HSPICE/nominal/.bg_measurement_script.tcl sa::_resultsDatabase::saeShellProcessingCompletedProc testSuiteName saeSession4 testbenchName HSPICE_tb_d_latch resultsDir /home/itsupport/simulation/project_d_ff,D_FF_tb,schematic/history_1/simulation/HSPICE_tb_d_latch/HSPICE/nominal/results testSuiteDir /home/itsupport/simulation/project_d_ff,D_FF_tb,schematic/history_1/simulation/HSPICE_tb_d_latch/HSPICE/nominal databaseName /home/itsupport/simulation/project_d_ff,D_FF_tb,schematic/history_1/simulation/HSPICE_tb_d_latch/HSPICE/nominal/resultsDatabase remoteRun {} testbenchId 1 saveImages true
[00:22:44.01] /o saeInterBGSaeShell:  ::sa::_backgroundSaeShell::scriptFinished 0.3 {} sa::_resultsDatabase::saeShellProcessingCompletedProc testSuiteName saeSession4 testbenchName HSPICE_tb_d_latch resultsDir /home/itsupport/simulation/project_d_ff,D_FF_tb,schematic/history_1/simulation/HSPICE_tb_d_latch/HSPICE/nominal/results testSuiteDir /home/itsupport/simulation/project_d_ff,D_FF_tb,schematic/history_1/simulation/HSPICE_tb_d_latch/HSPICE/nominal databaseName /home/itsupport/simulation/project_d_ff,D_FF_tb,schematic/history_1/simulation/HSPICE_tb_d_latch/HSPICE/nominal/resultsDatabase remoteRun {} testbenchId 1 saveImages true
[00:22:44.01] /o false
[00:27:45.79] /o saeInterBGSaeShell:  ::sa::_backgroundSaeShell::pingBack
[00:27:45.85] /i ::sa::_backgroundSaeShell::parentRunning
[00:27:45.85] /o 1779384465
[00:27:48.45] /m Information: Stopped sharing "Custom WaveView" license. (WAVEFORM-111)
