[05:07:48.19] /m Information: License 'SAE' checked out. (LICENSE-003)
[05:07:49.15] /o sae_shell Version Custom Compiler N-2017.12-SP1-2
              /c Build  (OPT) compiled on Wed May 16 15:20:56 2018 for RHEL64 6.6
              /c Execution time: Wed May 20 05:07:47 2026
              /c Host: localhost.localdomain
              /c 
              /c Copyright © 2004-2018 Synopsys, Inc.
              /c This software and the associated documentation are proprietary to Synopsys, Inc. This software may only be used in accordance with the terms and conditions of a written license agreement with Synopsys, Inc. All other use, reproduction, or distribution of this software is strictly prohibited.
              /c 
              /c 
[05:07:49.15] /w Warning: Preference 'leActiveLPP' is deprecated and scheduled for removal in a future release with no replacement. For migration assistance, see the Custom Compiler Tcl Reference Manual. (PREFERENCE-058)
[05:07:49.16] /o 	#######################################
[05:07:49.16] /o 	PDK Library Name	: reference90RF
[05:07:49.16] /o 	PDK Version		: 2.0
[05:07:49.16] /o 	PDK Release Date	: 25-March-2010 
[05:07:49.16] /o 	#######################################
[05:07:49.16] /o 
[05:07:49.16] /i ::sa::_backgroundSaeShell::signalProcessReady 1779228467
[05:07:49.16] /o saeInterBGSaeShell:  ::sa::_backgroundSaeShell::processReady 2
[05:07:58.69] /i ::sa::_backgroundSaeShell::runScript /home/itsupport/simulation/inverter,FA_1bit_tb,schematic/history_1/simulation/HSPICE_default/HSPICE/nominal/.bg_measurement_script.tcl sa::_resultsDatabase::saeShellProcessingCompletedProc testSuiteName saeSession3 testbenchName HSPICE_default resultsDir /home/itsupport/simulation/inverter,FA_1bit_tb,schematic/history_1/simulation/HSPICE_default/HSPICE/nominal/results testSuiteDir /home/itsupport/simulation/inverter,FA_1bit_tb,schematic/history_1/simulation/HSPICE_default/HSPICE/nominal databaseName /home/itsupport/simulation/inverter,FA_1bit_tb,schematic/history_1/simulation/HSPICE_default/HSPICE/nominal/resultsDatabase remoteRun {} testbenchId 1 saveImages true
[05:07:58.94] /m Information: Started sharing "Custom WaveView" license. (WAVEFORM-110)
[05:07:59.04] /o saeInterBGSaeShell:  ::sa::_backgroundSaeShell::scriptFinished 0.3 {} sa::_resultsDatabase::saeShellProcessingCompletedProc testSuiteName saeSession3 testbenchName HSPICE_default resultsDir /home/itsupport/simulation/inverter,FA_1bit_tb,schematic/history_1/simulation/HSPICE_default/HSPICE/nominal/results testSuiteDir /home/itsupport/simulation/inverter,FA_1bit_tb,schematic/history_1/simulation/HSPICE_default/HSPICE/nominal databaseName /home/itsupport/simulation/inverter,FA_1bit_tb,schematic/history_1/simulation/HSPICE_default/HSPICE/nominal/resultsDatabase remoteRun {} testbenchId 1 saveImages true
[05:07:59.04] /o false
[05:08:13.02] /i ::wf::viewerExited
[05:08:22.71] /i ::sa::_backgroundSaeShell::runScript /home/itsupport/simulation/inverter,FA_1bit_tb,schematic/history_1/simulation/HSPICE_default/HSPICE/nominal/.bg_measurement_script.tcl sa::_resultsDatabase::saeShellProcessingCompletedProc testSuiteName saeSession3 testbenchName HSPICE_default resultsDir /home/itsupport/simulation/inverter,FA_1bit_tb,schematic/history_1/simulation/HSPICE_default/HSPICE/nominal/results testSuiteDir /home/itsupport/simulation/inverter,FA_1bit_tb,schematic/history_1/simulation/HSPICE_default/HSPICE/nominal databaseName /home/itsupport/simulation/inverter,FA_1bit_tb,schematic/history_1/simulation/HSPICE_default/HSPICE/nominal/resultsDatabase remoteRun {} testbenchId 1 saveImages true
[05:08:22.97] /o saeInterBGSaeShell:  ::sa::_backgroundSaeShell::scriptFinished 0.2 {} sa::_resultsDatabase::saeShellProcessingCompletedProc testSuiteName saeSession3 testbenchName HSPICE_default resultsDir /home/itsupport/simulation/inverter,FA_1bit_tb,schematic/history_1/simulation/HSPICE_default/HSPICE/nominal/results testSuiteDir /home/itsupport/simulation/inverter,FA_1bit_tb,schematic/history_1/simulation/HSPICE_default/HSPICE/nominal databaseName /home/itsupport/simulation/inverter,FA_1bit_tb,schematic/history_1/simulation/HSPICE_default/HSPICE/nominal/resultsDatabase remoteRun {} testbenchId 1 saveImages true
[05:08:22.97] /o false
[05:13:23.17] /o saeInterBGSaeShell:  ::sa::_backgroundSaeShell::pingBack
[05:13:23.22] /i ::sa::_backgroundSaeShell::parentRunning
[05:13:23.22] /o 1779228803
[05:13:27.81] /m Information: Stopped sharing "Custom WaveView" license. (WAVEFORM-111)
[05:15:54.63] /i ::wf::viewerExited
