[18:21:59.30] /m Information: License 'SAE' checked out. (LICENSE-003)
[18:22:00.69] /o sae_shell Version Custom Compiler N-2017.12-SP1-2
              /c Build  (OPT) compiled on Wed May 16 15:20:56 2018 for RHEL64 6.6
              /c Execution time: Tue May 19 18:21:58 2026
              /c Host: localhost.localdomain
              /c 
              /c Copyright © 2004-2018 Synopsys, Inc.
              /c This software and the associated documentation are proprietary to Synopsys, Inc. This software may only be used in accordance with the terms and conditions of a written license agreement with Synopsys, Inc. All other use, reproduction, or distribution of this software is strictly prohibited.
              /c 
              /c 
[18:22:00.70] /w Warning: Preference 'leActiveLPP' is deprecated and scheduled for removal in a future release with no replacement. For migration assistance, see the Custom Compiler Tcl Reference Manual. (PREFERENCE-058)
[18:22:00.71] /o 	#######################################
[18:22:00.71] /o 	PDK Library Name	: reference90RF
[18:22:00.71] /o 	PDK Version		: 2.0
[18:22:00.71] /o 	PDK Release Date	: 25-March-2010 
[18:22:00.71] /o 	#######################################
[18:22:00.71] /o 
[18:22:00.71] /i ::sa::_backgroundSaeShell::signalProcessReady 1779189717
[18:22:00.71] /o saeInterBGSaeShell:  ::sa::_backgroundSaeShell::processReady 3
[18:22:11.85] /i ::wf::viewerExited
[18:26:53.15] /i ::wf::viewerExited
[18:27:00.89] /i ::sa::_backgroundSaeShell::exit
[18:27:00.89] /o saeInterBGSaeShell:  ::sa::_backgroundSaeShell::childFormallyExiting
