[16:18:34.97] /m Information: License 'SAE' checked out. (LICENSE-003)
[16:18:36.29] /o sae_shell Version Custom Compiler N-2017.12-SP1-2
              /c Build  (OPT) compiled on Wed May 16 15:20:56 2018 for RHEL64 6.6
              /c Execution time: Tue May  5 16:18:34 2026
              /c Host: localhost.localdomain
              /c 
              /c Copyright © 2004-2018 Synopsys, Inc.
              /c This software and the associated documentation are proprietary to Synopsys, Inc. This software may only be used in accordance with the terms and conditions of a written license agreement with Synopsys, Inc. All other use, reproduction, or distribution of this software is strictly prohibited.
              /c 
              /c 
[16:18:36.30] /w Warning: Preference 'leActiveLPP' is deprecated and scheduled for removal in a future release with no replacement. For migration assistance, see the Custom Compiler Tcl Reference Manual. (PREFERENCE-058)
[16:18:36.30] /o 	#######################################
[16:18:36.30] /o 	PDK Library Name	: reference90RF
[16:18:36.30] /o 	PDK Version		: 2.0
[16:18:36.30] /o 	PDK Release Date	: 25-March-2010 
[16:18:36.30] /o 	#######################################
[16:18:36.30] /o 
[16:18:36.31] /i ::sa::_backgroundSaeShell::signalProcessReady 1777972713
[16:18:36.31] /o saeInterBGSaeShell:  ::sa::_backgroundSaeShell::processReady 3
[16:21:53.01] /i ::wf::viewerExited
[16:22:24.80] /i ::wf::viewerExited
[16:23:08.60] /i ::wf::viewerExited
[16:23:37.33] /o saeInterBGSaeShell:  ::sa::_backgroundSaeShell::pingBack
[16:23:37.33] /i ::sa::_backgroundSaeShell::parentRunning
[16:23:37.33] /o 1777973017
[16:28:38.33] /o saeInterBGSaeShell:  ::sa::_backgroundSaeShell::pingBack
[16:28:38.40] /i ::sa::_backgroundSaeShell::parentRunning
[16:28:38.40] /o 1777973318
[16:33:39.33] /o saeInterBGSaeShell:  ::sa::_backgroundSaeShell::pingBack
[16:33:39.40] /i ::sa::_backgroundSaeShell::parentRunning
[16:33:39.40] /o 1777973619
[16:38:40.34] /o saeInterBGSaeShell:  ::sa::_backgroundSaeShell::pingBack
[16:38:40.40] /i ::sa::_backgroundSaeShell::parentRunning
[16:38:40.40] /o 1777973920
[16:43:41.35] /o saeInterBGSaeShell:  ::sa::_backgroundSaeShell::pingBack
[16:43:41.40] /i ::sa::_backgroundSaeShell::parentRunning
[16:43:41.40] /o 1777974221
[16:46:52.20] /i ::wf::viewerExited
[16:48:42.36] /o saeInterBGSaeShell:  ::sa::_backgroundSaeShell::pingBack
[16:48:42.40] /i ::sa::_backgroundSaeShell::parentRunning
[16:48:42.41] /o 1777974522
[16:49:05.10] /i ::wf::viewerExited
[16:49:34.20] /i ::wf::viewerExited
[16:50:41.60] /i ::wf::viewerExited
[16:51:51.81] /i ::wf::viewerExited
[16:52:17.00] /i ::wf::viewerExited
[16:53:43.38] /o saeInterBGSaeShell:  ::sa::_backgroundSaeShell::pingBack
[16:53:43.40] /i ::sa::_backgroundSaeShell::parentRunning
[16:53:43.40] /o 1777974823
[16:58:44.40] /o saeInterBGSaeShell:  ::sa::_backgroundSaeShell::pingBack
[16:58:44.50] /i ::sa::_backgroundSaeShell::parentRunning
[16:58:44.50] /o 1777975124
[17:00:14.21] /i ::wf::viewerExited
[17:03:45.41] /o saeInterBGSaeShell:  ::sa::_backgroundSaeShell::pingBack
[17:03:45.50] /i ::sa::_backgroundSaeShell::parentRunning
[17:03:45.50] /o 1777975425
[17:08:46.44] /o saeInterBGSaeShell:  ::sa::_backgroundSaeShell::pingBack
[17:08:46.50] /i ::sa::_backgroundSaeShell::parentRunning
[17:08:46.50] /o 1777975726
[17:13:47.45] /o saeInterBGSaeShell:  ::sa::_backgroundSaeShell::pingBack
[17:13:47.51] /i ::sa::_backgroundSaeShell::parentRunning
[17:13:47.51] /o 1777976027
[17:18:51.23] /o saeInterBGSaeShell:  ::sa::_backgroundSaeShell::pingBack
[17:18:51.32] /i ::sa::_backgroundSaeShell::parentRunning
[17:18:51.32] /o 1777976331
[17:23:52.24] /o saeInterBGSaeShell:  ::sa::_backgroundSaeShell::pingBack
[17:23:52.30] /i ::sa::_backgroundSaeShell::parentRunning
[17:23:52.30] /o 1777976632
[17:28:53.26] /o saeInterBGSaeShell:  ::sa::_backgroundSaeShell::pingBack
[17:28:53.32] /i ::sa::_backgroundSaeShell::parentRunning
[17:28:53.32] /o 1777976933
[17:33:54.27] /o saeInterBGSaeShell:  ::sa::_backgroundSaeShell::pingBack
[17:33:54.30] /i ::sa::_backgroundSaeShell::parentRunning
[17:33:54.30] /o 1777977234
[17:38:55.29] /o saeInterBGSaeShell:  ::sa::_backgroundSaeShell::pingBack
[17:38:55.31] /i ::sa::_backgroundSaeShell::parentRunning
[17:38:55.31] /o 1777977535
[17:43:56.30] /o saeInterBGSaeShell:  ::sa::_backgroundSaeShell::pingBack
[17:43:56.41] /i ::sa::_backgroundSaeShell::parentRunning
[17:43:56.41] /o 1777977836
[17:59:58.84] /m Information: Exiting due to non-response from parent process.
[17:59:58.84] /o saeInterBGSaeShell:  ::sa::_backgroundSaeShell::childFormallyExiting
