[15:45:33.07] /m Information: License 'SAE' checked out. (LICENSE-003)
[15:45:34.16] /o sae_shell Version Custom Compiler N-2017.12-SP1-2
              /c Build  (OPT) compiled on Wed May 16 15:20:56 2018 for RHEL64 6.6
              /c Execution time: Mon May 18 15:45:32 2026
              /c Host: localhost.localdomain
              /c 
              /c Copyright © 2004-2018 Synopsys, Inc.
              /c This software and the associated documentation are proprietary to Synopsys, Inc. This software may only be used in accordance with the terms and conditions of a written license agreement with Synopsys, Inc. All other use, reproduction, or distribution of this software is strictly prohibited.
              /c 
              /c 
[15:45:34.22] /w Warning: Preference 'leActiveLPP' is deprecated and scheduled for removal in a future release with no replacement. For migration assistance, see the Custom Compiler Tcl Reference Manual. (PREFERENCE-058)
[15:45:34.23] /o 	#######################################
[15:45:34.23] /o 	PDK Library Name	: reference90RF
[15:45:34.23] /o 	PDK Version		: 2.0
[15:45:34.23] /o 	PDK Release Date	: 25-March-2010 
[15:45:34.23] /o 	#######################################
[15:45:34.23] /o 
[15:45:34.23] /i ::sa::_backgroundSaeShell::signalProcessReady 1779093931
[15:45:34.23] /o saeInterBGSaeShell:  ::sa::_backgroundSaeShell::processReady 3
[15:45:38.62] /i ::sa::_backgroundSaeShell::runScript /home/itsupport/simulation/inverter,NAND2_tb,schematic/history_1/simulation/HSPICE_default/HSPICE/nominal/.bg_measurement_script.tcl sa::_resultsDatabase::saeShellProcessingCompletedProc testSuiteName saeSession0 testbenchName HSPICE_default resultsDir /home/itsupport/simulation/inverter,NAND2_tb,schematic/history_1/simulation/HSPICE_default/HSPICE/nominal/results testSuiteDir /home/itsupport/simulation/inverter,NAND2_tb,schematic/history_1/simulation/HSPICE_default/HSPICE/nominal databaseName /home/itsupport/simulation/inverter,NAND2_tb,schematic/history_1/simulation/HSPICE_default/HSPICE/nominal/resultsDatabase remoteRun {} testbenchId 1 saveImages true
[15:45:39.28] /m Information: Started sharing "Custom WaveView" license. (WAVEFORM-110)
[15:45:39.41] /o saeInterBGSaeShell:  ::sa::_backgroundSaeShell::scriptFinished 0.7 {} sa::_resultsDatabase::saeShellProcessingCompletedProc testSuiteName saeSession0 testbenchName HSPICE_default resultsDir /home/itsupport/simulation/inverter,NAND2_tb,schematic/history_1/simulation/HSPICE_default/HSPICE/nominal/results testSuiteDir /home/itsupport/simulation/inverter,NAND2_tb,schematic/history_1/simulation/HSPICE_default/HSPICE/nominal databaseName /home/itsupport/simulation/inverter,NAND2_tb,schematic/history_1/simulation/HSPICE_default/HSPICE/nominal/resultsDatabase remoteRun {} testbenchId 1 saveImages true
[15:45:39.41] /o false
[15:46:05.31] /i ::wf::viewerExited
[15:46:30.90] /i ::sa::_backgroundSaeShell::exit
[15:46:30.90] /o saeInterBGSaeShell:  ::sa::_backgroundSaeShell::childFormallyExiting
