[08:37:39.33] /m Information: License 'SAE' checked out. (LICENSE-003)
[08:37:40.53] /o sae_shell Version Custom Compiler N-2017.12-SP1-2
              /c Build  (OPT) compiled on Wed May 16 15:20:56 2018 for RHEL64 6.6
              /c Execution time: Wed May  6 08:37:38 2026
              /c Host: localhost.localdomain
              /c 
              /c Copyright © 2004-2018 Synopsys, Inc.
              /c This software and the associated documentation are proprietary to Synopsys, Inc. This software may only be used in accordance with the terms and conditions of a written license agreement with Synopsys, Inc. All other use, reproduction, or distribution of this software is strictly prohibited.
              /c 
              /c 
[08:37:40.54] /w Warning: Preference 'leActiveLPP' is deprecated and scheduled for removal in a future release with no replacement. For migration assistance, see the Custom Compiler Tcl Reference Manual. (PREFERENCE-058)
[08:37:40.54] /o 	#######################################
[08:37:40.54] /o 	PDK Library Name	: reference90RF
[08:37:40.54] /o 	PDK Version		: 2.0
[08:37:40.54] /o 	PDK Release Date	: 25-March-2010 
[08:37:40.54] /o 	#######################################
[08:37:40.54] /o 
[08:37:40.55] /i ::sa::_backgroundSaeShell::signalProcessReady 1778031457
[08:37:40.55] /o saeInterBGSaeShell:  ::sa::_backgroundSaeShell::processReady 3
[08:37:50.32] /i ::sa::_backgroundSaeShell::runScript /home/itsupport/simulation/inverter,TB_CMOS,config/history_1/simulation/HSPICE_default/HSPICE/nominal/.bg_measurement_script.tcl sa::_resultsDatabase::saeShellProcessingCompletedProc testSuiteName saeSession8 testbenchName HSPICE_default resultsDir /home/itsupport/simulation/inverter,TB_CMOS,config/history_1/simulation/HSPICE_default/HSPICE/nominal/results testSuiteDir /home/itsupport/simulation/inverter,TB_CMOS,config/history_1/simulation/HSPICE_default/HSPICE/nominal databaseName /home/itsupport/simulation/inverter,TB_CMOS,config/history_1/simulation/HSPICE_default/HSPICE/nominal/resultsDatabase remoteRun {} testbenchId 1 saveImages true
[08:37:50.88] /m Information: Started sharing "Custom WaveView" license. (WAVEFORM-110)
[08:37:50.97] /o saeInterBGSaeShell:  ::sa::_backgroundSaeShell::scriptFinished 0.6 {} sa::_resultsDatabase::saeShellProcessingCompletedProc testSuiteName saeSession8 testbenchName HSPICE_default resultsDir /home/itsupport/simulation/inverter,TB_CMOS,config/history_1/simulation/HSPICE_default/HSPICE/nominal/results testSuiteDir /home/itsupport/simulation/inverter,TB_CMOS,config/history_1/simulation/HSPICE_default/HSPICE/nominal databaseName /home/itsupport/simulation/inverter,TB_CMOS,config/history_1/simulation/HSPICE_default/HSPICE/nominal/resultsDatabase remoteRun {} testbenchId 1 saveImages true
[08:37:50.97] /o false
[08:38:20.86] /i ::wf::viewerExited
[08:38:29.24] /i ::sa::_backgroundSaeShell::runScript /home/itsupport/simulation/inverter,TB_CMOS,config/history_1/simulation/HSPICE_default/HSPICE/nominal/.bg_measurement_script.tcl sa::_resultsDatabase::saeShellProcessingCompletedProc testSuiteName saeSession8 testbenchName HSPICE_default resultsDir /home/itsupport/simulation/inverter,TB_CMOS,config/history_1/simulation/HSPICE_default/HSPICE/nominal/results testSuiteDir /home/itsupport/simulation/inverter,TB_CMOS,config/history_1/simulation/HSPICE_default/HSPICE/nominal databaseName /home/itsupport/simulation/inverter,TB_CMOS,config/history_1/simulation/HSPICE_default/HSPICE/nominal/resultsDatabase remoteRun {} testbenchId 1 saveImages true
[08:38:29.52] /o saeInterBGSaeShell:  ::sa::_backgroundSaeShell::scriptFinished 0.2 {} sa::_resultsDatabase::saeShellProcessingCompletedProc testSuiteName saeSession8 testbenchName HSPICE_default resultsDir /home/itsupport/simulation/inverter,TB_CMOS,config/history_1/simulation/HSPICE_default/HSPICE/nominal/results testSuiteDir /home/itsupport/simulation/inverter,TB_CMOS,config/history_1/simulation/HSPICE_default/HSPICE/nominal databaseName /home/itsupport/simulation/inverter,TB_CMOS,config/history_1/simulation/HSPICE_default/HSPICE/nominal/resultsDatabase remoteRun {} testbenchId 1 saveImages true
[08:38:29.52] /o false
[08:38:35.17] /i ::wf::viewerExited
[08:43:30.58] /o saeInterBGSaeShell:  ::sa::_backgroundSaeShell::pingBack
[08:43:30.67] /i ::sa::_backgroundSaeShell::parentRunning
[08:43:30.67] /o 1778031810
[08:43:34.76] /m Information: Stopped sharing "Custom WaveView" license. (WAVEFORM-111)
[22:27:52.15] /m Information: Exiting due to non-response from parent process.
[22:27:52.17] /o saeInterBGSaeShell:  ::sa::_backgroundSaeShell::childFormallyExiting
