[06:08:31.76] /m Information: License 'SAE' checked out. (LICENSE-003)
[06:08:33.39] /o sae_shell Version Custom Compiler N-2017.12-SP1-2
              /c Build  (OPT) compiled on Wed May 16 15:20:56 2018 for RHEL64 6.6
              /c Execution time: Wed May 20 06:08:30 2026
              /c Host: localhost.localdomain
              /c 
              /c Copyright © 2004-2018 Synopsys, Inc.
              /c This software and the associated documentation are proprietary to Synopsys, Inc. This software may only be used in accordance with the terms and conditions of a written license agreement with Synopsys, Inc. All other use, reproduction, or distribution of this software is strictly prohibited.
              /c 
              /c 
[06:08:33.40] /w Warning: Preference 'leActiveLPP' is deprecated and scheduled for removal in a future release with no replacement. For migration assistance, see the Custom Compiler Tcl Reference Manual. (PREFERENCE-058)
[06:08:33.41] /o 	#######################################
[06:08:33.41] /o 	PDK Library Name	: reference90RF
[06:08:33.41] /o 	PDK Version		: 2.0
[06:08:33.41] /o 	PDK Release Date	: 25-March-2010 
[06:08:33.41] /o 	#######################################
[06:08:33.41] /o 
[06:08:33.41] /i ::sa::_backgroundSaeShell::signalProcessReady 1779232110
[06:08:33.41] /o saeInterBGSaeShell:  ::sa::_backgroundSaeShell::processReady 3
[06:13:34.42] /o saeInterBGSaeShell:  ::sa::_backgroundSaeShell::pingBack
[06:13:34.50] /i ::sa::_backgroundSaeShell::parentRunning
[06:13:34.50] /o 1779232414
[06:18:35.43] /o saeInterBGSaeShell:  ::sa::_backgroundSaeShell::pingBack
[06:18:35.50] /i ::sa::_backgroundSaeShell::parentRunning
[06:18:35.50] /o 1779232715
