[16:36:50.05] /m Information: License 'SAE' checked out. (LICENSE-003)
[16:36:51.25] /o sae_shell Version Custom Compiler N-2017.12-SP1-2
              /c Build  (OPT) compiled on Wed May 16 15:20:56 2018 for RHEL64 6.6
              /c Execution time: Tue Apr 14 16:36:48 2026
              /c Host: localhost.localdomain
              /c 
              /c Copyright © 2004-2018 Synopsys, Inc.
              /c This software and the associated documentation are proprietary to Synopsys, Inc. This software may only be used in accordance with the terms and conditions of a written license agreement with Synopsys, Inc. All other use, reproduction, or distribution of this software is strictly prohibited.
              /c 
              /c 
[16:36:51.26] /w Warning: Preference 'leActiveLPP' is deprecated and scheduled for removal in a future release with no replacement. For migration assistance, see the Custom Compiler Tcl Reference Manual. (PREFERENCE-058)
[16:36:51.26] /o 	#######################################
[16:36:51.26] /o 	PDK Library Name	: reference90RF
[16:36:51.26] /o 	PDK Version		: 2.0
[16:36:51.26] /o 	PDK Release Date	: 25-March-2010 
[16:36:51.26] /o 	#######################################
[16:36:51.26] /o 
[16:36:51.27] /i ::sa::_backgroundSaeShell::signalProcessReady 1776159408
[16:36:51.27] /o saeInterBGSaeShell:  ::sa::_backgroundSaeShell::processReady 3
[16:38:38.92] /i ::sa::_backgroundSaeShell::runScript /home/itsupport/simulation/inverter,tb_nmos,schematic/history_1/simulation/default/HSPICE/parametric/.bg_measurement_script.tcl sa::_resultsDatabase::saeShellProcessingCompletedProc testSuiteName saeSession6 testbenchName default resultsDir /home/itsupport/simulation/inverter,tb_nmos,schematic/history_1/simulation/default/HSPICE/parametric/results testSuiteDir /home/itsupport/simulation/inverter,tb_nmos,schematic/history_1/simulation/default/HSPICE/parametric databaseName /home/itsupport/simulation/inverter,tb_nmos,schematic/history_1/simulation/default/HSPICE/parametric/resultsDatabase remoteRun {} testbenchId 1 saveImages true
[16:38:39.40] /m Information: Started sharing "Custom WaveView" license. (WAVEFORM-110)
[16:38:39.77] /o saeInterBGSaeShell:  ::sa::_backgroundSaeShell::scriptFinished 0.8 {} sa::_resultsDatabase::saeShellProcessingCompletedProc testSuiteName saeSession6 testbenchName default resultsDir /home/itsupport/simulation/inverter,tb_nmos,schematic/history_1/simulation/default/HSPICE/parametric/results testSuiteDir /home/itsupport/simulation/inverter,tb_nmos,schematic/history_1/simulation/default/HSPICE/parametric databaseName /home/itsupport/simulation/inverter,tb_nmos,schematic/history_1/simulation/default/HSPICE/parametric/resultsDatabase remoteRun {} testbenchId 1 saveImages true
[16:38:39.77] /o false
[16:39:59.73] /i ::wf::viewerExited
[16:42:59.28] /i ::sa::_backgroundSaeShell::runScript /home/itsupport/simulation/inverter,tb_nmos,schematic/history_1/simulation/default/HSPICE/parametric/.bg_measurement_script.tcl sa::_resultsDatabase::saeShellProcessingCompletedProc testSuiteName saeSession6 testbenchName default resultsDir /home/itsupport/simulation/inverter,tb_nmos,schematic/history_1/simulation/default/HSPICE/parametric/results testSuiteDir /home/itsupport/simulation/inverter,tb_nmos,schematic/history_1/simulation/default/HSPICE/parametric databaseName /home/itsupport/simulation/inverter,tb_nmos,schematic/history_1/simulation/default/HSPICE/parametric/resultsDatabase remoteRun {} testbenchId 1 saveImages true
[16:42:59.68] /o saeInterBGSaeShell:  ::sa::_backgroundSaeShell::scriptFinished 0.4 {} sa::_resultsDatabase::saeShellProcessingCompletedProc testSuiteName saeSession6 testbenchName default resultsDir /home/itsupport/simulation/inverter,tb_nmos,schematic/history_1/simulation/default/HSPICE/parametric/results testSuiteDir /home/itsupport/simulation/inverter,tb_nmos,schematic/history_1/simulation/default/HSPICE/parametric databaseName /home/itsupport/simulation/inverter,tb_nmos,schematic/history_1/simulation/default/HSPICE/parametric/resultsDatabase remoteRun {} testbenchId 1 saveImages true
[16:42:59.68] /o false
[16:43:42.19] /i ::sa::_backgroundSaeShell::runScript /home/itsupport/simulation/inverter,tb_nmos,schematic/history_1/simulation/default/HSPICE/parametric/.bg_measurement_script.tcl sa::_resultsDatabase::saeShellProcessingCompletedProc testSuiteName saeSession6 testbenchName default resultsDir /home/itsupport/simulation/inverter,tb_nmos,schematic/history_1/simulation/default/HSPICE/parametric/results testSuiteDir /home/itsupport/simulation/inverter,tb_nmos,schematic/history_1/simulation/default/HSPICE/parametric databaseName /home/itsupport/simulation/inverter,tb_nmos,schematic/history_1/simulation/default/HSPICE/parametric/resultsDatabase remoteRun {} testbenchId 1 saveImages true
[16:43:42.83] /o saeInterBGSaeShell:  ::sa::_backgroundSaeShell::scriptFinished 0.6 {} sa::_resultsDatabase::saeShellProcessingCompletedProc testSuiteName saeSession6 testbenchName default resultsDir /home/itsupport/simulation/inverter,tb_nmos,schematic/history_1/simulation/default/HSPICE/parametric/results testSuiteDir /home/itsupport/simulation/inverter,tb_nmos,schematic/history_1/simulation/default/HSPICE/parametric databaseName /home/itsupport/simulation/inverter,tb_nmos,schematic/history_1/simulation/default/HSPICE/parametric/resultsDatabase remoteRun {} testbenchId 1 saveImages true
[16:43:42.84] /o false
[16:45:12.47] /i ::sa::_backgroundSaeShell::runScript /home/itsupport/simulation/inverter,tb_nmos,schematic/history_1/simulation/default/HSPICE/parametric/.bg_measurement_script.tcl sa::_resultsDatabase::saeShellProcessingCompletedProc testSuiteName saeSession6 testbenchName default resultsDir /home/itsupport/simulation/inverter,tb_nmos,schematic/history_1/simulation/default/HSPICE/parametric/results testSuiteDir /home/itsupport/simulation/inverter,tb_nmos,schematic/history_1/simulation/default/HSPICE/parametric databaseName /home/itsupport/simulation/inverter,tb_nmos,schematic/history_1/simulation/default/HSPICE/parametric/resultsDatabase remoteRun {} testbenchId 1 saveImages true
[16:45:12.88] /o saeInterBGSaeShell:  ::sa::_backgroundSaeShell::scriptFinished 0.4 {} sa::_resultsDatabase::saeShellProcessingCompletedProc testSuiteName saeSession6 testbenchName default resultsDir /home/itsupport/simulation/inverter,tb_nmos,schematic/history_1/simulation/default/HSPICE/parametric/results testSuiteDir /home/itsupport/simulation/inverter,tb_nmos,schematic/history_1/simulation/default/HSPICE/parametric databaseName /home/itsupport/simulation/inverter,tb_nmos,schematic/history_1/simulation/default/HSPICE/parametric/resultsDatabase remoteRun {} testbenchId 1 saveImages true
[16:45:12.88] /o false
[16:46:29.82] /i ::sa::_backgroundSaeShell::runScript /home/itsupport/simulation/inverter,tb_nmos,schematic/history_1/simulation/default/HSPICE/parametric/.bg_measurement_script.tcl sa::_resultsDatabase::saeShellProcessingCompletedProc testSuiteName saeSession6 testbenchName default resultsDir /home/itsupport/simulation/inverter,tb_nmos,schematic/history_1/simulation/default/HSPICE/parametric/results testSuiteDir /home/itsupport/simulation/inverter,tb_nmos,schematic/history_1/simulation/default/HSPICE/parametric databaseName /home/itsupport/simulation/inverter,tb_nmos,schematic/history_1/simulation/default/HSPICE/parametric/resultsDatabase remoteRun {} testbenchId 1 saveImages true
[16:46:30.49] /o saeInterBGSaeShell:  ::sa::_backgroundSaeShell::scriptFinished 0.6 {} sa::_resultsDatabase::saeShellProcessingCompletedProc testSuiteName saeSession6 testbenchName default resultsDir /home/itsupport/simulation/inverter,tb_nmos,schematic/history_1/simulation/default/HSPICE/parametric/results testSuiteDir /home/itsupport/simulation/inverter,tb_nmos,schematic/history_1/simulation/default/HSPICE/parametric databaseName /home/itsupport/simulation/inverter,tb_nmos,schematic/history_1/simulation/default/HSPICE/parametric/resultsDatabase remoteRun {} testbenchId 1 saveImages true
[16:46:30.49] /o false
[16:46:44.32] /i ::sa::_backgroundSaeShell::exit
[16:46:44.32] /o saeInterBGSaeShell:  ::sa::_backgroundSaeShell::childFormallyExiting
