[19:34:28.76] /m Information: License 'SAE' checked out. (LICENSE-003)
[19:34:30.19] /o sae_shell Version Custom Compiler N-2017.12-SP1-2
              /c Build  (OPT) compiled on Wed May 16 15:20:56 2018 for RHEL64 6.6
              /c Execution time: Mon Apr 13 19:34:27 2026
              /c Host: localhost.localdomain
              /c 
              /c Copyright © 2004-2018 Synopsys, Inc.
              /c This software and the associated documentation are proprietary to Synopsys, Inc. This software may only be used in accordance with the terms and conditions of a written license agreement with Synopsys, Inc. All other use, reproduction, or distribution of this software is strictly prohibited.
              /c 
              /c 
[19:34:30.20] /w Warning: Preference 'leActiveLPP' is deprecated and scheduled for removal in a future release with no replacement. For migration assistance, see the Custom Compiler Tcl Reference Manual. (PREFERENCE-058)
[19:34:30.20] /o 	#######################################
[19:34:30.21] /o 	PDK Library Name	: reference90RF
[19:34:30.21] /o 	PDK Version		: 2.0
[19:34:30.21] /o 	PDK Release Date	: 25-March-2010 
[19:34:30.21] /o 	#######################################
[19:34:30.21] /o 
[19:34:30.21] /i ::sa::_backgroundSaeShell::signalProcessReady 1776083667
[19:34:30.21] /o saeInterBGSaeShell:  ::sa::_backgroundSaeShell::processReady 3
[19:34:34.51] /i ::wf::viewerExited
[19:35:08.72] /i ::wf::viewerExited
[19:38:34.17] /i ::sa::_backgroundSaeShell::exit
[19:38:34.18] /o saeInterBGSaeShell:  ::sa::_backgroundSaeShell::childFormallyExiting
