[07:36:38.34] /m Information: License 'SAE' checked out. (LICENSE-003)
[07:36:39.63] /o sae_shell Version Custom Compiler N-2017.12-SP1-2
              /c Build  (OPT) compiled on Wed May 16 15:20:56 2018 for RHEL64 6.6
              /c Execution time: Wed May 20 07:36:37 2026
              /c Host: localhost.localdomain
              /c 
              /c Copyright © 2004-2018 Synopsys, Inc.
              /c This software and the associated documentation are proprietary to Synopsys, Inc. This software may only be used in accordance with the terms and conditions of a written license agreement with Synopsys, Inc. All other use, reproduction, or distribution of this software is strictly prohibited.
              /c 
              /c 
[07:36:39.64] /w Warning: Preference 'leActiveLPP' is deprecated and scheduled for removal in a future release with no replacement. For migration assistance, see the Custom Compiler Tcl Reference Manual. (PREFERENCE-058)
[07:36:39.64] /o 	#######################################
[07:36:39.64] /o 	PDK Library Name	: reference90RF
[07:36:39.64] /o 	PDK Version		: 2.0
[07:36:39.64] /o 	PDK Release Date	: 25-March-2010 
[07:36:39.64] /o 	#######################################
[07:36:39.64] /o 
[07:36:39.64] /i ::sa::_backgroundSaeShell::signalProcessReady 1779237397
[07:36:39.65] /o saeInterBGSaeShell:  ::sa::_backgroundSaeShell::processReady 2
[07:41:40.65] /o saeInterBGSaeShell:  ::sa::_backgroundSaeShell::pingBack
[07:41:40.72] /i ::sa::_backgroundSaeShell::parentRunning
[07:41:40.72] /o 1779237700
[07:46:41.68] /o saeInterBGSaeShell:  ::sa::_backgroundSaeShell::pingBack
[07:46:41.72] /i ::sa::_backgroundSaeShell::parentRunning
[07:46:41.72] /o 1779238001
[07:51:42.69] /o saeInterBGSaeShell:  ::sa::_backgroundSaeShell::pingBack
[07:51:42.72] /i ::sa::_backgroundSaeShell::parentRunning
[07:51:42.73] /o 1779238302
[07:55:24.62] /i ::sa::_backgroundSaeShell::exit
[07:55:24.62] /o saeInterBGSaeShell:  ::sa::_backgroundSaeShell::childFormallyExiting
