[06:31:28.20] /m Information: License 'SAE' checked out. (LICENSE-003)
[06:31:29.95] /o sae_shell Version Custom Compiler N-2017.12-SP1-2
              /c Build  (OPT) compiled on Wed May 16 15:20:56 2018 for RHEL64 6.6
              /c Execution time: Wed May 20 06:31:26 2026
              /c Host: localhost.localdomain
              /c 
              /c Copyright © 2004-2018 Synopsys, Inc.
              /c This software and the associated documentation are proprietary to Synopsys, Inc. This software may only be used in accordance with the terms and conditions of a written license agreement with Synopsys, Inc. All other use, reproduction, or distribution of this software is strictly prohibited.
              /c 
              /c 
[06:31:29.99] /w Warning: Preference 'leActiveLPP' is deprecated and scheduled for removal in a future release with no replacement. For migration assistance, see the Custom Compiler Tcl Reference Manual. (PREFERENCE-058)
[06:31:30.00] /o 	#######################################
[06:31:30.00] /o 	PDK Library Name	: reference90RF
[06:31:30.00] /o 	PDK Version		: 2.0
[06:31:30.00] /o 	PDK Release Date	: 25-March-2010 
[06:31:30.00] /o 	#######################################
[06:31:30.00] /o 
[06:31:30.00] /i ::sa::_backgroundSaeShell::signalProcessReady 1779233485
[06:31:30.00] /o saeInterBGSaeShell:  ::sa::_backgroundSaeShell::processReady 5
[06:31:36.40] /i ::sa::_backgroundSaeShell::runScript /home/itsupport/simulation/inverter,FA_1bit_tb,schematic/history_1/simulation/HSPICE_tb1fa/HSPICE/nominal/.bg_measurement_script.tcl sa::_resultsDatabase::saeShellProcessingCompletedProc testSuiteName saeSession0 testbenchName HSPICE_tb1fa resultsDir /home/itsupport/simulation/inverter,FA_1bit_tb,schematic/history_1/simulation/HSPICE_tb1fa/HSPICE/nominal/results testSuiteDir /home/itsupport/simulation/inverter,FA_1bit_tb,schematic/history_1/simulation/HSPICE_tb1fa/HSPICE/nominal databaseName /home/itsupport/simulation/inverter,FA_1bit_tb,schematic/history_1/simulation/HSPICE_tb1fa/HSPICE/nominal/resultsDatabase remoteRun {} testbenchId 1 saveImages true
[06:31:37.19] /m Information: Started sharing "Custom WaveView" license. (WAVEFORM-110)
[06:31:37.21] /e Error: Evaluating 'v(/out)': "Could not find net named: out" (HIERARCHY_COMMANDS-007)
[06:31:37.37] /o saeInterBGSaeShell:  ::sa::_backgroundSaeShell::scriptFinished 0.9 {} sa::_resultsDatabase::saeShellProcessingCompletedProc testSuiteName saeSession0 testbenchName HSPICE_tb1fa resultsDir /home/itsupport/simulation/inverter,FA_1bit_tb,schematic/history_1/simulation/HSPICE_tb1fa/HSPICE/nominal/results testSuiteDir /home/itsupport/simulation/inverter,FA_1bit_tb,schematic/history_1/simulation/HSPICE_tb1fa/HSPICE/nominal databaseName /home/itsupport/simulation/inverter,FA_1bit_tb,schematic/history_1/simulation/HSPICE_tb1fa/HSPICE/nominal/resultsDatabase remoteRun {} testbenchId 1 saveImages true
[06:31:37.37] /o false
[06:31:47.94] /i ::wf::viewerExited
[06:32:24.48] /i ::sa::_backgroundSaeShell::runScript /home/itsupport/simulation/inverter,FA_1bit_tb,schematic/history_1/simulation/HSPICE_tb1fa/HSPICE/nominal/.bg_measurement_script.tcl sa::_resultsDatabase::saeShellProcessingCompletedProc testSuiteName saeSession0 testbenchName HSPICE_tb1fa resultsDir /home/itsupport/simulation/inverter,FA_1bit_tb,schematic/history_1/simulation/HSPICE_tb1fa/HSPICE/nominal/results testSuiteDir /home/itsupport/simulation/inverter,FA_1bit_tb,schematic/history_1/simulation/HSPICE_tb1fa/HSPICE/nominal databaseName /home/itsupport/simulation/inverter,FA_1bit_tb,schematic/history_1/simulation/HSPICE_tb1fa/HSPICE/nominal/resultsDatabase remoteRun {} testbenchId 1 saveImages true
[06:32:24.78] /o saeInterBGSaeShell:  ::sa::_backgroundSaeShell::scriptFinished 0.3 {} sa::_resultsDatabase::saeShellProcessingCompletedProc testSuiteName saeSession0 testbenchName HSPICE_tb1fa resultsDir /home/itsupport/simulation/inverter,FA_1bit_tb,schematic/history_1/simulation/HSPICE_tb1fa/HSPICE/nominal/results testSuiteDir /home/itsupport/simulation/inverter,FA_1bit_tb,schematic/history_1/simulation/HSPICE_tb1fa/HSPICE/nominal databaseName /home/itsupport/simulation/inverter,FA_1bit_tb,schematic/history_1/simulation/HSPICE_tb1fa/HSPICE/nominal/resultsDatabase remoteRun {} testbenchId 1 saveImages true
[06:32:24.78] /o false
[06:32:47.95] /i ::sa::_backgroundSaeShell::runScript /home/itsupport/simulation/inverter,FA_1bit_tb,schematic/history_1/simulation/HSPICE_tb1fa/HSPICE/nominal/.bg_measurement_script.tcl sa::_resultsDatabase::saeShellProcessingCompletedProc testSuiteName saeSession0 testbenchName HSPICE_tb1fa resultsDir /home/itsupport/simulation/inverter,FA_1bit_tb,schematic/history_1/simulation/HSPICE_tb1fa/HSPICE/nominal/results testSuiteDir /home/itsupport/simulation/inverter,FA_1bit_tb,schematic/history_1/simulation/HSPICE_tb1fa/HSPICE/nominal databaseName /home/itsupport/simulation/inverter,FA_1bit_tb,schematic/history_1/simulation/HSPICE_tb1fa/HSPICE/nominal/resultsDatabase remoteRun {} testbenchId 1 saveImages true
[06:32:48.64] /o saeInterBGSaeShell:  ::sa::_backgroundSaeShell::scriptFinished 0.6 {} sa::_resultsDatabase::saeShellProcessingCompletedProc testSuiteName saeSession0 testbenchName HSPICE_tb1fa resultsDir /home/itsupport/simulation/inverter,FA_1bit_tb,schematic/history_1/simulation/HSPICE_tb1fa/HSPICE/nominal/results testSuiteDir /home/itsupport/simulation/inverter,FA_1bit_tb,schematic/history_1/simulation/HSPICE_tb1fa/HSPICE/nominal databaseName /home/itsupport/simulation/inverter,FA_1bit_tb,schematic/history_1/simulation/HSPICE_tb1fa/HSPICE/nominal/resultsDatabase remoteRun {} testbenchId 1 saveImages true
[06:32:48.64] /o false
[06:33:02.17] /i ::sa::_backgroundSaeShell::runScript /home/itsupport/simulation/inverter,FA_1bit_tb,schematic/history_1/simulation/HSPICE_tb1fa/HSPICE/nominal/.bg_measurement_script.tcl sa::_resultsDatabase::saeShellProcessingCompletedProc testSuiteName saeSession0 testbenchName HSPICE_tb1fa resultsDir /home/itsupport/simulation/inverter,FA_1bit_tb,schematic/history_1/simulation/HSPICE_tb1fa/HSPICE/nominal/results testSuiteDir /home/itsupport/simulation/inverter,FA_1bit_tb,schematic/history_1/simulation/HSPICE_tb1fa/HSPICE/nominal databaseName /home/itsupport/simulation/inverter,FA_1bit_tb,schematic/history_1/simulation/HSPICE_tb1fa/HSPICE/nominal/resultsDatabase remoteRun {} testbenchId 1 saveImages true
[06:33:02.97] /o saeInterBGSaeShell:  ::sa::_backgroundSaeShell::scriptFinished 0.8 {} sa::_resultsDatabase::saeShellProcessingCompletedProc testSuiteName saeSession0 testbenchName HSPICE_tb1fa resultsDir /home/itsupport/simulation/inverter,FA_1bit_tb,schematic/history_1/simulation/HSPICE_tb1fa/HSPICE/nominal/results testSuiteDir /home/itsupport/simulation/inverter,FA_1bit_tb,schematic/history_1/simulation/HSPICE_tb1fa/HSPICE/nominal databaseName /home/itsupport/simulation/inverter,FA_1bit_tb,schematic/history_1/simulation/HSPICE_tb1fa/HSPICE/nominal/resultsDatabase remoteRun {} testbenchId 1 saveImages true
[06:33:02.97] /o false
[06:34:05.52] /i ::sa::_backgroundSaeShell::exit
[06:34:05.52] /o saeInterBGSaeShell:  ::sa::_backgroundSaeShell::childFormallyExiting
