[00:57:56.63] /m Information: License 'SAE' checked out. (LICENSE-003)
[00:57:57.66] /o sae_shell Version Custom Compiler N-2017.12-SP1-2
              /c Build  (OPT) compiled on Wed May 16 15:20:56 2018 for RHEL64 6.6
              /c Execution time: Tue Apr 14 00:57:55 2026
              /c Host: localhost.localdomain
              /c 
              /c Copyright © 2004-2018 Synopsys, Inc.
              /c This software and the associated documentation are proprietary to Synopsys, Inc. This software may only be used in accordance with the terms and conditions of a written license agreement with Synopsys, Inc. All other use, reproduction, or distribution of this software is strictly prohibited.
              /c 
              /c 
[00:57:57.67] /w Warning: Preference 'leActiveLPP' is deprecated and scheduled for removal in a future release with no replacement. For migration assistance, see the Custom Compiler Tcl Reference Manual. (PREFERENCE-058)
[00:57:57.67] /o 	#######################################
[00:57:57.67] /o 	PDK Library Name	: reference90RF
[00:57:57.67] /o 	PDK Version		: 2.0
[00:57:57.67] /o 	PDK Release Date	: 25-March-2010 
[00:57:57.67] /o 	#######################################
[00:57:57.67] /o 
[00:57:57.67] /i ::sa::_backgroundSaeShell::signalProcessReady 1776103075
[00:57:57.68] /o saeInterBGSaeShell:  ::sa::_backgroundSaeShell::processReady 2
[00:58:37.81] /i ::wf::viewerExited
[00:58:48.69] /i ::sa::_backgroundSaeShell::exit
[00:58:48.69] /o saeInterBGSaeShell:  ::sa::_backgroundSaeShell::childFormallyExiting
