[05:07:59.94] /m Information: License 'SAE' checked out. (LICENSE-003)
[05:08:00.97] /o sae_shell Version Custom Compiler N-2017.12-SP1-2
              /c Build  (OPT) compiled on Wed May 16 15:20:56 2018 for RHEL64 6.6
              /c Execution time: Wed May 20 05:07:58 2026
              /c Host: localhost.localdomain
              /c 
              /c Copyright © 2004-2018 Synopsys, Inc.
              /c This software and the associated documentation are proprietary to Synopsys, Inc. This software may only be used in accordance with the terms and conditions of a written license agreement with Synopsys, Inc. All other use, reproduction, or distribution of this software is strictly prohibited.
              /c 
              /c 
[05:08:00.98] /w Warning: Preference 'leActiveLPP' is deprecated and scheduled for removal in a future release with no replacement. For migration assistance, see the Custom Compiler Tcl Reference Manual. (PREFERENCE-058)
[05:08:00.98] /o 	#######################################
[05:08:00.98] /o 	PDK Library Name	: reference90RF
[05:08:00.98] /o 	PDK Version		: 2.0
[05:08:00.98] /o 	PDK Release Date	: 25-March-2010 
[05:08:00.98] /o 	#######################################
[05:08:00.98] /o 
[05:08:00.99] /i ::sa::_backgroundSaeShell::signalProcessReady 1779228478
[05:08:00.99] /o saeInterBGSaeShell:  ::sa::_backgroundSaeShell::processReady 2
[05:08:13.02] /i ::wf::viewerExited
[05:13:02.01] /o saeInterBGSaeShell:  ::sa::_backgroundSaeShell::pingBack
[05:13:02.02] /i ::sa::_backgroundSaeShell::parentRunning
[05:13:02.02] /o 1779228782
[05:15:54.63] /i ::wf::viewerExited
