[08:37:51.91] /m Information: License 'SAE' checked out. (LICENSE-003)
[08:37:53.16] /o sae_shell Version Custom Compiler N-2017.12-SP1-2
              /c Build  (OPT) compiled on Wed May 16 15:20:56 2018 for RHEL64 6.6
              /c Execution time: Wed May  6 08:37:50 2026
              /c Host: localhost.localdomain
              /c 
              /c Copyright © 2004-2018 Synopsys, Inc.
              /c This software and the associated documentation are proprietary to Synopsys, Inc. This software may only be used in accordance with the terms and conditions of a written license agreement with Synopsys, Inc. All other use, reproduction, or distribution of this software is strictly prohibited.
              /c 
              /c 
[08:37:53.17] /w Warning: Preference 'leActiveLPP' is deprecated and scheduled for removal in a future release with no replacement. For migration assistance, see the Custom Compiler Tcl Reference Manual. (PREFERENCE-058)
[08:37:53.17] /o 	#######################################
[08:37:53.17] /o 	PDK Library Name	: reference90RF
[08:37:53.17] /o 	PDK Version		: 2.0
[08:37:53.17] /o 	PDK Release Date	: 25-March-2010 
[08:37:53.17] /o 	#######################################
[08:37:53.17] /o 
[08:37:53.17] /i ::sa::_backgroundSaeShell::signalProcessReady 1778031470
[08:37:53.18] /o saeInterBGSaeShell:  ::sa::_backgroundSaeShell::processReady 3
[08:38:20.86] /i ::wf::viewerExited
[08:38:35.17] /i ::wf::viewerExited
[08:42:54.21] /o saeInterBGSaeShell:  ::sa::_backgroundSaeShell::pingBack
[08:42:54.21] /i ::sa::_backgroundSaeShell::parentRunning
[08:42:54.22] /o 1778031774
[22:27:52.17] /m Information: Exiting due to non-response from parent process.
[22:27:52.17] /o saeInterBGSaeShell:  ::sa::_backgroundSaeShell::childFormallyExiting
