[18:21:56.92] /m Information: License 'SAE' checked out. (LICENSE-003)
[18:21:59.61] /o sae_shell Version Custom Compiler N-2017.12-SP1-2
              /c Build  (OPT) compiled on Wed May 16 15:20:56 2018 for RHEL64 6.6
              /c Execution time: Sat May 16 18:21:54 2026
              /c Host: localhost.localdomain
              /c 
              /c Copyright © 2004-2018 Synopsys, Inc.
              /c This software and the associated documentation are proprietary to Synopsys, Inc. This software may only be used in accordance with the terms and conditions of a written license agreement with Synopsys, Inc. All other use, reproduction, or distribution of this software is strictly prohibited.
              /c 
              /c 
[18:21:59.68] /w Warning: Preference 'leActiveLPP' is deprecated and scheduled for removal in a future release with no replacement. For migration assistance, see the Custom Compiler Tcl Reference Manual. (PREFERENCE-058)
[18:21:59.69] /o 	#######################################
[18:21:59.69] /o 	PDK Library Name	: reference90RF
[18:21:59.69] /o 	PDK Version		: 2.0
[18:21:59.69] /o 	PDK Release Date	: 25-March-2010 
[18:21:59.69] /o 	#######################################
[18:21:59.69] /o 
[18:21:59.69] /i ::sa::_backgroundSaeShell::signalProcessReady 1778930512
[18:21:59.70] /o saeInterBGSaeShell:  ::sa::_backgroundSaeShell::processReady 7
[18:23:02.60] /i ::sa::_backgroundSaeShell::exit
[18:23:02.60] /o saeInterBGSaeShell:  ::sa::_backgroundSaeShell::childFormallyExiting
