[01:31:44.96] /m Information: License 'SAE' checked out. (LICENSE-003)
[01:31:46.15] /o sae_shell Version Custom Compiler N-2017.12-SP1-2
              /c Build  (OPT) compiled on Wed May 16 15:20:56 2018 for RHEL64 6.6
              /c Execution time: Wed May  6 01:31:44 2026
              /c Host: localhost.localdomain
              /c 
              /c Copyright © 2004-2018 Synopsys, Inc.
              /c This software and the associated documentation are proprietary to Synopsys, Inc. This software may only be used in accordance with the terms and conditions of a written license agreement with Synopsys, Inc. All other use, reproduction, or distribution of this software is strictly prohibited.
              /c 
              /c 
[01:31:46.16] /w Warning: Preference 'leActiveLPP' is deprecated and scheduled for removal in a future release with no replacement. For migration assistance, see the Custom Compiler Tcl Reference Manual. (PREFERENCE-058)
[01:31:46.16] /o 	#######################################
[01:31:46.17] /o 	PDK Library Name	: reference90RF
[01:31:46.17] /o 	PDK Version		: 2.0
[01:31:46.17] /o 	PDK Release Date	: 25-March-2010 
[01:31:46.17] /o 	#######################################
[01:31:46.17] /o 
[01:31:46.17] /i ::sa::_backgroundSaeShell::signalProcessReady 1778005903
[01:31:46.17] /o saeInterBGSaeShell:  ::sa::_backgroundSaeShell::processReady 3
[01:32:49.72] /i ::sa::_backgroundSaeShell::exit
[01:32:49.73] /o saeInterBGSaeShell:  ::sa::_backgroundSaeShell::childFormallyExiting
