[05:39:23.03] /m Information: License 'SAE' checked out. (LICENSE-003)
[05:39:24.04] /o sae_shell Version Custom Compiler N-2017.12-SP1-2
              /c Build  (OPT) compiled on Wed May 16 15:20:56 2018 for RHEL64 6.6
              /c Execution time: Wed May 20 05:39:22 2026
              /c Host: localhost.localdomain
              /c 
              /c Copyright © 2004-2018 Synopsys, Inc.
              /c This software and the associated documentation are proprietary to Synopsys, Inc. This software may only be used in accordance with the terms and conditions of a written license agreement with Synopsys, Inc. All other use, reproduction, or distribution of this software is strictly prohibited.
              /c 
              /c 
[05:39:24.05] /w Warning: Preference 'leActiveLPP' is deprecated and scheduled for removal in a future release with no replacement. For migration assistance, see the Custom Compiler Tcl Reference Manual. (PREFERENCE-058)
[05:39:24.05] /o 	#######################################
[05:39:24.05] /o 	PDK Library Name	: reference90RF
[05:39:24.05] /o 	PDK Version		: 2.0
[05:39:24.05] /o 	PDK Release Date	: 25-March-2010 
[05:39:24.05] /o 	#######################################
[05:39:24.05] /o 
[05:39:24.06] /i ::sa::_backgroundSaeShell::signalProcessReady 1779230361
[05:39:24.06] /o saeInterBGSaeShell:  ::sa::_backgroundSaeShell::processReady 3
[05:39:39.20] /i ::sa::_backgroundSaeShell::runScript /home/itsupport/simulation/inverter,FA_1bit_tb,config/history_1/simulation/HSPICE_tb1fa/HSPICE/nominal/.bg_measurement_script.tcl sa::_resultsDatabase::saeShellProcessingCompletedProc testSuiteName saeSession3 testbenchName HSPICE_tb1fa resultsDir /home/itsupport/simulation/inverter,FA_1bit_tb,config/history_1/simulation/HSPICE_tb1fa/HSPICE/nominal/results testSuiteDir /home/itsupport/simulation/inverter,FA_1bit_tb,config/history_1/simulation/HSPICE_tb1fa/HSPICE/nominal databaseName /home/itsupport/simulation/inverter,FA_1bit_tb,config/history_1/simulation/HSPICE_tb1fa/HSPICE/nominal/resultsDatabase remoteRun {} testbenchId 1 saveImages true
[05:39:39.49] /m Information: Started sharing "Custom WaveView" license. (WAVEFORM-110)
[05:39:39.62] /o saeInterBGSaeShell:  ::sa::_backgroundSaeShell::scriptFinished 0.4 {} sa::_resultsDatabase::saeShellProcessingCompletedProc testSuiteName saeSession3 testbenchName HSPICE_tb1fa resultsDir /home/itsupport/simulation/inverter,FA_1bit_tb,config/history_1/simulation/HSPICE_tb1fa/HSPICE/nominal/results testSuiteDir /home/itsupport/simulation/inverter,FA_1bit_tb,config/history_1/simulation/HSPICE_tb1fa/HSPICE/nominal databaseName /home/itsupport/simulation/inverter,FA_1bit_tb,config/history_1/simulation/HSPICE_tb1fa/HSPICE/nominal/resultsDatabase remoteRun {} testbenchId 1 saveImages true
[05:39:39.62] /o false
[05:39:43.05] /i ::wf::viewerExited
[05:40:33.55] /i ::sa::_backgroundSaeShell::runScript /home/itsupport/simulation/inverter,FA_1bit_tb,config/history_1/simulation/HSPICE_tb1fa/HSPICE/nominal/.bg_measurement_script.tcl sa::_resultsDatabase::saeShellProcessingCompletedProc testSuiteName saeSession3 testbenchName HSPICE_tb1fa resultsDir /home/itsupport/simulation/inverter,FA_1bit_tb,config/history_1/simulation/HSPICE_tb1fa/HSPICE/nominal/results testSuiteDir /home/itsupport/simulation/inverter,FA_1bit_tb,config/history_1/simulation/HSPICE_tb1fa/HSPICE/nominal databaseName /home/itsupport/simulation/inverter,FA_1bit_tb,config/history_1/simulation/HSPICE_tb1fa/HSPICE/nominal/resultsDatabase remoteRun {} testbenchId 1 saveImages true
[05:40:33.83] /o saeInterBGSaeShell:  ::sa::_backgroundSaeShell::scriptFinished 0.2 {} sa::_resultsDatabase::saeShellProcessingCompletedProc testSuiteName saeSession3 testbenchName HSPICE_tb1fa resultsDir /home/itsupport/simulation/inverter,FA_1bit_tb,config/history_1/simulation/HSPICE_tb1fa/HSPICE/nominal/results testSuiteDir /home/itsupport/simulation/inverter,FA_1bit_tb,config/history_1/simulation/HSPICE_tb1fa/HSPICE/nominal databaseName /home/itsupport/simulation/inverter,FA_1bit_tb,config/history_1/simulation/HSPICE_tb1fa/HSPICE/nominal/resultsDatabase remoteRun {} testbenchId 1 saveImages true
[05:40:33.83] /o false
[05:41:00.64] /i ::sa::_backgroundSaeShell::runScript /home/itsupport/simulation/inverter,FA_1bit_tb,config/history_1/simulation/HSPICE_tb1fa/HSPICE/nominal/.bg_measurement_script.tcl sa::_resultsDatabase::saeShellProcessingCompletedProc testSuiteName saeSession3 testbenchName HSPICE_tb1fa resultsDir /home/itsupport/simulation/inverter,FA_1bit_tb,config/history_1/simulation/HSPICE_tb1fa/HSPICE/nominal/results testSuiteDir /home/itsupport/simulation/inverter,FA_1bit_tb,config/history_1/simulation/HSPICE_tb1fa/HSPICE/nominal databaseName /home/itsupport/simulation/inverter,FA_1bit_tb,config/history_1/simulation/HSPICE_tb1fa/HSPICE/nominal/resultsDatabase remoteRun {} testbenchId 1 saveImages true
[05:41:00.95] /o saeInterBGSaeShell:  ::sa::_backgroundSaeShell::scriptFinished 0.3 {} sa::_resultsDatabase::saeShellProcessingCompletedProc testSuiteName saeSession3 testbenchName HSPICE_tb1fa resultsDir /home/itsupport/simulation/inverter,FA_1bit_tb,config/history_1/simulation/HSPICE_tb1fa/HSPICE/nominal/results testSuiteDir /home/itsupport/simulation/inverter,FA_1bit_tb,config/history_1/simulation/HSPICE_tb1fa/HSPICE/nominal databaseName /home/itsupport/simulation/inverter,FA_1bit_tb,config/history_1/simulation/HSPICE_tb1fa/HSPICE/nominal/resultsDatabase remoteRun {} testbenchId 1 saveImages true
[05:41:00.95] /o false
[05:41:20.57] /i ::sa::_backgroundSaeShell::runScript /home/itsupport/simulation/inverter,FA_1bit_tb,config/history_1/simulation/HSPICE_tb1fa/HSPICE/nominal/.bg_measurement_script.tcl sa::_resultsDatabase::saeShellProcessingCompletedProc testSuiteName saeSession3 testbenchName HSPICE_tb1fa resultsDir /home/itsupport/simulation/inverter,FA_1bit_tb,config/history_1/simulation/HSPICE_tb1fa/HSPICE/nominal/results testSuiteDir /home/itsupport/simulation/inverter,FA_1bit_tb,config/history_1/simulation/HSPICE_tb1fa/HSPICE/nominal databaseName /home/itsupport/simulation/inverter,FA_1bit_tb,config/history_1/simulation/HSPICE_tb1fa/HSPICE/nominal/resultsDatabase remoteRun {} testbenchId 1 saveImages true
[05:41:20.96] /o saeInterBGSaeShell:  ::sa::_backgroundSaeShell::scriptFinished 0.3 {} sa::_resultsDatabase::saeShellProcessingCompletedProc testSuiteName saeSession3 testbenchName HSPICE_tb1fa resultsDir /home/itsupport/simulation/inverter,FA_1bit_tb,config/history_1/simulation/HSPICE_tb1fa/HSPICE/nominal/results testSuiteDir /home/itsupport/simulation/inverter,FA_1bit_tb,config/history_1/simulation/HSPICE_tb1fa/HSPICE/nominal databaseName /home/itsupport/simulation/inverter,FA_1bit_tb,config/history_1/simulation/HSPICE_tb1fa/HSPICE/nominal/resultsDatabase remoteRun {} testbenchId 1 saveImages true
[05:41:20.96] /o false
[05:41:36.84] /i ::sa::_backgroundSaeShell::runScript /home/itsupport/simulation/inverter,FA_1bit_tb,config/history_1/simulation/HSPICE_tb1fa/HSPICE/nominal/.bg_measurement_script.tcl sa::_resultsDatabase::saeShellProcessingCompletedProc testSuiteName saeSession3 testbenchName HSPICE_tb1fa resultsDir /home/itsupport/simulation/inverter,FA_1bit_tb,config/history_1/simulation/HSPICE_tb1fa/HSPICE/nominal/results testSuiteDir /home/itsupport/simulation/inverter,FA_1bit_tb,config/history_1/simulation/HSPICE_tb1fa/HSPICE/nominal databaseName /home/itsupport/simulation/inverter,FA_1bit_tb,config/history_1/simulation/HSPICE_tb1fa/HSPICE/nominal/resultsDatabase remoteRun {} testbenchId 1 saveImages true
[05:41:37.15] /o saeInterBGSaeShell:  ::sa::_backgroundSaeShell::scriptFinished 0.3 {} sa::_resultsDatabase::saeShellProcessingCompletedProc testSuiteName saeSession3 testbenchName HSPICE_tb1fa resultsDir /home/itsupport/simulation/inverter,FA_1bit_tb,config/history_1/simulation/HSPICE_tb1fa/HSPICE/nominal/results testSuiteDir /home/itsupport/simulation/inverter,FA_1bit_tb,config/history_1/simulation/HSPICE_tb1fa/HSPICE/nominal databaseName /home/itsupport/simulation/inverter,FA_1bit_tb,config/history_1/simulation/HSPICE_tb1fa/HSPICE/nominal/resultsDatabase remoteRun {} testbenchId 1 saveImages true
[05:41:37.15] /o false
[05:43:02.57] /i ::sa::_backgroundSaeShell::runScript /home/itsupport/simulation/inverter,FA_1bit_tb,config/history_1/simulation/HSPICE_tb1fa/HSPICE/nominal/.bg_measurement_script.tcl sa::_resultsDatabase::saeShellProcessingCompletedProc testSuiteName saeSession3 testbenchName HSPICE_tb1fa resultsDir /home/itsupport/simulation/inverter,FA_1bit_tb,config/history_1/simulation/HSPICE_tb1fa/HSPICE/nominal/results testSuiteDir /home/itsupport/simulation/inverter,FA_1bit_tb,config/history_1/simulation/HSPICE_tb1fa/HSPICE/nominal databaseName /home/itsupport/simulation/inverter,FA_1bit_tb,config/history_1/simulation/HSPICE_tb1fa/HSPICE/nominal/resultsDatabase remoteRun {} testbenchId 1 saveImages true
[05:43:02.88] /o saeInterBGSaeShell:  ::sa::_backgroundSaeShell::scriptFinished 0.3 {} sa::_resultsDatabase::saeShellProcessingCompletedProc testSuiteName saeSession3 testbenchName HSPICE_tb1fa resultsDir /home/itsupport/simulation/inverter,FA_1bit_tb,config/history_1/simulation/HSPICE_tb1fa/HSPICE/nominal/results testSuiteDir /home/itsupport/simulation/inverter,FA_1bit_tb,config/history_1/simulation/HSPICE_tb1fa/HSPICE/nominal databaseName /home/itsupport/simulation/inverter,FA_1bit_tb,config/history_1/simulation/HSPICE_tb1fa/HSPICE/nominal/resultsDatabase remoteRun {} testbenchId 1 saveImages true
[05:43:02.88] /o false
[05:44:39.32] /i ::sa::_backgroundSaeShell::exit
[05:44:39.32] /o saeInterBGSaeShell:  ::sa::_backgroundSaeShell::childFormallyExiting
