[15:50:16.32] /m Information: License 'SAE' checked out. (LICENSE-003)
[15:50:17.36] /o sae_shell Version Custom Compiler N-2017.12-SP1-2
              /c Build  (OPT) compiled on Wed May 16 15:20:56 2018 for RHEL64 6.6
              /c Execution time: Sat May 23 15:50:15 2026
              /c Host: localhost.localdomain
              /c 
              /c Copyright © 2004-2018 Synopsys, Inc.
              /c This software and the associated documentation are proprietary to Synopsys, Inc. This software may only be used in accordance with the terms and conditions of a written license agreement with Synopsys, Inc. All other use, reproduction, or distribution of this software is strictly prohibited.
              /c 
              /c 
[15:50:17.37] /w Warning: Preference 'leActiveLPP' is deprecated and scheduled for removal in a future release with no replacement. For migration assistance, see the Custom Compiler Tcl Reference Manual. (PREFERENCE-058)
[15:50:17.37] /o 	#######################################
[15:50:17.38] /o 	PDK Library Name	: reference90RF
[15:50:17.38] /o 	PDK Version		: 2.0
[15:50:17.38] /o 	PDK Release Date	: 25-March-2010 
[15:50:17.38] /o 	#######################################
[15:50:17.38] /o 
[15:50:17.38] /i ::sa::_backgroundSaeShell::signalProcessReady 1779526214
[15:50:17.38] /o saeInterBGSaeShell:  ::sa::_backgroundSaeShell::processReady 3
[16:27:22.66] /m Information: Exiting due to non-response from parent process.
[16:27:22.66] /o saeInterBGSaeShell:  ::sa::_backgroundSaeShell::childFormallyExiting
