[23:15:45.92] /m Information: License 'SAE' checked out. (LICENSE-003)
[23:15:47.01] /o sae_shell Version Custom Compiler N-2017.12-SP1-2
              /c Build  (OPT) compiled on Wed May 16 15:20:56 2018 for RHEL64 6.6
              /c Execution time: Sat May 23 23:15:45 2026
              /c Host: localhost.localdomain
              /c 
              /c Copyright © 2004-2018 Synopsys, Inc.
              /c This software and the associated documentation are proprietary to Synopsys, Inc. This software may only be used in accordance with the terms and conditions of a written license agreement with Synopsys, Inc. All other use, reproduction, or distribution of this software is strictly prohibited.
              /c 
              /c 
[23:15:47.02] /w Warning: Preference 'leActiveLPP' is deprecated and scheduled for removal in a future release with no replacement. For migration assistance, see the Custom Compiler Tcl Reference Manual. (PREFERENCE-058)
[23:15:47.02] /o 	#######################################
[23:15:47.02] /o 	PDK Library Name	: reference90RF
[23:15:47.02] /o 	PDK Version		: 2.0
[23:15:47.02] /o 	PDK Release Date	: 25-March-2010 
[23:15:47.02] /o 	#######################################
[23:15:47.02] /o 
[23:15:47.03] /i ::sa::_backgroundSaeShell::signalProcessReady 1779552944
[23:15:47.03] /o saeInterBGSaeShell:  ::sa::_backgroundSaeShell::processReady 3
[23:15:51.69] /i ::sa::_backgroundSaeShell::runScript /home/itsupport/simulation/project_d_ff,tb_d_latch_2,config/history_1/simulation/HSPICE_tb_2latch/HSPICE/nominal/.bg_measurement_script.tcl sa::_resultsDatabase::saeShellProcessingCompletedProc testSuiteName saeSession7 testbenchName HSPICE_tb_2latch resultsDir /home/itsupport/simulation/project_d_ff,tb_d_latch_2,config/history_1/simulation/HSPICE_tb_2latch/HSPICE/nominal/results testSuiteDir /home/itsupport/simulation/project_d_ff,tb_d_latch_2,config/history_1/simulation/HSPICE_tb_2latch/HSPICE/nominal databaseName /home/itsupport/simulation/project_d_ff,tb_d_latch_2,config/history_1/simulation/HSPICE_tb_2latch/HSPICE/nominal/resultsDatabase remoteRun {} testbenchId 1 saveImages true
[23:15:52.01] /m Information: Started sharing "Custom WaveView" license. (WAVEFORM-110)
[23:15:52.11] /o saeInterBGSaeShell:  ::sa::_backgroundSaeShell::scriptFinished 0.4 {} sa::_resultsDatabase::saeShellProcessingCompletedProc testSuiteName saeSession7 testbenchName HSPICE_tb_2latch resultsDir /home/itsupport/simulation/project_d_ff,tb_d_latch_2,config/history_1/simulation/HSPICE_tb_2latch/HSPICE/nominal/results testSuiteDir /home/itsupport/simulation/project_d_ff,tb_d_latch_2,config/history_1/simulation/HSPICE_tb_2latch/HSPICE/nominal databaseName /home/itsupport/simulation/project_d_ff,tb_d_latch_2,config/history_1/simulation/HSPICE_tb_2latch/HSPICE/nominal/resultsDatabase remoteRun {} testbenchId 1 saveImages true
[23:15:52.11] /o false
[23:17:12.41] /i ::wf::viewerExited
[23:18:23.81] /i ::sa::_backgroundSaeShell::runScript /home/itsupport/simulation/project_d_ff,tb_d_latch_2,config/history_1/simulation/HSPICE_tb_2latch/HSPICE/nominal/.bg_measurement_script.tcl sa::_resultsDatabase::saeShellProcessingCompletedProc testSuiteName saeSession7 testbenchName HSPICE_tb_2latch resultsDir /home/itsupport/simulation/project_d_ff,tb_d_latch_2,config/history_1/simulation/HSPICE_tb_2latch/HSPICE/nominal/results testSuiteDir /home/itsupport/simulation/project_d_ff,tb_d_latch_2,config/history_1/simulation/HSPICE_tb_2latch/HSPICE/nominal databaseName /home/itsupport/simulation/project_d_ff,tb_d_latch_2,config/history_1/simulation/HSPICE_tb_2latch/HSPICE/nominal/resultsDatabase remoteRun {} testbenchId 1 saveImages true
[23:18:24.09] /o saeInterBGSaeShell:  ::sa::_backgroundSaeShell::scriptFinished 0.2 {} sa::_resultsDatabase::saeShellProcessingCompletedProc testSuiteName saeSession7 testbenchName HSPICE_tb_2latch resultsDir /home/itsupport/simulation/project_d_ff,tb_d_latch_2,config/history_1/simulation/HSPICE_tb_2latch/HSPICE/nominal/results testSuiteDir /home/itsupport/simulation/project_d_ff,tb_d_latch_2,config/history_1/simulation/HSPICE_tb_2latch/HSPICE/nominal databaseName /home/itsupport/simulation/project_d_ff,tb_d_latch_2,config/history_1/simulation/HSPICE_tb_2latch/HSPICE/nominal/resultsDatabase remoteRun {} testbenchId 1 saveImages true
[23:18:24.09] /o false
[23:18:42.71] /i ::sa::_backgroundSaeShell::runScript /home/itsupport/simulation/project_d_ff,tb_d_latch_2,config/history_1/simulation/HSPICE_tb_2latch/HSPICE/nominal/.bg_measurement_script.tcl sa::_resultsDatabase::saeShellProcessingCompletedProc testSuiteName saeSession7 testbenchName HSPICE_tb_2latch resultsDir /home/itsupport/simulation/project_d_ff,tb_d_latch_2,config/history_1/simulation/HSPICE_tb_2latch/HSPICE/nominal/results testSuiteDir /home/itsupport/simulation/project_d_ff,tb_d_latch_2,config/history_1/simulation/HSPICE_tb_2latch/HSPICE/nominal databaseName /home/itsupport/simulation/project_d_ff,tb_d_latch_2,config/history_1/simulation/HSPICE_tb_2latch/HSPICE/nominal/resultsDatabase remoteRun {} testbenchId 1 saveImages true
[23:18:43.06] /o saeInterBGSaeShell:  ::sa::_backgroundSaeShell::scriptFinished 0.3 {} sa::_resultsDatabase::saeShellProcessingCompletedProc testSuiteName saeSession7 testbenchName HSPICE_tb_2latch resultsDir /home/itsupport/simulation/project_d_ff,tb_d_latch_2,config/history_1/simulation/HSPICE_tb_2latch/HSPICE/nominal/results testSuiteDir /home/itsupport/simulation/project_d_ff,tb_d_latch_2,config/history_1/simulation/HSPICE_tb_2latch/HSPICE/nominal databaseName /home/itsupport/simulation/project_d_ff,tb_d_latch_2,config/history_1/simulation/HSPICE_tb_2latch/HSPICE/nominal/resultsDatabase remoteRun {} testbenchId 1 saveImages true
[23:18:43.06] /o false
[23:19:13.94] /i ::sa::_backgroundSaeShell::runScript /home/itsupport/simulation/project_d_ff,tb_d_latch_2,config/history_1/simulation/HSPICE_tb_2latch/HSPICE/nominal/.bg_measurement_script.tcl sa::_resultsDatabase::saeShellProcessingCompletedProc testSuiteName saeSession7 testbenchName HSPICE_tb_2latch resultsDir /home/itsupport/simulation/project_d_ff,tb_d_latch_2,config/history_1/simulation/HSPICE_tb_2latch/HSPICE/nominal/results testSuiteDir /home/itsupport/simulation/project_d_ff,tb_d_latch_2,config/history_1/simulation/HSPICE_tb_2latch/HSPICE/nominal databaseName /home/itsupport/simulation/project_d_ff,tb_d_latch_2,config/history_1/simulation/HSPICE_tb_2latch/HSPICE/nominal/resultsDatabase remoteRun {} testbenchId 1 saveImages true
[23:19:14.24] /o saeInterBGSaeShell:  ::sa::_backgroundSaeShell::scriptFinished 0.3 {} sa::_resultsDatabase::saeShellProcessingCompletedProc testSuiteName saeSession7 testbenchName HSPICE_tb_2latch resultsDir /home/itsupport/simulation/project_d_ff,tb_d_latch_2,config/history_1/simulation/HSPICE_tb_2latch/HSPICE/nominal/results testSuiteDir /home/itsupport/simulation/project_d_ff,tb_d_latch_2,config/history_1/simulation/HSPICE_tb_2latch/HSPICE/nominal databaseName /home/itsupport/simulation/project_d_ff,tb_d_latch_2,config/history_1/simulation/HSPICE_tb_2latch/HSPICE/nominal/resultsDatabase remoteRun {} testbenchId 1 saveImages true
[23:19:14.24] /o false
[23:19:22.02] /i ::sa::_backgroundSaeShell::exit
[23:19:22.02] /o saeInterBGSaeShell:  ::sa::_backgroundSaeShell::childFormallyExiting
