[22:28:41.43] /m Information: License 'SAE' checked out. (LICENSE-003)
[22:28:42.45] /o sae_shell Version Custom Compiler N-2017.12-SP1-2
              /c Build  (OPT) compiled on Wed May 16 15:20:56 2018 for RHEL64 6.6
              /c Execution time: Sat May 23 22:28:40 2026
              /c Host: localhost.localdomain
              /c 
              /c Copyright © 2004-2018 Synopsys, Inc.
              /c This software and the associated documentation are proprietary to Synopsys, Inc. This software may only be used in accordance with the terms and conditions of a written license agreement with Synopsys, Inc. All other use, reproduction, or distribution of this software is strictly prohibited.
              /c 
              /c 
[22:28:42.46] /w Warning: Preference 'leActiveLPP' is deprecated and scheduled for removal in a future release with no replacement. For migration assistance, see the Custom Compiler Tcl Reference Manual. (PREFERENCE-058)
[22:28:42.46] /o 	#######################################
[22:28:42.46] /o 	PDK Library Name	: reference90RF
[22:28:42.46] /o 	PDK Version		: 2.0
[22:28:42.46] /o 	PDK Release Date	: 25-March-2010 
[22:28:42.46] /o 	#######################################
[22:28:42.46] /o 
[22:28:42.47] /i ::sa::_backgroundSaeShell::signalProcessReady 1779550120
[22:28:42.47] /o saeInterBGSaeShell:  ::sa::_backgroundSaeShell::processReady 2
[22:30:25.77] /i ::sa::_backgroundSaeShell::runScript /home/itsupport/simulation/project_d_ff,tb_d_latch_2,config/history_1/simulation/HSPICE_d_Fff/HSPICE/nominal/.bg_measurement_script.tcl sa::_resultsDatabase::saeShellProcessingCompletedProc testSuiteName saeSession0 testbenchName HSPICE_d_Fff resultsDir /home/itsupport/simulation/project_d_ff,tb_d_latch_2,config/history_1/simulation/HSPICE_d_Fff/HSPICE/nominal/results testSuiteDir /home/itsupport/simulation/project_d_ff,tb_d_latch_2,config/history_1/simulation/HSPICE_d_Fff/HSPICE/nominal databaseName /home/itsupport/simulation/project_d_ff,tb_d_latch_2,config/history_1/simulation/HSPICE_d_Fff/HSPICE/nominal/resultsDatabase remoteRun {} testbenchId 1 saveImages true
[22:30:26.20] /m Information: Started sharing "Custom WaveView" license. (WAVEFORM-110)
[22:30:26.44] /o saeInterBGSaeShell:  ::sa::_backgroundSaeShell::scriptFinished 0.6 {} sa::_resultsDatabase::saeShellProcessingCompletedProc testSuiteName saeSession0 testbenchName HSPICE_d_Fff resultsDir /home/itsupport/simulation/project_d_ff,tb_d_latch_2,config/history_1/simulation/HSPICE_d_Fff/HSPICE/nominal/results testSuiteDir /home/itsupport/simulation/project_d_ff,tb_d_latch_2,config/history_1/simulation/HSPICE_d_Fff/HSPICE/nominal databaseName /home/itsupport/simulation/project_d_ff,tb_d_latch_2,config/history_1/simulation/HSPICE_d_Fff/HSPICE/nominal/resultsDatabase remoteRun {} testbenchId 1 saveImages true
[22:30:26.44] /o false
[22:30:42.75] /i ::sa::_backgroundSaeShell::exit
[22:30:42.75] /o saeInterBGSaeShell:  ::sa::_backgroundSaeShell::childFormallyExiting
