[01:03:32.66] /m Information: License 'SAE' checked out. (LICENSE-003)
[01:03:33.67] /o sae_shell Version Custom Compiler N-2017.12-SP1-2
              /c Build  (OPT) compiled on Wed May 16 15:20:56 2018 for RHEL64 6.6
              /c Execution time: Tue Apr 14 01:03:31 2026
              /c Host: localhost.localdomain
              /c 
              /c Copyright © 2004-2018 Synopsys, Inc.
              /c This software and the associated documentation are proprietary to Synopsys, Inc. This software may only be used in accordance with the terms and conditions of a written license agreement with Synopsys, Inc. All other use, reproduction, or distribution of this software is strictly prohibited.
              /c 
              /c 
[01:03:33.68] /w Warning: Preference 'leActiveLPP' is deprecated and scheduled for removal in a future release with no replacement. For migration assistance, see the Custom Compiler Tcl Reference Manual. (PREFERENCE-058)
[01:03:33.68] /o 	#######################################
[01:03:33.68] /o 	PDK Library Name	: reference90RF
[01:03:33.68] /o 	PDK Version		: 2.0
[01:03:33.68] /o 	PDK Release Date	: 25-March-2010 
[01:03:33.68] /o 	#######################################
[01:03:33.68] /o 
[01:03:33.69] /i ::sa::_backgroundSaeShell::signalProcessReady 1776103411
[01:03:33.69] /o saeInterBGSaeShell:  ::sa::_backgroundSaeShell::processReady 2
[01:03:37.53] /i ::sa::_backgroundSaeShell::exit
[01:03:37.53] /o saeInterBGSaeShell:  ::sa::_backgroundSaeShell::childFormallyExiting
