[23:05:34.89] /m Information: License 'SAE' checked out. (LICENSE-003)
[23:05:36.29] /o sae_shell Version Custom Compiler N-2017.12-SP1-2
              /c Build  (OPT) compiled on Wed May 16 15:20:56 2018 for RHEL64 6.6
              /c Execution time: Fri May 15 23:05:33 2026
              /c Host: localhost.localdomain
              /c 
              /c Copyright © 2004-2018 Synopsys, Inc.
              /c This software and the associated documentation are proprietary to Synopsys, Inc. This software may only be used in accordance with the terms and conditions of a written license agreement with Synopsys, Inc. All other use, reproduction, or distribution of this software is strictly prohibited.
              /c 
              /c 
[23:05:36.30] /w Warning: Preference 'leActiveLPP' is deprecated and scheduled for removal in a future release with no replacement. For migration assistance, see the Custom Compiler Tcl Reference Manual. (PREFERENCE-058)
[23:05:36.30] /o 	#######################################
[23:05:36.30] /o 	PDK Library Name	: reference90RF
[23:05:36.30] /o 	PDK Version		: 2.0
[23:05:36.30] /o 	PDK Release Date	: 25-March-2010 
[23:05:36.30] /o 	#######################################
[23:05:36.30] /o 
[23:05:36.31] /i ::sa::_backgroundSaeShell::signalProcessReady 1778861133
[23:05:36.31] /o saeInterBGSaeShell:  ::sa::_backgroundSaeShell::processReady 3
[23:10:37.33] /o saeInterBGSaeShell:  ::sa::_backgroundSaeShell::pingBack
[23:10:37.40] /i ::sa::_backgroundSaeShell::parentRunning
[23:10:37.40] /o 1778861437
[23:14:40.46] /o Process killed
              /c Information: The process was terminated by "Termination" signal.
              /c signal number = 15
              /c Stack Dump: VERSION N-2017.12-SP1-2 CONFIG 4182185 DATE Fri May 15 23:05:33 2026
              /c Frame 0. /lib64/libc.so.6 ::0x7f6f72431400 + 0x40
              /c Frame 1. libc.so.6: __poll + 0x24
              /c Frame 2. /lib64/libglib-2.0.so.0 ::0x7f6f85fcd3fc + 0x43c
              /c Frame 3. libglib-2.0.so.0: g_main_context_iteration + 0x2c
              /c Frame 4. QEventDispatcherGlib::processEvents(QFlags<QEventLoop::ProcessEventsFlag>) + 0x6a
              /c Frame 5. QEventLoop::exec(QFlags<QEventLoop::ProcessEventsFlag>) + 0xea
              /c Frame 6. QCoreApplication::exec() + 0x8d
              /c Frame 7. 0x113b243 SNPSee_3cb5a937433b5647dfd0ba220bc88c363f9edc9e424f5618e629fa54920aaa2d42181fc4e419a971bdba91f3b1089c26 + 0xa3
              /c Frame 8. sae_shell: main + 0x6b
              /c Frame 9. libc.so.6: __libc_start_main + 0xf5
              /c Frame 10. /usr/synopsys/customcompiler/N-2017.12-SP1-2/linux64/platform/bin/sae_shell ::0x11306a5 + 0x29
              /c 
[23:14:40.55] /e Error: The application was unexpectedly terminated.
              /c See the session log file for recovery details. (SHUT_DOWN-001)
