[23:56:04.11] /m Information: License 'SAE' checked out. (LICENSE-003)
[23:56:05.45] /o sae_shell Version Custom Compiler N-2017.12-SP1-2
              /c Build  (OPT) compiled on Wed May 16 15:20:56 2018 for RHEL64 6.6
              /c Execution time: Thu May 21 23:56:03 2026
              /c Host: localhost.localdomain
              /c 
              /c Copyright © 2004-2018 Synopsys, Inc.
              /c This software and the associated documentation are proprietary to Synopsys, Inc. This software may only be used in accordance with the terms and conditions of a written license agreement with Synopsys, Inc. All other use, reproduction, or distribution of this software is strictly prohibited.
              /c 
              /c 
[23:56:05.46] /w Warning: Preference 'leActiveLPP' is deprecated and scheduled for removal in a future release with no replacement. For migration assistance, see the Custom Compiler Tcl Reference Manual. (PREFERENCE-058)
[23:56:05.46] /o 	#######################################
[23:56:05.46] /o 	PDK Library Name	: reference90RF
[23:56:05.46] /o 	PDK Version		: 2.0
[23:56:05.46] /o 	PDK Release Date	: 25-March-2010 
[23:56:05.46] /o 	#######################################
[23:56:05.46] /o 
[23:56:05.47] /i ::sa::_backgroundSaeShell::signalProcessReady 1779382562
[23:56:05.47] /o saeInterBGSaeShell:  ::sa::_backgroundSaeShell::processReady 3
[23:56:48.55] /i ::wf::viewerExited
[00:01:06.48] /o saeInterBGSaeShell:  ::sa::_backgroundSaeShell::pingBack
[00:01:06.56] /i ::sa::_backgroundSaeShell::parentRunning
[00:01:06.56] /o 1779382866
[00:05:09.46] /i ::wf::viewerExited
[00:06:07.50] /o saeInterBGSaeShell:  ::sa::_backgroundSaeShell::pingBack
[00:06:07.56] /i ::sa::_backgroundSaeShell::parentRunning
[00:06:07.56] /o 1779383167
[00:06:36.56] /i ::wf::viewerExited
[00:11:08.51] /o saeInterBGSaeShell:  ::sa::_backgroundSaeShell::pingBack
[00:11:08.55] /i ::sa::_backgroundSaeShell::parentRunning
[00:11:08.55] /o 1779383468
[00:16:09.52] /o saeInterBGSaeShell:  ::sa::_backgroundSaeShell::pingBack
[00:16:09.56] /i ::sa::_backgroundSaeShell::parentRunning
[00:16:09.56] /o 1779383769
[00:21:10.52] /o saeInterBGSaeShell:  ::sa::_backgroundSaeShell::pingBack
[00:21:10.56] /i ::sa::_backgroundSaeShell::parentRunning
[00:21:10.56] /o 1779384070
[00:26:11.53] /o saeInterBGSaeShell:  ::sa::_backgroundSaeShell::pingBack
[00:26:11.56] /i ::sa::_backgroundSaeShell::parentRunning
[00:26:11.56] /o 1779384371
[00:31:12.53] /o saeInterBGSaeShell:  ::sa::_backgroundSaeShell::pingBack
[00:31:12.55] /i ::sa::_backgroundSaeShell::parentRunning
[00:31:12.55] /o 1779384672
