[00:57:53.36] /m Information: License 'SAE' checked out. (LICENSE-003)
[00:57:54.40] /o sae_shell Version Custom Compiler N-2017.12-SP1-2
              /c Build  (OPT) compiled on Wed May 16 15:20:56 2018 for RHEL64 6.6
              /c Execution time: Tue Apr 14 00:57:52 2026
              /c Host: localhost.localdomain
              /c 
              /c Copyright © 2004-2018 Synopsys, Inc.
              /c This software and the associated documentation are proprietary to Synopsys, Inc. This software may only be used in accordance with the terms and conditions of a written license agreement with Synopsys, Inc. All other use, reproduction, or distribution of this software is strictly prohibited.
              /c 
              /c 
[00:57:54.41] /w Warning: Preference 'leActiveLPP' is deprecated and scheduled for removal in a future release with no replacement. For migration assistance, see the Custom Compiler Tcl Reference Manual. (PREFERENCE-058)
[00:57:54.41] /o 	#######################################
[00:57:54.41] /o 	PDK Library Name	: reference90RF
[00:57:54.41] /o 	PDK Version		: 2.0
[00:57:54.41] /o 	PDK Release Date	: 25-March-2010 
[00:57:54.41] /o 	#######################################
[00:57:54.41] /o 
[00:57:54.41] /i ::sa::_backgroundSaeShell::signalProcessReady 1776103072
[00:57:54.42] /o saeInterBGSaeShell:  ::sa::_backgroundSaeShell::processReady 2
[00:57:55.47] /i ::sa::_backgroundSaeShell::runScript /home/itsupport/simulation/inverter,tb,schematic/history_1/simulation/default/HSPICE/nominal/.bg_measurement_script.tcl sa::_resultsDatabase::saeShellProcessingCompletedProc testSuiteName saeSession1 testbenchName default resultsDir /home/itsupport/simulation/inverter,tb,schematic/history_1/simulation/default/HSPICE/nominal/results testSuiteDir /home/itsupport/simulation/inverter,tb,schematic/history_1/simulation/default/HSPICE/nominal databaseName /home/itsupport/simulation/inverter,tb,schematic/history_1/simulation/default/HSPICE/nominal/resultsDatabase remoteRun {} testbenchId 1 saveImages true
[00:57:55.75] /o saeInterBGSaeShell:  ::sa::_backgroundSaeShell::scriptFinished 0.2 {} sa::_resultsDatabase::saeShellProcessingCompletedProc testSuiteName saeSession1 testbenchName default resultsDir /home/itsupport/simulation/inverter,tb,schematic/history_1/simulation/default/HSPICE/nominal/results testSuiteDir /home/itsupport/simulation/inverter,tb,schematic/history_1/simulation/default/HSPICE/nominal databaseName /home/itsupport/simulation/inverter,tb,schematic/history_1/simulation/default/HSPICE/nominal/resultsDatabase remoteRun {} testbenchId 1 saveImages true
[00:57:55.75] /o false
[00:58:08.49] /i ::sa::_backgroundSaeShell::runScript /home/itsupport/simulation/inverter,tb,schematic/history_1/simulation/HSPICE_default/HSPICE/nominal/.bg_measurement_script.tcl sa::_resultsDatabase::saeShellProcessingCompletedProc testSuiteName saeSession1 testbenchName HSPICE_default resultsDir /home/itsupport/simulation/inverter,tb,schematic/history_1/simulation/HSPICE_default/HSPICE/nominal/results testSuiteDir /home/itsupport/simulation/inverter,tb,schematic/history_1/simulation/HSPICE_default/HSPICE/nominal databaseName /home/itsupport/simulation/inverter,tb,schematic/history_1/simulation/HSPICE_default/HSPICE/nominal/resultsDatabase remoteRun {} testbenchId 1 saveImages true
[00:58:08.78] /m Information: Started sharing "Custom WaveView" license. (WAVEFORM-110)
[00:58:08.87] /o saeInterBGSaeShell:  ::sa::_backgroundSaeShell::scriptFinished 0.3 {} sa::_resultsDatabase::saeShellProcessingCompletedProc testSuiteName saeSession1 testbenchName HSPICE_default resultsDir /home/itsupport/simulation/inverter,tb,schematic/history_1/simulation/HSPICE_default/HSPICE/nominal/results testSuiteDir /home/itsupport/simulation/inverter,tb,schematic/history_1/simulation/HSPICE_default/HSPICE/nominal databaseName /home/itsupport/simulation/inverter,tb,schematic/history_1/simulation/HSPICE_default/HSPICE/nominal/resultsDatabase remoteRun {} testbenchId 1 saveImages true
[00:58:08.87] /o false
[00:58:37.81] /i ::wf::viewerExited
[00:58:48.69] /i ::sa::_backgroundSaeShell::exit
[00:58:48.69] /o saeInterBGSaeShell:  ::sa::_backgroundSaeShell::childFormallyExiting
