[22:08:23.60] /m Information: License 'SAE' checked out. (LICENSE-003)
[22:08:24.74] /o sae_shell Version Custom Compiler N-2017.12-SP1-2
              /c Build  (OPT) compiled on Wed May 16 15:20:56 2018 for RHEL64 6.6
              /c Execution time: Thu May 21 22:08:22 2026
              /c Host: localhost.localdomain
              /c 
              /c Copyright © 2004-2018 Synopsys, Inc.
              /c This software and the associated documentation are proprietary to Synopsys, Inc. This software may only be used in accordance with the terms and conditions of a written license agreement with Synopsys, Inc. All other use, reproduction, or distribution of this software is strictly prohibited.
              /c 
              /c 
[22:08:24.75] /w Warning: Preference 'leActiveLPP' is deprecated and scheduled for removal in a future release with no replacement. For migration assistance, see the Custom Compiler Tcl Reference Manual. (PREFERENCE-058)
[22:08:24.75] /o 	#######################################
[22:08:24.75] /o 	PDK Library Name	: reference90RF
[22:08:24.75] /o 	PDK Version		: 2.0
[22:08:24.75] /o 	PDK Release Date	: 25-March-2010 
[22:08:24.75] /o 	#######################################
[22:08:24.75] /o 
[22:08:24.76] /i ::sa::_backgroundSaeShell::signalProcessReady 1779376102
[22:08:24.76] /o saeInterBGSaeShell:  ::sa::_backgroundSaeShell::processReady 2
[22:10:02.41] /i ::sa::_backgroundSaeShell::runScript /home/itsupport/simulation/project_d_ff,tb_d_latch,schematic/history_1/simulation/default/HSPICE/nominal/.bg_measurement_script.tcl sa::_resultsDatabase::saeShellProcessingCompletedProc testSuiteName saeSession2 testbenchName default resultsDir /home/itsupport/simulation/project_d_ff,tb_d_latch,schematic/history_1/simulation/default/HSPICE/nominal/results testSuiteDir /home/itsupport/simulation/project_d_ff,tb_d_latch,schematic/history_1/simulation/default/HSPICE/nominal databaseName /home/itsupport/simulation/project_d_ff,tb_d_latch,schematic/history_1/simulation/default/HSPICE/nominal/resultsDatabase remoteRun {} testbenchId 1 saveImages true
[22:10:02.75] /m Information: Started sharing "Custom WaveView" license. (WAVEFORM-110)
[22:10:02.85] /o saeInterBGSaeShell:  ::sa::_backgroundSaeShell::scriptFinished 0.4 {} sa::_resultsDatabase::saeShellProcessingCompletedProc testSuiteName saeSession2 testbenchName default resultsDir /home/itsupport/simulation/project_d_ff,tb_d_latch,schematic/history_1/simulation/default/HSPICE/nominal/results testSuiteDir /home/itsupport/simulation/project_d_ff,tb_d_latch,schematic/history_1/simulation/default/HSPICE/nominal databaseName /home/itsupport/simulation/project_d_ff,tb_d_latch,schematic/history_1/simulation/default/HSPICE/nominal/resultsDatabase remoteRun {} testbenchId 1 saveImages true
[22:10:02.85] /o false
[22:11:39.48] /i ::sa::_backgroundSaeShell::runScript /home/itsupport/simulation/project_d_ff,tb_d_latch,schematic/history_1/simulation/default/HSPICE/nominal/.bg_measurement_script.tcl sa::_resultsDatabase::saeShellProcessingCompletedProc testSuiteName saeSession2 testbenchName default resultsDir /home/itsupport/simulation/project_d_ff,tb_d_latch,schematic/history_1/simulation/default/HSPICE/nominal/results testSuiteDir /home/itsupport/simulation/project_d_ff,tb_d_latch,schematic/history_1/simulation/default/HSPICE/nominal databaseName /home/itsupport/simulation/project_d_ff,tb_d_latch,schematic/history_1/simulation/default/HSPICE/nominal/resultsDatabase remoteRun {} testbenchId 1 saveImages true
[22:11:39.79] /o saeInterBGSaeShell:  ::sa::_backgroundSaeShell::scriptFinished 0.3 {} sa::_resultsDatabase::saeShellProcessingCompletedProc testSuiteName saeSession2 testbenchName default resultsDir /home/itsupport/simulation/project_d_ff,tb_d_latch,schematic/history_1/simulation/default/HSPICE/nominal/results testSuiteDir /home/itsupport/simulation/project_d_ff,tb_d_latch,schematic/history_1/simulation/default/HSPICE/nominal databaseName /home/itsupport/simulation/project_d_ff,tb_d_latch,schematic/history_1/simulation/default/HSPICE/nominal/resultsDatabase remoteRun {} testbenchId 1 saveImages true
[22:11:39.79] /o false
[22:11:43.97] /i ::wf::viewerExited
[22:12:17.75] /i ::sa::_backgroundSaeShell::runScript /home/itsupport/simulation/project_d_ff,tb_d_latch,schematic/history_1/simulation/default/HSPICE/nominal/.bg_measurement_script.tcl sa::_resultsDatabase::saeShellProcessingCompletedProc testSuiteName saeSession2 testbenchName default resultsDir /home/itsupport/simulation/project_d_ff,tb_d_latch,schematic/history_1/simulation/default/HSPICE/nominal/results testSuiteDir /home/itsupport/simulation/project_d_ff,tb_d_latch,schematic/history_1/simulation/default/HSPICE/nominal databaseName /home/itsupport/simulation/project_d_ff,tb_d_latch,schematic/history_1/simulation/default/HSPICE/nominal/resultsDatabase remoteRun {} testbenchId 1 saveImages true
[22:12:17.99] /o saeInterBGSaeShell:  ::sa::_backgroundSaeShell::scriptFinished 0.2 {} sa::_resultsDatabase::saeShellProcessingCompletedProc testSuiteName saeSession2 testbenchName default resultsDir /home/itsupport/simulation/project_d_ff,tb_d_latch,schematic/history_1/simulation/default/HSPICE/nominal/results testSuiteDir /home/itsupport/simulation/project_d_ff,tb_d_latch,schematic/history_1/simulation/default/HSPICE/nominal databaseName /home/itsupport/simulation/project_d_ff,tb_d_latch,schematic/history_1/simulation/default/HSPICE/nominal/resultsDatabase remoteRun {} testbenchId 1 saveImages true
[22:12:17.99] /o false
[22:16:08.07] /i ::sa::_backgroundSaeShell::runScript /home/itsupport/simulation/project_d_ff,tb_d_latch,schematic/history_1/simulation/default/HSPICE/nominal/.bg_measurement_script.tcl sa::_resultsDatabase::saeShellProcessingCompletedProc testSuiteName saeSession2 testbenchName default resultsDir /home/itsupport/simulation/project_d_ff,tb_d_latch,schematic/history_1/simulation/default/HSPICE/nominal/results testSuiteDir /home/itsupport/simulation/project_d_ff,tb_d_latch,schematic/history_1/simulation/default/HSPICE/nominal databaseName /home/itsupport/simulation/project_d_ff,tb_d_latch,schematic/history_1/simulation/default/HSPICE/nominal/resultsDatabase remoteRun {} testbenchId 1 saveImages true
[22:16:08.41] /o saeInterBGSaeShell:  ::sa::_backgroundSaeShell::scriptFinished 0.3 {} sa::_resultsDatabase::saeShellProcessingCompletedProc testSuiteName saeSession2 testbenchName default resultsDir /home/itsupport/simulation/project_d_ff,tb_d_latch,schematic/history_1/simulation/default/HSPICE/nominal/results testSuiteDir /home/itsupport/simulation/project_d_ff,tb_d_latch,schematic/history_1/simulation/default/HSPICE/nominal databaseName /home/itsupport/simulation/project_d_ff,tb_d_latch,schematic/history_1/simulation/default/HSPICE/nominal/resultsDatabase remoteRun {} testbenchId 1 saveImages true
[22:16:08.41] /o false
[22:19:40.07] /i ::sa::_backgroundSaeShell::runScript /home/itsupport/simulation/project_d_ff,tb_d_latch,schematic/history_1/simulation/default/HSPICE/nominal/.bg_measurement_script.tcl sa::_resultsDatabase::saeShellProcessingCompletedProc testSuiteName saeSession2 testbenchName default resultsDir /home/itsupport/simulation/project_d_ff,tb_d_latch,schematic/history_1/simulation/default/HSPICE/nominal/results testSuiteDir /home/itsupport/simulation/project_d_ff,tb_d_latch,schematic/history_1/simulation/default/HSPICE/nominal databaseName /home/itsupport/simulation/project_d_ff,tb_d_latch,schematic/history_1/simulation/default/HSPICE/nominal/resultsDatabase remoteRun {} testbenchId 1 saveImages true
[22:19:40.41] /o saeInterBGSaeShell:  ::sa::_backgroundSaeShell::scriptFinished 0.3 {} sa::_resultsDatabase::saeShellProcessingCompletedProc testSuiteName saeSession2 testbenchName default resultsDir /home/itsupport/simulation/project_d_ff,tb_d_latch,schematic/history_1/simulation/default/HSPICE/nominal/results testSuiteDir /home/itsupport/simulation/project_d_ff,tb_d_latch,schematic/history_1/simulation/default/HSPICE/nominal databaseName /home/itsupport/simulation/project_d_ff,tb_d_latch,schematic/history_1/simulation/default/HSPICE/nominal/resultsDatabase remoteRun {} testbenchId 1 saveImages true
[22:19:40.41] /o false
[22:23:19.37] /i ::sa::_backgroundSaeShell::runScript /home/itsupport/simulation/project_d_ff,tb_d_latch,schematic/history_1/simulation/default/HSPICE/nominal/.bg_measurement_script.tcl sa::_resultsDatabase::saeShellProcessingCompletedProc testSuiteName saeSession2 testbenchName default resultsDir /home/itsupport/simulation/project_d_ff,tb_d_latch,schematic/history_1/simulation/default/HSPICE/nominal/results testSuiteDir /home/itsupport/simulation/project_d_ff,tb_d_latch,schematic/history_1/simulation/default/HSPICE/nominal databaseName /home/itsupport/simulation/project_d_ff,tb_d_latch,schematic/history_1/simulation/default/HSPICE/nominal/resultsDatabase remoteRun {} testbenchId 1 saveImages true
[22:23:19.73] /o saeInterBGSaeShell:  ::sa::_backgroundSaeShell::scriptFinished 0.3 {} sa::_resultsDatabase::saeShellProcessingCompletedProc testSuiteName saeSession2 testbenchName default resultsDir /home/itsupport/simulation/project_d_ff,tb_d_latch,schematic/history_1/simulation/default/HSPICE/nominal/results testSuiteDir /home/itsupport/simulation/project_d_ff,tb_d_latch,schematic/history_1/simulation/default/HSPICE/nominal databaseName /home/itsupport/simulation/project_d_ff,tb_d_latch,schematic/history_1/simulation/default/HSPICE/nominal/resultsDatabase remoteRun {} testbenchId 1 saveImages true
[22:23:19.73] /o false
[22:23:35.85] /i ::sa::_backgroundSaeShell::runScript /home/itsupport/simulation/project_d_ff,tb_d_latch,schematic/history_1/simulation/default/HSPICE/nominal/.bg_measurement_script.tcl sa::_resultsDatabase::saeShellProcessingCompletedProc testSuiteName saeSession2 testbenchName default resultsDir /home/itsupport/simulation/project_d_ff,tb_d_latch,schematic/history_1/simulation/default/HSPICE/nominal/results testSuiteDir /home/itsupport/simulation/project_d_ff,tb_d_latch,schematic/history_1/simulation/default/HSPICE/nominal databaseName /home/itsupport/simulation/project_d_ff,tb_d_latch,schematic/history_1/simulation/default/HSPICE/nominal/resultsDatabase remoteRun {} testbenchId 1 saveImages true
[22:23:36.21] /o saeInterBGSaeShell:  ::sa::_backgroundSaeShell::scriptFinished 0.3 {} sa::_resultsDatabase::saeShellProcessingCompletedProc testSuiteName saeSession2 testbenchName default resultsDir /home/itsupport/simulation/project_d_ff,tb_d_latch,schematic/history_1/simulation/default/HSPICE/nominal/results testSuiteDir /home/itsupport/simulation/project_d_ff,tb_d_latch,schematic/history_1/simulation/default/HSPICE/nominal databaseName /home/itsupport/simulation/project_d_ff,tb_d_latch,schematic/history_1/simulation/default/HSPICE/nominal/resultsDatabase remoteRun {} testbenchId 1 saveImages true
[22:23:36.21] /o false
[22:24:06.77] /i ::sa::_backgroundSaeShell::runScript /home/itsupport/simulation/project_d_ff,tb_d_latch,schematic/history_1/simulation/default/HSPICE/nominal/.bg_measurement_script.tcl sa::_resultsDatabase::saeShellProcessingCompletedProc testSuiteName saeSession2 testbenchName default resultsDir /home/itsupport/simulation/project_d_ff,tb_d_latch,schematic/history_1/simulation/default/HSPICE/nominal/results testSuiteDir /home/itsupport/simulation/project_d_ff,tb_d_latch,schematic/history_1/simulation/default/HSPICE/nominal databaseName /home/itsupport/simulation/project_d_ff,tb_d_latch,schematic/history_1/simulation/default/HSPICE/nominal/resultsDatabase remoteRun {} testbenchId 1 saveImages true
[22:24:07.07] /o saeInterBGSaeShell:  ::sa::_backgroundSaeShell::scriptFinished 0.2 {} sa::_resultsDatabase::saeShellProcessingCompletedProc testSuiteName saeSession2 testbenchName default resultsDir /home/itsupport/simulation/project_d_ff,tb_d_latch,schematic/history_1/simulation/default/HSPICE/nominal/results testSuiteDir /home/itsupport/simulation/project_d_ff,tb_d_latch,schematic/history_1/simulation/default/HSPICE/nominal databaseName /home/itsupport/simulation/project_d_ff,tb_d_latch,schematic/history_1/simulation/default/HSPICE/nominal/resultsDatabase remoteRun {} testbenchId 1 saveImages true
[22:24:07.07] /o false
[22:27:20.06] /i ::sa::_backgroundSaeShell::runScript /home/itsupport/simulation/project_d_ff,tb_d_latch,schematic/history_1/simulation/default/HSPICE/nominal/.bg_measurement_script.tcl sa::_resultsDatabase::saeShellProcessingCompletedProc testSuiteName saeSession2 testbenchName default resultsDir /home/itsupport/simulation/project_d_ff,tb_d_latch,schematic/history_1/simulation/default/HSPICE/nominal/results testSuiteDir /home/itsupport/simulation/project_d_ff,tb_d_latch,schematic/history_1/simulation/default/HSPICE/nominal databaseName /home/itsupport/simulation/project_d_ff,tb_d_latch,schematic/history_1/simulation/default/HSPICE/nominal/resultsDatabase remoteRun {} testbenchId 1 saveImages true
[22:27:20.39] /o saeInterBGSaeShell:  ::sa::_backgroundSaeShell::scriptFinished 0.3 {} sa::_resultsDatabase::saeShellProcessingCompletedProc testSuiteName saeSession2 testbenchName default resultsDir /home/itsupport/simulation/project_d_ff,tb_d_latch,schematic/history_1/simulation/default/HSPICE/nominal/results testSuiteDir /home/itsupport/simulation/project_d_ff,tb_d_latch,schematic/history_1/simulation/default/HSPICE/nominal databaseName /home/itsupport/simulation/project_d_ff,tb_d_latch,schematic/history_1/simulation/default/HSPICE/nominal/resultsDatabase remoteRun {} testbenchId 1 saveImages true
[22:27:20.39] /o false
[22:27:43.14] /i ::sa::_backgroundSaeShell::runScript /home/itsupport/simulation/project_d_ff,tb_d_latch,schematic/history_1/simulation/default/HSPICE/nominal/.bg_measurement_script.tcl sa::_resultsDatabase::saeShellProcessingCompletedProc testSuiteName saeSession2 testbenchName default resultsDir /home/itsupport/simulation/project_d_ff,tb_d_latch,schematic/history_1/simulation/default/HSPICE/nominal/results testSuiteDir /home/itsupport/simulation/project_d_ff,tb_d_latch,schematic/history_1/simulation/default/HSPICE/nominal databaseName /home/itsupport/simulation/project_d_ff,tb_d_latch,schematic/history_1/simulation/default/HSPICE/nominal/resultsDatabase remoteRun {} testbenchId 1 saveImages true
[22:27:43.45] /o saeInterBGSaeShell:  ::sa::_backgroundSaeShell::scriptFinished 0.3 {} sa::_resultsDatabase::saeShellProcessingCompletedProc testSuiteName saeSession2 testbenchName default resultsDir /home/itsupport/simulation/project_d_ff,tb_d_latch,schematic/history_1/simulation/default/HSPICE/nominal/results testSuiteDir /home/itsupport/simulation/project_d_ff,tb_d_latch,schematic/history_1/simulation/default/HSPICE/nominal databaseName /home/itsupport/simulation/project_d_ff,tb_d_latch,schematic/history_1/simulation/default/HSPICE/nominal/resultsDatabase remoteRun {} testbenchId 1 saveImages true
[22:27:43.45] /o false
[22:32:44.82] /o saeInterBGSaeShell:  ::sa::_backgroundSaeShell::pingBack
[22:32:44.86] /i ::sa::_backgroundSaeShell::parentRunning
[22:32:44.86] /o 1779377564
[22:32:48.45] /m Information: Stopped sharing "Custom WaveView" license. (WAVEFORM-111)
[22:33:15.26] /i ::sa::_backgroundSaeShell::runScript /home/itsupport/simulation/project_d_ff,tb_d_latch,schematic/history_1/simulation/default/HSPICE/nominal/.bg_measurement_script.tcl sa::_resultsDatabase::saeShellProcessingCompletedProc testSuiteName saeSession2 testbenchName default resultsDir /home/itsupport/simulation/project_d_ff,tb_d_latch,schematic/history_1/simulation/default/HSPICE/nominal/results testSuiteDir /home/itsupport/simulation/project_d_ff,tb_d_latch,schematic/history_1/simulation/default/HSPICE/nominal databaseName /home/itsupport/simulation/project_d_ff,tb_d_latch,schematic/history_1/simulation/default/HSPICE/nominal/resultsDatabase remoteRun {} testbenchId 1 saveImages true
[22:33:15.54] /m Information: Started sharing "Custom WaveView" license. (WAVEFORM-110)
[22:33:15.65] /o saeInterBGSaeShell:  ::sa::_backgroundSaeShell::scriptFinished 0.3 {} sa::_resultsDatabase::saeShellProcessingCompletedProc testSuiteName saeSession2 testbenchName default resultsDir /home/itsupport/simulation/project_d_ff,tb_d_latch,schematic/history_1/simulation/default/HSPICE/nominal/results testSuiteDir /home/itsupport/simulation/project_d_ff,tb_d_latch,schematic/history_1/simulation/default/HSPICE/nominal databaseName /home/itsupport/simulation/project_d_ff,tb_d_latch,schematic/history_1/simulation/default/HSPICE/nominal/resultsDatabase remoteRun {} testbenchId 1 saveImages true
[22:33:15.65] /o false
[22:38:16.84] /o saeInterBGSaeShell:  ::sa::_backgroundSaeShell::pingBack
[22:38:16.85] /i ::sa::_backgroundSaeShell::parentRunning
[22:38:16.85] /o 1779377896
[22:38:20.45] /m Information: Stopped sharing "Custom WaveView" license. (WAVEFORM-111)
[22:43:17.84] /o saeInterBGSaeShell:  ::sa::_backgroundSaeShell::pingBack
[22:43:17.85] /i ::sa::_backgroundSaeShell::parentRunning
[22:43:17.85] /o 1779378197
[22:47:03.84] /i ::sa::_backgroundSaeShell::runScript /home/itsupport/simulation/project_d_ff,tb_d_latch,schematic/history_1/simulation/default/HSPICE/nominal/.bg_measurement_script.tcl sa::_resultsDatabase::saeShellProcessingCompletedProc testSuiteName saeSession2 testbenchName default resultsDir /home/itsupport/simulation/project_d_ff,tb_d_latch,schematic/history_1/simulation/default/HSPICE/nominal/results testSuiteDir /home/itsupport/simulation/project_d_ff,tb_d_latch,schematic/history_1/simulation/default/HSPICE/nominal databaseName /home/itsupport/simulation/project_d_ff,tb_d_latch,schematic/history_1/simulation/default/HSPICE/nominal/resultsDatabase remoteRun {} testbenchId 1 saveImages true
[22:47:04.05] /m Information: Started sharing "Custom WaveView" license. (WAVEFORM-110)
[22:47:04.07] /o Tracing EN
[22:47:04.07] /o Tracing EN (Found 0)
[22:47:04.08] /o Tracing collected globals
[22:47:04.08] /o Tracing EN
[22:47:04.08] /o Tracing EN (Found 0)
[22:47:04.08] /o Tracing collected globals
[22:47:04.08] /o Tracing EN
[22:47:04.08] /o Tracing EN (Found 0)
[22:47:04.08] /o Tracing collected globals
[22:47:04.09] /o Tracing ENB
[22:47:04.09] /o Tracing ENB (Found 0)
[22:47:04.09] /o Tracing collected globals
[22:47:04.09] /o Tracing ENB
[22:47:04.09] /o Tracing ENB (Found 0)
[22:47:04.09] /o Tracing collected globals
[22:47:04.09] /o Tracing ENB
[22:47:04.09] /o Tracing ENB (Found 0)
[22:47:04.09] /o Tracing collected globals
[22:47:04.15] /o saeInterBGSaeShell:  ::sa::_backgroundSaeShell::scriptFinished 0.3 {} sa::_resultsDatabase::saeShellProcessingCompletedProc testSuiteName saeSession2 testbenchName default resultsDir /home/itsupport/simulation/project_d_ff,tb_d_latch,schematic/history_1/simulation/default/HSPICE/nominal/results testSuiteDir /home/itsupport/simulation/project_d_ff,tb_d_latch,schematic/history_1/simulation/default/HSPICE/nominal databaseName /home/itsupport/simulation/project_d_ff,tb_d_latch,schematic/history_1/simulation/default/HSPICE/nominal/resultsDatabase remoteRun {} testbenchId 1 saveImages true
[22:47:04.15] /o false
[22:47:24.20] /i ::sa::_backgroundSaeShell::runScript /home/itsupport/simulation/project_d_ff,tb_d_latch,schematic/history_1/simulation/default/HSPICE/nominal/.bg_measurement_script.tcl sa::_resultsDatabase::saeShellProcessingCompletedProc testSuiteName saeSession2 testbenchName default resultsDir /home/itsupport/simulation/project_d_ff,tb_d_latch,schematic/history_1/simulation/default/HSPICE/nominal/results testSuiteDir /home/itsupport/simulation/project_d_ff,tb_d_latch,schematic/history_1/simulation/default/HSPICE/nominal databaseName /home/itsupport/simulation/project_d_ff,tb_d_latch,schematic/history_1/simulation/default/HSPICE/nominal/resultsDatabase remoteRun {} testbenchId 1 saveImages true
[22:47:24.41] /o Tracing EN
[22:47:24.41] /o Tracing EN (Found 0)
[22:47:24.41] /o Tracing collected globals
[22:47:24.41] /o Tracing EN
[22:47:24.41] /o Tracing EN (Found 0)
[22:47:24.41] /o Tracing collected globals
[22:47:24.41] /o Tracing EN
[22:47:24.41] /o Tracing EN (Found 0)
[22:47:24.41] /o Tracing collected globals
[22:47:24.42] /o Tracing ENB
[22:47:24.42] /o Tracing ENB (Found 0)
[22:47:24.43] /o Tracing collected globals
[22:47:24.43] /o Tracing ENB
[22:47:24.43] /o Tracing ENB (Found 0)
[22:47:24.43] /o Tracing collected globals
[22:47:24.43] /o Tracing ENB
[22:47:24.43] /o Tracing ENB (Found 0)
[22:47:24.43] /o Tracing collected globals
[22:47:24.43] /o Tracing gnd!
[22:47:24.43] /o Tracing gnd! (Found 0)
[22:47:24.44] /o Tracing collected globals
[22:47:24.53] /o saeInterBGSaeShell:  ::sa::_backgroundSaeShell::scriptFinished 0.3 {} sa::_resultsDatabase::saeShellProcessingCompletedProc testSuiteName saeSession2 testbenchName default resultsDir /home/itsupport/simulation/project_d_ff,tb_d_latch,schematic/history_1/simulation/default/HSPICE/nominal/results testSuiteDir /home/itsupport/simulation/project_d_ff,tb_d_latch,schematic/history_1/simulation/default/HSPICE/nominal databaseName /home/itsupport/simulation/project_d_ff,tb_d_latch,schematic/history_1/simulation/default/HSPICE/nominal/resultsDatabase remoteRun {} testbenchId 1 saveImages true
[22:47:24.53] /o false
[22:47:44.66] /i ::wf::viewerExited
[22:49:03.06] /i ::sa::_backgroundSaeShell::runScript /home/itsupport/simulation/project_d_ff,tb_d_latch,schematic/history_1/simulation/default/HSPICE/nominal/.bg_measurement_script.tcl sa::_resultsDatabase::saeShellProcessingCompletedProc testSuiteName saeSession2 testbenchName default resultsDir /home/itsupport/simulation/project_d_ff,tb_d_latch,schematic/history_1/simulation/default/HSPICE/nominal/results testSuiteDir /home/itsupport/simulation/project_d_ff,tb_d_latch,schematic/history_1/simulation/default/HSPICE/nominal databaseName /home/itsupport/simulation/project_d_ff,tb_d_latch,schematic/history_1/simulation/default/HSPICE/nominal/resultsDatabase remoteRun {} testbenchId 1 saveImages true
[22:49:03.25] /o Tracing gnd!
[22:49:03.25] /o Tracing gnd! (Found 0)
[22:49:03.25] /o Tracing collected globals
[22:49:03.26] /e Error: Evaluating 'v(/net42)': "Could not find net named: net42" (HIERARCHY_COMMANDS-007)
[22:49:03.32] /o saeInterBGSaeShell:  ::sa::_backgroundSaeShell::scriptFinished 0.2 {} sa::_resultsDatabase::saeShellProcessingCompletedProc testSuiteName saeSession2 testbenchName default resultsDir /home/itsupport/simulation/project_d_ff,tb_d_latch,schematic/history_1/simulation/default/HSPICE/nominal/results testSuiteDir /home/itsupport/simulation/project_d_ff,tb_d_latch,schematic/history_1/simulation/default/HSPICE/nominal databaseName /home/itsupport/simulation/project_d_ff,tb_d_latch,schematic/history_1/simulation/default/HSPICE/nominal/resultsDatabase remoteRun {} testbenchId 1 saveImages true
[22:49:03.32] /o false
[22:49:26.85] /i ::wf::viewerExited
[22:49:52.25] /i ::sa::_backgroundSaeShell::runScript /home/itsupport/simulation/project_d_ff,tb_d_latch,schematic/history_1/simulation/default/HSPICE/nominal/.bg_measurement_script.tcl sa::_resultsDatabase::saeShellProcessingCompletedProc testSuiteName saeSession2 testbenchName default resultsDir /home/itsupport/simulation/project_d_ff,tb_d_latch,schematic/history_1/simulation/default/HSPICE/nominal/results testSuiteDir /home/itsupport/simulation/project_d_ff,tb_d_latch,schematic/history_1/simulation/default/HSPICE/nominal databaseName /home/itsupport/simulation/project_d_ff,tb_d_latch,schematic/history_1/simulation/default/HSPICE/nominal/resultsDatabase remoteRun {} testbenchId 1 saveImages true
[22:49:52.50] /o saeInterBGSaeShell:  ::sa::_backgroundSaeShell::scriptFinished 0.2 {} sa::_resultsDatabase::saeShellProcessingCompletedProc testSuiteName saeSession2 testbenchName default resultsDir /home/itsupport/simulation/project_d_ff,tb_d_latch,schematic/history_1/simulation/default/HSPICE/nominal/results testSuiteDir /home/itsupport/simulation/project_d_ff,tb_d_latch,schematic/history_1/simulation/default/HSPICE/nominal databaseName /home/itsupport/simulation/project_d_ff,tb_d_latch,schematic/history_1/simulation/default/HSPICE/nominal/resultsDatabase remoteRun {} testbenchId 1 saveImages true
[22:49:52.50] /o false
[22:54:53.85] /o saeInterBGSaeShell:  ::sa::_backgroundSaeShell::pingBack
[22:54:53.87] /i ::sa::_backgroundSaeShell::parentRunning
[22:54:53.87] /o 1779378893
[22:54:57.44] /m Information: Stopped sharing "Custom WaveView" license. (WAVEFORM-111)
[22:55:03.16] /i ::sa::_backgroundSaeShell::runScript /home/itsupport/simulation/project_d_ff,tb_d_latch,schematic/history_1/simulation/default/HSPICE/nominal/.bg_measurement_script.tcl sa::_resultsDatabase::saeShellProcessingCompletedProc testSuiteName saeSession2 testbenchName default resultsDir /home/itsupport/simulation/project_d_ff,tb_d_latch,schematic/history_1/simulation/default/HSPICE/nominal/results testSuiteDir /home/itsupport/simulation/project_d_ff,tb_d_latch,schematic/history_1/simulation/default/HSPICE/nominal databaseName /home/itsupport/simulation/project_d_ff,tb_d_latch,schematic/history_1/simulation/default/HSPICE/nominal/resultsDatabase remoteRun {} testbenchId 1 saveImages true
[22:55:03.37] /m Information: Started sharing "Custom WaveView" license. (WAVEFORM-110)
[22:55:03.47] /o saeInterBGSaeShell:  ::sa::_backgroundSaeShell::scriptFinished 0.3 {} sa::_resultsDatabase::saeShellProcessingCompletedProc testSuiteName saeSession2 testbenchName default resultsDir /home/itsupport/simulation/project_d_ff,tb_d_latch,schematic/history_1/simulation/default/HSPICE/nominal/results testSuiteDir /home/itsupport/simulation/project_d_ff,tb_d_latch,schematic/history_1/simulation/default/HSPICE/nominal databaseName /home/itsupport/simulation/project_d_ff,tb_d_latch,schematic/history_1/simulation/default/HSPICE/nominal/resultsDatabase remoteRun {} testbenchId 1 saveImages true
[22:55:03.47] /o false
[23:00:04.87] /o saeInterBGSaeShell:  ::sa::_backgroundSaeShell::pingBack
[23:00:04.96] /i ::sa::_backgroundSaeShell::parentRunning
[23:00:04.96] /o 1779379204
[23:00:08.45] /m Information: Stopped sharing "Custom WaveView" license. (WAVEFORM-111)
[23:01:43.16] /i ::sa::_backgroundSaeShell::runScript /home/itsupport/simulation/project_d_ff,tb_d_latch,schematic/history_1/simulation/default/HSPICE/nominal/.bg_measurement_script.tcl sa::_resultsDatabase::saeShellProcessingCompletedProc testSuiteName saeSession2 testbenchName default resultsDir /home/itsupport/simulation/project_d_ff,tb_d_latch,schematic/history_1/simulation/default/HSPICE/nominal/results testSuiteDir /home/itsupport/simulation/project_d_ff,tb_d_latch,schematic/history_1/simulation/default/HSPICE/nominal databaseName /home/itsupport/simulation/project_d_ff,tb_d_latch,schematic/history_1/simulation/default/HSPICE/nominal/resultsDatabase remoteRun {} testbenchId 1 saveImages true
[23:01:43.34] /m Information: Started sharing "Custom WaveView" license. (WAVEFORM-110)
[23:01:43.46] /o saeInterBGSaeShell:  ::sa::_backgroundSaeShell::scriptFinished 0.3 {} sa::_resultsDatabase::saeShellProcessingCompletedProc testSuiteName saeSession2 testbenchName default resultsDir /home/itsupport/simulation/project_d_ff,tb_d_latch,schematic/history_1/simulation/default/HSPICE/nominal/results testSuiteDir /home/itsupport/simulation/project_d_ff,tb_d_latch,schematic/history_1/simulation/default/HSPICE/nominal databaseName /home/itsupport/simulation/project_d_ff,tb_d_latch,schematic/history_1/simulation/default/HSPICE/nominal/resultsDatabase remoteRun {} testbenchId 1 saveImages true
[23:01:43.46] /o false
[23:01:50.65] /i ::wf::viewerExited
[23:06:44.90] /o saeInterBGSaeShell:  ::sa::_backgroundSaeShell::pingBack
[23:06:44.96] /i ::sa::_backgroundSaeShell::parentRunning
[23:06:44.96] /o 1779379604
[23:06:48.45] /m Information: Stopped sharing "Custom WaveView" license. (WAVEFORM-111)
[23:11:45.90] /o saeInterBGSaeShell:  ::sa::_backgroundSaeShell::pingBack
[23:11:45.96] /i ::sa::_backgroundSaeShell::parentRunning
[23:11:45.96] /o 1779379905
[23:16:07.25] /i ::sa::_backgroundSaeShell::runScript /home/itsupport/simulation/project_d_ff,tb_d_latch,schematic/history_1/simulation/default/HSPICE/nominal/.bg_measurement_script.tcl sa::_resultsDatabase::saeShellProcessingCompletedProc testSuiteName saeSession2 testbenchName default resultsDir /home/itsupport/simulation/project_d_ff,tb_d_latch,schematic/history_1/simulation/default/HSPICE/nominal/results testSuiteDir /home/itsupport/simulation/project_d_ff,tb_d_latch,schematic/history_1/simulation/default/HSPICE/nominal databaseName /home/itsupport/simulation/project_d_ff,tb_d_latch,schematic/history_1/simulation/default/HSPICE/nominal/resultsDatabase remoteRun {} testbenchId 1 saveImages true
[23:16:07.39] /m Information: Expression 'v(/EN)' did not evaluate: No results found.
[23:16:07.39] /m Information: Expression 'v(/out)' did not evaluate: No results found.
[23:16:07.39] /m Information: Expression 'v(/D)' did not evaluate: No results found.
[23:16:07.39] /m Information: Expression 'v(/gnd!)' did not evaluate: No results found.
[23:16:07.47] /o saeInterBGSaeShell:  ::sa::_backgroundSaeShell::scriptFinished 0.2 {} sa::_resultsDatabase::saeShellProcessingCompletedProc testSuiteName saeSession2 testbenchName default resultsDir /home/itsupport/simulation/project_d_ff,tb_d_latch,schematic/history_1/simulation/default/HSPICE/nominal/results testSuiteDir /home/itsupport/simulation/project_d_ff,tb_d_latch,schematic/history_1/simulation/default/HSPICE/nominal databaseName /home/itsupport/simulation/project_d_ff,tb_d_latch,schematic/history_1/simulation/default/HSPICE/nominal/resultsDatabase remoteRun {} testbenchId 1 saveImages true
[23:16:07.47] /o false
[23:21:08.92] /o saeInterBGSaeShell:  ::sa::_backgroundSaeShell::pingBack
[23:21:08.95] /i ::sa::_backgroundSaeShell::parentRunning
[23:21:08.95] /o 1779380468
[23:23:57.28] /i ::sa::_backgroundSaeShell::exit
[23:23:57.28] /o saeInterBGSaeShell:  ::sa::_backgroundSaeShell::childFormallyExiting
