[18:28:47.33] /m Information: License 'SAE' checked out. (LICENSE-003)
[18:28:50.96] /o sae_shell Version Custom Compiler N-2017.12-SP1-2
              /c Build  (OPT) compiled on Wed May 16 15:20:56 2018 for RHEL64 6.6
              /c Execution time: Sat May 16 18:28:45 2026
              /c Host: localhost.localdomain
              /c 
              /c Copyright © 2004-2018 Synopsys, Inc.
              /c This software and the associated documentation are proprietary to Synopsys, Inc. This software may only be used in accordance with the terms and conditions of a written license agreement with Synopsys, Inc. All other use, reproduction, or distribution of this software is strictly prohibited.
              /c 
              /c 
[18:28:50.98] /w Warning: Preference 'leActiveLPP' is deprecated and scheduled for removal in a future release with no replacement. For migration assistance, see the Custom Compiler Tcl Reference Manual. (PREFERENCE-058)
[18:28:50.98] /o 	#######################################
[18:28:50.98] /o 	PDK Library Name	: reference90RF
[18:28:50.98] /o 	PDK Version		: 2.0
[18:28:50.98] /o 	PDK Release Date	: 25-March-2010 
[18:28:50.98] /o 	#######################################
[18:28:50.98] /o 
[18:28:50.99] /i ::sa::_backgroundSaeShell::signalProcessReady 1778930925
[18:28:50.99] /o saeInterBGSaeShell:  ::sa::_backgroundSaeShell::processReady 5
[18:33:52.01] /o saeInterBGSaeShell:  ::sa::_backgroundSaeShell::pingBack
[18:33:52.06] /i ::sa::_backgroundSaeShell::parentRunning
[18:33:52.06] /o 1778931232
[18:38:53.02] /o saeInterBGSaeShell:  ::sa::_backgroundSaeShell::pingBack
[18:38:53.06] /i ::sa::_backgroundSaeShell::parentRunning
[18:38:53.06] /o 1778931533
[18:40:55.16] /i ::wf::viewerExited
[18:41:26.46] /i ::wf::viewerExited
[18:43:54.03] /o saeInterBGSaeShell:  ::sa::_backgroundSaeShell::pingBack
[18:43:54.07] /i ::sa::_backgroundSaeShell::parentRunning
[18:43:54.07] /o 1778931834
[18:48:55.05] /o saeInterBGSaeShell:  ::sa::_backgroundSaeShell::pingBack
[18:48:55.21] /i ::sa::_backgroundSaeShell::parentRunning
[18:48:55.21] /o 1778932135
[18:53:26.77] /i ::wf::viewerExited
[18:53:53.86] /i ::wf::viewerExited
[18:53:56.06] /o saeInterBGSaeShell:  ::sa::_backgroundSaeShell::pingBack
[18:53:56.08] /i ::sa::_backgroundSaeShell::parentRunning
[18:53:56.08] /o 1778932436
[18:56:11.46] /i ::wf::viewerExited
[18:58:57.07] /o saeInterBGSaeShell:  ::sa::_backgroundSaeShell::pingBack
[18:58:57.16] /i ::sa::_backgroundSaeShell::parentRunning
[18:58:57.16] /o 1778932737
[18:59:46.07] /i ::wf::viewerExited
[19:03:58.08] /o saeInterBGSaeShell:  ::sa::_backgroundSaeShell::pingBack
[19:03:58.17] /i ::sa::_backgroundSaeShell::parentRunning
[19:03:58.17] /o 1778933038
[19:09:24.29] /o saeInterBGSaeShell:  ::sa::_backgroundSaeShell::pingBack
[19:09:24.54] /i ::sa::_backgroundSaeShell::parentRunning
[19:09:24.54] /o 1778933364
[19:30:18.27] /m Information: Exiting due to non-response from parent process.
[19:30:18.27] /o saeInterBGSaeShell:  ::sa::_backgroundSaeShell::childFormallyExiting
