[21:08:45.21] /m Information: License 'SAE' checked out. (LICENSE-003)
[21:08:46.51] /o sae_shell Version Custom Compiler N-2017.12-SP1-2
              /c Build  (OPT) compiled on Wed May 16 15:20:56 2018 for RHEL64 6.6
              /c Execution time: Tue May  5 21:08:43 2026
              /c Host: localhost.localdomain
              /c 
              /c Copyright © 2004-2018 Synopsys, Inc.
              /c This software and the associated documentation are proprietary to Synopsys, Inc. This software may only be used in accordance with the terms and conditions of a written license agreement with Synopsys, Inc. All other use, reproduction, or distribution of this software is strictly prohibited.
              /c 
              /c 
[21:08:46.52] /w Warning: Preference 'leActiveLPP' is deprecated and scheduled for removal in a future release with no replacement. For migration assistance, see the Custom Compiler Tcl Reference Manual. (PREFERENCE-058)
[21:08:46.52] /o 	#######################################
[21:08:46.52] /o 	PDK Library Name	: reference90RF
[21:08:46.52] /o 	PDK Version		: 2.0
[21:08:46.52] /o 	PDK Release Date	: 25-March-2010 
[21:08:46.52] /o 	#######################################
[21:08:46.52] /o 
[21:08:46.53] /i ::sa::_backgroundSaeShell::signalProcessReady 1777990123
[21:08:46.53] /o saeInterBGSaeShell:  ::sa::_backgroundSaeShell::processReady 3
[21:13:47.54] /o saeInterBGSaeShell:  ::sa::_backgroundSaeShell::pingBack
[21:13:47.60] /i ::sa::_backgroundSaeShell::parentRunning
[21:13:47.60] /o 1777990427
[21:18:48.55] /o saeInterBGSaeShell:  ::sa::_backgroundSaeShell::pingBack
[21:18:48.60] /i ::sa::_backgroundSaeShell::parentRunning
[21:18:48.60] /o 1777990728
[21:23:49.56] /o saeInterBGSaeShell:  ::sa::_backgroundSaeShell::pingBack
[21:23:49.60] /i ::sa::_backgroundSaeShell::parentRunning
[21:23:49.60] /o 1777991029
[21:28:50.58] /o saeInterBGSaeShell:  ::sa::_backgroundSaeShell::pingBack
[21:28:50.60] /i ::sa::_backgroundSaeShell::parentRunning
[21:28:50.60] /o 1777991330
[21:33:51.59] /o saeInterBGSaeShell:  ::sa::_backgroundSaeShell::pingBack
[21:33:51.60] /i ::sa::_backgroundSaeShell::parentRunning
[21:33:51.60] /o 1777991631
[21:38:52.60] /o saeInterBGSaeShell:  ::sa::_backgroundSaeShell::pingBack
[21:38:52.70] /i ::sa::_backgroundSaeShell::parentRunning
[21:38:52.70] /o 1777991932
[21:39:21.62] /i ::sa::_backgroundSaeShell::runScript /home/itsupport/simulation/inverter,TB_CMOS,schematic/history_1/simulation/HSPICE_default/HSPICE/parametric/.bg_measurement_script.tcl sa::_resultsDatabase::saeShellProcessingCompletedProc testSuiteName saeSession8 testbenchName HSPICE_default resultsDir /home/itsupport/simulation/inverter,TB_CMOS,schematic/history_1/simulation/HSPICE_default/HSPICE/parametric/results testSuiteDir /home/itsupport/simulation/inverter,TB_CMOS,schematic/history_1/simulation/HSPICE_default/HSPICE/parametric databaseName /home/itsupport/simulation/inverter,TB_CMOS,schematic/history_1/simulation/HSPICE_default/HSPICE/parametric/resultsDatabase remoteRun {} testbenchId 1 saveImages true
[21:39:22.26] /m Information: Started sharing "Custom WaveView" license. (WAVEFORM-110)
[21:39:22.57] /o saeInterBGSaeShell:  ::sa::_backgroundSaeShell::scriptFinished 0.9 {} sa::_resultsDatabase::saeShellProcessingCompletedProc testSuiteName saeSession8 testbenchName HSPICE_default resultsDir /home/itsupport/simulation/inverter,TB_CMOS,schematic/history_1/simulation/HSPICE_default/HSPICE/parametric/results testSuiteDir /home/itsupport/simulation/inverter,TB_CMOS,schematic/history_1/simulation/HSPICE_default/HSPICE/parametric databaseName /home/itsupport/simulation/inverter,TB_CMOS,schematic/history_1/simulation/HSPICE_default/HSPICE/parametric/resultsDatabase remoteRun {} testbenchId 1 saveImages true
[21:39:22.57] /o false
[21:39:51.94] /i ::sa::_backgroundSaeShell::runScript /home/itsupport/simulation/inverter,TB_CMOS,schematic/history_1/simulation/HSPICE_default/HSPICE/parametric/.bg_measurement_script.tcl sa::_resultsDatabase::saeShellProcessingCompletedProc testSuiteName saeSession8 testbenchName HSPICE_default resultsDir /home/itsupport/simulation/inverter,TB_CMOS,schematic/history_1/simulation/HSPICE_default/HSPICE/parametric/results testSuiteDir /home/itsupport/simulation/inverter,TB_CMOS,schematic/history_1/simulation/HSPICE_default/HSPICE/parametric databaseName /home/itsupport/simulation/inverter,TB_CMOS,schematic/history_1/simulation/HSPICE_default/HSPICE/parametric/resultsDatabase remoteRun {} testbenchId 1 saveImages true
[21:39:52.51] /o saeInterBGSaeShell:  ::sa::_backgroundSaeShell::scriptFinished 0.5 {} sa::_resultsDatabase::saeShellProcessingCompletedProc testSuiteName saeSession8 testbenchName HSPICE_default resultsDir /home/itsupport/simulation/inverter,TB_CMOS,schematic/history_1/simulation/HSPICE_default/HSPICE/parametric/results testSuiteDir /home/itsupport/simulation/inverter,TB_CMOS,schematic/history_1/simulation/HSPICE_default/HSPICE/parametric databaseName /home/itsupport/simulation/inverter,TB_CMOS,schematic/history_1/simulation/HSPICE_default/HSPICE/parametric/resultsDatabase remoteRun {} testbenchId 1 saveImages true
[21:39:52.51] /o false
[21:40:12.38] /i ::sa::_backgroundSaeShell::runScript /home/itsupport/simulation/inverter,TB_CMOS,schematic/history_1/simulation/HSPICE_default/HSPICE/parametric/.bg_measurement_script.tcl sa::_resultsDatabase::saeShellProcessingCompletedProc testSuiteName saeSession8 testbenchName HSPICE_default resultsDir /home/itsupport/simulation/inverter,TB_CMOS,schematic/history_1/simulation/HSPICE_default/HSPICE/parametric/results testSuiteDir /home/itsupport/simulation/inverter,TB_CMOS,schematic/history_1/simulation/HSPICE_default/HSPICE/parametric databaseName /home/itsupport/simulation/inverter,TB_CMOS,schematic/history_1/simulation/HSPICE_default/HSPICE/parametric/resultsDatabase remoteRun {} testbenchId 1 saveImages true
[21:40:12.93] /o saeInterBGSaeShell:  ::sa::_backgroundSaeShell::scriptFinished 0.5 {} sa::_resultsDatabase::saeShellProcessingCompletedProc testSuiteName saeSession8 testbenchName HSPICE_default resultsDir /home/itsupport/simulation/inverter,TB_CMOS,schematic/history_1/simulation/HSPICE_default/HSPICE/parametric/results testSuiteDir /home/itsupport/simulation/inverter,TB_CMOS,schematic/history_1/simulation/HSPICE_default/HSPICE/parametric databaseName /home/itsupport/simulation/inverter,TB_CMOS,schematic/history_1/simulation/HSPICE_default/HSPICE/parametric/resultsDatabase remoteRun {} testbenchId 1 saveImages true
[21:40:12.93] /o false
[21:42:12.20] /i ::sa::_backgroundSaeShell::runScript /home/itsupport/simulation/inverter,TB_CMOS,schematic/history_1/simulation/HSPICE_default/HSPICE/parametric/.bg_measurement_script.tcl sa::_resultsDatabase::saeShellProcessingCompletedProc testSuiteName saeSession8 testbenchName HSPICE_default resultsDir /home/itsupport/simulation/inverter,TB_CMOS,schematic/history_1/simulation/HSPICE_default/HSPICE/parametric/results testSuiteDir /home/itsupport/simulation/inverter,TB_CMOS,schematic/history_1/simulation/HSPICE_default/HSPICE/parametric databaseName /home/itsupport/simulation/inverter,TB_CMOS,schematic/history_1/simulation/HSPICE_default/HSPICE/parametric/resultsDatabase remoteRun {} testbenchId 1 saveImages true
[21:42:12.81] /o saeInterBGSaeShell:  ::sa::_backgroundSaeShell::scriptFinished 0.5 {} sa::_resultsDatabase::saeShellProcessingCompletedProc testSuiteName saeSession8 testbenchName HSPICE_default resultsDir /home/itsupport/simulation/inverter,TB_CMOS,schematic/history_1/simulation/HSPICE_default/HSPICE/parametric/results testSuiteDir /home/itsupport/simulation/inverter,TB_CMOS,schematic/history_1/simulation/HSPICE_default/HSPICE/parametric databaseName /home/itsupport/simulation/inverter,TB_CMOS,schematic/history_1/simulation/HSPICE_default/HSPICE/parametric/resultsDatabase remoteRun {} testbenchId 1 saveImages true
[21:42:12.81] /o false
[21:47:13.61] /o saeInterBGSaeShell:  ::sa::_backgroundSaeShell::pingBack
[21:47:13.70] /i ::sa::_backgroundSaeShell::parentRunning
[21:47:13.70] /o 1777992433
[21:47:17.50] /m Information: Stopped sharing "Custom WaveView" license. (WAVEFORM-111)
[21:48:39.73] /i ::sa::_backgroundSaeShell::runScript /home/itsupport/simulation/inverter,TB_CMOS,schematic/history_1/simulation/HSPICE_default/HSPICE/parametric/.bg_measurement_script.tcl sa::_resultsDatabase::saeShellProcessingCompletedProc testSuiteName saeSession8 testbenchName HSPICE_default resultsDir /home/itsupport/simulation/inverter,TB_CMOS,schematic/history_1/simulation/HSPICE_default/HSPICE/parametric/results testSuiteDir /home/itsupport/simulation/inverter,TB_CMOS,schematic/history_1/simulation/HSPICE_default/HSPICE/parametric databaseName /home/itsupport/simulation/inverter,TB_CMOS,schematic/history_1/simulation/HSPICE_default/HSPICE/parametric/resultsDatabase remoteRun {} testbenchId 1 saveImages true
[21:48:39.99] /m Information: Started sharing "Custom WaveView" license. (WAVEFORM-110)
[21:48:40.27] /o saeInterBGSaeShell:  ::sa::_backgroundSaeShell::scriptFinished 0.5 {} sa::_resultsDatabase::saeShellProcessingCompletedProc testSuiteName saeSession8 testbenchName HSPICE_default resultsDir /home/itsupport/simulation/inverter,TB_CMOS,schematic/history_1/simulation/HSPICE_default/HSPICE/parametric/results testSuiteDir /home/itsupport/simulation/inverter,TB_CMOS,schematic/history_1/simulation/HSPICE_default/HSPICE/parametric databaseName /home/itsupport/simulation/inverter,TB_CMOS,schematic/history_1/simulation/HSPICE_default/HSPICE/parametric/resultsDatabase remoteRun {} testbenchId 1 saveImages true
[21:48:40.27] /o false
[21:50:37.71] /i ::wf::viewerExited
[21:50:42.85] /i ::sa::_backgroundSaeShell::runScript /home/itsupport/simulation/inverter,TB_CMOS,schematic/history_1/simulation/HSPICE_default/HSPICE/parametric/.bg_measurement_script.tcl sa::_resultsDatabase::saeShellProcessingCompletedProc testSuiteName saeSession8 testbenchName HSPICE_default resultsDir /home/itsupport/simulation/inverter,TB_CMOS,schematic/history_1/simulation/HSPICE_default/HSPICE/parametric/results testSuiteDir /home/itsupport/simulation/inverter,TB_CMOS,schematic/history_1/simulation/HSPICE_default/HSPICE/parametric databaseName /home/itsupport/simulation/inverter,TB_CMOS,schematic/history_1/simulation/HSPICE_default/HSPICE/parametric/resultsDatabase remoteRun {} testbenchId 1 saveImages true
[21:50:43.80] /o saeInterBGSaeShell:  ::sa::_backgroundSaeShell::scriptFinished 0.9 {} sa::_resultsDatabase::saeShellProcessingCompletedProc testSuiteName saeSession8 testbenchName HSPICE_default resultsDir /home/itsupport/simulation/inverter,TB_CMOS,schematic/history_1/simulation/HSPICE_default/HSPICE/parametric/results testSuiteDir /home/itsupport/simulation/inverter,TB_CMOS,schematic/history_1/simulation/HSPICE_default/HSPICE/parametric databaseName /home/itsupport/simulation/inverter,TB_CMOS,schematic/history_1/simulation/HSPICE_default/HSPICE/parametric/resultsDatabase remoteRun {} testbenchId 1 saveImages true
[21:50:43.80] /o false
[21:54:47.11] /i ::sa::_backgroundSaeShell::runScript /home/itsupport/simulation/inverter,TB_CMOS,schematic/history_1/simulation/HSPICE_default/HSPICE/parametric/.bg_measurement_script.tcl sa::_resultsDatabase::saeShellProcessingCompletedProc testSuiteName saeSession8 testbenchName HSPICE_default resultsDir /home/itsupport/simulation/inverter,TB_CMOS,schematic/history_1/simulation/HSPICE_default/HSPICE/parametric/results testSuiteDir /home/itsupport/simulation/inverter,TB_CMOS,schematic/history_1/simulation/HSPICE_default/HSPICE/parametric databaseName /home/itsupport/simulation/inverter,TB_CMOS,schematic/history_1/simulation/HSPICE_default/HSPICE/parametric/resultsDatabase remoteRun {} testbenchId 1 saveImages true
[21:54:47.89] /o saeInterBGSaeShell:  ::sa::_backgroundSaeShell::scriptFinished 0.7 {} sa::_resultsDatabase::saeShellProcessingCompletedProc testSuiteName saeSession8 testbenchName HSPICE_default resultsDir /home/itsupport/simulation/inverter,TB_CMOS,schematic/history_1/simulation/HSPICE_default/HSPICE/parametric/results testSuiteDir /home/itsupport/simulation/inverter,TB_CMOS,schematic/history_1/simulation/HSPICE_default/HSPICE/parametric databaseName /home/itsupport/simulation/inverter,TB_CMOS,schematic/history_1/simulation/HSPICE_default/HSPICE/parametric/resultsDatabase remoteRun {} testbenchId 1 saveImages true
[21:54:47.89] /o false
[21:54:53.30] /i ::wf::viewerExited
[21:55:04.33] /i ::sa::_backgroundSaeShell::runScript /home/itsupport/simulation/inverter,TB_CMOS,schematic/history_1/simulation/HSPICE_default/HSPICE/parametric/.bg_measurement_script.tcl sa::_resultsDatabase::saeShellProcessingCompletedProc testSuiteName saeSession8 testbenchName HSPICE_default resultsDir /home/itsupport/simulation/inverter,TB_CMOS,schematic/history_1/simulation/HSPICE_default/HSPICE/parametric/results testSuiteDir /home/itsupport/simulation/inverter,TB_CMOS,schematic/history_1/simulation/HSPICE_default/HSPICE/parametric databaseName /home/itsupport/simulation/inverter,TB_CMOS,schematic/history_1/simulation/HSPICE_default/HSPICE/parametric/resultsDatabase remoteRun {} testbenchId 1 saveImages true
[21:55:05.05] /o saeInterBGSaeShell:  ::sa::_backgroundSaeShell::scriptFinished 0.7 {} sa::_resultsDatabase::saeShellProcessingCompletedProc testSuiteName saeSession8 testbenchName HSPICE_default resultsDir /home/itsupport/simulation/inverter,TB_CMOS,schematic/history_1/simulation/HSPICE_default/HSPICE/parametric/results testSuiteDir /home/itsupport/simulation/inverter,TB_CMOS,schematic/history_1/simulation/HSPICE_default/HSPICE/parametric databaseName /home/itsupport/simulation/inverter,TB_CMOS,schematic/history_1/simulation/HSPICE_default/HSPICE/parametric/resultsDatabase remoteRun {} testbenchId 1 saveImages true
[21:55:05.05] /o false
[21:59:48.81] /i ::wf::viewerExited
[22:00:06.65] /o saeInterBGSaeShell:  ::sa::_backgroundSaeShell::pingBack
[22:00:06.70] /i ::sa::_backgroundSaeShell::parentRunning
[22:00:06.70] /o 1777993206
[22:00:09.49] /m Information: Stopped sharing "Custom WaveView" license. (WAVEFORM-111)
[22:03:48.16] /i ::sa::_backgroundSaeShell::runScript /home/itsupport/simulation/inverter,TB_CMOS,schematic/history_1/simulation/HSPICE_default/HSPICE/parametric/.bg_measurement_script.tcl sa::_resultsDatabase::saeShellProcessingCompletedProc testSuiteName saeSession8 testbenchName HSPICE_default resultsDir /home/itsupport/simulation/inverter,TB_CMOS,schematic/history_1/simulation/HSPICE_default/HSPICE/parametric/results testSuiteDir /home/itsupport/simulation/inverter,TB_CMOS,schematic/history_1/simulation/HSPICE_default/HSPICE/parametric databaseName /home/itsupport/simulation/inverter,TB_CMOS,schematic/history_1/simulation/HSPICE_default/HSPICE/parametric/resultsDatabase remoteRun {} testbenchId 1 saveImages true
[22:03:48.43] /m Information: Started sharing "Custom WaveView" license. (WAVEFORM-110)
[22:03:48.84] /o saeInterBGSaeShell:  ::sa::_backgroundSaeShell::scriptFinished 0.6 {} sa::_resultsDatabase::saeShellProcessingCompletedProc testSuiteName saeSession8 testbenchName HSPICE_default resultsDir /home/itsupport/simulation/inverter,TB_CMOS,schematic/history_1/simulation/HSPICE_default/HSPICE/parametric/results testSuiteDir /home/itsupport/simulation/inverter,TB_CMOS,schematic/history_1/simulation/HSPICE_default/HSPICE/parametric databaseName /home/itsupport/simulation/inverter,TB_CMOS,schematic/history_1/simulation/HSPICE_default/HSPICE/parametric/resultsDatabase remoteRun {} testbenchId 1 saveImages true
[22:03:48.84] /o false
[22:08:49.67] /o saeInterBGSaeShell:  ::sa::_backgroundSaeShell::pingBack
[22:08:49.70] /i ::sa::_backgroundSaeShell::parentRunning
[22:08:49.70] /o 1777993729
[22:08:53.49] /m Information: Stopped sharing "Custom WaveView" license. (WAVEFORM-111)
[22:13:50.69] /o saeInterBGSaeShell:  ::sa::_backgroundSaeShell::pingBack
[22:13:50.70] /i ::sa::_backgroundSaeShell::parentRunning
[22:13:50.70] /o 1777994030
[22:18:51.70] /o saeInterBGSaeShell:  ::sa::_backgroundSaeShell::pingBack
[22:18:51.80] /i ::sa::_backgroundSaeShell::parentRunning
[22:18:51.80] /o 1777994331
[22:23:52.71] /o saeInterBGSaeShell:  ::sa::_backgroundSaeShell::pingBack
[22:23:52.80] /i ::sa::_backgroundSaeShell::parentRunning
[22:23:52.80] /o 1777994632
[22:28:53.73] /o saeInterBGSaeShell:  ::sa::_backgroundSaeShell::pingBack
[22:28:53.80] /i ::sa::_backgroundSaeShell::parentRunning
[22:28:53.80] /o 1777994933
[22:33:54.75] /o saeInterBGSaeShell:  ::sa::_backgroundSaeShell::pingBack
[22:33:54.80] /i ::sa::_backgroundSaeShell::parentRunning
[22:33:54.80] /o 1777995234
[22:36:32.80] /i ::wf::viewerExited
[22:38:55.77] /o saeInterBGSaeShell:  ::sa::_backgroundSaeShell::pingBack
[22:38:55.80] /i ::sa::_backgroundSaeShell::parentRunning
[22:38:55.80] /o 1777995535
[22:43:56.77] /o saeInterBGSaeShell:  ::sa::_backgroundSaeShell::pingBack
[22:43:56.81] /i ::sa::_backgroundSaeShell::parentRunning
[22:43:56.81] /o 1777995836
[22:48:57.78] /o saeInterBGSaeShell:  ::sa::_backgroundSaeShell::pingBack
[22:48:57.80] /i ::sa::_backgroundSaeShell::parentRunning
[22:48:57.80] /o 1777996137
[22:53:58.79] /o saeInterBGSaeShell:  ::sa::_backgroundSaeShell::pingBack
[22:53:58.80] /i ::sa::_backgroundSaeShell::parentRunning
[22:53:58.80] /o 1777996438
[22:58:59.81] /o saeInterBGSaeShell:  ::sa::_backgroundSaeShell::pingBack
[22:58:59.90] /i ::sa::_backgroundSaeShell::parentRunning
[22:58:59.90] /o 1777996739
[23:04:00.82] /o saeInterBGSaeShell:  ::sa::_backgroundSaeShell::pingBack
[23:04:00.90] /i ::sa::_backgroundSaeShell::parentRunning
[23:04:00.90] /o 1777997040
[23:09:01.82] /o saeInterBGSaeShell:  ::sa::_backgroundSaeShell::pingBack
[23:09:01.90] /i ::sa::_backgroundSaeShell::parentRunning
[23:09:01.90] /o 1777997341
[23:14:02.83] /o saeInterBGSaeShell:  ::sa::_backgroundSaeShell::pingBack
[23:14:02.90] /i ::sa::_backgroundSaeShell::parentRunning
[23:14:02.90] /o 1777997642
[23:18:13.30] /i ::sa::_backgroundSaeShell::exit
[23:18:13.30] /o saeInterBGSaeShell:  ::sa::_backgroundSaeShell::childFormallyExiting
