[06:00:51.01] /m Information: License 'SAE' checked out. (LICENSE-003)
[06:00:52.52] /o sae_shell Version Custom Compiler N-2017.12-SP1-2
              /c Build  (OPT) compiled on Wed May 16 15:20:56 2018 for RHEL64 6.6
              /c Execution time: Wed May 20 06:00:49 2026
              /c Host: localhost.localdomain
              /c 
              /c Copyright © 2004-2018 Synopsys, Inc.
              /c This software and the associated documentation are proprietary to Synopsys, Inc. This software may only be used in accordance with the terms and conditions of a written license agreement with Synopsys, Inc. All other use, reproduction, or distribution of this software is strictly prohibited.
              /c 
              /c 
[06:00:52.54] /w Warning: Preference 'leActiveLPP' is deprecated and scheduled for removal in a future release with no replacement. For migration assistance, see the Custom Compiler Tcl Reference Manual. (PREFERENCE-058)
[06:00:52.54] /o 	#######################################
[06:00:52.54] /o 	PDK Library Name	: reference90RF
[06:00:52.54] /o 	PDK Version		: 2.0
[06:00:52.54] /o 	PDK Release Date	: 25-March-2010 
[06:00:52.54] /o 	#######################################
[06:00:52.54] /o 
[06:00:52.55] /i ::sa::_backgroundSaeShell::signalProcessReady 1779231649
[06:00:52.55] /o saeInterBGSaeShell:  ::sa::_backgroundSaeShell::processReady 3
[06:01:32.90] /i ::wf::viewerExited
[06:03:48.22] /i ::sa::_backgroundSaeShell::exit
[06:03:48.22] /o saeInterBGSaeShell:  ::sa::_backgroundSaeShell::childFormallyExiting
