[19:51:56.52] /m Information: License 'SAE' checked out. (LICENSE-003)
[19:51:57.72] /o sae_shell Version Custom Compiler N-2017.12-SP1-2
              /c Build  (OPT) compiled on Wed May 16 15:20:56 2018 for RHEL64 6.6
              /c Execution time: Mon Apr 13 19:51:55 2026
              /c Host: localhost.localdomain
              /c 
              /c Copyright © 2004-2018 Synopsys, Inc.
              /c This software and the associated documentation are proprietary to Synopsys, Inc. This software may only be used in accordance with the terms and conditions of a written license agreement with Synopsys, Inc. All other use, reproduction, or distribution of this software is strictly prohibited.
              /c 
              /c 
[19:51:57.73] /w Warning: Preference 'leActiveLPP' is deprecated and scheduled for removal in a future release with no replacement. For migration assistance, see the Custom Compiler Tcl Reference Manual. (PREFERENCE-058)
[19:51:57.73] /o 	#######################################
[19:51:57.73] /o 	PDK Library Name	: reference90RF
[19:51:57.73] /o 	PDK Version		: 2.0
[19:51:57.73] /o 	PDK Release Date	: 25-March-2010 
[19:51:57.73] /o 	#######################################
[19:51:57.73] /o 
[19:51:57.73] /i ::sa::_backgroundSaeShell::signalProcessReady 1776084715
[19:51:57.73] /o saeInterBGSaeShell:  ::sa::_backgroundSaeShell::processReady 2
[19:52:28.50] /i ::sa::_backgroundSaeShell::runScript /home/itsupport/simulation/inverter,tb,schematic/history_1/simulation/default/HSPICE/nominal/.bg_measurement_script.tcl sa::_resultsDatabase::saeShellProcessingCompletedProc testSuiteName saeSession5 testbenchName default resultsDir /home/itsupport/simulation/inverter,tb,schematic/history_1/simulation/default/HSPICE/nominal/results testSuiteDir /home/itsupport/simulation/inverter,tb,schematic/history_1/simulation/default/HSPICE/nominal databaseName /home/itsupport/simulation/inverter,tb,schematic/history_1/simulation/default/HSPICE/nominal/resultsDatabase remoteRun {} testbenchId 1 saveImages true
[19:52:28.85] /m Information: Started sharing "Custom WaveView" license. (WAVEFORM-110)
[19:52:28.93] /o saeInterBGSaeShell:  ::sa::_backgroundSaeShell::scriptFinished 0.4 {} sa::_resultsDatabase::saeShellProcessingCompletedProc testSuiteName saeSession5 testbenchName default resultsDir /home/itsupport/simulation/inverter,tb,schematic/history_1/simulation/default/HSPICE/nominal/results testSuiteDir /home/itsupport/simulation/inverter,tb,schematic/history_1/simulation/default/HSPICE/nominal databaseName /home/itsupport/simulation/inverter,tb,schematic/history_1/simulation/default/HSPICE/nominal/resultsDatabase remoteRun {} testbenchId 1 saveImages true
[19:52:28.93] /o false
[19:52:58.31] /i ::wf::viewerExited
[19:53:47.02] /i ::sa::_backgroundSaeShell::runScript /home/itsupport/simulation/inverter,tb,schematic/history_1/simulation/default/HSPICE/nominal/.bg_measurement_script.tcl sa::_resultsDatabase::saeShellProcessingCompletedProc testSuiteName saeSession5 testbenchName default resultsDir /home/itsupport/simulation/inverter,tb,schematic/history_1/simulation/default/HSPICE/nominal/results testSuiteDir /home/itsupport/simulation/inverter,tb,schematic/history_1/simulation/default/HSPICE/nominal databaseName /home/itsupport/simulation/inverter,tb,schematic/history_1/simulation/default/HSPICE/nominal/resultsDatabase remoteRun {} testbenchId 1 saveImages true
[19:53:47.27] /o saeInterBGSaeShell:  ::sa::_backgroundSaeShell::scriptFinished 0.2 {} sa::_resultsDatabase::saeShellProcessingCompletedProc testSuiteName saeSession5 testbenchName default resultsDir /home/itsupport/simulation/inverter,tb,schematic/history_1/simulation/default/HSPICE/nominal/results testSuiteDir /home/itsupport/simulation/inverter,tb,schematic/history_1/simulation/default/HSPICE/nominal databaseName /home/itsupport/simulation/inverter,tb,schematic/history_1/simulation/default/HSPICE/nominal/resultsDatabase remoteRun {} testbenchId 1 saveImages true
[19:53:47.27] /o false
[19:54:42.01] /i ::wf::viewerExited
[19:54:56.53] /i ::sa::_backgroundSaeShell::runScript /home/itsupport/simulation/inverter,tb,schematic/history_1/simulation/default/HSPICE/nominal/.bg_measurement_script.tcl sa::_resultsDatabase::saeShellProcessingCompletedProc testSuiteName saeSession5 testbenchName default resultsDir /home/itsupport/simulation/inverter,tb,schematic/history_1/simulation/default/HSPICE/nominal/results testSuiteDir /home/itsupport/simulation/inverter,tb,schematic/history_1/simulation/default/HSPICE/nominal databaseName /home/itsupport/simulation/inverter,tb,schematic/history_1/simulation/default/HSPICE/nominal/resultsDatabase remoteRun {} testbenchId 1 saveImages true
[19:54:56.78] /o saeInterBGSaeShell:  ::sa::_backgroundSaeShell::scriptFinished 0.2 {} sa::_resultsDatabase::saeShellProcessingCompletedProc testSuiteName saeSession5 testbenchName default resultsDir /home/itsupport/simulation/inverter,tb,schematic/history_1/simulation/default/HSPICE/nominal/results testSuiteDir /home/itsupport/simulation/inverter,tb,schematic/history_1/simulation/default/HSPICE/nominal databaseName /home/itsupport/simulation/inverter,tb,schematic/history_1/simulation/default/HSPICE/nominal/resultsDatabase remoteRun {} testbenchId 1 saveImages true
[19:54:56.78] /o false
[19:58:41.12] /i ::wf::viewerExited
[19:59:57.77] /o saeInterBGSaeShell:  ::sa::_backgroundSaeShell::pingBack
[19:59:57.81] /i ::sa::_backgroundSaeShell::parentRunning
[19:59:57.81] /o 1776085197
[20:00:01.80] /m Information: Stopped sharing "Custom WaveView" license. (WAVEFORM-111)
[20:01:00.91] /i ::sa::_backgroundSaeShell::runScript /home/itsupport/simulation/inverter,tb,schematic/history_1/simulation/default/HSPICE/nominal/.bg_measurement_script.tcl sa::_resultsDatabase::saeShellProcessingCompletedProc testSuiteName saeSession5 testbenchName default resultsDir /home/itsupport/simulation/inverter,tb,schematic/history_1/simulation/default/HSPICE/nominal/results testSuiteDir /home/itsupport/simulation/inverter,tb,schematic/history_1/simulation/default/HSPICE/nominal databaseName /home/itsupport/simulation/inverter,tb,schematic/history_1/simulation/default/HSPICE/nominal/resultsDatabase remoteRun {} testbenchId 1 saveImages true
[20:01:01.10] /m Information: Started sharing "Custom WaveView" license. (WAVEFORM-110)
[20:01:01.16] /o saeInterBGSaeShell:  ::sa::_backgroundSaeShell::scriptFinished 0.2 {} sa::_resultsDatabase::saeShellProcessingCompletedProc testSuiteName saeSession5 testbenchName default resultsDir /home/itsupport/simulation/inverter,tb,schematic/history_1/simulation/default/HSPICE/nominal/results testSuiteDir /home/itsupport/simulation/inverter,tb,schematic/history_1/simulation/default/HSPICE/nominal databaseName /home/itsupport/simulation/inverter,tb,schematic/history_1/simulation/default/HSPICE/nominal/resultsDatabase remoteRun {} testbenchId 1 saveImages true
[20:01:01.16] /o false
[20:06:02.80] /o saeInterBGSaeShell:  ::sa::_backgroundSaeShell::pingBack
[20:06:02.81] /i ::sa::_backgroundSaeShell::parentRunning
[20:06:02.81] /o 1776085562
[20:06:05.80] /m Information: Stopped sharing "Custom WaveView" license. (WAVEFORM-111)
[20:07:19.51] /i ::wf::viewerExited
[20:07:36.90] /i ::sa::_backgroundSaeShell::exit
[20:07:36.90] /o saeInterBGSaeShell:  ::sa::_backgroundSaeShell::childFormallyExiting
