[22:29:05.53] /m Information: License 'SAE' checked out. (LICENSE-003)
[22:29:06.59] /o sae_shell Version Custom Compiler N-2017.12-SP1-2
              /c Build  (OPT) compiled on Wed May 16 15:20:56 2018 for RHEL64 6.6
              /c Execution time: Sat May  2 22:29:04 2026
              /c Host: localhost.localdomain
              /c 
              /c Copyright © 2004-2018 Synopsys, Inc.
              /c This software and the associated documentation are proprietary to Synopsys, Inc. This software may only be used in accordance with the terms and conditions of a written license agreement with Synopsys, Inc. All other use, reproduction, or distribution of this software is strictly prohibited.
              /c 
              /c 
[22:29:06.60] /w Warning: Preference 'leActiveLPP' is deprecated and scheduled for removal in a future release with no replacement. For migration assistance, see the Custom Compiler Tcl Reference Manual. (PREFERENCE-058)
[22:29:06.60] /o 	#######################################
[22:29:06.60] /o 	PDK Library Name	: reference90RF
[22:29:06.60] /o 	PDK Version		: 2.0
[22:29:06.60] /o 	PDK Release Date	: 25-March-2010 
[22:29:06.60] /o 	#######################################
[22:29:06.60] /o 
[22:29:06.61] /i ::sa::_backgroundSaeShell::signalProcessReady 1777735744
[22:29:06.61] /o saeInterBGSaeShell:  ::sa::_backgroundSaeShell::processReady 2
[22:29:06.64] /i ::sa::_backgroundSaeShell::runScript /home/itsupport/simulation/inverter,TB_CMOS,schematic/history_1/simulation/HSPICE_default/HSPICE/parametric/.bg_measurement_script.tcl sa::_resultsDatabase::saeShellProcessingCompletedProc testSuiteName saeSession5 testbenchName HSPICE_default resultsDir /home/itsupport/simulation/inverter,TB_CMOS,schematic/history_1/simulation/HSPICE_default/HSPICE/parametric/results testSuiteDir /home/itsupport/simulation/inverter,TB_CMOS,schematic/history_1/simulation/HSPICE_default/HSPICE/parametric databaseName /home/itsupport/simulation/inverter,TB_CMOS,schematic/history_1/simulation/HSPICE_default/HSPICE/parametric/resultsDatabase remoteRun {} testbenchId 1 saveImages true
[22:29:07.26] /m Information: Re-evaluating the failed expression 'v(/net5)'
[22:29:07.26] /m Information: Re-evaluating the failed expression 'v(/out)'
[22:29:07.29] /o saeInterBGSaeShell:  ::sa::_backgroundSaeShell::scriptFinished 0.6 {} sa::_resultsDatabase::saeShellProcessingCompletedProc testSuiteName saeSession5 testbenchName HSPICE_default resultsDir /home/itsupport/simulation/inverter,TB_CMOS,schematic/history_1/simulation/HSPICE_default/HSPICE/parametric/results testSuiteDir /home/itsupport/simulation/inverter,TB_CMOS,schematic/history_1/simulation/HSPICE_default/HSPICE/parametric databaseName /home/itsupport/simulation/inverter,TB_CMOS,schematic/history_1/simulation/HSPICE_default/HSPICE/parametric/resultsDatabase remoteRun {} testbenchId 1 saveImages true
[22:29:07.29] /o false
[22:29:34.18] /i ::sa::_backgroundSaeShell::runScript /home/itsupport/simulation/inverter,TB_CMOS,schematic/history_1/simulation/HSPICE_default/HSPICE/parametric/.bg_measurement_script.tcl sa::_resultsDatabase::saeShellProcessingCompletedProc testSuiteName saeSession5 testbenchName HSPICE_default resultsDir /home/itsupport/simulation/inverter,TB_CMOS,schematic/history_1/simulation/HSPICE_default/HSPICE/parametric/results testSuiteDir /home/itsupport/simulation/inverter,TB_CMOS,schematic/history_1/simulation/HSPICE_default/HSPICE/parametric databaseName /home/itsupport/simulation/inverter,TB_CMOS,schematic/history_1/simulation/HSPICE_default/HSPICE/parametric/resultsDatabase remoteRun {} testbenchId 1 saveImages true
[22:29:34.53] /m Information: Started sharing "Custom WaveView" license. (WAVEFORM-110)
[22:29:35.22] /o saeInterBGSaeShell:  ::sa::_backgroundSaeShell::scriptFinished 1.0 {} sa::_resultsDatabase::saeShellProcessingCompletedProc testSuiteName saeSession5 testbenchName HSPICE_default resultsDir /home/itsupport/simulation/inverter,TB_CMOS,schematic/history_1/simulation/HSPICE_default/HSPICE/parametric/results testSuiteDir /home/itsupport/simulation/inverter,TB_CMOS,schematic/history_1/simulation/HSPICE_default/HSPICE/parametric databaseName /home/itsupport/simulation/inverter,TB_CMOS,schematic/history_1/simulation/HSPICE_default/HSPICE/parametric/resultsDatabase remoteRun {} testbenchId 1 saveImages true
[22:29:35.22] /o false
[22:30:41.64] /i ::wf::viewerExited
[22:31:04.15] /i ::sa::_backgroundSaeShell::runScript /home/itsupport/simulation/inverter,TB_CMOS,schematic/history_1/simulation/HSPICE_default/HSPICE/parametric/.bg_measurement_script.tcl sa::_resultsDatabase::saeShellProcessingCompletedProc testSuiteName saeSession5 testbenchName HSPICE_default resultsDir /home/itsupport/simulation/inverter,TB_CMOS,schematic/history_1/simulation/HSPICE_default/HSPICE/parametric/results testSuiteDir /home/itsupport/simulation/inverter,TB_CMOS,schematic/history_1/simulation/HSPICE_default/HSPICE/parametric databaseName /home/itsupport/simulation/inverter,TB_CMOS,schematic/history_1/simulation/HSPICE_default/HSPICE/parametric/resultsDatabase remoteRun {} testbenchId 1 saveImages true
[22:31:04.73] /o saeInterBGSaeShell:  ::sa::_backgroundSaeShell::scriptFinished 0.5 {} sa::_resultsDatabase::saeShellProcessingCompletedProc testSuiteName saeSession5 testbenchName HSPICE_default resultsDir /home/itsupport/simulation/inverter,TB_CMOS,schematic/history_1/simulation/HSPICE_default/HSPICE/parametric/results testSuiteDir /home/itsupport/simulation/inverter,TB_CMOS,schematic/history_1/simulation/HSPICE_default/HSPICE/parametric databaseName /home/itsupport/simulation/inverter,TB_CMOS,schematic/history_1/simulation/HSPICE_default/HSPICE/parametric/resultsDatabase remoteRun {} testbenchId 1 saveImages true
[22:31:04.73] /o false
[22:31:39.85] /i ::wf::viewerExited
[22:32:00.86] /i ::sa::_backgroundSaeShell::runScript /home/itsupport/simulation/inverter,TB_CMOS,schematic/history_1/simulation/HSPICE_default/HSPICE/parametric/.bg_measurement_script.tcl sa::_resultsDatabase::saeShellProcessingCompletedProc testSuiteName saeSession5 testbenchName HSPICE_default resultsDir /home/itsupport/simulation/inverter,TB_CMOS,schematic/history_1/simulation/HSPICE_default/HSPICE/parametric/results testSuiteDir /home/itsupport/simulation/inverter,TB_CMOS,schematic/history_1/simulation/HSPICE_default/HSPICE/parametric databaseName /home/itsupport/simulation/inverter,TB_CMOS,schematic/history_1/simulation/HSPICE_default/HSPICE/parametric/resultsDatabase remoteRun {} testbenchId 1 saveImages true
[22:32:01.45] /o saeInterBGSaeShell:  ::sa::_backgroundSaeShell::scriptFinished 0.5 {} sa::_resultsDatabase::saeShellProcessingCompletedProc testSuiteName saeSession5 testbenchName HSPICE_default resultsDir /home/itsupport/simulation/inverter,TB_CMOS,schematic/history_1/simulation/HSPICE_default/HSPICE/parametric/results testSuiteDir /home/itsupport/simulation/inverter,TB_CMOS,schematic/history_1/simulation/HSPICE_default/HSPICE/parametric databaseName /home/itsupport/simulation/inverter,TB_CMOS,schematic/history_1/simulation/HSPICE_default/HSPICE/parametric/resultsDatabase remoteRun {} testbenchId 1 saveImages true
[22:32:01.46] /o false
[22:33:16.24] /i ::wf::viewerExited
[22:33:35.14] /i ::sa::_backgroundSaeShell::runScript /home/itsupport/simulation/inverter,TB_CMOS,schematic/history_1/simulation/HSPICE_default/HSPICE/parametric/.bg_measurement_script.tcl sa::_resultsDatabase::saeShellProcessingCompletedProc testSuiteName saeSession5 testbenchName HSPICE_default resultsDir /home/itsupport/simulation/inverter,TB_CMOS,schematic/history_1/simulation/HSPICE_default/HSPICE/parametric/results testSuiteDir /home/itsupport/simulation/inverter,TB_CMOS,schematic/history_1/simulation/HSPICE_default/HSPICE/parametric databaseName /home/itsupport/simulation/inverter,TB_CMOS,schematic/history_1/simulation/HSPICE_default/HSPICE/parametric/resultsDatabase remoteRun {} testbenchId 1 saveImages true
[22:33:35.65] /o saeInterBGSaeShell:  ::sa::_backgroundSaeShell::scriptFinished 0.5 {} sa::_resultsDatabase::saeShellProcessingCompletedProc testSuiteName saeSession5 testbenchName HSPICE_default resultsDir /home/itsupport/simulation/inverter,TB_CMOS,schematic/history_1/simulation/HSPICE_default/HSPICE/parametric/results testSuiteDir /home/itsupport/simulation/inverter,TB_CMOS,schematic/history_1/simulation/HSPICE_default/HSPICE/parametric databaseName /home/itsupport/simulation/inverter,TB_CMOS,schematic/history_1/simulation/HSPICE_default/HSPICE/parametric/resultsDatabase remoteRun {} testbenchId 1 saveImages true
[22:33:35.65] /o false
[22:34:11.04] /i ::wf::viewerExited
[22:34:31.37] /i ::sa::_backgroundSaeShell::runScript /home/itsupport/simulation/inverter,TB_CMOS,schematic/history_1/simulation/HSPICE_default/HSPICE/parametric/.bg_measurement_script.tcl sa::_resultsDatabase::saeShellProcessingCompletedProc testSuiteName saeSession5 testbenchName HSPICE_default resultsDir /home/itsupport/simulation/inverter,TB_CMOS,schematic/history_1/simulation/HSPICE_default/HSPICE/parametric/results testSuiteDir /home/itsupport/simulation/inverter,TB_CMOS,schematic/history_1/simulation/HSPICE_default/HSPICE/parametric databaseName /home/itsupport/simulation/inverter,TB_CMOS,schematic/history_1/simulation/HSPICE_default/HSPICE/parametric/resultsDatabase remoteRun {} testbenchId 1 saveImages true
[22:34:31.93] /o saeInterBGSaeShell:  ::sa::_backgroundSaeShell::scriptFinished 0.5 {} sa::_resultsDatabase::saeShellProcessingCompletedProc testSuiteName saeSession5 testbenchName HSPICE_default resultsDir /home/itsupport/simulation/inverter,TB_CMOS,schematic/history_1/simulation/HSPICE_default/HSPICE/parametric/results testSuiteDir /home/itsupport/simulation/inverter,TB_CMOS,schematic/history_1/simulation/HSPICE_default/HSPICE/parametric databaseName /home/itsupport/simulation/inverter,TB_CMOS,schematic/history_1/simulation/HSPICE_default/HSPICE/parametric/resultsDatabase remoteRun {} testbenchId 1 saveImages true
[22:34:31.93] /o false
[22:35:43.14] /i ::wf::viewerExited
[22:37:03.58] /i ::sa::_backgroundSaeShell::runScript /home/itsupport/simulation/inverter,TB_CMOS,schematic/history_1/simulation/HSPICE_default/HSPICE/nominal/.bg_measurement_script.tcl sa::_resultsDatabase::saeShellProcessingCompletedProc testSuiteName saeSession5 testbenchName HSPICE_default resultsDir /home/itsupport/simulation/inverter,TB_CMOS,schematic/history_1/simulation/HSPICE_default/HSPICE/nominal/results testSuiteDir /home/itsupport/simulation/inverter,TB_CMOS,schematic/history_1/simulation/HSPICE_default/HSPICE/nominal databaseName /home/itsupport/simulation/inverter,TB_CMOS,schematic/history_1/simulation/HSPICE_default/HSPICE/nominal/resultsDatabase remoteRun {} testbenchId 1 saveImages true
[22:37:03.84] /o saeInterBGSaeShell:  ::sa::_backgroundSaeShell::scriptFinished 0.2 {} sa::_resultsDatabase::saeShellProcessingCompletedProc testSuiteName saeSession5 testbenchName HSPICE_default resultsDir /home/itsupport/simulation/inverter,TB_CMOS,schematic/history_1/simulation/HSPICE_default/HSPICE/nominal/results testSuiteDir /home/itsupport/simulation/inverter,TB_CMOS,schematic/history_1/simulation/HSPICE_default/HSPICE/nominal databaseName /home/itsupport/simulation/inverter,TB_CMOS,schematic/history_1/simulation/HSPICE_default/HSPICE/nominal/resultsDatabase remoteRun {} testbenchId 1 saveImages true
[22:37:03.84] /o false
[22:37:09.95] /i ::wf::viewerExited
[22:37:21.23] /i ::sa::_backgroundSaeShell::runScript /home/itsupport/simulation/inverter,TB_CMOS,schematic/history_1/simulation/HSPICE_default/HSPICE/nominal/.bg_measurement_script.tcl sa::_resultsDatabase::saeShellProcessingCompletedProc testSuiteName saeSession5 testbenchName HSPICE_default resultsDir /home/itsupport/simulation/inverter,TB_CMOS,schematic/history_1/simulation/HSPICE_default/HSPICE/nominal/results testSuiteDir /home/itsupport/simulation/inverter,TB_CMOS,schematic/history_1/simulation/HSPICE_default/HSPICE/nominal databaseName /home/itsupport/simulation/inverter,TB_CMOS,schematic/history_1/simulation/HSPICE_default/HSPICE/nominal/resultsDatabase remoteRun {} testbenchId 1 saveImages true
[22:37:21.59] /o saeInterBGSaeShell:  ::sa::_backgroundSaeShell::scriptFinished 0.3 {} sa::_resultsDatabase::saeShellProcessingCompletedProc testSuiteName saeSession5 testbenchName HSPICE_default resultsDir /home/itsupport/simulation/inverter,TB_CMOS,schematic/history_1/simulation/HSPICE_default/HSPICE/nominal/results testSuiteDir /home/itsupport/simulation/inverter,TB_CMOS,schematic/history_1/simulation/HSPICE_default/HSPICE/nominal databaseName /home/itsupport/simulation/inverter,TB_CMOS,schematic/history_1/simulation/HSPICE_default/HSPICE/nominal/resultsDatabase remoteRun {} testbenchId 1 saveImages true
[22:37:21.59] /o false
[22:37:27.04] /i ::wf::viewerExited
[22:37:52.93] /i ::sa::_backgroundSaeShell::runScript /home/itsupport/simulation/inverter,TB_CMOS,schematic/history_1/simulation/HSPICE_default/HSPICE/nominal/.bg_measurement_script.tcl sa::_resultsDatabase::saeShellProcessingCompletedProc testSuiteName saeSession5 testbenchName HSPICE_default resultsDir /home/itsupport/simulation/inverter,TB_CMOS,schematic/history_1/simulation/HSPICE_default/HSPICE/nominal/results testSuiteDir /home/itsupport/simulation/inverter,TB_CMOS,schematic/history_1/simulation/HSPICE_default/HSPICE/nominal databaseName /home/itsupport/simulation/inverter,TB_CMOS,schematic/history_1/simulation/HSPICE_default/HSPICE/nominal/resultsDatabase remoteRun {} testbenchId 1 saveImages true
[22:37:53.18] /o saeInterBGSaeShell:  ::sa::_backgroundSaeShell::scriptFinished 0.2 {} sa::_resultsDatabase::saeShellProcessingCompletedProc testSuiteName saeSession5 testbenchName HSPICE_default resultsDir /home/itsupport/simulation/inverter,TB_CMOS,schematic/history_1/simulation/HSPICE_default/HSPICE/nominal/results testSuiteDir /home/itsupport/simulation/inverter,TB_CMOS,schematic/history_1/simulation/HSPICE_default/HSPICE/nominal databaseName /home/itsupport/simulation/inverter,TB_CMOS,schematic/history_1/simulation/HSPICE_default/HSPICE/nominal/resultsDatabase remoteRun {} testbenchId 1 saveImages true
[22:37:53.18] /o false
[22:39:02.34] /i ::wf::viewerExited
[22:39:25.66] /i ::sa::_backgroundSaeShell::runScript /home/itsupport/simulation/inverter,TB_CMOS,schematic/history_1/simulation/HSPICE_default/HSPICE/nominal/.bg_measurement_script.tcl sa::_resultsDatabase::saeShellProcessingCompletedProc testSuiteName saeSession5 testbenchName HSPICE_default resultsDir /home/itsupport/simulation/inverter,TB_CMOS,schematic/history_1/simulation/HSPICE_default/HSPICE/nominal/results testSuiteDir /home/itsupport/simulation/inverter,TB_CMOS,schematic/history_1/simulation/HSPICE_default/HSPICE/nominal databaseName /home/itsupport/simulation/inverter,TB_CMOS,schematic/history_1/simulation/HSPICE_default/HSPICE/nominal/resultsDatabase remoteRun {} testbenchId 1 saveImages true
[22:39:25.88] /o saeInterBGSaeShell:  ::sa::_backgroundSaeShell::scriptFinished 0.2 {} sa::_resultsDatabase::saeShellProcessingCompletedProc testSuiteName saeSession5 testbenchName HSPICE_default resultsDir /home/itsupport/simulation/inverter,TB_CMOS,schematic/history_1/simulation/HSPICE_default/HSPICE/nominal/results testSuiteDir /home/itsupport/simulation/inverter,TB_CMOS,schematic/history_1/simulation/HSPICE_default/HSPICE/nominal databaseName /home/itsupport/simulation/inverter,TB_CMOS,schematic/history_1/simulation/HSPICE_default/HSPICE/nominal/resultsDatabase remoteRun {} testbenchId 1 saveImages true
[22:39:25.88] /o false
[22:44:26.66] /o saeInterBGSaeShell:  ::sa::_backgroundSaeShell::pingBack
[22:44:26.74] /i ::sa::_backgroundSaeShell::parentRunning
[22:44:26.74] /o 1777736666
[22:44:30.33] /m Information: Stopped sharing "Custom WaveView" license. (WAVEFORM-111)
[22:48:01.78] /i ::sa::_backgroundSaeShell::runScript /home/itsupport/simulation/inverter,TB_CMOS,schematic/history_1/simulation/HSPICE_default/HSPICE/nominal/.bg_measurement_script.tcl sa::_resultsDatabase::saeShellProcessingCompletedProc testSuiteName saeSession5 testbenchName HSPICE_default resultsDir /home/itsupport/simulation/inverter,TB_CMOS,schematic/history_1/simulation/HSPICE_default/HSPICE/nominal/results testSuiteDir /home/itsupport/simulation/inverter,TB_CMOS,schematic/history_1/simulation/HSPICE_default/HSPICE/nominal databaseName /home/itsupport/simulation/inverter,TB_CMOS,schematic/history_1/simulation/HSPICE_default/HSPICE/nominal/resultsDatabase remoteRun {} testbenchId 1 saveImages true
[22:48:02.05] /m Information: Started sharing "Custom WaveView" license. (WAVEFORM-110)
[22:48:02.13] /o saeInterBGSaeShell:  ::sa::_backgroundSaeShell::scriptFinished 0.3 {} sa::_resultsDatabase::saeShellProcessingCompletedProc testSuiteName saeSession5 testbenchName HSPICE_default resultsDir /home/itsupport/simulation/inverter,TB_CMOS,schematic/history_1/simulation/HSPICE_default/HSPICE/nominal/results testSuiteDir /home/itsupport/simulation/inverter,TB_CMOS,schematic/history_1/simulation/HSPICE_default/HSPICE/nominal databaseName /home/itsupport/simulation/inverter,TB_CMOS,schematic/history_1/simulation/HSPICE_default/HSPICE/nominal/resultsDatabase remoteRun {} testbenchId 1 saveImages true
[22:48:02.13] /o false
[22:48:48.22] /i ::sa::_backgroundSaeShell::exit
[22:48:48.22] /o saeInterBGSaeShell:  ::sa::_backgroundSaeShell::childFormallyExiting
