[00:10:13.38] /m Information: License 'SAE' checked out. (LICENSE-003)
[00:10:14.70] /o sae_shell Version Custom Compiler N-2017.12-SP1-2
              /c Build  (OPT) compiled on Wed May 16 15:20:56 2018 for RHEL64 6.6
              /c Execution time: Thu May 21 00:10:12 2026
              /c Host: localhost.localdomain
              /c 
              /c Copyright © 2004-2018 Synopsys, Inc.
              /c This software and the associated documentation are proprietary to Synopsys, Inc. This software may only be used in accordance with the terms and conditions of a written license agreement with Synopsys, Inc. All other use, reproduction, or distribution of this software is strictly prohibited.
              /c 
              /c 
[00:10:14.71] /w Warning: Preference 'leActiveLPP' is deprecated and scheduled for removal in a future release with no replacement. For migration assistance, see the Custom Compiler Tcl Reference Manual. (PREFERENCE-058)
[00:10:14.72] /o 	#######################################
[00:10:14.72] /o 	PDK Library Name	: reference90RF
[00:10:14.72] /o 	PDK Version		: 2.0
[00:10:14.72] /o 	PDK Release Date	: 25-March-2010 
[00:10:14.72] /o 	#######################################
[00:10:14.72] /o 
[00:10:14.72] /i ::sa::_backgroundSaeShell::signalProcessReady 1779297012
[00:10:14.72] /o saeInterBGSaeShell:  ::sa::_backgroundSaeShell::processReady 2
[00:10:15.22] /i ::sa::_backgroundSaeShell::runScript /home/itsupport/simulation/project_d_ff,inv_store_tb,schematic/history_1/simulation/default/HSPICE/nominal/.bg_measurement_script.tcl sa::_resultsDatabase::saeShellProcessingCompletedProc testSuiteName saeSession1 testbenchName default resultsDir /home/itsupport/simulation/project_d_ff,inv_store_tb,schematic/history_1/simulation/default/HSPICE/nominal/results testSuiteDir /home/itsupport/simulation/project_d_ff,inv_store_tb,schematic/history_1/simulation/default/HSPICE/nominal databaseName /home/itsupport/simulation/project_d_ff,inv_store_tb,schematic/history_1/simulation/default/HSPICE/nominal/resultsDatabase remoteRun {} testbenchId 1 saveImages true
[00:10:15.46] /o saeInterBGSaeShell:  ::sa::_backgroundSaeShell::scriptFinished 0.2 {} sa::_resultsDatabase::saeShellProcessingCompletedProc testSuiteName saeSession1 testbenchName default resultsDir /home/itsupport/simulation/project_d_ff,inv_store_tb,schematic/history_1/simulation/default/HSPICE/nominal/results testSuiteDir /home/itsupport/simulation/project_d_ff,inv_store_tb,schematic/history_1/simulation/default/HSPICE/nominal databaseName /home/itsupport/simulation/project_d_ff,inv_store_tb,schematic/history_1/simulation/default/HSPICE/nominal/resultsDatabase remoteRun {} testbenchId 1 saveImages true
[00:10:15.46] /o false
[00:10:33.90] /i ::sa::_backgroundSaeShell::runScript /home/itsupport/simulation/project_d_ff,inv_store_tb,schematic/history_1/simulation/HSPICE_inv_store/HSPICE/nominal/.bg_measurement_script.tcl sa::_resultsDatabase::saeShellProcessingCompletedProc testSuiteName saeSession1 testbenchName HSPICE_inv_store resultsDir /home/itsupport/simulation/project_d_ff,inv_store_tb,schematic/history_1/simulation/HSPICE_inv_store/HSPICE/nominal/results testSuiteDir /home/itsupport/simulation/project_d_ff,inv_store_tb,schematic/history_1/simulation/HSPICE_inv_store/HSPICE/nominal databaseName /home/itsupport/simulation/project_d_ff,inv_store_tb,schematic/history_1/simulation/HSPICE_inv_store/HSPICE/nominal/resultsDatabase remoteRun {} testbenchId 1 saveImages true
[00:10:34.16] /m Information: Started sharing "Custom WaveView" license. (WAVEFORM-110)
[00:10:34.25] /o saeInterBGSaeShell:  ::sa::_backgroundSaeShell::scriptFinished 0.3 {} sa::_resultsDatabase::saeShellProcessingCompletedProc testSuiteName saeSession1 testbenchName HSPICE_inv_store resultsDir /home/itsupport/simulation/project_d_ff,inv_store_tb,schematic/history_1/simulation/HSPICE_inv_store/HSPICE/nominal/results testSuiteDir /home/itsupport/simulation/project_d_ff,inv_store_tb,schematic/history_1/simulation/HSPICE_inv_store/HSPICE/nominal databaseName /home/itsupport/simulation/project_d_ff,inv_store_tb,schematic/history_1/simulation/HSPICE_inv_store/HSPICE/nominal/resultsDatabase remoteRun {} testbenchId 1 saveImages true
[00:10:34.25] /o false
[00:12:06.03] /i ::sa::_backgroundSaeShell::runScript /home/itsupport/simulation/project_d_ff,inv_store_tb,schematic/history_1/simulation/HSPICE_inv_store/HSPICE/nominal/.bg_measurement_script.tcl sa::_resultsDatabase::saeShellProcessingCompletedProc testSuiteName saeSession1 testbenchName HSPICE_inv_store resultsDir /home/itsupport/simulation/project_d_ff,inv_store_tb,schematic/history_1/simulation/HSPICE_inv_store/HSPICE/nominal/results testSuiteDir /home/itsupport/simulation/project_d_ff,inv_store_tb,schematic/history_1/simulation/HSPICE_inv_store/HSPICE/nominal databaseName /home/itsupport/simulation/project_d_ff,inv_store_tb,schematic/history_1/simulation/HSPICE_inv_store/HSPICE/nominal/resultsDatabase remoteRun {} testbenchId 1 saveImages true
[00:12:06.32] /o saeInterBGSaeShell:  ::sa::_backgroundSaeShell::scriptFinished 0.2 {} sa::_resultsDatabase::saeShellProcessingCompletedProc testSuiteName saeSession1 testbenchName HSPICE_inv_store resultsDir /home/itsupport/simulation/project_d_ff,inv_store_tb,schematic/history_1/simulation/HSPICE_inv_store/HSPICE/nominal/results testSuiteDir /home/itsupport/simulation/project_d_ff,inv_store_tb,schematic/history_1/simulation/HSPICE_inv_store/HSPICE/nominal databaseName /home/itsupport/simulation/project_d_ff,inv_store_tb,schematic/history_1/simulation/HSPICE_inv_store/HSPICE/nominal/resultsDatabase remoteRun {} testbenchId 1 saveImages true
[00:12:06.32] /o false
[00:12:58.83] /i ::sa::_backgroundSaeShell::runScript /home/itsupport/simulation/project_d_ff,inv_store_tb,schematic/history_1/simulation/HSPICE_inv_store/HSPICE/nominal/.bg_measurement_script.tcl sa::_resultsDatabase::saeShellProcessingCompletedProc testSuiteName saeSession1 testbenchName HSPICE_inv_store resultsDir /home/itsupport/simulation/project_d_ff,inv_store_tb,schematic/history_1/simulation/HSPICE_inv_store/HSPICE/nominal/results testSuiteDir /home/itsupport/simulation/project_d_ff,inv_store_tb,schematic/history_1/simulation/HSPICE_inv_store/HSPICE/nominal databaseName /home/itsupport/simulation/project_d_ff,inv_store_tb,schematic/history_1/simulation/HSPICE_inv_store/HSPICE/nominal/resultsDatabase remoteRun {} testbenchId 1 saveImages true
[00:12:59.09] /o saeInterBGSaeShell:  ::sa::_backgroundSaeShell::scriptFinished 0.2 {} sa::_resultsDatabase::saeShellProcessingCompletedProc testSuiteName saeSession1 testbenchName HSPICE_inv_store resultsDir /home/itsupport/simulation/project_d_ff,inv_store_tb,schematic/history_1/simulation/HSPICE_inv_store/HSPICE/nominal/results testSuiteDir /home/itsupport/simulation/project_d_ff,inv_store_tb,schematic/history_1/simulation/HSPICE_inv_store/HSPICE/nominal databaseName /home/itsupport/simulation/project_d_ff,inv_store_tb,schematic/history_1/simulation/HSPICE_inv_store/HSPICE/nominal/resultsDatabase remoteRun {} testbenchId 1 saveImages true
[00:12:59.09] /o false
[00:13:29.71] /o Process killed
              /c Information: The process was terminated by "Termination" signal.
              /c signal number = 15
              /c Stack Dump: VERSION N-2017.12-SP1-2 CONFIG 4182185 DATE Thu May 21 00:10:12 2026
              /c Frame 0. /lib64/libc.so.6 ::0x7fba2e5b1400 + 0x40
              /c Frame 1. libc.so.6: __poll + 0x24
              /c Frame 2. /lib64/libglib-2.0.so.0 ::0x7fba4214d3fc + 0x43c
              /c Frame 3. libglib-2.0.so.0: g_main_context_iteration + 0x2c
              /c Frame 4. QEventDispatcherGlib::processEvents(QFlags<QEventLoop::ProcessEventsFlag>) + 0x6a
              /c Frame 5. QEventLoop::exec(QFlags<QEventLoop::ProcessEventsFlag>) + 0xea
              /c Frame 6. QCoreApplication::exec() + 0x8d
              /c Frame 7. 0x113b243 SNPSee_3cb5a937433b5647dfd0ba220bc88c363f9edc9e424f5618e629fa54920aaa2d42181fc4e419a971bdba91f3b1089c26 + 0xa3
              /c Frame 8. sae_shell: main + 0x6b
              /c Frame 9. libc.so.6: __libc_start_main + 0xf5
              /c Frame 10. /usr/synopsys/customcompiler/N-2017.12-SP1-2/linux64/platform/bin/sae_shell ::0x11306a5 + 0x29
              /c 
[00:13:29.93] /e Error: The application was unexpectedly terminated.
              /c See the session log file for recovery details. (SHUT_DOWN-001)
