[22:22:42.50] /m Information: License 'SAE' checked out. (LICENSE-003)
[22:22:43.75] /o sae_shell Version Custom Compiler N-2017.12-SP1-2
              /c Build  (OPT) compiled on Wed May 16 15:20:56 2018 for RHEL64 6.6
              /c Execution time: Sat May 23 22:22:41 2026
              /c Host: localhost.localdomain
              /c 
              /c Copyright © 2004-2018 Synopsys, Inc.
              /c This software and the associated documentation are proprietary to Synopsys, Inc. This software may only be used in accordance with the terms and conditions of a written license agreement with Synopsys, Inc. All other use, reproduction, or distribution of this software is strictly prohibited.
              /c 
              /c 
[22:22:43.76] /w Warning: Preference 'leActiveLPP' is deprecated and scheduled for removal in a future release with no replacement. For migration assistance, see the Custom Compiler Tcl Reference Manual. (PREFERENCE-058)
[22:22:43.76] /o 	#######################################
[22:22:43.76] /o 	PDK Library Name	: reference90RF
[22:22:43.76] /o 	PDK Version		: 2.0
[22:22:43.76] /o 	PDK Release Date	: 25-March-2010 
[22:22:43.76] /o 	#######################################
[22:22:43.76] /o 
[22:22:43.77] /i ::sa::_backgroundSaeShell::signalProcessReady 1779549761
[22:22:43.77] /o saeInterBGSaeShell:  ::sa::_backgroundSaeShell::processReady 2
[22:25:40.09] /i ::sa::_backgroundSaeShell::exit
[22:25:40.09] /o saeInterBGSaeShell:  ::sa::_backgroundSaeShell::childFormallyExiting
