[16:59:16.97] /m Information: License 'SAE' checked out. (LICENSE-003)
[16:59:18.13] /o sae_shell Version Custom Compiler N-2017.12-SP1-2
              /c Build  (OPT) compiled on Wed May 16 15:20:56 2018 for RHEL64 6.6
              /c Execution time: Sat May 23 16:59:16 2026
              /c Host: localhost.localdomain
              /c 
              /c Copyright © 2004-2018 Synopsys, Inc.
              /c This software and the associated documentation are proprietary to Synopsys, Inc. This software may only be used in accordance with the terms and conditions of a written license agreement with Synopsys, Inc. All other use, reproduction, or distribution of this software is strictly prohibited.
              /c 
              /c 
[16:59:18.14] /w Warning: Preference 'leActiveLPP' is deprecated and scheduled for removal in a future release with no replacement. For migration assistance, see the Custom Compiler Tcl Reference Manual. (PREFERENCE-058)
[16:59:18.14] /o 	#######################################
[16:59:18.14] /o 	PDK Library Name	: reference90RF
[16:59:18.14] /o 	PDK Version		: 2.0
[16:59:18.14] /o 	PDK Release Date	: 25-March-2010 
[16:59:18.14] /o 	#######################################
[16:59:18.14] /o 
[16:59:18.14] /i ::sa::_backgroundSaeShell::signalProcessReady 1779530355
[16:59:18.14] /o saeInterBGSaeShell:  ::sa::_backgroundSaeShell::processReady 3
[17:04:19.16] /o saeInterBGSaeShell:  ::sa::_backgroundSaeShell::pingBack
[17:04:19.16] /i ::sa::_backgroundSaeShell::parentRunning
[17:04:19.16] /o 1779530659
[17:09:20.18] /o saeInterBGSaeShell:  ::sa::_backgroundSaeShell::pingBack
[17:09:20.27] /i ::sa::_backgroundSaeShell::parentRunning
[17:09:20.27] /o 1779530960
[17:13:38.05] /i ::sa::_backgroundSaeShell::exit
[17:13:38.05] /o saeInterBGSaeShell:  ::sa::_backgroundSaeShell::childFormallyExiting
