[21:13:05.58] /m Information: License 'SAE' checked out. (LICENSE-003)
[21:13:06.92] /o sae_shell Version Custom Compiler N-2017.12-SP1-2
              /c Build  (OPT) compiled on Wed May 16 15:20:56 2018 for RHEL64 6.6
              /c Execution time: Wed Apr 22 21:13:04 2026
              /c Host: localhost.localdomain
              /c 
              /c Copyright © 2004-2018 Synopsys, Inc.
              /c This software and the associated documentation are proprietary to Synopsys, Inc. This software may only be used in accordance with the terms and conditions of a written license agreement with Synopsys, Inc. All other use, reproduction, or distribution of this software is strictly prohibited.
              /c 
              /c 
[21:13:06.93] /w Warning: Preference 'leActiveLPP' is deprecated and scheduled for removal in a future release with no replacement. For migration assistance, see the Custom Compiler Tcl Reference Manual. (PREFERENCE-058)
[21:13:06.93] /o 	#######################################
[21:13:06.93] /o 	PDK Library Name	: reference90RF
[21:13:06.93] /o 	PDK Version		: 2.0
[21:13:06.93] /o 	PDK Release Date	: 25-March-2010 
[21:13:06.93] /o 	#######################################
[21:13:06.93] /o 
[21:13:06.94] /i ::sa::_backgroundSaeShell::signalProcessReady 1776867184
[21:13:06.94] /o saeInterBGSaeShell:  ::sa::_backgroundSaeShell::processReady 2
[21:18:07.95] /o saeInterBGSaeShell:  ::sa::_backgroundSaeShell::pingBack
[21:18:07.99] /i ::sa::_backgroundSaeShell::parentRunning
[21:18:07.99] /o 1776867487
[21:23:08.96] /o saeInterBGSaeShell:  ::sa::_backgroundSaeShell::pingBack
[21:23:08.99] /i ::sa::_backgroundSaeShell::parentRunning
[21:23:08.99] /o 1776867788
[21:23:54.02] /i ::wf::viewerExited
[21:27:45.09] /i ::wf::viewerExited
[21:28:09.96] /o saeInterBGSaeShell:  ::sa::_backgroundSaeShell::pingBack
[21:28:09.99] /i ::sa::_backgroundSaeShell::parentRunning
[21:28:09.99] /o 1776868089
[21:33:10.98] /o saeInterBGSaeShell:  ::sa::_backgroundSaeShell::pingBack
[21:33:11.09] /i ::sa::_backgroundSaeShell::parentRunning
[21:33:11.09] /o 1776868391
[21:38:11.99] /o saeInterBGSaeShell:  ::sa::_backgroundSaeShell::pingBack
[21:38:12.08] /i ::sa::_backgroundSaeShell::parentRunning
[21:38:12.08] /o 1776868692
[21:43:13.00] /o saeInterBGSaeShell:  ::sa::_backgroundSaeShell::pingBack
[21:43:13.09] /i ::sa::_backgroundSaeShell::parentRunning
[21:43:13.09] /o 1776868993
[21:48:14.01] /o saeInterBGSaeShell:  ::sa::_backgroundSaeShell::pingBack
[21:48:14.09] /i ::sa::_backgroundSaeShell::parentRunning
[21:48:14.09] /o 1776869294
[21:53:15.04] /o saeInterBGSaeShell:  ::sa::_backgroundSaeShell::pingBack
[21:53:15.09] /i ::sa::_backgroundSaeShell::parentRunning
[21:53:15.09] /o 1776869595
[21:58:16.04] /o saeInterBGSaeShell:  ::sa::_backgroundSaeShell::pingBack
[21:58:16.12] /i ::sa::_backgroundSaeShell::parentRunning
[21:58:16.12] /o 1776869896
[22:03:17.05] /o saeInterBGSaeShell:  ::sa::_backgroundSaeShell::pingBack
[22:03:17.09] /i ::sa::_backgroundSaeShell::parentRunning
[22:03:17.09] /o 1776870197
[22:08:18.07] /o saeInterBGSaeShell:  ::sa::_backgroundSaeShell::pingBack
[22:08:18.09] /i ::sa::_backgroundSaeShell::parentRunning
[22:08:18.09] /o 1776870498
[22:13:19.08] /o saeInterBGSaeShell:  ::sa::_backgroundSaeShell::pingBack
[22:13:19.08] /i ::sa::_backgroundSaeShell::parentRunning
[22:13:19.09] /o 1776870799
[22:18:20.09] /o saeInterBGSaeShell:  ::sa::_backgroundSaeShell::pingBack
[22:18:20.18] /i ::sa::_backgroundSaeShell::parentRunning
[22:18:20.18] /o 1776871100
[22:23:21.11] /o saeInterBGSaeShell:  ::sa::_backgroundSaeShell::pingBack
[22:23:21.18] /i ::sa::_backgroundSaeShell::parentRunning
[22:23:21.19] /o 1776871401
[22:28:22.11] /o saeInterBGSaeShell:  ::sa::_backgroundSaeShell::pingBack
[22:28:22.21] /i ::sa::_backgroundSaeShell::parentRunning
[22:28:22.21] /o 1776871702
[22:33:23.13] /o saeInterBGSaeShell:  ::sa::_backgroundSaeShell::pingBack
[22:33:23.19] /i ::sa::_backgroundSaeShell::parentRunning
[22:33:23.19] /o 1776872003
[22:38:24.13] /o saeInterBGSaeShell:  ::sa::_backgroundSaeShell::pingBack
[22:38:24.19] /i ::sa::_backgroundSaeShell::parentRunning
[22:38:24.19] /o 1776872304
[17:57:42.17] /m Information: Exiting due to non-response from parent process.
[17:57:42.17] /o saeInterBGSaeShell:  ::sa::_backgroundSaeShell::childFormallyExiting
