[20:21:02.90] /m Information: License 'SAE' checked out. (LICENSE-003)
[20:21:04.16] /o sae_shell Version Custom Compiler N-2017.12-SP1-2
              /c Build  (OPT) compiled on Wed May 16 15:20:56 2018 for RHEL64 6.6
              /c Execution time: Sat May  2 20:21:01 2026
              /c Host: localhost.localdomain
              /c 
              /c Copyright © 2004-2018 Synopsys, Inc.
              /c This software and the associated documentation are proprietary to Synopsys, Inc. This software may only be used in accordance with the terms and conditions of a written license agreement with Synopsys, Inc. All other use, reproduction, or distribution of this software is strictly prohibited.
              /c 
              /c 
[20:21:04.18] /w Warning: Preference 'leActiveLPP' is deprecated and scheduled for removal in a future release with no replacement. For migration assistance, see the Custom Compiler Tcl Reference Manual. (PREFERENCE-058)
[20:21:04.18] /o 	#######################################
[20:21:04.18] /o 	PDK Library Name	: reference90RF
[20:21:04.18] /o 	PDK Version		: 2.0
[20:21:04.18] /o 	PDK Release Date	: 25-March-2010 
[20:21:04.18] /o 	#######################################
[20:21:04.18] /o 
[20:21:04.18] /i ::sa::_backgroundSaeShell::signalProcessReady 1777728061
[20:21:04.18] /o saeInterBGSaeShell:  ::sa::_backgroundSaeShell::processReady 3
[20:21:16.14] /i ::wf::viewerExited
[20:22:23.34] /i ::wf::viewerExited
[20:23:31.05] /i ::wf::viewerExited
[20:24:17.65] /i ::wf::viewerExited
[20:25:03.64] /i ::wf::viewerExited
[20:26:05.20] /o saeInterBGSaeShell:  ::sa::_backgroundSaeShell::pingBack
[20:26:05.24] /i ::sa::_backgroundSaeShell::parentRunning
[20:26:05.24] /o 1777728365
[20:26:51.05] /i ::wf::viewerExited
[20:28:36.05] /i ::wf::viewerExited
[20:29:18.74] /i ::wf::viewerExited
[20:29:54.34] /i ::wf::viewerExited
[20:30:12.26] /i ::sa::_backgroundSaeShell::exit
[20:30:12.26] /o saeInterBGSaeShell:  ::sa::_backgroundSaeShell::childFormallyExiting
