[00:07:17.76] /m Information: License 'SAE' checked out. (LICENSE-003)
[00:07:18.92] /o sae_shell Version Custom Compiler N-2017.12-SP1-2
              /c Build  (OPT) compiled on Wed May 16 15:20:56 2018 for RHEL64 6.6
              /c Execution time: Tue May 19 00:07:16 2026
              /c Host: localhost.localdomain
              /c 
              /c Copyright © 2004-2018 Synopsys, Inc.
              /c This software and the associated documentation are proprietary to Synopsys, Inc. This software may only be used in accordance with the terms and conditions of a written license agreement with Synopsys, Inc. All other use, reproduction, or distribution of this software is strictly prohibited.
              /c 
              /c 
[00:07:18.93] /w Warning: Preference 'leActiveLPP' is deprecated and scheduled for removal in a future release with no replacement. For migration assistance, see the Custom Compiler Tcl Reference Manual. (PREFERENCE-058)
[00:07:18.93] /o 	#######################################
[00:07:18.93] /o 	PDK Library Name	: reference90RF
[00:07:18.93] /o 	PDK Version		: 2.0
[00:07:18.93] /o 	PDK Release Date	: 25-March-2010 
[00:07:18.93] /o 	#######################################
[00:07:18.93] /o 
[00:07:18.94] /i ::sa::_backgroundSaeShell::signalProcessReady 1779124036
[00:07:18.94] /o saeInterBGSaeShell:  ::sa::_backgroundSaeShell::processReady 2
[00:08:25.29] /i ::wf::viewerExited
[00:08:44.50] /i ::wf::viewerExited
[00:10:39.99] /i ::wf::viewerExited
[00:12:19.95] /o saeInterBGSaeShell:  ::sa::_backgroundSaeShell::pingBack
[00:12:19.99] /i ::sa::_backgroundSaeShell::parentRunning
[00:12:19.99] /o 1779124339
[00:17:20.95] /o saeInterBGSaeShell:  ::sa::_backgroundSaeShell::pingBack
[00:17:21.02] /i ::sa::_backgroundSaeShell::parentRunning
[00:17:21.02] /o 1779124641
[00:22:21.96] /o saeInterBGSaeShell:  ::sa::_backgroundSaeShell::pingBack
[00:22:21.99] /i ::sa::_backgroundSaeShell::parentRunning
[00:22:22.00] /o 1779124942
[00:27:22.97] /o saeInterBGSaeShell:  ::sa::_backgroundSaeShell::pingBack
[00:27:23.00] /i ::sa::_backgroundSaeShell::parentRunning
[00:27:23.00] /o 1779125243
[00:32:23.98] /o saeInterBGSaeShell:  ::sa::_backgroundSaeShell::pingBack
[00:32:23.99] /i ::sa::_backgroundSaeShell::parentRunning
[00:32:23.99] /o 1779125543
[00:37:24.99] /o saeInterBGSaeShell:  ::sa::_backgroundSaeShell::pingBack
[00:37:25.09] /i ::sa::_backgroundSaeShell::parentRunning
[00:37:25.10] /o 1779125845
[00:42:26.01] /o saeInterBGSaeShell:  ::sa::_backgroundSaeShell::pingBack
[00:42:26.09] /i ::sa::_backgroundSaeShell::parentRunning
[00:42:26.09] /o 1779126146
[00:47:27.01] /o saeInterBGSaeShell:  ::sa::_backgroundSaeShell::pingBack
[00:47:27.10] /i ::sa::_backgroundSaeShell::parentRunning
[00:47:27.10] /o 1779126447
[00:52:28.02] /o saeInterBGSaeShell:  ::sa::_backgroundSaeShell::pingBack
[00:52:28.10] /i ::sa::_backgroundSaeShell::parentRunning
[00:52:28.10] /o 1779126748
