[19:22:25.44] /m Information: License 'SAE' checked out. (LICENSE-003)
[19:22:26.69] /o sae_shell Version Custom Compiler N-2017.12-SP1-2
              /c Build  (OPT) compiled on Wed May 16 15:20:56 2018 for RHEL64 6.6
              /c Execution time: Sat May 23 19:22:24 2026
              /c Host: localhost.localdomain
              /c 
              /c Copyright © 2004-2018 Synopsys, Inc.
              /c This software and the associated documentation are proprietary to Synopsys, Inc. This software may only be used in accordance with the terms and conditions of a written license agreement with Synopsys, Inc. All other use, reproduction, or distribution of this software is strictly prohibited.
              /c 
              /c 
[19:22:26.70] /w Warning: Preference 'leActiveLPP' is deprecated and scheduled for removal in a future release with no replacement. For migration assistance, see the Custom Compiler Tcl Reference Manual. (PREFERENCE-058)
[19:22:26.71] /o 	#######################################
[19:22:26.71] /o 	PDK Library Name	: reference90RF
[19:22:26.71] /o 	PDK Version		: 2.0
[19:22:26.71] /o 	PDK Release Date	: 25-March-2010 
[19:22:26.71] /o 	#######################################
[19:22:26.71] /o 
[19:22:26.71] /i ::sa::_backgroundSaeShell::signalProcessReady 1779538943
[19:22:26.71] /o saeInterBGSaeShell:  ::sa::_backgroundSaeShell::processReady 3
[19:22:32.61] /i ::wf::viewerExited
[19:27:27.71] /o saeInterBGSaeShell:  ::sa::_backgroundSaeShell::pingBack
[19:27:27.81] /i ::sa::_backgroundSaeShell::parentRunning
[19:27:27.81] /o 1779539247
[19:32:28.73] /o saeInterBGSaeShell:  ::sa::_backgroundSaeShell::pingBack
[19:32:28.81] /i ::sa::_backgroundSaeShell::parentRunning
[19:32:28.81] /o 1779539548
[19:37:29.74] /o saeInterBGSaeShell:  ::sa::_backgroundSaeShell::pingBack
[19:37:29.81] /i ::sa::_backgroundSaeShell::parentRunning
[19:37:29.81] /o 1779539849
[19:40:58.71] /i ::sa::_backgroundSaeShell::exit
[19:40:58.71] /o saeInterBGSaeShell:  ::sa::_backgroundSaeShell::childFormallyExiting
