[08:19:34.91] /m Information: License 'SAE' checked out. (LICENSE-003)
[08:19:36.01] /o sae_shell Version Custom Compiler N-2017.12-SP1-2
              /c Build  (OPT) compiled on Wed May 16 15:20:56 2018 for RHEL64 6.6
              /c Execution time: Wed May  6 08:19:33 2026
              /c Host: localhost.localdomain
              /c 
              /c Copyright © 2004-2018 Synopsys, Inc.
              /c This software and the associated documentation are proprietary to Synopsys, Inc. This software may only be used in accordance with the terms and conditions of a written license agreement with Synopsys, Inc. All other use, reproduction, or distribution of this software is strictly prohibited.
              /c 
              /c 
[08:19:36.02] /w Warning: Preference 'leActiveLPP' is deprecated and scheduled for removal in a future release with no replacement. For migration assistance, see the Custom Compiler Tcl Reference Manual. (PREFERENCE-058)
[08:19:36.02] /o 	#######################################
[08:19:36.02] /o 	PDK Library Name	: reference90RF
[08:19:36.02] /o 	PDK Version		: 2.0
[08:19:36.02] /o 	PDK Release Date	: 25-March-2010 
[08:19:36.02] /o 	#######################################
[08:19:36.02] /o 
[08:19:36.03] /i ::sa::_backgroundSaeShell::signalProcessReady 1778030373
[08:19:36.03] /o saeInterBGSaeShell:  ::sa::_backgroundSaeShell::processReady 3
[08:20:03.27] /i ::wf::viewerExited
[08:20:18.47] /i ::sa::_backgroundSaeShell::exit
[08:20:18.47] /o saeInterBGSaeShell:  ::sa::_backgroundSaeShell::childFormallyExiting
