[01:00:53.01] /m Information: License 'SAE' checked out. (LICENSE-003)
[01:00:54.20] /o sae_shell Version Custom Compiler N-2017.12-SP1-2
              /c Build  (OPT) compiled on Wed May 16 15:20:56 2018 for RHEL64 6.6
              /c Execution time: Tue Apr 14 01:00:52 2026
              /c Host: localhost.localdomain
              /c 
              /c Copyright © 2004-2018 Synopsys, Inc.
              /c This software and the associated documentation are proprietary to Synopsys, Inc. This software may only be used in accordance with the terms and conditions of a written license agreement with Synopsys, Inc. All other use, reproduction, or distribution of this software is strictly prohibited.
              /c 
              /c 
[01:00:54.22] /w Warning: Preference 'leActiveLPP' is deprecated and scheduled for removal in a future release with no replacement. For migration assistance, see the Custom Compiler Tcl Reference Manual. (PREFERENCE-058)
[01:00:54.23] /o 	#######################################
[01:00:54.23] /o 	PDK Library Name	: reference90RF
[01:00:54.23] /o 	PDK Version		: 2.0
[01:00:54.23] /o 	PDK Release Date	: 25-March-2010 
[01:00:54.23] /o 	#######################################
[01:00:54.23] /o 
[01:00:54.24] /i ::sa::_backgroundSaeShell::signalProcessReady 1776103251
[01:00:54.24] /o saeInterBGSaeShell:  ::sa::_backgroundSaeShell::processReady 3
[01:01:08.10] /i ::wf::viewerExited
[01:02:24.90] /i ::wf::viewerExited
[01:02:36.54] /i ::sa::_backgroundSaeShell::exit
[01:02:36.54] /o saeInterBGSaeShell:  ::sa::_backgroundSaeShell::childFormallyExiting
