[06:00:36.18] /m Information: License 'SAE' checked out. (LICENSE-003)
[06:00:37.69] /o sae_shell Version Custom Compiler N-2017.12-SP1-2
              /c Build  (OPT) compiled on Wed May 16 15:20:56 2018 for RHEL64 6.6
              /c Execution time: Wed May 20 06:00:34 2026
              /c Host: localhost.localdomain
              /c 
              /c Copyright © 2004-2018 Synopsys, Inc.
              /c This software and the associated documentation are proprietary to Synopsys, Inc. This software may only be used in accordance with the terms and conditions of a written license agreement with Synopsys, Inc. All other use, reproduction, or distribution of this software is strictly prohibited.
              /c 
              /c 
[06:00:37.70] /w Warning: Preference 'leActiveLPP' is deprecated and scheduled for removal in a future release with no replacement. For migration assistance, see the Custom Compiler Tcl Reference Manual. (PREFERENCE-058)
[06:00:37.70] /o 	#######################################
[06:00:37.70] /o 	PDK Library Name	: reference90RF
[06:00:37.70] /o 	PDK Version		: 2.0
[06:00:37.70] /o 	PDK Release Date	: 25-March-2010 
[06:00:37.70] /o 	#######################################
[06:00:37.70] /o 
[06:00:37.71] /i ::sa::_backgroundSaeShell::signalProcessReady 1779231634
[06:00:37.71] /o saeInterBGSaeShell:  ::sa::_backgroundSaeShell::processReady 3
[06:00:49.17] /i ::sa::_backgroundSaeShell::runScript /home/itsupport/simulation/inverter,FA_1bit_tb,schematic/history_1/simulation/HSPICE_tb1fa/HSPICE/nominal/.bg_measurement_script.tcl sa::_resultsDatabase::saeShellProcessingCompletedProc testSuiteName saeSession1 testbenchName HSPICE_tb1fa resultsDir /home/itsupport/simulation/inverter,FA_1bit_tb,schematic/history_1/simulation/HSPICE_tb1fa/HSPICE/nominal/results testSuiteDir /home/itsupport/simulation/inverter,FA_1bit_tb,schematic/history_1/simulation/HSPICE_tb1fa/HSPICE/nominal databaseName /home/itsupport/simulation/inverter,FA_1bit_tb,schematic/history_1/simulation/HSPICE_tb1fa/HSPICE/nominal/resultsDatabase remoteRun {} testbenchId 1 saveImages true
[06:00:49.65] /m Information: Started sharing "Custom WaveView" license. (WAVEFORM-110)
[06:00:49.83] /o saeInterBGSaeShell:  ::sa::_backgroundSaeShell::scriptFinished 0.6 {} sa::_resultsDatabase::saeShellProcessingCompletedProc testSuiteName saeSession1 testbenchName HSPICE_tb1fa resultsDir /home/itsupport/simulation/inverter,FA_1bit_tb,schematic/history_1/simulation/HSPICE_tb1fa/HSPICE/nominal/results testSuiteDir /home/itsupport/simulation/inverter,FA_1bit_tb,schematic/history_1/simulation/HSPICE_tb1fa/HSPICE/nominal databaseName /home/itsupport/simulation/inverter,FA_1bit_tb,schematic/history_1/simulation/HSPICE_tb1fa/HSPICE/nominal/resultsDatabase remoteRun {} testbenchId 1 saveImages true
[06:00:49.83] /o false
[06:01:32.90] /i ::wf::viewerExited
[06:03:48.21] /i ::sa::_backgroundSaeShell::exit
[06:03:48.21] /o saeInterBGSaeShell:  ::sa::_backgroundSaeShell::childFormallyExiting
