[05:04:16.59] /m Information: License 'SAE' checked out. (LICENSE-003)
[05:04:17.61] /o sae_shell Version Custom Compiler N-2017.12-SP1-2
              /c Build  (OPT) compiled on Wed May 16 15:20:56 2018 for RHEL64 6.6
              /c Execution time: Wed May 20 05:04:15 2026
              /c Host: localhost.localdomain
              /c 
              /c Copyright © 2004-2018 Synopsys, Inc.
              /c This software and the associated documentation are proprietary to Synopsys, Inc. This software may only be used in accordance with the terms and conditions of a written license agreement with Synopsys, Inc. All other use, reproduction, or distribution of this software is strictly prohibited.
              /c 
              /c 
[05:04:17.62] /w Warning: Preference 'leActiveLPP' is deprecated and scheduled for removal in a future release with no replacement. For migration assistance, see the Custom Compiler Tcl Reference Manual. (PREFERENCE-058)
[05:04:17.62] /o 	#######################################
[05:04:17.62] /o 	PDK Library Name	: reference90RF
[05:04:17.62] /o 	PDK Version		: 2.0
[05:04:17.62] /o 	PDK Release Date	: 25-March-2010 
[05:04:17.62] /o 	#######################################
[05:04:17.62] /o 
[05:04:17.63] /i ::sa::_backgroundSaeShell::signalProcessReady 1779228255
[05:04:17.63] /o saeInterBGSaeShell:  ::sa::_backgroundSaeShell::processReady 2
[05:05:01.41] /i ::sa::_backgroundSaeShell::runScript /home/itsupport/simulation/inverter,FA_1bit_tb,schematic/history_1/simulation/default/HSPICE/nominal/.bg_measurement_script.tcl sa::_resultsDatabase::saeShellProcessingCompletedProc testSuiteName saeSession2 testbenchName default resultsDir /home/itsupport/simulation/inverter,FA_1bit_tb,schematic/history_1/simulation/default/HSPICE/nominal/results testSuiteDir /home/itsupport/simulation/inverter,FA_1bit_tb,schematic/history_1/simulation/default/HSPICE/nominal databaseName /home/itsupport/simulation/inverter,FA_1bit_tb,schematic/history_1/simulation/default/HSPICE/nominal/resultsDatabase remoteRun {} testbenchId 1 saveImages true
[05:05:01.75] /m Information: Started sharing "Custom WaveView" license. (WAVEFORM-110)
[05:05:01.91] /o saeInterBGSaeShell:  ::sa::_backgroundSaeShell::scriptFinished 0.4 {} sa::_resultsDatabase::saeShellProcessingCompletedProc testSuiteName saeSession2 testbenchName default resultsDir /home/itsupport/simulation/inverter,FA_1bit_tb,schematic/history_1/simulation/default/HSPICE/nominal/results testSuiteDir /home/itsupport/simulation/inverter,FA_1bit_tb,schematic/history_1/simulation/default/HSPICE/nominal databaseName /home/itsupport/simulation/inverter,FA_1bit_tb,schematic/history_1/simulation/default/HSPICE/nominal/resultsDatabase remoteRun {} testbenchId 1 saveImages true
[05:05:01.91] /o false
[05:05:21.51] /i ::wf::viewerExited
[05:07:43.40] /i ::sa::_backgroundSaeShell::exit
[05:07:43.40] /o saeInterBGSaeShell:  ::sa::_backgroundSaeShell::childFormallyExiting
