[08:07:21.30] /m Information: License 'SAE' checked out. (LICENSE-003)
[08:07:22.69] /o sae_shell Version Custom Compiler N-2017.12-SP1-2
              /c Build  (OPT) compiled on Wed May 16 15:20:56 2018 for RHEL64 6.6
              /c Execution time: Wed May  6 08:07:20 2026
              /c Host: localhost.localdomain
              /c 
              /c Copyright © 2004-2018 Synopsys, Inc.
              /c This software and the associated documentation are proprietary to Synopsys, Inc. This software may only be used in accordance with the terms and conditions of a written license agreement with Synopsys, Inc. All other use, reproduction, or distribution of this software is strictly prohibited.
              /c 
              /c 
[08:07:22.71] /w Warning: Preference 'leActiveLPP' is deprecated and scheduled for removal in a future release with no replacement. For migration assistance, see the Custom Compiler Tcl Reference Manual. (PREFERENCE-058)
[08:07:22.71] /o 	#######################################
[08:07:22.71] /o 	PDK Library Name	: reference90RF
[08:07:22.71] /o 	PDK Version		: 2.0
[08:07:22.71] /o 	PDK Release Date	: 25-March-2010 
[08:07:22.71] /o 	#######################################
[08:07:22.71] /o 
[08:07:22.72] /i ::sa::_backgroundSaeShell::signalProcessReady 1778029640
[08:07:22.72] /o saeInterBGSaeShell:  ::sa::_backgroundSaeShell::processReady 2
[08:12:21.33] /i ::sa::_backgroundSaeShell::exit
[08:12:21.33] /o saeInterBGSaeShell:  ::sa::_backgroundSaeShell::childFormallyExiting
