[07:28:22.16] /m Information: License 'SAE' checked out. (LICENSE-003)
[07:28:23.68] /o sae_shell Version Custom Compiler N-2017.12-SP1-2
              /c Build  (OPT) compiled on Wed May 16 15:20:56 2018 for RHEL64 6.6
              /c Execution time: Wed May 20 07:28:20 2026
              /c Host: localhost.localdomain
              /c 
              /c Copyright © 2004-2018 Synopsys, Inc.
              /c This software and the associated documentation are proprietary to Synopsys, Inc. This software may only be used in accordance with the terms and conditions of a written license agreement with Synopsys, Inc. All other use, reproduction, or distribution of this software is strictly prohibited.
              /c 
              /c 
[07:28:23.69] /w Warning: Preference 'leActiveLPP' is deprecated and scheduled for removal in a future release with no replacement. For migration assistance, see the Custom Compiler Tcl Reference Manual. (PREFERENCE-058)
[07:28:23.69] /o 	#######################################
[07:28:23.70] /o 	PDK Library Name	: reference90RF
[07:28:23.70] /o 	PDK Version		: 2.0
[07:28:23.70] /o 	PDK Release Date	: 25-March-2010 
[07:28:23.70] /o 	#######################################
[07:28:23.70] /o 
[07:28:23.70] /i ::sa::_backgroundSaeShell::signalProcessReady 1779236900
[07:28:23.70] /o saeInterBGSaeShell:  ::sa::_backgroundSaeShell::processReady 3
[07:28:38.41] /i ::sa::_backgroundSaeShell::runScript /home/itsupport/simulation/inverter,FA_1bit_tb,config/history_1/simulation/HSPICE_tb1fa_final/HSPICE/nominal/.bg_measurement_script.tcl sa::_resultsDatabase::saeShellProcessingCompletedProc testSuiteName saeSession3 testbenchName HSPICE_tb1fa_final resultsDir /home/itsupport/simulation/inverter,FA_1bit_tb,config/history_1/simulation/HSPICE_tb1fa_final/HSPICE/nominal/results testSuiteDir /home/itsupport/simulation/inverter,FA_1bit_tb,config/history_1/simulation/HSPICE_tb1fa_final/HSPICE/nominal databaseName /home/itsupport/simulation/inverter,FA_1bit_tb,config/history_1/simulation/HSPICE_tb1fa_final/HSPICE/nominal/resultsDatabase remoteRun {} testbenchId 1 saveImages true
[07:28:38.86] /m Information: Started sharing "Custom WaveView" license. (WAVEFORM-110)
[07:28:39.03] /o saeInterBGSaeShell:  ::sa::_backgroundSaeShell::scriptFinished 0.6 {} sa::_resultsDatabase::saeShellProcessingCompletedProc testSuiteName saeSession3 testbenchName HSPICE_tb1fa_final resultsDir /home/itsupport/simulation/inverter,FA_1bit_tb,config/history_1/simulation/HSPICE_tb1fa_final/HSPICE/nominal/results testSuiteDir /home/itsupport/simulation/inverter,FA_1bit_tb,config/history_1/simulation/HSPICE_tb1fa_final/HSPICE/nominal databaseName /home/itsupport/simulation/inverter,FA_1bit_tb,config/history_1/simulation/HSPICE_tb1fa_final/HSPICE/nominal/resultsDatabase remoteRun {} testbenchId 1 saveImages true
[07:28:39.03] /o false
[07:29:20.63] /i ::sa::_backgroundSaeShell::runScript /home/itsupport/simulation/inverter,FA_1bit_tb,config/history_1/simulation/HSPICE_tb1fa_final/HSPICE/nominal/.bg_measurement_script.tcl sa::_resultsDatabase::saeShellProcessingCompletedProc testSuiteName saeSession3 testbenchName HSPICE_tb1fa_final resultsDir /home/itsupport/simulation/inverter,FA_1bit_tb,config/history_1/simulation/HSPICE_tb1fa_final/HSPICE/nominal/results testSuiteDir /home/itsupport/simulation/inverter,FA_1bit_tb,config/history_1/simulation/HSPICE_tb1fa_final/HSPICE/nominal databaseName /home/itsupport/simulation/inverter,FA_1bit_tb,config/history_1/simulation/HSPICE_tb1fa_final/HSPICE/nominal/resultsDatabase remoteRun {} testbenchId 1 saveImages true
[07:29:20.94] /o saeInterBGSaeShell:  ::sa::_backgroundSaeShell::scriptFinished 0.3 {} sa::_resultsDatabase::saeShellProcessingCompletedProc testSuiteName saeSession3 testbenchName HSPICE_tb1fa_final resultsDir /home/itsupport/simulation/inverter,FA_1bit_tb,config/history_1/simulation/HSPICE_tb1fa_final/HSPICE/nominal/results testSuiteDir /home/itsupport/simulation/inverter,FA_1bit_tb,config/history_1/simulation/HSPICE_tb1fa_final/HSPICE/nominal databaseName /home/itsupport/simulation/inverter,FA_1bit_tb,config/history_1/simulation/HSPICE_tb1fa_final/HSPICE/nominal/resultsDatabase remoteRun {} testbenchId 1 saveImages true
[07:29:20.94] /o false
[07:29:58.63] /i ::sa::_backgroundSaeShell::runScript /home/itsupport/simulation/inverter,FA_1bit_tb,config/history_1/simulation/HSPICE_tb1fa_final/HSPICE/nominal/.bg_measurement_script.tcl sa::_resultsDatabase::saeShellProcessingCompletedProc testSuiteName saeSession3 testbenchName HSPICE_tb1fa_final resultsDir /home/itsupport/simulation/inverter,FA_1bit_tb,config/history_1/simulation/HSPICE_tb1fa_final/HSPICE/nominal/results testSuiteDir /home/itsupport/simulation/inverter,FA_1bit_tb,config/history_1/simulation/HSPICE_tb1fa_final/HSPICE/nominal databaseName /home/itsupport/simulation/inverter,FA_1bit_tb,config/history_1/simulation/HSPICE_tb1fa_final/HSPICE/nominal/resultsDatabase remoteRun {} testbenchId 1 saveImages true
[07:29:59.00] /o saeInterBGSaeShell:  ::sa::_backgroundSaeShell::scriptFinished 0.3 {} sa::_resultsDatabase::saeShellProcessingCompletedProc testSuiteName saeSession3 testbenchName HSPICE_tb1fa_final resultsDir /home/itsupport/simulation/inverter,FA_1bit_tb,config/history_1/simulation/HSPICE_tb1fa_final/HSPICE/nominal/results testSuiteDir /home/itsupport/simulation/inverter,FA_1bit_tb,config/history_1/simulation/HSPICE_tb1fa_final/HSPICE/nominal databaseName /home/itsupport/simulation/inverter,FA_1bit_tb,config/history_1/simulation/HSPICE_tb1fa_final/HSPICE/nominal/resultsDatabase remoteRun {} testbenchId 1 saveImages true
[07:29:59.00] /o false
[07:30:23.15] /i ::sa::_backgroundSaeShell::runScript /home/itsupport/simulation/inverter,FA_1bit_tb,config/history_1/simulation/HSPICE_tb1fa_final/HSPICE/nominal/.bg_measurement_script.tcl sa::_resultsDatabase::saeShellProcessingCompletedProc testSuiteName saeSession3 testbenchName HSPICE_tb1fa_final resultsDir /home/itsupport/simulation/inverter,FA_1bit_tb,config/history_1/simulation/HSPICE_tb1fa_final/HSPICE/nominal/results testSuiteDir /home/itsupport/simulation/inverter,FA_1bit_tb,config/history_1/simulation/HSPICE_tb1fa_final/HSPICE/nominal databaseName /home/itsupport/simulation/inverter,FA_1bit_tb,config/history_1/simulation/HSPICE_tb1fa_final/HSPICE/nominal/resultsDatabase remoteRun {} testbenchId 1 saveImages true
[07:30:23.55] /o saeInterBGSaeShell:  ::sa::_backgroundSaeShell::scriptFinished 0.4 {} sa::_resultsDatabase::saeShellProcessingCompletedProc testSuiteName saeSession3 testbenchName HSPICE_tb1fa_final resultsDir /home/itsupport/simulation/inverter,FA_1bit_tb,config/history_1/simulation/HSPICE_tb1fa_final/HSPICE/nominal/results testSuiteDir /home/itsupport/simulation/inverter,FA_1bit_tb,config/history_1/simulation/HSPICE_tb1fa_final/HSPICE/nominal databaseName /home/itsupport/simulation/inverter,FA_1bit_tb,config/history_1/simulation/HSPICE_tb1fa_final/HSPICE/nominal/resultsDatabase remoteRun {} testbenchId 1 saveImages true
[07:30:23.55] /o false
[07:30:43.20] /i ::sa::_backgroundSaeShell::exit
[07:30:43.20] /o saeInterBGSaeShell:  ::sa::_backgroundSaeShell::childFormallyExiting
