[06:34:12.56] /m Information: License 'SAE' checked out. (LICENSE-003)
[06:34:16.39] /o sae_shell Version Custom Compiler N-2017.12-SP1-2
              /c Build  (OPT) compiled on Wed May 16 15:20:56 2018 for RHEL64 6.6
              /c Execution time: Wed May 20 06:34:09 2026
              /c Host: localhost.localdomain
              /c 
              /c Copyright © 2004-2018 Synopsys, Inc.
              /c This software and the associated documentation are proprietary to Synopsys, Inc. This software may only be used in accordance with the terms and conditions of a written license agreement with Synopsys, Inc. All other use, reproduction, or distribution of this software is strictly prohibited.
              /c 
              /c 
[06:34:16.42] /w Warning: Preference 'leActiveLPP' is deprecated and scheduled for removal in a future release with no replacement. For migration assistance, see the Custom Compiler Tcl Reference Manual. (PREFERENCE-058)
[06:34:16.42] /o 	#######################################
[06:34:16.42] /o 	PDK Library Name	: reference90RF
[06:34:16.42] /o 	PDK Version		: 2.0
[06:34:16.42] /o 	PDK Release Date	: 25-March-2010 
[06:34:16.42] /o 	#######################################
[06:34:16.42] /o 
[06:34:16.44] /i ::sa::_backgroundSaeShell::signalProcessReady 1779233648
[06:34:16.44] /o saeInterBGSaeShell:  ::sa::_backgroundSaeShell::processReady 8
[06:34:37.61] /i ::sa::_backgroundSaeShell::runScript /home/itsupport/simulation/inverter,FA_1bit_tb,schematic/history_1/simulation/HSPICE_tb1fa/HSPICE/nominal/.bg_measurement_script.tcl sa::_resultsDatabase::saeShellProcessingCompletedProc testSuiteName saeSession1 testbenchName HSPICE_tb1fa resultsDir /home/itsupport/simulation/inverter,FA_1bit_tb,schematic/history_1/simulation/HSPICE_tb1fa/HSPICE/nominal/results testSuiteDir /home/itsupport/simulation/inverter,FA_1bit_tb,schematic/history_1/simulation/HSPICE_tb1fa/HSPICE/nominal databaseName /home/itsupport/simulation/inverter,FA_1bit_tb,schematic/history_1/simulation/HSPICE_tb1fa/HSPICE/nominal/resultsDatabase remoteRun {} testbenchId 1 saveImages true
[06:34:38.42] /m Information: Started sharing "Custom WaveView" license. (WAVEFORM-110)
[06:34:38.67] /o saeInterBGSaeShell:  ::sa::_backgroundSaeShell::scriptFinished 1.0 {} sa::_resultsDatabase::saeShellProcessingCompletedProc testSuiteName saeSession1 testbenchName HSPICE_tb1fa resultsDir /home/itsupport/simulation/inverter,FA_1bit_tb,schematic/history_1/simulation/HSPICE_tb1fa/HSPICE/nominal/results testSuiteDir /home/itsupport/simulation/inverter,FA_1bit_tb,schematic/history_1/simulation/HSPICE_tb1fa/HSPICE/nominal databaseName /home/itsupport/simulation/inverter,FA_1bit_tb,schematic/history_1/simulation/HSPICE_tb1fa/HSPICE/nominal/resultsDatabase remoteRun {} testbenchId 1 saveImages true
[06:34:38.68] /o false
[06:34:51.46] /i ::wf::viewerExited
[06:34:57.52] /i ::sa::_backgroundSaeShell::runScript /home/itsupport/simulation/inverter,FA_1bit_tb,schematic/history_1/simulation/HSPICE_tb1fa/HSPICE/nominal/.bg_measurement_script.tcl sa::_resultsDatabase::saeShellProcessingCompletedProc testSuiteName saeSession1 testbenchName HSPICE_tb1fa resultsDir /home/itsupport/simulation/inverter,FA_1bit_tb,schematic/history_1/simulation/HSPICE_tb1fa/HSPICE/nominal/results testSuiteDir /home/itsupport/simulation/inverter,FA_1bit_tb,schematic/history_1/simulation/HSPICE_tb1fa/HSPICE/nominal databaseName /home/itsupport/simulation/inverter,FA_1bit_tb,schematic/history_1/simulation/HSPICE_tb1fa/HSPICE/nominal/resultsDatabase remoteRun {} testbenchId 1 saveImages true
[06:34:58.23] /o saeInterBGSaeShell:  ::sa::_backgroundSaeShell::scriptFinished 0.7 {} sa::_resultsDatabase::saeShellProcessingCompletedProc testSuiteName saeSession1 testbenchName HSPICE_tb1fa resultsDir /home/itsupport/simulation/inverter,FA_1bit_tb,schematic/history_1/simulation/HSPICE_tb1fa/HSPICE/nominal/results testSuiteDir /home/itsupport/simulation/inverter,FA_1bit_tb,schematic/history_1/simulation/HSPICE_tb1fa/HSPICE/nominal databaseName /home/itsupport/simulation/inverter,FA_1bit_tb,schematic/history_1/simulation/HSPICE_tb1fa/HSPICE/nominal/resultsDatabase remoteRun {} testbenchId 1 saveImages true
[06:34:58.23] /o false
[06:35:55.70] /i ::sa::_backgroundSaeShell::runScript /home/itsupport/simulation/inverter,FA_1bit_tb,schematic/history_1/simulation/HSPICE_tb1fa/HSPICE/nominal/.bg_measurement_script.tcl sa::_resultsDatabase::saeShellProcessingCompletedProc testSuiteName saeSession1 testbenchName HSPICE_tb1fa resultsDir /home/itsupport/simulation/inverter,FA_1bit_tb,schematic/history_1/simulation/HSPICE_tb1fa/HSPICE/nominal/results testSuiteDir /home/itsupport/simulation/inverter,FA_1bit_tb,schematic/history_1/simulation/HSPICE_tb1fa/HSPICE/nominal databaseName /home/itsupport/simulation/inverter,FA_1bit_tb,schematic/history_1/simulation/HSPICE_tb1fa/HSPICE/nominal/resultsDatabase remoteRun {} testbenchId 1 saveImages true
[06:35:56.10] /o saeInterBGSaeShell:  ::sa::_backgroundSaeShell::scriptFinished 0.3 {} sa::_resultsDatabase::saeShellProcessingCompletedProc testSuiteName saeSession1 testbenchName HSPICE_tb1fa resultsDir /home/itsupport/simulation/inverter,FA_1bit_tb,schematic/history_1/simulation/HSPICE_tb1fa/HSPICE/nominal/results testSuiteDir /home/itsupport/simulation/inverter,FA_1bit_tb,schematic/history_1/simulation/HSPICE_tb1fa/HSPICE/nominal databaseName /home/itsupport/simulation/inverter,FA_1bit_tb,schematic/history_1/simulation/HSPICE_tb1fa/HSPICE/nominal/resultsDatabase remoteRun {} testbenchId 1 saveImages true
[06:35:56.10] /o false
[06:36:10.79] /i ::sa::_backgroundSaeShell::runScript /home/itsupport/simulation/inverter,FA_1bit_tb,schematic/history_1/simulation/HSPICE_tb1fa/HSPICE/nominal/.bg_measurement_script.tcl sa::_resultsDatabase::saeShellProcessingCompletedProc testSuiteName saeSession1 testbenchName HSPICE_tb1fa resultsDir /home/itsupport/simulation/inverter,FA_1bit_tb,schematic/history_1/simulation/HSPICE_tb1fa/HSPICE/nominal/results testSuiteDir /home/itsupport/simulation/inverter,FA_1bit_tb,schematic/history_1/simulation/HSPICE_tb1fa/HSPICE/nominal databaseName /home/itsupport/simulation/inverter,FA_1bit_tb,schematic/history_1/simulation/HSPICE_tb1fa/HSPICE/nominal/resultsDatabase remoteRun {} testbenchId 1 saveImages true
[06:36:11.19] /o saeInterBGSaeShell:  ::sa::_backgroundSaeShell::scriptFinished 0.4 {} sa::_resultsDatabase::saeShellProcessingCompletedProc testSuiteName saeSession1 testbenchName HSPICE_tb1fa resultsDir /home/itsupport/simulation/inverter,FA_1bit_tb,schematic/history_1/simulation/HSPICE_tb1fa/HSPICE/nominal/results testSuiteDir /home/itsupport/simulation/inverter,FA_1bit_tb,schematic/history_1/simulation/HSPICE_tb1fa/HSPICE/nominal databaseName /home/itsupport/simulation/inverter,FA_1bit_tb,schematic/history_1/simulation/HSPICE_tb1fa/HSPICE/nominal/resultsDatabase remoteRun {} testbenchId 1 saveImages true
[06:36:11.19] /o false
[06:37:17.92] /i ::sa::_backgroundSaeShell::runScript /home/itsupport/simulation/inverter,FA_1bit_tb,schematic/history_1/simulation/HSPICE_tb1fa/HSPICE/nominal/.bg_measurement_script.tcl sa::_resultsDatabase::saeShellProcessingCompletedProc testSuiteName saeSession1 testbenchName HSPICE_tb1fa resultsDir /home/itsupport/simulation/inverter,FA_1bit_tb,schematic/history_1/simulation/HSPICE_tb1fa/HSPICE/nominal/results testSuiteDir /home/itsupport/simulation/inverter,FA_1bit_tb,schematic/history_1/simulation/HSPICE_tb1fa/HSPICE/nominal databaseName /home/itsupport/simulation/inverter,FA_1bit_tb,schematic/history_1/simulation/HSPICE_tb1fa/HSPICE/nominal/resultsDatabase remoteRun {} testbenchId 1 saveImages true
[06:37:18.34] /o saeInterBGSaeShell:  ::sa::_backgroundSaeShell::scriptFinished 0.4 {} sa::_resultsDatabase::saeShellProcessingCompletedProc testSuiteName saeSession1 testbenchName HSPICE_tb1fa resultsDir /home/itsupport/simulation/inverter,FA_1bit_tb,schematic/history_1/simulation/HSPICE_tb1fa/HSPICE/nominal/results testSuiteDir /home/itsupport/simulation/inverter,FA_1bit_tb,schematic/history_1/simulation/HSPICE_tb1fa/HSPICE/nominal databaseName /home/itsupport/simulation/inverter,FA_1bit_tb,schematic/history_1/simulation/HSPICE_tb1fa/HSPICE/nominal/resultsDatabase remoteRun {} testbenchId 1 saveImages true
[06:37:18.34] /o false
[06:37:58.28] /i ::sa::_backgroundSaeShell::runScript /home/itsupport/simulation/inverter,FA_1bit_tb,schematic/history_1/simulation/HSPICE_tb1fa/HSPICE/nominal/.bg_measurement_script.tcl sa::_resultsDatabase::saeShellProcessingCompletedProc testSuiteName saeSession1 testbenchName HSPICE_tb1fa resultsDir /home/itsupport/simulation/inverter,FA_1bit_tb,schematic/history_1/simulation/HSPICE_tb1fa/HSPICE/nominal/results testSuiteDir /home/itsupport/simulation/inverter,FA_1bit_tb,schematic/history_1/simulation/HSPICE_tb1fa/HSPICE/nominal databaseName /home/itsupport/simulation/inverter,FA_1bit_tb,schematic/history_1/simulation/HSPICE_tb1fa/HSPICE/nominal/resultsDatabase remoteRun {} testbenchId 1 saveImages true
[06:37:58.68] /o saeInterBGSaeShell:  ::sa::_backgroundSaeShell::scriptFinished 0.4 {} sa::_resultsDatabase::saeShellProcessingCompletedProc testSuiteName saeSession1 testbenchName HSPICE_tb1fa resultsDir /home/itsupport/simulation/inverter,FA_1bit_tb,schematic/history_1/simulation/HSPICE_tb1fa/HSPICE/nominal/results testSuiteDir /home/itsupport/simulation/inverter,FA_1bit_tb,schematic/history_1/simulation/HSPICE_tb1fa/HSPICE/nominal databaseName /home/itsupport/simulation/inverter,FA_1bit_tb,schematic/history_1/simulation/HSPICE_tb1fa/HSPICE/nominal/resultsDatabase remoteRun {} testbenchId 1 saveImages true
[06:37:58.68] /o false
[06:41:21.46] /i ::sa::_backgroundSaeShell::exit
[06:41:21.46] /o saeInterBGSaeShell:  ::sa::_backgroundSaeShell::childFormallyExiting
