[16:18:16.87] /m Information: License 'SAE' checked out. (LICENSE-003)
[16:18:18.35] /o sae_shell Version Custom Compiler N-2017.12-SP1-2
              /c Build  (OPT) compiled on Wed May 16 15:20:56 2018 for RHEL64 6.6
              /c Execution time: Tue May  5 16:18:15 2026
              /c Host: localhost.localdomain
              /c 
              /c Copyright © 2004-2018 Synopsys, Inc.
              /c This software and the associated documentation are proprietary to Synopsys, Inc. This software may only be used in accordance with the terms and conditions of a written license agreement with Synopsys, Inc. All other use, reproduction, or distribution of this software is strictly prohibited.
              /c 
              /c 
[16:18:18.37] /w Warning: Preference 'leActiveLPP' is deprecated and scheduled for removal in a future release with no replacement. For migration assistance, see the Custom Compiler Tcl Reference Manual. (PREFERENCE-058)
[16:18:18.37] /o 	#######################################
[16:18:18.37] /o 	PDK Library Name	: reference90RF
[16:18:18.37] /o 	PDK Version		: 2.0
[16:18:18.37] /o 	PDK Release Date	: 25-March-2010 
[16:18:18.37] /o 	#######################################
[16:18:18.37] /o 
[16:18:18.38] /i ::sa::_backgroundSaeShell::signalProcessReady 1777972694
[16:18:18.38] /o saeInterBGSaeShell:  ::sa::_backgroundSaeShell::processReady 4
[16:18:33.62] /i ::sa::_backgroundSaeShell::runScript /home/itsupport/simulation/inverter,TB_CMOS,schematic/history_1/simulation/HSPICE_default/HSPICE/nominal/.bg_measurement_script.tcl sa::_resultsDatabase::saeShellProcessingCompletedProc testSuiteName saeSession7 testbenchName HSPICE_default resultsDir /home/itsupport/simulation/inverter,TB_CMOS,schematic/history_1/simulation/HSPICE_default/HSPICE/nominal/results testSuiteDir /home/itsupport/simulation/inverter,TB_CMOS,schematic/history_1/simulation/HSPICE_default/HSPICE/nominal databaseName /home/itsupport/simulation/inverter,TB_CMOS,schematic/history_1/simulation/HSPICE_default/HSPICE/nominal/resultsDatabase remoteRun {} testbenchId 1 saveImages true
[16:18:34.16] /m Information: Started sharing "Custom WaveView" license. (WAVEFORM-110)
[16:18:34.23] /o saeInterBGSaeShell:  ::sa::_backgroundSaeShell::scriptFinished 0.6 {} sa::_resultsDatabase::saeShellProcessingCompletedProc testSuiteName saeSession7 testbenchName HSPICE_default resultsDir /home/itsupport/simulation/inverter,TB_CMOS,schematic/history_1/simulation/HSPICE_default/HSPICE/nominal/results testSuiteDir /home/itsupport/simulation/inverter,TB_CMOS,schematic/history_1/simulation/HSPICE_default/HSPICE/nominal databaseName /home/itsupport/simulation/inverter,TB_CMOS,schematic/history_1/simulation/HSPICE_default/HSPICE/nominal/resultsDatabase remoteRun {} testbenchId 1 saveImages true
[16:18:34.23] /o false
[16:21:53.01] /i ::wf::viewerExited
[16:21:57.70] /i ::sa::_backgroundSaeShell::runScript /home/itsupport/simulation/inverter,TB_CMOS,schematic/history_1/simulation/HSPICE_default/HSPICE/nominal/.bg_measurement_script.tcl sa::_resultsDatabase::saeShellProcessingCompletedProc testSuiteName saeSession7 testbenchName HSPICE_default resultsDir /home/itsupport/simulation/inverter,TB_CMOS,schematic/history_1/simulation/HSPICE_default/HSPICE/nominal/results testSuiteDir /home/itsupport/simulation/inverter,TB_CMOS,schematic/history_1/simulation/HSPICE_default/HSPICE/nominal databaseName /home/itsupport/simulation/inverter,TB_CMOS,schematic/history_1/simulation/HSPICE_default/HSPICE/nominal/resultsDatabase remoteRun {} testbenchId 1 saveImages true
[16:21:58.01] /o saeInterBGSaeShell:  ::sa::_backgroundSaeShell::scriptFinished 0.3 {} sa::_resultsDatabase::saeShellProcessingCompletedProc testSuiteName saeSession7 testbenchName HSPICE_default resultsDir /home/itsupport/simulation/inverter,TB_CMOS,schematic/history_1/simulation/HSPICE_default/HSPICE/nominal/results testSuiteDir /home/itsupport/simulation/inverter,TB_CMOS,schematic/history_1/simulation/HSPICE_default/HSPICE/nominal databaseName /home/itsupport/simulation/inverter,TB_CMOS,schematic/history_1/simulation/HSPICE_default/HSPICE/nominal/resultsDatabase remoteRun {} testbenchId 1 saveImages true
[16:21:58.01] /o false
[16:22:24.80] /i ::wf::viewerExited
[16:22:39.99] /i ::sa::_backgroundSaeShell::runScript /home/itsupport/simulation/inverter,TB_CMOS,schematic/history_1/simulation/HSPICE_default/HSPICE/nominal/.bg_measurement_script.tcl sa::_resultsDatabase::saeShellProcessingCompletedProc testSuiteName saeSession7 testbenchName HSPICE_default resultsDir /home/itsupport/simulation/inverter,TB_CMOS,schematic/history_1/simulation/HSPICE_default/HSPICE/nominal/results testSuiteDir /home/itsupport/simulation/inverter,TB_CMOS,schematic/history_1/simulation/HSPICE_default/HSPICE/nominal databaseName /home/itsupport/simulation/inverter,TB_CMOS,schematic/history_1/simulation/HSPICE_default/HSPICE/nominal/resultsDatabase remoteRun {} testbenchId 1 saveImages true
[16:22:40.21] /o saeInterBGSaeShell:  ::sa::_backgroundSaeShell::scriptFinished 0.2 {} sa::_resultsDatabase::saeShellProcessingCompletedProc testSuiteName saeSession7 testbenchName HSPICE_default resultsDir /home/itsupport/simulation/inverter,TB_CMOS,schematic/history_1/simulation/HSPICE_default/HSPICE/nominal/results testSuiteDir /home/itsupport/simulation/inverter,TB_CMOS,schematic/history_1/simulation/HSPICE_default/HSPICE/nominal databaseName /home/itsupport/simulation/inverter,TB_CMOS,schematic/history_1/simulation/HSPICE_default/HSPICE/nominal/resultsDatabase remoteRun {} testbenchId 1 saveImages true
[16:22:40.21] /o false
[16:23:08.60] /i ::wf::viewerExited
[16:23:36.69] /i ::sa::_backgroundSaeShell::runScript /home/itsupport/simulation/inverter,TB_CMOS,schematic/history_1/simulation/HSPICE_default/HSPICE/nominal/.bg_measurement_script.tcl sa::_resultsDatabase::saeShellProcessingCompletedProc testSuiteName saeSession7 testbenchName HSPICE_default resultsDir /home/itsupport/simulation/inverter,TB_CMOS,schematic/history_1/simulation/HSPICE_default/HSPICE/nominal/results testSuiteDir /home/itsupport/simulation/inverter,TB_CMOS,schematic/history_1/simulation/HSPICE_default/HSPICE/nominal databaseName /home/itsupport/simulation/inverter,TB_CMOS,schematic/history_1/simulation/HSPICE_default/HSPICE/nominal/resultsDatabase remoteRun {} testbenchId 1 saveImages true
[16:23:37.02] /o saeInterBGSaeShell:  ::sa::_backgroundSaeShell::scriptFinished 0.3 {} sa::_resultsDatabase::saeShellProcessingCompletedProc testSuiteName saeSession7 testbenchName HSPICE_default resultsDir /home/itsupport/simulation/inverter,TB_CMOS,schematic/history_1/simulation/HSPICE_default/HSPICE/nominal/results testSuiteDir /home/itsupport/simulation/inverter,TB_CMOS,schematic/history_1/simulation/HSPICE_default/HSPICE/nominal databaseName /home/itsupport/simulation/inverter,TB_CMOS,schematic/history_1/simulation/HSPICE_default/HSPICE/nominal/resultsDatabase remoteRun {} testbenchId 1 saveImages true
[16:23:37.02] /o false
[16:28:38.41] /o saeInterBGSaeShell:  ::sa::_backgroundSaeShell::pingBack
[16:28:38.50] /i ::sa::_backgroundSaeShell::parentRunning
[16:28:38.50] /o 1777973318
[16:28:41.50] /m Information: Stopped sharing "Custom WaveView" license. (WAVEFORM-111)
[16:33:39.41] /o saeInterBGSaeShell:  ::sa::_backgroundSaeShell::pingBack
[16:33:39.50] /i ::sa::_backgroundSaeShell::parentRunning
[16:33:39.50] /o 1777973619
[16:38:40.42] /o saeInterBGSaeShell:  ::sa::_backgroundSaeShell::pingBack
[16:38:40.50] /i ::sa::_backgroundSaeShell::parentRunning
[16:38:40.50] /o 1777973920
[16:43:41.43] /o saeInterBGSaeShell:  ::sa::_backgroundSaeShell::pingBack
[16:43:41.50] /i ::sa::_backgroundSaeShell::parentRunning
[16:43:41.50] /o 1777974221
[16:46:52.20] /i ::wf::viewerExited
[16:47:19.10] /i ::sa::_backgroundSaeShell::runScript /home/itsupport/simulation/inverter,TB_CMOS,schematic/history_1/simulation/HSPICE_default/HSPICE/nominal/.bg_measurement_script.tcl sa::_resultsDatabase::saeShellProcessingCompletedProc testSuiteName saeSession7 testbenchName HSPICE_default resultsDir /home/itsupport/simulation/inverter,TB_CMOS,schematic/history_1/simulation/HSPICE_default/HSPICE/nominal/results testSuiteDir /home/itsupport/simulation/inverter,TB_CMOS,schematic/history_1/simulation/HSPICE_default/HSPICE/nominal databaseName /home/itsupport/simulation/inverter,TB_CMOS,schematic/history_1/simulation/HSPICE_default/HSPICE/nominal/resultsDatabase remoteRun {} testbenchId 1 saveImages true
[16:47:19.32] /m Information: Started sharing "Custom WaveView" license. (WAVEFORM-110)
[16:47:19.40] /o saeInterBGSaeShell:  ::sa::_backgroundSaeShell::scriptFinished 0.3 {} sa::_resultsDatabase::saeShellProcessingCompletedProc testSuiteName saeSession7 testbenchName HSPICE_default resultsDir /home/itsupport/simulation/inverter,TB_CMOS,schematic/history_1/simulation/HSPICE_default/HSPICE/nominal/results testSuiteDir /home/itsupport/simulation/inverter,TB_CMOS,schematic/history_1/simulation/HSPICE_default/HSPICE/nominal databaseName /home/itsupport/simulation/inverter,TB_CMOS,schematic/history_1/simulation/HSPICE_default/HSPICE/nominal/resultsDatabase remoteRun {} testbenchId 1 saveImages true
[16:47:19.40] /o false
[16:49:05.10] /i ::wf::viewerExited
[16:49:24.01] /i ::sa::_backgroundSaeShell::runScript /home/itsupport/simulation/inverter,TB_CMOS,schematic/history_1/simulation/HSPICE_default/HSPICE/nominal/.bg_measurement_script.tcl sa::_resultsDatabase::saeShellProcessingCompletedProc testSuiteName saeSession7 testbenchName HSPICE_default resultsDir /home/itsupport/simulation/inverter,TB_CMOS,schematic/history_1/simulation/HSPICE_default/HSPICE/nominal/results testSuiteDir /home/itsupport/simulation/inverter,TB_CMOS,schematic/history_1/simulation/HSPICE_default/HSPICE/nominal databaseName /home/itsupport/simulation/inverter,TB_CMOS,schematic/history_1/simulation/HSPICE_default/HSPICE/nominal/resultsDatabase remoteRun {} testbenchId 1 saveImages true
[16:49:24.31] /o saeInterBGSaeShell:  ::sa::_backgroundSaeShell::scriptFinished 0.2 {} sa::_resultsDatabase::saeShellProcessingCompletedProc testSuiteName saeSession7 testbenchName HSPICE_default resultsDir /home/itsupport/simulation/inverter,TB_CMOS,schematic/history_1/simulation/HSPICE_default/HSPICE/nominal/results testSuiteDir /home/itsupport/simulation/inverter,TB_CMOS,schematic/history_1/simulation/HSPICE_default/HSPICE/nominal databaseName /home/itsupport/simulation/inverter,TB_CMOS,schematic/history_1/simulation/HSPICE_default/HSPICE/nominal/resultsDatabase remoteRun {} testbenchId 1 saveImages true
[16:49:24.31] /o false
[16:49:34.20] /i ::wf::viewerExited
[16:50:16.49] /i ::sa::_backgroundSaeShell::runScript /home/itsupport/simulation/inverter,TB_CMOS,schematic/history_1/simulation/HSPICE_default/HSPICE/nominal/.bg_measurement_script.tcl sa::_resultsDatabase::saeShellProcessingCompletedProc testSuiteName saeSession7 testbenchName HSPICE_default resultsDir /home/itsupport/simulation/inverter,TB_CMOS,schematic/history_1/simulation/HSPICE_default/HSPICE/nominal/results testSuiteDir /home/itsupport/simulation/inverter,TB_CMOS,schematic/history_1/simulation/HSPICE_default/HSPICE/nominal databaseName /home/itsupport/simulation/inverter,TB_CMOS,schematic/history_1/simulation/HSPICE_default/HSPICE/nominal/resultsDatabase remoteRun {} testbenchId 1 saveImages true
[16:50:16.81] /o saeInterBGSaeShell:  ::sa::_backgroundSaeShell::scriptFinished 0.3 {} sa::_resultsDatabase::saeShellProcessingCompletedProc testSuiteName saeSession7 testbenchName HSPICE_default resultsDir /home/itsupport/simulation/inverter,TB_CMOS,schematic/history_1/simulation/HSPICE_default/HSPICE/nominal/results testSuiteDir /home/itsupport/simulation/inverter,TB_CMOS,schematic/history_1/simulation/HSPICE_default/HSPICE/nominal databaseName /home/itsupport/simulation/inverter,TB_CMOS,schematic/history_1/simulation/HSPICE_default/HSPICE/nominal/resultsDatabase remoteRun {} testbenchId 1 saveImages true
[16:50:16.81] /o false
[16:50:41.60] /i ::wf::viewerExited
[16:50:53.40] /i ::sa::_backgroundSaeShell::runScript /home/itsupport/simulation/inverter,TB_CMOS,schematic/history_1/simulation/HSPICE_default/HSPICE/nominal/.bg_measurement_script.tcl sa::_resultsDatabase::saeShellProcessingCompletedProc testSuiteName saeSession7 testbenchName HSPICE_default resultsDir /home/itsupport/simulation/inverter,TB_CMOS,schematic/history_1/simulation/HSPICE_default/HSPICE/nominal/results testSuiteDir /home/itsupport/simulation/inverter,TB_CMOS,schematic/history_1/simulation/HSPICE_default/HSPICE/nominal databaseName /home/itsupport/simulation/inverter,TB_CMOS,schematic/history_1/simulation/HSPICE_default/HSPICE/nominal/resultsDatabase remoteRun {} testbenchId 1 saveImages true
[16:50:53.64] /o saeInterBGSaeShell:  ::sa::_backgroundSaeShell::scriptFinished 0.2 {} sa::_resultsDatabase::saeShellProcessingCompletedProc testSuiteName saeSession7 testbenchName HSPICE_default resultsDir /home/itsupport/simulation/inverter,TB_CMOS,schematic/history_1/simulation/HSPICE_default/HSPICE/nominal/results testSuiteDir /home/itsupport/simulation/inverter,TB_CMOS,schematic/history_1/simulation/HSPICE_default/HSPICE/nominal databaseName /home/itsupport/simulation/inverter,TB_CMOS,schematic/history_1/simulation/HSPICE_default/HSPICE/nominal/resultsDatabase remoteRun {} testbenchId 1 saveImages true
[16:50:53.64] /o false
[16:51:42.50] /i ::sa::_backgroundSaeShell::runScript /home/itsupport/simulation/inverter,TB_CMOS,schematic/history_1/simulation/HSPICE_default/HSPICE/nominal/.bg_measurement_script.tcl sa::_resultsDatabase::saeShellProcessingCompletedProc testSuiteName saeSession7 testbenchName HSPICE_default resultsDir /home/itsupport/simulation/inverter,TB_CMOS,schematic/history_1/simulation/HSPICE_default/HSPICE/nominal/results testSuiteDir /home/itsupport/simulation/inverter,TB_CMOS,schematic/history_1/simulation/HSPICE_default/HSPICE/nominal databaseName /home/itsupport/simulation/inverter,TB_CMOS,schematic/history_1/simulation/HSPICE_default/HSPICE/nominal/resultsDatabase remoteRun {} testbenchId 1 saveImages true
[16:51:42.90] /o saeInterBGSaeShell:  ::sa::_backgroundSaeShell::scriptFinished 0.3 {} sa::_resultsDatabase::saeShellProcessingCompletedProc testSuiteName saeSession7 testbenchName HSPICE_default resultsDir /home/itsupport/simulation/inverter,TB_CMOS,schematic/history_1/simulation/HSPICE_default/HSPICE/nominal/results testSuiteDir /home/itsupport/simulation/inverter,TB_CMOS,schematic/history_1/simulation/HSPICE_default/HSPICE/nominal databaseName /home/itsupport/simulation/inverter,TB_CMOS,schematic/history_1/simulation/HSPICE_default/HSPICE/nominal/resultsDatabase remoteRun {} testbenchId 1 saveImages true
[16:51:42.90] /o false
[16:51:51.81] /i ::wf::viewerExited
[16:51:54.90] /i ::sa::_backgroundSaeShell::runScript /home/itsupport/simulation/inverter,TB_CMOS,schematic/history_1/simulation/HSPICE_default/HSPICE/nominal/.bg_measurement_script.tcl sa::_resultsDatabase::saeShellProcessingCompletedProc testSuiteName saeSession7 testbenchName HSPICE_default resultsDir /home/itsupport/simulation/inverter,TB_CMOS,schematic/history_1/simulation/HSPICE_default/HSPICE/nominal/results testSuiteDir /home/itsupport/simulation/inverter,TB_CMOS,schematic/history_1/simulation/HSPICE_default/HSPICE/nominal databaseName /home/itsupport/simulation/inverter,TB_CMOS,schematic/history_1/simulation/HSPICE_default/HSPICE/nominal/resultsDatabase remoteRun {} testbenchId 1 saveImages true
[16:51:55.15] /o saeInterBGSaeShell:  ::sa::_backgroundSaeShell::scriptFinished 0.2 {} sa::_resultsDatabase::saeShellProcessingCompletedProc testSuiteName saeSession7 testbenchName HSPICE_default resultsDir /home/itsupport/simulation/inverter,TB_CMOS,schematic/history_1/simulation/HSPICE_default/HSPICE/nominal/results testSuiteDir /home/itsupport/simulation/inverter,TB_CMOS,schematic/history_1/simulation/HSPICE_default/HSPICE/nominal databaseName /home/itsupport/simulation/inverter,TB_CMOS,schematic/history_1/simulation/HSPICE_default/HSPICE/nominal/resultsDatabase remoteRun {} testbenchId 1 saveImages true
[16:51:55.15] /o false
[16:52:17.00] /i ::wf::viewerExited
[16:52:33.90] /i ::sa::_backgroundSaeShell::runScript /home/itsupport/simulation/inverter,TB_CMOS,schematic/history_1/simulation/HSPICE_default/HSPICE/nominal/.bg_measurement_script.tcl sa::_resultsDatabase::saeShellProcessingCompletedProc testSuiteName saeSession7 testbenchName HSPICE_default resultsDir /home/itsupport/simulation/inverter,TB_CMOS,schematic/history_1/simulation/HSPICE_default/HSPICE/nominal/results testSuiteDir /home/itsupport/simulation/inverter,TB_CMOS,schematic/history_1/simulation/HSPICE_default/HSPICE/nominal databaseName /home/itsupport/simulation/inverter,TB_CMOS,schematic/history_1/simulation/HSPICE_default/HSPICE/nominal/resultsDatabase remoteRun {} testbenchId 1 saveImages true
[16:52:34.16] /o saeInterBGSaeShell:  ::sa::_backgroundSaeShell::scriptFinished 0.2 {} sa::_resultsDatabase::saeShellProcessingCompletedProc testSuiteName saeSession7 testbenchName HSPICE_default resultsDir /home/itsupport/simulation/inverter,TB_CMOS,schematic/history_1/simulation/HSPICE_default/HSPICE/nominal/results testSuiteDir /home/itsupport/simulation/inverter,TB_CMOS,schematic/history_1/simulation/HSPICE_default/HSPICE/nominal databaseName /home/itsupport/simulation/inverter,TB_CMOS,schematic/history_1/simulation/HSPICE_default/HSPICE/nominal/resultsDatabase remoteRun {} testbenchId 1 saveImages true
[16:52:34.16] /o false
[16:57:35.49] /o saeInterBGSaeShell:  ::sa::_backgroundSaeShell::pingBack
[16:57:35.50] /i ::sa::_backgroundSaeShell::parentRunning
[16:57:35.50] /o 1777975055
[16:57:39.49] /m Information: Stopped sharing "Custom WaveView" license. (WAVEFORM-111)
[17:00:14.21] /i ::wf::viewerExited
[17:02:36.50] /o saeInterBGSaeShell:  ::sa::_backgroundSaeShell::pingBack
[17:02:36.60] /i ::sa::_backgroundSaeShell::parentRunning
[17:02:36.60] /o 1777975356
[17:07:37.51] /o saeInterBGSaeShell:  ::sa::_backgroundSaeShell::pingBack
[17:07:37.60] /i ::sa::_backgroundSaeShell::parentRunning
[17:07:37.60] /o 1777975657
[17:12:38.51] /o saeInterBGSaeShell:  ::sa::_backgroundSaeShell::pingBack
[17:12:38.60] /i ::sa::_backgroundSaeShell::parentRunning
[17:12:38.60] /o 1777975958
[17:18:51.21] /o saeInterBGSaeShell:  ::sa::_backgroundSaeShell::pingBack
[17:18:51.24] /i ::sa::_backgroundSaeShell::parentRunning
[17:18:51.25] /o 1777976331
[17:23:52.22] /o saeInterBGSaeShell:  ::sa::_backgroundSaeShell::pingBack
[17:23:52.30] /i ::sa::_backgroundSaeShell::parentRunning
[17:23:52.30] /o 1777976632
[17:28:53.24] /o saeInterBGSaeShell:  ::sa::_backgroundSaeShell::pingBack
[17:28:53.30] /i ::sa::_backgroundSaeShell::parentRunning
[17:28:53.30] /o 1777976933
[17:33:54.25] /o saeInterBGSaeShell:  ::sa::_backgroundSaeShell::pingBack
[17:33:54.30] /i ::sa::_backgroundSaeShell::parentRunning
[17:33:54.30] /o 1777977234
[17:38:55.27] /o saeInterBGSaeShell:  ::sa::_backgroundSaeShell::pingBack
[17:38:55.30] /i ::sa::_backgroundSaeShell::parentRunning
[17:38:55.30] /o 1777977535
[17:43:56.28] /o saeInterBGSaeShell:  ::sa::_backgroundSaeShell::pingBack
[17:43:56.30] /i ::sa::_backgroundSaeShell::parentRunning
[17:43:56.30] /o 1777977836
[17:59:58.84] /m Information: Exiting due to non-response from parent process.
[17:59:58.86] /o saeInterBGSaeShell:  ::sa::_backgroundSaeShell::childFormallyExiting
