[04:52:21.68] /m Information: License 'SAE' checked out. (LICENSE-003)
[04:52:23.08] /o sae_shell Version Custom Compiler N-2017.12-SP1-2
              /c Build  (OPT) compiled on Wed May 16 15:20:56 2018 for RHEL64 6.6
              /c Execution time: Wed May 20 04:52:20 2026
              /c Host: localhost.localdomain
              /c 
              /c Copyright © 2004-2018 Synopsys, Inc.
              /c This software and the associated documentation are proprietary to Synopsys, Inc. This software may only be used in accordance with the terms and conditions of a written license agreement with Synopsys, Inc. All other use, reproduction, or distribution of this software is strictly prohibited.
              /c 
              /c 
[04:52:23.09] /w Warning: Preference 'leActiveLPP' is deprecated and scheduled for removal in a future release with no replacement. For migration assistance, see the Custom Compiler Tcl Reference Manual. (PREFERENCE-058)
[04:52:23.09] /o 	#######################################
[04:52:23.09] /o 	PDK Library Name	: reference90RF
[04:52:23.09] /o 	PDK Version		: 2.0
[04:52:23.09] /o 	PDK Release Date	: 25-March-2010 
[04:52:23.09] /o 	#######################################
[04:52:23.09] /o 
[04:52:23.10] /i ::sa::_backgroundSaeShell::signalProcessReady 1779227539
[04:52:23.10] /o saeInterBGSaeShell:  ::sa::_backgroundSaeShell::processReady 4
[04:57:24.10] /o saeInterBGSaeShell:  ::sa::_backgroundSaeShell::pingBack
[04:57:24.13] /i ::sa::_backgroundSaeShell::parentRunning
[04:57:24.13] /o 1779227844
[04:59:27.72] /i ::wf::viewerExited
[05:01:19.09] /i ::sa::_backgroundSaeShell::exit
[05:01:19.09] /o saeInterBGSaeShell:  ::sa::_backgroundSaeShell::childFormallyExiting
