[21:08:43.11] /m Information: License 'SAE' checked out. (LICENSE-003)
[21:08:44.92] /o sae_shell Version Custom Compiler N-2017.12-SP1-2
              /c Build  (OPT) compiled on Wed May 16 15:20:56 2018 for RHEL64 6.6
              /c Execution time: Wed Apr 22 21:08:41 2026
              /c Host: localhost.localdomain
              /c 
              /c Copyright © 2004-2018 Synopsys, Inc.
              /c This software and the associated documentation are proprietary to Synopsys, Inc. This software may only be used in accordance with the terms and conditions of a written license agreement with Synopsys, Inc. All other use, reproduction, or distribution of this software is strictly prohibited.
              /c 
              /c 
[21:08:44.93] /w Warning: Preference 'leActiveLPP' is deprecated and scheduled for removal in a future release with no replacement. For migration assistance, see the Custom Compiler Tcl Reference Manual. (PREFERENCE-058)
[21:08:44.93] /o 	#######################################
[21:08:44.94] /o 	PDK Library Name	: reference90RF
[21:08:44.94] /o 	PDK Version		: 2.0
[21:08:44.94] /o 	PDK Release Date	: 25-March-2010 
[21:08:44.94] /o 	#######################################
[21:08:44.94] /o 
[21:08:44.94] /i ::sa::_backgroundSaeShell::signalProcessReady 1776866920
[21:08:44.94] /o saeInterBGSaeShell:  ::sa::_backgroundSaeShell::processReady 4
[21:13:04.03] /i ::sa::_backgroundSaeShell::runScript /home/itsupport/simulation/inverter,CMOS_BT3,schematic/history_1/simulation/default/HSPICE/parametric/.bg_measurement_script.tcl sa::_resultsDatabase::saeShellProcessingCompletedProc testSuiteName saeSession0 testbenchName default resultsDir /home/itsupport/simulation/inverter,CMOS_BT3,schematic/history_1/simulation/default/HSPICE/parametric/results testSuiteDir /home/itsupport/simulation/inverter,CMOS_BT3,schematic/history_1/simulation/default/HSPICE/parametric databaseName /home/itsupport/simulation/inverter,CMOS_BT3,schematic/history_1/simulation/default/HSPICE/parametric/resultsDatabase remoteRun {} testbenchId 1 saveImages true
[21:13:04.52] /m Information: Re-evaluating the failed expression 'v(/out)'
[21:13:04.53] /m Information: Re-evaluating the failed expression 'v(/net10)'
[21:13:04.55] /o saeInterBGSaeShell:  ::sa::_backgroundSaeShell::scriptFinished 0.5 {} sa::_resultsDatabase::saeShellProcessingCompletedProc testSuiteName saeSession0 testbenchName default resultsDir /home/itsupport/simulation/inverter,CMOS_BT3,schematic/history_1/simulation/default/HSPICE/parametric/results testSuiteDir /home/itsupport/simulation/inverter,CMOS_BT3,schematic/history_1/simulation/default/HSPICE/parametric databaseName /home/itsupport/simulation/inverter,CMOS_BT3,schematic/history_1/simulation/default/HSPICE/parametric/resultsDatabase remoteRun {} testbenchId 1 saveImages true
[21:13:04.55] /o false
[21:14:44.35] /i ::sa::_backgroundSaeShell::runScript /home/itsupport/simulation/inverter,CMOS_BT3,schematic/history_1/simulation/default/HSPICE/parametric/.bg_measurement_script.tcl sa::_resultsDatabase::saeShellProcessingCompletedProc testSuiteName saeSession0 testbenchName default resultsDir /home/itsupport/simulation/inverter,CMOS_BT3,schematic/history_1/simulation/default/HSPICE/parametric/results testSuiteDir /home/itsupport/simulation/inverter,CMOS_BT3,schematic/history_1/simulation/default/HSPICE/parametric databaseName /home/itsupport/simulation/inverter,CMOS_BT3,schematic/history_1/simulation/default/HSPICE/parametric/resultsDatabase remoteRun {} testbenchId 1 saveImages true
[21:14:44.77] /m Information: Started sharing "Custom WaveView" license. (WAVEFORM-110)
[21:14:44.96] /o saeInterBGSaeShell:  ::sa::_backgroundSaeShell::scriptFinished 0.6 {} sa::_resultsDatabase::saeShellProcessingCompletedProc testSuiteName saeSession0 testbenchName default resultsDir /home/itsupport/simulation/inverter,CMOS_BT3,schematic/history_1/simulation/default/HSPICE/parametric/results testSuiteDir /home/itsupport/simulation/inverter,CMOS_BT3,schematic/history_1/simulation/default/HSPICE/parametric databaseName /home/itsupport/simulation/inverter,CMOS_BT3,schematic/history_1/simulation/default/HSPICE/parametric/resultsDatabase remoteRun {} testbenchId 1 saveImages true
[21:14:44.96] /o false
[21:15:48.58] /i ::sa::_backgroundSaeShell::runScript /home/itsupport/simulation/inverter,CMOS_BT3,schematic/history_1/simulation/default/HSPICE/parametric/.bg_measurement_script.tcl sa::_resultsDatabase::saeShellProcessingCompletedProc testSuiteName saeSession0 testbenchName default resultsDir /home/itsupport/simulation/inverter,CMOS_BT3,schematic/history_1/simulation/default/HSPICE/parametric/results testSuiteDir /home/itsupport/simulation/inverter,CMOS_BT3,schematic/history_1/simulation/default/HSPICE/parametric databaseName /home/itsupport/simulation/inverter,CMOS_BT3,schematic/history_1/simulation/default/HSPICE/parametric/resultsDatabase remoteRun {} testbenchId 1 saveImages true
[21:15:48.98] /o saeInterBGSaeShell:  ::sa::_backgroundSaeShell::scriptFinished 0.4 {} sa::_resultsDatabase::saeShellProcessingCompletedProc testSuiteName saeSession0 testbenchName default resultsDir /home/itsupport/simulation/inverter,CMOS_BT3,schematic/history_1/simulation/default/HSPICE/parametric/results testSuiteDir /home/itsupport/simulation/inverter,CMOS_BT3,schematic/history_1/simulation/default/HSPICE/parametric databaseName /home/itsupport/simulation/inverter,CMOS_BT3,schematic/history_1/simulation/default/HSPICE/parametric/resultsDatabase remoteRun {} testbenchId 1 saveImages true
[21:15:48.98] /o false
[21:20:49.08] /m Information: Stopped sharing "Custom WaveView" license. (WAVEFORM-111)
[21:20:49.98] /o saeInterBGSaeShell:  ::sa::_backgroundSaeShell::pingBack
[21:20:49.98] /i ::sa::_backgroundSaeShell::parentRunning
[21:20:49.98] /o 1776867649
[21:23:54.00] /i ::wf::viewerExited
[21:24:01.34] /i ::sa::_backgroundSaeShell::runScript /home/itsupport/simulation/inverter,CMOS_BT3,schematic/history_1/simulation/default/HSPICE/parametric/.bg_measurement_script.tcl sa::_resultsDatabase::saeShellProcessingCompletedProc testSuiteName saeSession0 testbenchName default resultsDir /home/itsupport/simulation/inverter,CMOS_BT3,schematic/history_1/simulation/default/HSPICE/parametric/results testSuiteDir /home/itsupport/simulation/inverter,CMOS_BT3,schematic/history_1/simulation/default/HSPICE/parametric databaseName /home/itsupport/simulation/inverter,CMOS_BT3,schematic/history_1/simulation/default/HSPICE/parametric/resultsDatabase remoteRun {} testbenchId 1 saveImages true
[21:24:01.53] /m Information: Started sharing "Custom WaveView" license. (WAVEFORM-110)
[21:24:01.77] /o saeInterBGSaeShell:  ::sa::_backgroundSaeShell::scriptFinished 0.4 {} sa::_resultsDatabase::saeShellProcessingCompletedProc testSuiteName saeSession0 testbenchName default resultsDir /home/itsupport/simulation/inverter,CMOS_BT3,schematic/history_1/simulation/default/HSPICE/parametric/results testSuiteDir /home/itsupport/simulation/inverter,CMOS_BT3,schematic/history_1/simulation/default/HSPICE/parametric databaseName /home/itsupport/simulation/inverter,CMOS_BT3,schematic/history_1/simulation/default/HSPICE/parametric/resultsDatabase remoteRun {} testbenchId 1 saveImages true
[21:24:01.77] /o false
[21:27:45.09] /i ::wf::viewerExited
[21:28:40.66] /i ::sa::_backgroundSaeShell::runScript /home/itsupport/simulation/inverter,CMOS_BT3,schematic/history_1/simulation/default/HSPICE/nominal/.bg_measurement_script.tcl sa::_resultsDatabase::saeShellProcessingCompletedProc testSuiteName saeSession0 testbenchName default resultsDir /home/itsupport/simulation/inverter,CMOS_BT3,schematic/history_1/simulation/default/HSPICE/nominal/results testSuiteDir /home/itsupport/simulation/inverter,CMOS_BT3,schematic/history_1/simulation/default/HSPICE/nominal databaseName /home/itsupport/simulation/inverter,CMOS_BT3,schematic/history_1/simulation/default/HSPICE/nominal/resultsDatabase remoteRun {} testbenchId 1 saveImages true
[21:28:40.89] /o saeInterBGSaeShell:  ::sa::_backgroundSaeShell::scriptFinished 0.2 {} sa::_resultsDatabase::saeShellProcessingCompletedProc testSuiteName saeSession0 testbenchName default resultsDir /home/itsupport/simulation/inverter,CMOS_BT3,schematic/history_1/simulation/default/HSPICE/nominal/results testSuiteDir /home/itsupport/simulation/inverter,CMOS_BT3,schematic/history_1/simulation/default/HSPICE/nominal databaseName /home/itsupport/simulation/inverter,CMOS_BT3,schematic/history_1/simulation/default/HSPICE/nominal/resultsDatabase remoteRun {} testbenchId 1 saveImages true
[21:28:40.89] /o false
[21:33:41.01] /o saeInterBGSaeShell:  ::sa::_backgroundSaeShell::pingBack
[21:33:41.08] /m Information: Stopped sharing "Custom WaveView" license. (WAVEFORM-111)
[21:33:41.09] /i ::sa::_backgroundSaeShell::parentRunning
[21:33:41.09] /o 1776868421
[21:38:42.03] /o saeInterBGSaeShell:  ::sa::_backgroundSaeShell::pingBack
[21:38:42.09] /i ::sa::_backgroundSaeShell::parentRunning
[21:38:42.09] /o 1776868722
[21:43:43.03] /o saeInterBGSaeShell:  ::sa::_backgroundSaeShell::pingBack
[21:43:43.08] /i ::sa::_backgroundSaeShell::parentRunning
[21:43:43.08] /o 1776869023
[21:48:44.04] /o saeInterBGSaeShell:  ::sa::_backgroundSaeShell::pingBack
[21:48:44.08] /i ::sa::_backgroundSaeShell::parentRunning
[21:48:44.08] /o 1776869324
[21:53:45.04] /o saeInterBGSaeShell:  ::sa::_backgroundSaeShell::pingBack
[21:53:45.08] /i ::sa::_backgroundSaeShell::parentRunning
[21:53:45.08] /o 1776869625
[21:58:46.06] /o saeInterBGSaeShell:  ::sa::_backgroundSaeShell::pingBack
[21:58:46.09] /i ::sa::_backgroundSaeShell::parentRunning
[21:58:46.09] /o 1776869926
[22:03:47.07] /o saeInterBGSaeShell:  ::sa::_backgroundSaeShell::pingBack
[22:03:47.08] /i ::sa::_backgroundSaeShell::parentRunning
[22:03:47.08] /o 1776870227
[22:08:48.10] /o saeInterBGSaeShell:  ::sa::_backgroundSaeShell::pingBack
[22:08:48.18] /i ::sa::_backgroundSaeShell::parentRunning
[22:08:48.19] /o 1776870528
[22:13:49.11] /o saeInterBGSaeShell:  ::sa::_backgroundSaeShell::pingBack
[22:13:49.18] /i ::sa::_backgroundSaeShell::parentRunning
[22:13:49.18] /o 1776870829
[22:18:50.11] /o saeInterBGSaeShell:  ::sa::_backgroundSaeShell::pingBack
[22:18:50.18] /i ::sa::_backgroundSaeShell::parentRunning
[22:18:50.18] /o 1776871130
[22:23:51.12] /o saeInterBGSaeShell:  ::sa::_backgroundSaeShell::pingBack
[22:23:51.18] /i ::sa::_backgroundSaeShell::parentRunning
[22:23:51.18] /o 1776871431
[22:28:52.14] /o saeInterBGSaeShell:  ::sa::_backgroundSaeShell::pingBack
[22:28:52.19] /i ::sa::_backgroundSaeShell::parentRunning
[22:28:52.19] /o 1776871732
[22:33:53.15] /o saeInterBGSaeShell:  ::sa::_backgroundSaeShell::pingBack
[22:33:53.18] /i ::sa::_backgroundSaeShell::parentRunning
[22:33:53.18] /o 1776872033
[22:38:54.16] /o saeInterBGSaeShell:  ::sa::_backgroundSaeShell::pingBack
[22:38:54.18] /i ::sa::_backgroundSaeShell::parentRunning
[22:38:54.18] /o 1776872334
[17:57:42.18] /m Information: Exiting due to non-response from parent process.
[17:57:42.18] /o saeInterBGSaeShell:  ::sa::_backgroundSaeShell::childFormallyExiting
