[23:08:43.30] /m Information: License 'SAE' checked out. (LICENSE-003)
[23:08:44.40] /o sae_shell Version Custom Compiler N-2017.12-SP1-2
              /c Build  (OPT) compiled on Wed May 16 15:20:56 2018 for RHEL64 6.6
              /c Execution time: Fri May 22 23:08:42 2026
              /c Host: localhost.localdomain
              /c 
              /c Copyright © 2004-2018 Synopsys, Inc.
              /c This software and the associated documentation are proprietary to Synopsys, Inc. This software may only be used in accordance with the terms and conditions of a written license agreement with Synopsys, Inc. All other use, reproduction, or distribution of this software is strictly prohibited.
              /c 
              /c 
[23:08:44.41] /w Warning: Preference 'leActiveLPP' is deprecated and scheduled for removal in a future release with no replacement. For migration assistance, see the Custom Compiler Tcl Reference Manual. (PREFERENCE-058)
[23:08:44.41] /o 	#######################################
[23:08:44.41] /o 	PDK Library Name	: reference90RF
[23:08:44.41] /o 	PDK Version		: 2.0
[23:08:44.41] /o 	PDK Release Date	: 25-March-2010 
[23:08:44.41] /o 	#######################################
[23:08:44.41] /o 
[23:08:44.41] /i ::sa::_backgroundSaeShell::signalProcessReady 1779466122
[23:08:44.41] /o saeInterBGSaeShell:  ::sa::_backgroundSaeShell::processReady 2
[23:13:45.42] /o saeInterBGSaeShell:  ::sa::_backgroundSaeShell::pingBack
[23:13:45.50] /i ::sa::_backgroundSaeShell::parentRunning
[23:13:45.50] /o 1779466425
[23:16:35.30] /i ::wf::viewerExited
[23:18:46.43] /o saeInterBGSaeShell:  ::sa::_backgroundSaeShell::pingBack
[23:18:46.50] /i ::sa::_backgroundSaeShell::parentRunning
[23:18:46.51] /o 1779466726
[23:19:20.30] /i ::wf::viewerExited
[23:23:47.44] /o saeInterBGSaeShell:  ::sa::_backgroundSaeShell::pingBack
[23:23:47.49] /i ::sa::_backgroundSaeShell::parentRunning
[23:23:47.49] /o 1779467027
[23:28:48.46] /o saeInterBGSaeShell:  ::sa::_backgroundSaeShell::pingBack
[23:28:48.49] /i ::sa::_backgroundSaeShell::parentRunning
[23:28:48.49] /o 1779467328
[23:33:49.47] /o saeInterBGSaeShell:  ::sa::_backgroundSaeShell::pingBack
[23:33:49.49] /i ::sa::_backgroundSaeShell::parentRunning
[23:33:49.49] /o 1779467629
[23:34:27.80] /i ::wf::viewerExited
[23:37:54.00] /i ::wf::viewerExited
[23:38:50.47] /o saeInterBGSaeShell:  ::sa::_backgroundSaeShell::pingBack
[23:38:50.50] /i ::sa::_backgroundSaeShell::parentRunning
[23:38:50.50] /o 1779467930
[23:40:29.19] /i ::wf::viewerExited
[23:42:03.29] /i ::wf::viewerExited
[23:43:51.49] /o saeInterBGSaeShell:  ::sa::_backgroundSaeShell::pingBack
[23:43:51.50] /i ::sa::_backgroundSaeShell::parentRunning
[23:43:51.50] /o 1779468231
[23:48:52.51] /o saeInterBGSaeShell:  ::sa::_backgroundSaeShell::pingBack
[23:48:52.59] /i ::sa::_backgroundSaeShell::parentRunning
[23:48:52.59] /o 1779468532
[23:50:21.40] /i ::wf::viewerExited
[23:53:53.52] /o saeInterBGSaeShell:  ::sa::_backgroundSaeShell::pingBack
[23:53:53.59] /i ::sa::_backgroundSaeShell::parentRunning
[23:53:53.59] /o 1779468833
[23:58:54.52] /o saeInterBGSaeShell:  ::sa::_backgroundSaeShell::pingBack
[23:58:54.59] /i ::sa::_backgroundSaeShell::parentRunning
[23:58:54.60] /o 1779469134
[00:03:55.54] /o saeInterBGSaeShell:  ::sa::_backgroundSaeShell::pingBack
[00:03:55.60] /i ::sa::_backgroundSaeShell::parentRunning
[00:03:55.60] /o 1779469435
[00:08:56.55] /o saeInterBGSaeShell:  ::sa::_backgroundSaeShell::pingBack
[00:08:56.60] /i ::sa::_backgroundSaeShell::parentRunning
[00:08:56.60] /o 1779469736
[00:13:57.56] /o saeInterBGSaeShell:  ::sa::_backgroundSaeShell::pingBack
[00:13:57.60] /i ::sa::_backgroundSaeShell::parentRunning
[00:13:57.60] /o 1779470037
[00:18:58.58] /o saeInterBGSaeShell:  ::sa::_backgroundSaeShell::pingBack
[00:18:58.60] /i ::sa::_backgroundSaeShell::parentRunning
[00:18:58.61] /o 1779470338
[00:22:29.12] /i ::sa::_backgroundSaeShell::exit
[00:22:29.12] /o saeInterBGSaeShell:  ::sa::_backgroundSaeShell::childFormallyExiting
