[15:56:19.69] /m Information: License 'SAE' checked out. (LICENSE-003)
[15:56:20.71] /o sae_shell Version Custom Compiler N-2017.12-SP1-2
              /c Build  (OPT) compiled on Wed May 16 15:20:56 2018 for RHEL64 6.6
              /c Execution time: Mon May 18 15:56:18 2026
              /c Host: localhost.localdomain
              /c 
              /c Copyright © 2004-2018 Synopsys, Inc.
              /c This software and the associated documentation are proprietary to Synopsys, Inc. This software may only be used in accordance with the terms and conditions of a written license agreement with Synopsys, Inc. All other use, reproduction, or distribution of this software is strictly prohibited.
              /c 
              /c 
[15:56:20.72] /w Warning: Preference 'leActiveLPP' is deprecated and scheduled for removal in a future release with no replacement. For migration assistance, see the Custom Compiler Tcl Reference Manual. (PREFERENCE-058)
[15:56:20.73] /o 	#######################################
[15:56:20.73] /o 	PDK Library Name	: reference90RF
[15:56:20.73] /o 	PDK Version		: 2.0
[15:56:20.73] /o 	PDK Release Date	: 25-March-2010 
[15:56:20.73] /o 	#######################################
[15:56:20.73] /o 
[15:56:20.73] /i ::sa::_backgroundSaeShell::signalProcessReady 1779094578
[15:56:20.73] /o saeInterBGSaeShell:  ::sa::_backgroundSaeShell::processReady 2
[15:57:25.46] /i ::sa::_backgroundSaeShell::runScript /home/itsupport/simulation/inverter,FA_1bit_tb,schematic/history_1/simulation/default/HSPICE/nominal/.bg_measurement_script.tcl sa::_resultsDatabase::saeShellProcessingCompletedProc testSuiteName saeSession3 testbenchName default resultsDir /home/itsupport/simulation/inverter,FA_1bit_tb,schematic/history_1/simulation/default/HSPICE/nominal/results testSuiteDir /home/itsupport/simulation/inverter,FA_1bit_tb,schematic/history_1/simulation/default/HSPICE/nominal databaseName /home/itsupport/simulation/inverter,FA_1bit_tb,schematic/history_1/simulation/default/HSPICE/nominal/resultsDatabase remoteRun {} testbenchId 1 saveImages true
[15:57:25.80] /o saeInterBGSaeShell:  ::sa::_backgroundSaeShell::scriptFinished 0.3 {} sa::_resultsDatabase::saeShellProcessingCompletedProc testSuiteName saeSession3 testbenchName default resultsDir /home/itsupport/simulation/inverter,FA_1bit_tb,schematic/history_1/simulation/default/HSPICE/nominal/results testSuiteDir /home/itsupport/simulation/inverter,FA_1bit_tb,schematic/history_1/simulation/default/HSPICE/nominal databaseName /home/itsupport/simulation/inverter,FA_1bit_tb,schematic/history_1/simulation/default/HSPICE/nominal/resultsDatabase remoteRun {} testbenchId 1 saveImages true
[15:57:25.80] /o false
[15:59:12.08] /i ::sa::_backgroundSaeShell::runScript /home/itsupport/simulation/inverter,FA_1bit_tb,schematic/history_1/simulation/default/HSPICE/nominal/.bg_measurement_script.tcl sa::_resultsDatabase::saeShellProcessingCompletedProc testSuiteName saeSession3 testbenchName default resultsDir /home/itsupport/simulation/inverter,FA_1bit_tb,schematic/history_1/simulation/default/HSPICE/nominal/results testSuiteDir /home/itsupport/simulation/inverter,FA_1bit_tb,schematic/history_1/simulation/default/HSPICE/nominal databaseName /home/itsupport/simulation/inverter,FA_1bit_tb,schematic/history_1/simulation/default/HSPICE/nominal/resultsDatabase remoteRun {} testbenchId 1 saveImages true
[15:59:12.28] /o saeInterBGSaeShell:  ::sa::_backgroundSaeShell::scriptFinished 0.1 {} sa::_resultsDatabase::saeShellProcessingCompletedProc testSuiteName saeSession3 testbenchName default resultsDir /home/itsupport/simulation/inverter,FA_1bit_tb,schematic/history_1/simulation/default/HSPICE/nominal/results testSuiteDir /home/itsupport/simulation/inverter,FA_1bit_tb,schematic/history_1/simulation/default/HSPICE/nominal databaseName /home/itsupport/simulation/inverter,FA_1bit_tb,schematic/history_1/simulation/default/HSPICE/nominal/resultsDatabase remoteRun {} testbenchId 1 saveImages true
[15:59:12.28] /o false
[16:00:06.07] /i ::sa::_backgroundSaeShell::runScript /home/itsupport/simulation/inverter,FA_1bit_tb,schematic/history_1/simulation/default/HSPICE/nominal/.bg_measurement_script.tcl sa::_resultsDatabase::saeShellProcessingCompletedProc testSuiteName saeSession3 testbenchName default resultsDir /home/itsupport/simulation/inverter,FA_1bit_tb,schematic/history_1/simulation/default/HSPICE/nominal/results testSuiteDir /home/itsupport/simulation/inverter,FA_1bit_tb,schematic/history_1/simulation/default/HSPICE/nominal databaseName /home/itsupport/simulation/inverter,FA_1bit_tb,schematic/history_1/simulation/default/HSPICE/nominal/resultsDatabase remoteRun {} testbenchId 1 saveImages true
[16:00:06.26] /o saeInterBGSaeShell:  ::sa::_backgroundSaeShell::scriptFinished 0.1 {} sa::_resultsDatabase::saeShellProcessingCompletedProc testSuiteName saeSession3 testbenchName default resultsDir /home/itsupport/simulation/inverter,FA_1bit_tb,schematic/history_1/simulation/default/HSPICE/nominal/results testSuiteDir /home/itsupport/simulation/inverter,FA_1bit_tb,schematic/history_1/simulation/default/HSPICE/nominal databaseName /home/itsupport/simulation/inverter,FA_1bit_tb,schematic/history_1/simulation/default/HSPICE/nominal/resultsDatabase remoteRun {} testbenchId 1 saveImages true
[16:00:06.26] /o false
[16:02:18.02] /i ::sa::_backgroundSaeShell::runScript /home/itsupport/simulation/inverter,FA_1bit_tb,schematic/history_1/simulation/default/HSPICE/nominal/.bg_measurement_script.tcl sa::_resultsDatabase::saeShellProcessingCompletedProc testSuiteName saeSession3 testbenchName default resultsDir /home/itsupport/simulation/inverter,FA_1bit_tb,schematic/history_1/simulation/default/HSPICE/nominal/results testSuiteDir /home/itsupport/simulation/inverter,FA_1bit_tb,schematic/history_1/simulation/default/HSPICE/nominal databaseName /home/itsupport/simulation/inverter,FA_1bit_tb,schematic/history_1/simulation/default/HSPICE/nominal/resultsDatabase remoteRun {} testbenchId 1 saveImages true
[16:02:18.26] /o saeInterBGSaeShell:  ::sa::_backgroundSaeShell::scriptFinished 0.2 {} sa::_resultsDatabase::saeShellProcessingCompletedProc testSuiteName saeSession3 testbenchName default resultsDir /home/itsupport/simulation/inverter,FA_1bit_tb,schematic/history_1/simulation/default/HSPICE/nominal/results testSuiteDir /home/itsupport/simulation/inverter,FA_1bit_tb,schematic/history_1/simulation/default/HSPICE/nominal databaseName /home/itsupport/simulation/inverter,FA_1bit_tb,schematic/history_1/simulation/default/HSPICE/nominal/resultsDatabase remoteRun {} testbenchId 1 saveImages true
[16:02:18.26] /o false
[16:03:43.23] /i ::sa::_backgroundSaeShell::runScript /home/itsupport/simulation/inverter,FA_1bit_tb,schematic/history_1/simulation/default/HSPICE/nominal/.bg_measurement_script.tcl sa::_resultsDatabase::saeShellProcessingCompletedProc testSuiteName saeSession3 testbenchName default resultsDir /home/itsupport/simulation/inverter,FA_1bit_tb,schematic/history_1/simulation/default/HSPICE/nominal/results testSuiteDir /home/itsupport/simulation/inverter,FA_1bit_tb,schematic/history_1/simulation/default/HSPICE/nominal databaseName /home/itsupport/simulation/inverter,FA_1bit_tb,schematic/history_1/simulation/default/HSPICE/nominal/resultsDatabase remoteRun {} testbenchId 1 saveImages true
[16:03:43.51] /m Information: Started sharing "Custom WaveView" license. (WAVEFORM-110)
[16:03:43.52] /o Tracing net8
[16:03:43.52] /o Tracing net8 (Found 0)
[16:03:43.52] /o Tracing collected globals
[16:03:43.52] /o Tracing net8
[16:03:43.52] /o Tracing net8 (Found 0)
[16:03:43.52] /o Tracing collected globals
[16:03:43.52] /o Tracing net8
[16:03:43.52] /o Tracing net8 (Found 0)
[16:03:43.52] /o Tracing collected globals
[16:03:43.59] /o saeInterBGSaeShell:  ::sa::_backgroundSaeShell::scriptFinished 0.3 {} sa::_resultsDatabase::saeShellProcessingCompletedProc testSuiteName saeSession3 testbenchName default resultsDir /home/itsupport/simulation/inverter,FA_1bit_tb,schematic/history_1/simulation/default/HSPICE/nominal/results testSuiteDir /home/itsupport/simulation/inverter,FA_1bit_tb,schematic/history_1/simulation/default/HSPICE/nominal databaseName /home/itsupport/simulation/inverter,FA_1bit_tb,schematic/history_1/simulation/default/HSPICE/nominal/resultsDatabase remoteRun {} testbenchId 1 saveImages true
[16:03:43.59] /o false
[16:03:58.11] /i ::wf::viewerExited
[16:04:34.83] /i ::sa::_backgroundSaeShell::runScript /home/itsupport/simulation/inverter,FA_1bit_tb,schematic/history_1/simulation/default/HSPICE/nominal/.bg_measurement_script.tcl sa::_resultsDatabase::saeShellProcessingCompletedProc testSuiteName saeSession3 testbenchName default resultsDir /home/itsupport/simulation/inverter,FA_1bit_tb,schematic/history_1/simulation/default/HSPICE/nominal/results testSuiteDir /home/itsupport/simulation/inverter,FA_1bit_tb,schematic/history_1/simulation/default/HSPICE/nominal databaseName /home/itsupport/simulation/inverter,FA_1bit_tb,schematic/history_1/simulation/default/HSPICE/nominal/resultsDatabase remoteRun {} testbenchId 1 saveImages true
[16:04:36.17] /o Tracing net8
[16:04:36.17] /o Tracing net8 (Found 0)
[16:04:36.18] /o Tracing collected globals
[16:04:36.18] /o Tracing net8
[16:04:36.18] /o Tracing net8 (Found 0)
[16:04:36.18] /o Tracing collected globals
[16:04:36.18] /o Tracing net8
[16:04:36.18] /o Tracing net8 (Found 0)
[16:04:36.18] /o Tracing collected globals
[16:04:36.26] /o saeInterBGSaeShell:  ::sa::_backgroundSaeShell::scriptFinished 1.3 {} sa::_resultsDatabase::saeShellProcessingCompletedProc testSuiteName saeSession3 testbenchName default resultsDir /home/itsupport/simulation/inverter,FA_1bit_tb,schematic/history_1/simulation/default/HSPICE/nominal/results testSuiteDir /home/itsupport/simulation/inverter,FA_1bit_tb,schematic/history_1/simulation/default/HSPICE/nominal databaseName /home/itsupport/simulation/inverter,FA_1bit_tb,schematic/history_1/simulation/default/HSPICE/nominal/resultsDatabase remoteRun {} testbenchId 1 saveImages true
[16:04:36.26] /o false
[16:04:44.19] /i ::sa::_backgroundSaeShell::runScript /home/itsupport/simulation/inverter,FA_1bit_tb,schematic/history_1/simulation/default/HSPICE/nominal/.bg_measurement_script.tcl sa::_resultsDatabase::saeShellProcessingCompletedProc testSuiteName saeSession3 testbenchName default resultsDir /home/itsupport/simulation/inverter,FA_1bit_tb,schematic/history_1/simulation/default/HSPICE/nominal/results testSuiteDir /home/itsupport/simulation/inverter,FA_1bit_tb,schematic/history_1/simulation/default/HSPICE/nominal databaseName /home/itsupport/simulation/inverter,FA_1bit_tb,schematic/history_1/simulation/default/HSPICE/nominal/resultsDatabase remoteRun {} testbenchId 1 saveImages true
[16:04:44.41] /o Tracing net8
[16:04:44.41] /o Tracing net8 (Found 0)
[16:04:44.41] /o Tracing collected globals
[16:04:44.41] /o Tracing net8
[16:04:44.41] /o Tracing net8 (Found 0)
[16:04:44.41] /o Tracing collected globals
[16:04:44.41] /o Tracing net8
[16:04:44.41] /o Tracing net8 (Found 0)
[16:04:44.41] /o Tracing collected globals
[16:04:44.74] /o saeInterBGSaeShell:  ::sa::_backgroundSaeShell::scriptFinished 0.5 {} sa::_resultsDatabase::saeShellProcessingCompletedProc testSuiteName saeSession3 testbenchName default resultsDir /home/itsupport/simulation/inverter,FA_1bit_tb,schematic/history_1/simulation/default/HSPICE/nominal/results testSuiteDir /home/itsupport/simulation/inverter,FA_1bit_tb,schematic/history_1/simulation/default/HSPICE/nominal databaseName /home/itsupport/simulation/inverter,FA_1bit_tb,schematic/history_1/simulation/default/HSPICE/nominal/resultsDatabase remoteRun {} testbenchId 1 saveImages true
[16:04:44.74] /o false
[16:09:45.74] /o saeInterBGSaeShell:  ::sa::_backgroundSaeShell::pingBack
[16:09:45.80] /i ::sa::_backgroundSaeShell::parentRunning
[16:09:45.80] /o 1779095385
[16:09:49.80] /m Information: Stopped sharing "Custom WaveView" license. (WAVEFORM-111)
[16:10:57.11] /i ::sa::_backgroundSaeShell::runScript /home/itsupport/simulation/inverter,FA_1bit_tb,schematic/history_1/simulation/default/HSPICE/nominal/.bg_measurement_script.tcl sa::_resultsDatabase::saeShellProcessingCompletedProc testSuiteName saeSession3 testbenchName default resultsDir /home/itsupport/simulation/inverter,FA_1bit_tb,schematic/history_1/simulation/default/HSPICE/nominal/results testSuiteDir /home/itsupport/simulation/inverter,FA_1bit_tb,schematic/history_1/simulation/default/HSPICE/nominal databaseName /home/itsupport/simulation/inverter,FA_1bit_tb,schematic/history_1/simulation/default/HSPICE/nominal/resultsDatabase remoteRun {} testbenchId 1 saveImages true
[16:10:57.35] /m Information: Started sharing "Custom WaveView" license. (WAVEFORM-110)
[16:10:57.42] /e Error: Evaluating 'v(/net8)': "Could not find net named: net8" (HIERARCHY_COMMANDS-007)
[16:10:57.53] /o saeInterBGSaeShell:  ::sa::_backgroundSaeShell::scriptFinished 0.4 {} sa::_resultsDatabase::saeShellProcessingCompletedProc testSuiteName saeSession3 testbenchName default resultsDir /home/itsupport/simulation/inverter,FA_1bit_tb,schematic/history_1/simulation/default/HSPICE/nominal/results testSuiteDir /home/itsupport/simulation/inverter,FA_1bit_tb,schematic/history_1/simulation/default/HSPICE/nominal databaseName /home/itsupport/simulation/inverter,FA_1bit_tb,schematic/history_1/simulation/default/HSPICE/nominal/resultsDatabase remoteRun {} testbenchId 1 saveImages true
[16:10:57.53] /o false
[16:13:37.24] /i ::sa::_backgroundSaeShell::runScript /home/itsupport/simulation/inverter,FA_1bit_tb,schematic/history_1/simulation/default/HSPICE/nominal/.bg_measurement_script.tcl sa::_resultsDatabase::saeShellProcessingCompletedProc testSuiteName saeSession3 testbenchName default resultsDir /home/itsupport/simulation/inverter,FA_1bit_tb,schematic/history_1/simulation/default/HSPICE/nominal/results testSuiteDir /home/itsupport/simulation/inverter,FA_1bit_tb,schematic/history_1/simulation/default/HSPICE/nominal databaseName /home/itsupport/simulation/inverter,FA_1bit_tb,schematic/history_1/simulation/default/HSPICE/nominal/resultsDatabase remoteRun {} testbenchId 1 saveImages true
[16:13:37.56] /o saeInterBGSaeShell:  ::sa::_backgroundSaeShell::scriptFinished 0.3 {} sa::_resultsDatabase::saeShellProcessingCompletedProc testSuiteName saeSession3 testbenchName default resultsDir /home/itsupport/simulation/inverter,FA_1bit_tb,schematic/history_1/simulation/default/HSPICE/nominal/results testSuiteDir /home/itsupport/simulation/inverter,FA_1bit_tb,schematic/history_1/simulation/default/HSPICE/nominal databaseName /home/itsupport/simulation/inverter,FA_1bit_tb,schematic/history_1/simulation/default/HSPICE/nominal/resultsDatabase remoteRun {} testbenchId 1 saveImages true
[16:13:37.56] /o false
[16:15:25.21] /i ::sa::_backgroundSaeShell::runScript /home/itsupport/simulation/inverter,FA_1bit_tb,schematic/history_1/simulation/default/HSPICE/nominal/.bg_measurement_script.tcl sa::_resultsDatabase::saeShellProcessingCompletedProc testSuiteName saeSession3 testbenchName default resultsDir /home/itsupport/simulation/inverter,FA_1bit_tb,schematic/history_1/simulation/default/HSPICE/nominal/results testSuiteDir /home/itsupport/simulation/inverter,FA_1bit_tb,schematic/history_1/simulation/default/HSPICE/nominal databaseName /home/itsupport/simulation/inverter,FA_1bit_tb,schematic/history_1/simulation/default/HSPICE/nominal/resultsDatabase remoteRun {} testbenchId 1 saveImages true
[16:15:25.51] /o saeInterBGSaeShell:  ::sa::_backgroundSaeShell::scriptFinished 0.3 {} sa::_resultsDatabase::saeShellProcessingCompletedProc testSuiteName saeSession3 testbenchName default resultsDir /home/itsupport/simulation/inverter,FA_1bit_tb,schematic/history_1/simulation/default/HSPICE/nominal/results testSuiteDir /home/itsupport/simulation/inverter,FA_1bit_tb,schematic/history_1/simulation/default/HSPICE/nominal databaseName /home/itsupport/simulation/inverter,FA_1bit_tb,schematic/history_1/simulation/default/HSPICE/nominal/resultsDatabase remoteRun {} testbenchId 1 saveImages true
[16:15:25.51] /o false
[16:16:24.41] /i ::sa::_backgroundSaeShell::runScript /home/itsupport/simulation/inverter,FA_1bit_tb,schematic/history_1/simulation/default/HSPICE/nominal/.bg_measurement_script.tcl sa::_resultsDatabase::saeShellProcessingCompletedProc testSuiteName saeSession3 testbenchName default resultsDir /home/itsupport/simulation/inverter,FA_1bit_tb,schematic/history_1/simulation/default/HSPICE/nominal/results testSuiteDir /home/itsupport/simulation/inverter,FA_1bit_tb,schematic/history_1/simulation/default/HSPICE/nominal databaseName /home/itsupport/simulation/inverter,FA_1bit_tb,schematic/history_1/simulation/default/HSPICE/nominal/resultsDatabase remoteRun {} testbenchId 1 saveImages true
[16:16:24.73] /o saeInterBGSaeShell:  ::sa::_backgroundSaeShell::scriptFinished 0.3 {} sa::_resultsDatabase::saeShellProcessingCompletedProc testSuiteName saeSession3 testbenchName default resultsDir /home/itsupport/simulation/inverter,FA_1bit_tb,schematic/history_1/simulation/default/HSPICE/nominal/results testSuiteDir /home/itsupport/simulation/inverter,FA_1bit_tb,schematic/history_1/simulation/default/HSPICE/nominal databaseName /home/itsupport/simulation/inverter,FA_1bit_tb,schematic/history_1/simulation/default/HSPICE/nominal/resultsDatabase remoteRun {} testbenchId 1 saveImages true
[16:16:24.73] /o false
[16:18:04.60] /i ::sa::_backgroundSaeShell::runScript /home/itsupport/simulation/inverter,FA_1bit_tb,schematic/history_1/simulation/default/HSPICE/nominal/.bg_measurement_script.tcl sa::_resultsDatabase::saeShellProcessingCompletedProc testSuiteName saeSession3 testbenchName default resultsDir /home/itsupport/simulation/inverter,FA_1bit_tb,schematic/history_1/simulation/default/HSPICE/nominal/results testSuiteDir /home/itsupport/simulation/inverter,FA_1bit_tb,schematic/history_1/simulation/default/HSPICE/nominal databaseName /home/itsupport/simulation/inverter,FA_1bit_tb,schematic/history_1/simulation/default/HSPICE/nominal/resultsDatabase remoteRun {} testbenchId 1 saveImages true
[16:18:04.92] /o saeInterBGSaeShell:  ::sa::_backgroundSaeShell::scriptFinished 0.3 {} sa::_resultsDatabase::saeShellProcessingCompletedProc testSuiteName saeSession3 testbenchName default resultsDir /home/itsupport/simulation/inverter,FA_1bit_tb,schematic/history_1/simulation/default/HSPICE/nominal/results testSuiteDir /home/itsupport/simulation/inverter,FA_1bit_tb,schematic/history_1/simulation/default/HSPICE/nominal databaseName /home/itsupport/simulation/inverter,FA_1bit_tb,schematic/history_1/simulation/default/HSPICE/nominal/resultsDatabase remoteRun {} testbenchId 1 saveImages true
[16:18:04.92] /o false
[16:18:38.23] /i ::sa::_backgroundSaeShell::runScript /home/itsupport/simulation/inverter,FA_1bit_tb,schematic/history_1/simulation/default/HSPICE/nominal/.bg_measurement_script.tcl sa::_resultsDatabase::saeShellProcessingCompletedProc testSuiteName saeSession3 testbenchName default resultsDir /home/itsupport/simulation/inverter,FA_1bit_tb,schematic/history_1/simulation/default/HSPICE/nominal/results testSuiteDir /home/itsupport/simulation/inverter,FA_1bit_tb,schematic/history_1/simulation/default/HSPICE/nominal databaseName /home/itsupport/simulation/inverter,FA_1bit_tb,schematic/history_1/simulation/default/HSPICE/nominal/resultsDatabase remoteRun {} testbenchId 1 saveImages true
[16:18:38.53] /o saeInterBGSaeShell:  ::sa::_backgroundSaeShell::scriptFinished 0.2 {} sa::_resultsDatabase::saeShellProcessingCompletedProc testSuiteName saeSession3 testbenchName default resultsDir /home/itsupport/simulation/inverter,FA_1bit_tb,schematic/history_1/simulation/default/HSPICE/nominal/results testSuiteDir /home/itsupport/simulation/inverter,FA_1bit_tb,schematic/history_1/simulation/default/HSPICE/nominal databaseName /home/itsupport/simulation/inverter,FA_1bit_tb,schematic/history_1/simulation/default/HSPICE/nominal/resultsDatabase remoteRun {} testbenchId 1 saveImages true
[16:18:38.53] /o false
[16:20:03.80] /i ::sa::_backgroundSaeShell::runScript /home/itsupport/simulation/inverter,FA_1bit_tb,schematic/history_1/simulation/default/HSPICE/nominal/.bg_measurement_script.tcl sa::_resultsDatabase::saeShellProcessingCompletedProc testSuiteName saeSession3 testbenchName default resultsDir /home/itsupport/simulation/inverter,FA_1bit_tb,schematic/history_1/simulation/default/HSPICE/nominal/results testSuiteDir /home/itsupport/simulation/inverter,FA_1bit_tb,schematic/history_1/simulation/default/HSPICE/nominal databaseName /home/itsupport/simulation/inverter,FA_1bit_tb,schematic/history_1/simulation/default/HSPICE/nominal/resultsDatabase remoteRun {} testbenchId 1 saveImages true
[16:20:04.08] /o saeInterBGSaeShell:  ::sa::_backgroundSaeShell::scriptFinished 0.2 {} sa::_resultsDatabase::saeShellProcessingCompletedProc testSuiteName saeSession3 testbenchName default resultsDir /home/itsupport/simulation/inverter,FA_1bit_tb,schematic/history_1/simulation/default/HSPICE/nominal/results testSuiteDir /home/itsupport/simulation/inverter,FA_1bit_tb,schematic/history_1/simulation/default/HSPICE/nominal databaseName /home/itsupport/simulation/inverter,FA_1bit_tb,schematic/history_1/simulation/default/HSPICE/nominal/resultsDatabase remoteRun {} testbenchId 1 saveImages true
[16:20:04.08] /o false
[16:20:11.60] /i ::wf::viewerExited
[16:20:15.01] /i ::sa::_backgroundSaeShell::runScript /home/itsupport/simulation/inverter,FA_1bit_tb,schematic/history_1/simulation/default/HSPICE/nominal/.bg_measurement_script.tcl sa::_resultsDatabase::saeShellProcessingCompletedProc testSuiteName saeSession3 testbenchName default resultsDir /home/itsupport/simulation/inverter,FA_1bit_tb,schematic/history_1/simulation/default/HSPICE/nominal/results testSuiteDir /home/itsupport/simulation/inverter,FA_1bit_tb,schematic/history_1/simulation/default/HSPICE/nominal databaseName /home/itsupport/simulation/inverter,FA_1bit_tb,schematic/history_1/simulation/default/HSPICE/nominal/resultsDatabase remoteRun {} testbenchId 1 saveImages true
[16:20:15.26] /o saeInterBGSaeShell:  ::sa::_backgroundSaeShell::scriptFinished 0.2 {} sa::_resultsDatabase::saeShellProcessingCompletedProc testSuiteName saeSession3 testbenchName default resultsDir /home/itsupport/simulation/inverter,FA_1bit_tb,schematic/history_1/simulation/default/HSPICE/nominal/results testSuiteDir /home/itsupport/simulation/inverter,FA_1bit_tb,schematic/history_1/simulation/default/HSPICE/nominal databaseName /home/itsupport/simulation/inverter,FA_1bit_tb,schematic/history_1/simulation/default/HSPICE/nominal/resultsDatabase remoteRun {} testbenchId 1 saveImages true
[16:20:15.26] /o false
[16:22:42.42] /i ::sa::_backgroundSaeShell::runScript /home/itsupport/simulation/inverter,FA_1bit_tb,schematic/history_1/simulation/default/HSPICE/nominal/.bg_measurement_script.tcl sa::_resultsDatabase::saeShellProcessingCompletedProc testSuiteName saeSession3 testbenchName default resultsDir /home/itsupport/simulation/inverter,FA_1bit_tb,schematic/history_1/simulation/default/HSPICE/nominal/results testSuiteDir /home/itsupport/simulation/inverter,FA_1bit_tb,schematic/history_1/simulation/default/HSPICE/nominal databaseName /home/itsupport/simulation/inverter,FA_1bit_tb,schematic/history_1/simulation/default/HSPICE/nominal/resultsDatabase remoteRun {} testbenchId 1 saveImages true
[16:22:42.77] /o saeInterBGSaeShell:  ::sa::_backgroundSaeShell::scriptFinished 0.3 {} sa::_resultsDatabase::saeShellProcessingCompletedProc testSuiteName saeSession3 testbenchName default resultsDir /home/itsupport/simulation/inverter,FA_1bit_tb,schematic/history_1/simulation/default/HSPICE/nominal/results testSuiteDir /home/itsupport/simulation/inverter,FA_1bit_tb,schematic/history_1/simulation/default/HSPICE/nominal databaseName /home/itsupport/simulation/inverter,FA_1bit_tb,schematic/history_1/simulation/default/HSPICE/nominal/resultsDatabase remoteRun {} testbenchId 1 saveImages true
[16:22:42.77] /o false
[16:23:00.92] /i ::sa::_backgroundSaeShell::runScript /home/itsupport/simulation/inverter,FA_1bit_tb,schematic/history_1/simulation/default/HSPICE/nominal/.bg_measurement_script.tcl sa::_resultsDatabase::saeShellProcessingCompletedProc testSuiteName saeSession3 testbenchName default resultsDir /home/itsupport/simulation/inverter,FA_1bit_tb,schematic/history_1/simulation/default/HSPICE/nominal/results testSuiteDir /home/itsupport/simulation/inverter,FA_1bit_tb,schematic/history_1/simulation/default/HSPICE/nominal databaseName /home/itsupport/simulation/inverter,FA_1bit_tb,schematic/history_1/simulation/default/HSPICE/nominal/resultsDatabase remoteRun {} testbenchId 1 saveImages true
[16:23:01.22] /o saeInterBGSaeShell:  ::sa::_backgroundSaeShell::scriptFinished 0.2 {} sa::_resultsDatabase::saeShellProcessingCompletedProc testSuiteName saeSession3 testbenchName default resultsDir /home/itsupport/simulation/inverter,FA_1bit_tb,schematic/history_1/simulation/default/HSPICE/nominal/results testSuiteDir /home/itsupport/simulation/inverter,FA_1bit_tb,schematic/history_1/simulation/default/HSPICE/nominal databaseName /home/itsupport/simulation/inverter,FA_1bit_tb,schematic/history_1/simulation/default/HSPICE/nominal/resultsDatabase remoteRun {} testbenchId 1 saveImages true
[16:23:01.22] /o false
[16:24:05.32] /i ::sa::_backgroundSaeShell::runScript /home/itsupport/simulation/inverter,FA_1bit_tb,schematic/history_1/simulation/default/HSPICE/nominal/.bg_measurement_script.tcl sa::_resultsDatabase::saeShellProcessingCompletedProc testSuiteName saeSession3 testbenchName default resultsDir /home/itsupport/simulation/inverter,FA_1bit_tb,schematic/history_1/simulation/default/HSPICE/nominal/results testSuiteDir /home/itsupport/simulation/inverter,FA_1bit_tb,schematic/history_1/simulation/default/HSPICE/nominal databaseName /home/itsupport/simulation/inverter,FA_1bit_tb,schematic/history_1/simulation/default/HSPICE/nominal/resultsDatabase remoteRun {} testbenchId 1 saveImages true
[16:24:05.64] /o saeInterBGSaeShell:  ::sa::_backgroundSaeShell::scriptFinished 0.3 {} sa::_resultsDatabase::saeShellProcessingCompletedProc testSuiteName saeSession3 testbenchName default resultsDir /home/itsupport/simulation/inverter,FA_1bit_tb,schematic/history_1/simulation/default/HSPICE/nominal/results testSuiteDir /home/itsupport/simulation/inverter,FA_1bit_tb,schematic/history_1/simulation/default/HSPICE/nominal databaseName /home/itsupport/simulation/inverter,FA_1bit_tb,schematic/history_1/simulation/default/HSPICE/nominal/resultsDatabase remoteRun {} testbenchId 1 saveImages true
[16:24:05.64] /o false
[16:24:13.44] /i ::sa::_backgroundSaeShell::runScript /home/itsupport/simulation/inverter,FA_1bit_tb,schematic/history_1/simulation/default/HSPICE/nominal/.bg_measurement_script.tcl sa::_resultsDatabase::saeShellProcessingCompletedProc testSuiteName saeSession3 testbenchName default resultsDir /home/itsupport/simulation/inverter,FA_1bit_tb,schematic/history_1/simulation/default/HSPICE/nominal/results testSuiteDir /home/itsupport/simulation/inverter,FA_1bit_tb,schematic/history_1/simulation/default/HSPICE/nominal databaseName /home/itsupport/simulation/inverter,FA_1bit_tb,schematic/history_1/simulation/default/HSPICE/nominal/resultsDatabase remoteRun {} testbenchId 1 saveImages true
[16:24:13.74] /o saeInterBGSaeShell:  ::sa::_backgroundSaeShell::scriptFinished 0.3 {} sa::_resultsDatabase::saeShellProcessingCompletedProc testSuiteName saeSession3 testbenchName default resultsDir /home/itsupport/simulation/inverter,FA_1bit_tb,schematic/history_1/simulation/default/HSPICE/nominal/results testSuiteDir /home/itsupport/simulation/inverter,FA_1bit_tb,schematic/history_1/simulation/default/HSPICE/nominal databaseName /home/itsupport/simulation/inverter,FA_1bit_tb,schematic/history_1/simulation/default/HSPICE/nominal/resultsDatabase remoteRun {} testbenchId 1 saveImages true
[16:24:13.74] /o false
[16:27:13.20] /i ::sa::_backgroundSaeShell::runScript /home/itsupport/simulation/inverter,FA_1bit_tb,schematic/history_1/simulation/default/HSPICE/nominal/.bg_measurement_script.tcl sa::_resultsDatabase::saeShellProcessingCompletedProc testSuiteName saeSession3 testbenchName default resultsDir /home/itsupport/simulation/inverter,FA_1bit_tb,schematic/history_1/simulation/default/HSPICE/nominal/results testSuiteDir /home/itsupport/simulation/inverter,FA_1bit_tb,schematic/history_1/simulation/default/HSPICE/nominal databaseName /home/itsupport/simulation/inverter,FA_1bit_tb,schematic/history_1/simulation/default/HSPICE/nominal/resultsDatabase remoteRun {} testbenchId 1 saveImages true
[16:27:13.39] /e Error: Evaluating 'v(/output)': "Could not find net named: output" (HIERARCHY_COMMANDS-007)
[16:27:13.47] /o saeInterBGSaeShell:  ::sa::_backgroundSaeShell::scriptFinished 0.2 {} sa::_resultsDatabase::saeShellProcessingCompletedProc testSuiteName saeSession3 testbenchName default resultsDir /home/itsupport/simulation/inverter,FA_1bit_tb,schematic/history_1/simulation/default/HSPICE/nominal/results testSuiteDir /home/itsupport/simulation/inverter,FA_1bit_tb,schematic/history_1/simulation/default/HSPICE/nominal databaseName /home/itsupport/simulation/inverter,FA_1bit_tb,schematic/history_1/simulation/default/HSPICE/nominal/resultsDatabase remoteRun {} testbenchId 1 saveImages true
[16:27:13.47] /o false
[16:27:30.81] /i ::sa::_backgroundSaeShell::runScript /home/itsupport/simulation/inverter,FA_1bit_tb,schematic/history_1/simulation/default/HSPICE/nominal/.bg_measurement_script.tcl sa::_resultsDatabase::saeShellProcessingCompletedProc testSuiteName saeSession3 testbenchName default resultsDir /home/itsupport/simulation/inverter,FA_1bit_tb,schematic/history_1/simulation/default/HSPICE/nominal/results testSuiteDir /home/itsupport/simulation/inverter,FA_1bit_tb,schematic/history_1/simulation/default/HSPICE/nominal databaseName /home/itsupport/simulation/inverter,FA_1bit_tb,schematic/history_1/simulation/default/HSPICE/nominal/resultsDatabase remoteRun {} testbenchId 1 saveImages true
[16:27:31.08] /o saeInterBGSaeShell:  ::sa::_backgroundSaeShell::scriptFinished 0.2 {} sa::_resultsDatabase::saeShellProcessingCompletedProc testSuiteName saeSession3 testbenchName default resultsDir /home/itsupport/simulation/inverter,FA_1bit_tb,schematic/history_1/simulation/default/HSPICE/nominal/results testSuiteDir /home/itsupport/simulation/inverter,FA_1bit_tb,schematic/history_1/simulation/default/HSPICE/nominal databaseName /home/itsupport/simulation/inverter,FA_1bit_tb,schematic/history_1/simulation/default/HSPICE/nominal/resultsDatabase remoteRun {} testbenchId 1 saveImages true
[16:27:31.08] /o false
[16:28:08.41] /i ::sa::_backgroundSaeShell::runScript /home/itsupport/simulation/inverter,FA_1bit_tb,schematic/history_1/simulation/default/HSPICE/nominal/.bg_measurement_script.tcl sa::_resultsDatabase::saeShellProcessingCompletedProc testSuiteName saeSession3 testbenchName default resultsDir /home/itsupport/simulation/inverter,FA_1bit_tb,schematic/history_1/simulation/default/HSPICE/nominal/results testSuiteDir /home/itsupport/simulation/inverter,FA_1bit_tb,schematic/history_1/simulation/default/HSPICE/nominal databaseName /home/itsupport/simulation/inverter,FA_1bit_tb,schematic/history_1/simulation/default/HSPICE/nominal/resultsDatabase remoteRun {} testbenchId 1 saveImages true
[16:28:08.71] /o saeInterBGSaeShell:  ::sa::_backgroundSaeShell::scriptFinished 0.2 {} sa::_resultsDatabase::saeShellProcessingCompletedProc testSuiteName saeSession3 testbenchName default resultsDir /home/itsupport/simulation/inverter,FA_1bit_tb,schematic/history_1/simulation/default/HSPICE/nominal/results testSuiteDir /home/itsupport/simulation/inverter,FA_1bit_tb,schematic/history_1/simulation/default/HSPICE/nominal databaseName /home/itsupport/simulation/inverter,FA_1bit_tb,schematic/history_1/simulation/default/HSPICE/nominal/resultsDatabase remoteRun {} testbenchId 1 saveImages true
[16:28:08.71] /o false
[16:33:09.83] /o saeInterBGSaeShell:  ::sa::_backgroundSaeShell::pingBack
[16:33:09.90] /i ::sa::_backgroundSaeShell::parentRunning
[16:33:09.90] /o 1779096789
[16:33:13.80] /m Information: Stopped sharing "Custom WaveView" license. (WAVEFORM-111)
[22:50:10.35] /m Information: Exiting due to non-response from parent process.
[22:50:10.36] /o saeInterBGSaeShell:  ::sa::_backgroundSaeShell::childFormallyExiting
