[07:28:39.98] /m Information: License 'SAE' checked out. (LICENSE-003)
[07:28:41.03] /o sae_shell Version Custom Compiler N-2017.12-SP1-2
              /c Build  (OPT) compiled on Wed May 16 15:20:56 2018 for RHEL64 6.6
              /c Execution time: Wed May 20 07:28:38 2026
              /c Host: localhost.localdomain
              /c 
              /c Copyright © 2004-2018 Synopsys, Inc.
              /c This software and the associated documentation are proprietary to Synopsys, Inc. This software may only be used in accordance with the terms and conditions of a written license agreement with Synopsys, Inc. All other use, reproduction, or distribution of this software is strictly prohibited.
              /c 
              /c 
[07:28:41.04] /w Warning: Preference 'leActiveLPP' is deprecated and scheduled for removal in a future release with no replacement. For migration assistance, see the Custom Compiler Tcl Reference Manual. (PREFERENCE-058)
[07:28:41.05] /o 	#######################################
[07:28:41.05] /o 	PDK Library Name	: reference90RF
[07:28:41.05] /o 	PDK Version		: 2.0
[07:28:41.05] /o 	PDK Release Date	: 25-March-2010 
[07:28:41.05] /o 	#######################################
[07:28:41.05] /o 
[07:28:41.05] /i ::sa::_backgroundSaeShell::signalProcessReady 1779236918
[07:28:41.05] /o saeInterBGSaeShell:  ::sa::_backgroundSaeShell::processReady 3
[07:30:43.21] /i ::sa::_backgroundSaeShell::exit
[07:30:43.21] /o saeInterBGSaeShell:  ::sa::_backgroundSaeShell::childFormallyExiting
