[22:55:19.05] /m Information: License 'SAE' checked out. (LICENSE-003)
[22:55:20.43] /o sae_shell Version Custom Compiler N-2017.12-SP1-2
              /c Build  (OPT) compiled on Wed May 16 15:20:56 2018 for RHEL64 6.6
              /c Execution time: Fri May 15 22:55:17 2026
              /c Host: localhost.localdomain
              /c 
              /c Copyright © 2004-2018 Synopsys, Inc.
              /c This software and the associated documentation are proprietary to Synopsys, Inc. This software may only be used in accordance with the terms and conditions of a written license agreement with Synopsys, Inc. All other use, reproduction, or distribution of this software is strictly prohibited.
              /c 
              /c 
[22:55:20.47] /w Warning: Preference 'leActiveLPP' is deprecated and scheduled for removal in a future release with no replacement. For migration assistance, see the Custom Compiler Tcl Reference Manual. (PREFERENCE-058)
[22:55:20.47] /o 	#######################################
[22:55:20.47] /o 	PDK Library Name	: reference90RF
[22:55:20.47] /o 	PDK Version		: 2.0
[22:55:20.47] /o 	PDK Release Date	: 25-March-2010 
[22:55:20.47] /o 	#######################################
[22:55:20.47] /o 
[22:55:20.47] /i ::sa::_backgroundSaeShell::signalProcessReady 1778860516
[22:55:20.47] /o saeInterBGSaeShell:  ::sa::_backgroundSaeShell::processReady 4
[23:00:21.49] /o saeInterBGSaeShell:  ::sa::_backgroundSaeShell::pingBack
[23:00:21.51] /i ::sa::_backgroundSaeShell::parentRunning
[23:00:21.51] /o 1778860821
[23:05:22.49] /o saeInterBGSaeShell:  ::sa::_backgroundSaeShell::pingBack
[23:05:22.60] /i ::sa::_backgroundSaeShell::parentRunning
[23:05:22.60] /o 1778861122
[23:05:33.37] /i ::sa::_backgroundSaeShell::runScript /home/itsupport/simulation/inverter,NAND2_tb,schematic/history_1/simulation/default/HSPICE/nominal/.bg_measurement_script.tcl sa::_resultsDatabase::saeShellProcessingCompletedProc testSuiteName saeSession0 testbenchName default resultsDir /home/itsupport/simulation/inverter,NAND2_tb,schematic/history_1/simulation/default/HSPICE/nominal/results testSuiteDir /home/itsupport/simulation/inverter,NAND2_tb,schematic/history_1/simulation/default/HSPICE/nominal databaseName /home/itsupport/simulation/inverter,NAND2_tb,schematic/history_1/simulation/default/HSPICE/nominal/resultsDatabase remoteRun {} testbenchId 1 saveImages true
[23:05:33.99] /m Information: Started sharing "Custom WaveView" license. (WAVEFORM-110)
[23:05:34.14] /o saeInterBGSaeShell:  ::sa::_backgroundSaeShell::scriptFinished 0.7 {} sa::_resultsDatabase::saeShellProcessingCompletedProc testSuiteName saeSession0 testbenchName default resultsDir /home/itsupport/simulation/inverter,NAND2_tb,schematic/history_1/simulation/default/HSPICE/nominal/results testSuiteDir /home/itsupport/simulation/inverter,NAND2_tb,schematic/history_1/simulation/default/HSPICE/nominal databaseName /home/itsupport/simulation/inverter,NAND2_tb,schematic/history_1/simulation/default/HSPICE/nominal/resultsDatabase remoteRun {} testbenchId 1 saveImages true
[23:05:34.14] /o false
[23:06:46.50] /i ::sa::_backgroundSaeShell::runScript /home/itsupport/simulation/inverter,NAND2_tb,schematic/history_1/simulation/default/HSPICE/nominal/.bg_measurement_script.tcl sa::_resultsDatabase::saeShellProcessingCompletedProc testSuiteName saeSession0 testbenchName default resultsDir /home/itsupport/simulation/inverter,NAND2_tb,schematic/history_1/simulation/default/HSPICE/nominal/results testSuiteDir /home/itsupport/simulation/inverter,NAND2_tb,schematic/history_1/simulation/default/HSPICE/nominal databaseName /home/itsupport/simulation/inverter,NAND2_tb,schematic/history_1/simulation/default/HSPICE/nominal/resultsDatabase remoteRun {} testbenchId 1 saveImages true
[23:06:46.78] /o saeInterBGSaeShell:  ::sa::_backgroundSaeShell::scriptFinished 0.2 {} sa::_resultsDatabase::saeShellProcessingCompletedProc testSuiteName saeSession0 testbenchName default resultsDir /home/itsupport/simulation/inverter,NAND2_tb,schematic/history_1/simulation/default/HSPICE/nominal/results testSuiteDir /home/itsupport/simulation/inverter,NAND2_tb,schematic/history_1/simulation/default/HSPICE/nominal databaseName /home/itsupport/simulation/inverter,NAND2_tb,schematic/history_1/simulation/default/HSPICE/nominal/resultsDatabase remoteRun {} testbenchId 1 saveImages true
[23:06:46.78] /o false
[23:07:37.40] /i ::sa::_backgroundSaeShell::runScript /home/itsupport/simulation/inverter,NAND2_tb,schematic/history_1/simulation/default/HSPICE/nominal/.bg_measurement_script.tcl sa::_resultsDatabase::saeShellProcessingCompletedProc testSuiteName saeSession0 testbenchName default resultsDir /home/itsupport/simulation/inverter,NAND2_tb,schematic/history_1/simulation/default/HSPICE/nominal/results testSuiteDir /home/itsupport/simulation/inverter,NAND2_tb,schematic/history_1/simulation/default/HSPICE/nominal databaseName /home/itsupport/simulation/inverter,NAND2_tb,schematic/history_1/simulation/default/HSPICE/nominal/resultsDatabase remoteRun {} testbenchId 1 saveImages true
[23:07:37.71] /o saeInterBGSaeShell:  ::sa::_backgroundSaeShell::scriptFinished 0.3 {} sa::_resultsDatabase::saeShellProcessingCompletedProc testSuiteName saeSession0 testbenchName default resultsDir /home/itsupport/simulation/inverter,NAND2_tb,schematic/history_1/simulation/default/HSPICE/nominal/results testSuiteDir /home/itsupport/simulation/inverter,NAND2_tb,schematic/history_1/simulation/default/HSPICE/nominal databaseName /home/itsupport/simulation/inverter,NAND2_tb,schematic/history_1/simulation/default/HSPICE/nominal/resultsDatabase remoteRun {} testbenchId 1 saveImages true
[23:07:37.71] /o false
[23:07:53.60] /i ::sa::_backgroundSaeShell::runScript /home/itsupport/simulation/inverter,NAND2_tb,schematic/history_1/simulation/default/HSPICE/nominal/.bg_measurement_script.tcl sa::_resultsDatabase::saeShellProcessingCompletedProc testSuiteName saeSession0 testbenchName default resultsDir /home/itsupport/simulation/inverter,NAND2_tb,schematic/history_1/simulation/default/HSPICE/nominal/results testSuiteDir /home/itsupport/simulation/inverter,NAND2_tb,schematic/history_1/simulation/default/HSPICE/nominal databaseName /home/itsupport/simulation/inverter,NAND2_tb,schematic/history_1/simulation/default/HSPICE/nominal/resultsDatabase remoteRun {} testbenchId 1 saveImages true
[23:07:53.87] /o saeInterBGSaeShell:  ::sa::_backgroundSaeShell::scriptFinished 0.2 {} sa::_resultsDatabase::saeShellProcessingCompletedProc testSuiteName saeSession0 testbenchName default resultsDir /home/itsupport/simulation/inverter,NAND2_tb,schematic/history_1/simulation/default/HSPICE/nominal/results testSuiteDir /home/itsupport/simulation/inverter,NAND2_tb,schematic/history_1/simulation/default/HSPICE/nominal databaseName /home/itsupport/simulation/inverter,NAND2_tb,schematic/history_1/simulation/default/HSPICE/nominal/resultsDatabase remoteRun {} testbenchId 1 saveImages true
[23:07:53.87] /o false
[23:08:13.31] /i ::sa::_backgroundSaeShell::runScript /home/itsupport/simulation/inverter,NAND2_tb,schematic/history_1/simulation/default/HSPICE/nominal/.bg_measurement_script.tcl sa::_resultsDatabase::saeShellProcessingCompletedProc testSuiteName saeSession0 testbenchName default resultsDir /home/itsupport/simulation/inverter,NAND2_tb,schematic/history_1/simulation/default/HSPICE/nominal/results testSuiteDir /home/itsupport/simulation/inverter,NAND2_tb,schematic/history_1/simulation/default/HSPICE/nominal databaseName /home/itsupport/simulation/inverter,NAND2_tb,schematic/history_1/simulation/default/HSPICE/nominal/resultsDatabase remoteRun {} testbenchId 1 saveImages true
[23:08:13.58] /o saeInterBGSaeShell:  ::sa::_backgroundSaeShell::scriptFinished 0.2 {} sa::_resultsDatabase::saeShellProcessingCompletedProc testSuiteName saeSession0 testbenchName default resultsDir /home/itsupport/simulation/inverter,NAND2_tb,schematic/history_1/simulation/default/HSPICE/nominal/results testSuiteDir /home/itsupport/simulation/inverter,NAND2_tb,schematic/history_1/simulation/default/HSPICE/nominal databaseName /home/itsupport/simulation/inverter,NAND2_tb,schematic/history_1/simulation/default/HSPICE/nominal/resultsDatabase remoteRun {} testbenchId 1 saveImages true
[23:08:13.58] /o false
[23:09:26.28] /i ::sa::_backgroundSaeShell::runScript /home/itsupport/simulation/inverter,NAND2_tb,schematic/history_1/simulation/default/HSPICE/parametric/.bg_measurement_script.tcl sa::_resultsDatabase::saeShellProcessingCompletedProc testSuiteName saeSession0 testbenchName default resultsDir /home/itsupport/simulation/inverter,NAND2_tb,schematic/history_1/simulation/default/HSPICE/parametric/results testSuiteDir /home/itsupport/simulation/inverter,NAND2_tb,schematic/history_1/simulation/default/HSPICE/parametric databaseName /home/itsupport/simulation/inverter,NAND2_tb,schematic/history_1/simulation/default/HSPICE/parametric/resultsDatabase remoteRun {} testbenchId 1 saveImages true
[23:09:26.82] /o saeInterBGSaeShell:  ::sa::_backgroundSaeShell::scriptFinished 0.5 {} sa::_resultsDatabase::saeShellProcessingCompletedProc testSuiteName saeSession0 testbenchName default resultsDir /home/itsupport/simulation/inverter,NAND2_tb,schematic/history_1/simulation/default/HSPICE/parametric/results testSuiteDir /home/itsupport/simulation/inverter,NAND2_tb,schematic/history_1/simulation/default/HSPICE/parametric databaseName /home/itsupport/simulation/inverter,NAND2_tb,schematic/history_1/simulation/default/HSPICE/parametric/resultsDatabase remoteRun {} testbenchId 1 saveImages true
[23:09:26.82] /o false
[23:10:30.11] /i ::sa::_backgroundSaeShell::runScript /home/itsupport/simulation/inverter,NAND2_tb,schematic/history_1/simulation/default/HSPICE/nominal/.bg_measurement_script.tcl sa::_resultsDatabase::saeShellProcessingCompletedProc testSuiteName saeSession0 testbenchName default resultsDir /home/itsupport/simulation/inverter,NAND2_tb,schematic/history_1/simulation/default/HSPICE/nominal/results testSuiteDir /home/itsupport/simulation/inverter,NAND2_tb,schematic/history_1/simulation/default/HSPICE/nominal databaseName /home/itsupport/simulation/inverter,NAND2_tb,schematic/history_1/simulation/default/HSPICE/nominal/resultsDatabase remoteRun {} testbenchId 1 saveImages true
[23:10:30.41] /o saeInterBGSaeShell:  ::sa::_backgroundSaeShell::scriptFinished 0.3 {} sa::_resultsDatabase::saeShellProcessingCompletedProc testSuiteName saeSession0 testbenchName default resultsDir /home/itsupport/simulation/inverter,NAND2_tb,schematic/history_1/simulation/default/HSPICE/nominal/results testSuiteDir /home/itsupport/simulation/inverter,NAND2_tb,schematic/history_1/simulation/default/HSPICE/nominal databaseName /home/itsupport/simulation/inverter,NAND2_tb,schematic/history_1/simulation/default/HSPICE/nominal/resultsDatabase remoteRun {} testbenchId 1 saveImages true
[23:10:30.41] /o false
[23:10:48.91] /i ::sa::_backgroundSaeShell::runScript /home/itsupport/simulation/inverter,NAND2_tb,schematic/history_1/simulation/default/HSPICE/nominal/.bg_measurement_script.tcl sa::_resultsDatabase::saeShellProcessingCompletedProc testSuiteName saeSession0 testbenchName default resultsDir /home/itsupport/simulation/inverter,NAND2_tb,schematic/history_1/simulation/default/HSPICE/nominal/results testSuiteDir /home/itsupport/simulation/inverter,NAND2_tb,schematic/history_1/simulation/default/HSPICE/nominal databaseName /home/itsupport/simulation/inverter,NAND2_tb,schematic/history_1/simulation/default/HSPICE/nominal/resultsDatabase remoteRun {} testbenchId 1 saveImages true
[23:10:49.17] /o saeInterBGSaeShell:  ::sa::_backgroundSaeShell::scriptFinished 0.2 {} sa::_resultsDatabase::saeShellProcessingCompletedProc testSuiteName saeSession0 testbenchName default resultsDir /home/itsupport/simulation/inverter,NAND2_tb,schematic/history_1/simulation/default/HSPICE/nominal/results testSuiteDir /home/itsupport/simulation/inverter,NAND2_tb,schematic/history_1/simulation/default/HSPICE/nominal databaseName /home/itsupport/simulation/inverter,NAND2_tb,schematic/history_1/simulation/default/HSPICE/nominal/resultsDatabase remoteRun {} testbenchId 1 saveImages true
[23:10:49.17] /o false
[23:10:56.30] /i ::sa::_backgroundSaeShell::runScript /home/itsupport/simulation/inverter,NAND2_tb,schematic/history_1/simulation/default/HSPICE/nominal/.bg_measurement_script.tcl sa::_resultsDatabase::saeShellProcessingCompletedProc testSuiteName saeSession0 testbenchName default resultsDir /home/itsupport/simulation/inverter,NAND2_tb,schematic/history_1/simulation/default/HSPICE/nominal/results testSuiteDir /home/itsupport/simulation/inverter,NAND2_tb,schematic/history_1/simulation/default/HSPICE/nominal databaseName /home/itsupport/simulation/inverter,NAND2_tb,schematic/history_1/simulation/default/HSPICE/nominal/resultsDatabase remoteRun {} testbenchId 1 saveImages true
[23:10:56.57] /o saeInterBGSaeShell:  ::sa::_backgroundSaeShell::scriptFinished 0.2 {} sa::_resultsDatabase::saeShellProcessingCompletedProc testSuiteName saeSession0 testbenchName default resultsDir /home/itsupport/simulation/inverter,NAND2_tb,schematic/history_1/simulation/default/HSPICE/nominal/results testSuiteDir /home/itsupport/simulation/inverter,NAND2_tb,schematic/history_1/simulation/default/HSPICE/nominal databaseName /home/itsupport/simulation/inverter,NAND2_tb,schematic/history_1/simulation/default/HSPICE/nominal/resultsDatabase remoteRun {} testbenchId 1 saveImages true
[23:10:56.57] /o false
[23:12:08.59] /i ::sa::_backgroundSaeShell::runScript /home/itsupport/simulation/inverter,NAND2_tb,schematic/history_1/simulation/default/HSPICE/nominal/.bg_measurement_script.tcl sa::_resultsDatabase::saeShellProcessingCompletedProc testSuiteName saeSession0 testbenchName default resultsDir /home/itsupport/simulation/inverter,NAND2_tb,schematic/history_1/simulation/default/HSPICE/nominal/results testSuiteDir /home/itsupport/simulation/inverter,NAND2_tb,schematic/history_1/simulation/default/HSPICE/nominal databaseName /home/itsupport/simulation/inverter,NAND2_tb,schematic/history_1/simulation/default/HSPICE/nominal/resultsDatabase remoteRun {} testbenchId 1 saveImages true
[23:12:09.21] /o saeInterBGSaeShell:  ::sa::_backgroundSaeShell::scriptFinished 0.6 {} sa::_resultsDatabase::saeShellProcessingCompletedProc testSuiteName saeSession0 testbenchName default resultsDir /home/itsupport/simulation/inverter,NAND2_tb,schematic/history_1/simulation/default/HSPICE/nominal/results testSuiteDir /home/itsupport/simulation/inverter,NAND2_tb,schematic/history_1/simulation/default/HSPICE/nominal databaseName /home/itsupport/simulation/inverter,NAND2_tb,schematic/history_1/simulation/default/HSPICE/nominal/resultsDatabase remoteRun {} testbenchId 1 saveImages true
[23:12:09.21] /o false
[23:13:43.83] /i ::sa::_backgroundSaeShell::runScript /home/itsupport/simulation/inverter,NAND2_tb,schematic/history_1/simulation/default/HSPICE/nominal/.bg_measurement_script.tcl sa::_resultsDatabase::saeShellProcessingCompletedProc testSuiteName saeSession0 testbenchName default resultsDir /home/itsupport/simulation/inverter,NAND2_tb,schematic/history_1/simulation/default/HSPICE/nominal/results testSuiteDir /home/itsupport/simulation/inverter,NAND2_tb,schematic/history_1/simulation/default/HSPICE/nominal databaseName /home/itsupport/simulation/inverter,NAND2_tb,schematic/history_1/simulation/default/HSPICE/nominal/resultsDatabase remoteRun {} testbenchId 1 saveImages true
[23:13:44.68] /o saeInterBGSaeShell:  ::sa::_backgroundSaeShell::scriptFinished 0.8 {} sa::_resultsDatabase::saeShellProcessingCompletedProc testSuiteName saeSession0 testbenchName default resultsDir /home/itsupport/simulation/inverter,NAND2_tb,schematic/history_1/simulation/default/HSPICE/nominal/results testSuiteDir /home/itsupport/simulation/inverter,NAND2_tb,schematic/history_1/simulation/default/HSPICE/nominal databaseName /home/itsupport/simulation/inverter,NAND2_tb,schematic/history_1/simulation/default/HSPICE/nominal/resultsDatabase remoteRun {} testbenchId 1 saveImages true
[23:13:44.69] /o false
[23:13:59.62] /i ::sa::_backgroundSaeShell::runScript /home/itsupport/simulation/inverter,NAND2_tb,schematic/history_1/simulation/default/HSPICE/nominal/.bg_measurement_script.tcl sa::_resultsDatabase::saeShellProcessingCompletedProc testSuiteName saeSession0 testbenchName default resultsDir /home/itsupport/simulation/inverter,NAND2_tb,schematic/history_1/simulation/default/HSPICE/nominal/results testSuiteDir /home/itsupport/simulation/inverter,NAND2_tb,schematic/history_1/simulation/default/HSPICE/nominal databaseName /home/itsupport/simulation/inverter,NAND2_tb,schematic/history_1/simulation/default/HSPICE/nominal/resultsDatabase remoteRun {} testbenchId 1 saveImages true
[23:14:00.21] /o saeInterBGSaeShell:  ::sa::_backgroundSaeShell::scriptFinished 0.5 {} sa::_resultsDatabase::saeShellProcessingCompletedProc testSuiteName saeSession0 testbenchName default resultsDir /home/itsupport/simulation/inverter,NAND2_tb,schematic/history_1/simulation/default/HSPICE/nominal/results testSuiteDir /home/itsupport/simulation/inverter,NAND2_tb,schematic/history_1/simulation/default/HSPICE/nominal databaseName /home/itsupport/simulation/inverter,NAND2_tb,schematic/history_1/simulation/default/HSPICE/nominal/resultsDatabase remoteRun {} testbenchId 1 saveImages true
[23:14:00.21] /o false
[23:14:18.08] /i ::sa::_backgroundSaeShell::runScript /home/itsupport/simulation/inverter,NAND2_tb,schematic/history_1/simulation/default/HSPICE/nominal/.bg_measurement_script.tcl sa::_resultsDatabase::saeShellProcessingCompletedProc testSuiteName saeSession0 testbenchName default resultsDir /home/itsupport/simulation/inverter,NAND2_tb,schematic/history_1/simulation/default/HSPICE/nominal/results testSuiteDir /home/itsupport/simulation/inverter,NAND2_tb,schematic/history_1/simulation/default/HSPICE/nominal databaseName /home/itsupport/simulation/inverter,NAND2_tb,schematic/history_1/simulation/default/HSPICE/nominal/resultsDatabase remoteRun {} testbenchId 1 saveImages true
[23:14:18.69] /o saeInterBGSaeShell:  ::sa::_backgroundSaeShell::scriptFinished 0.6 {} sa::_resultsDatabase::saeShellProcessingCompletedProc testSuiteName saeSession0 testbenchName default resultsDir /home/itsupport/simulation/inverter,NAND2_tb,schematic/history_1/simulation/default/HSPICE/nominal/results testSuiteDir /home/itsupport/simulation/inverter,NAND2_tb,schematic/history_1/simulation/default/HSPICE/nominal databaseName /home/itsupport/simulation/inverter,NAND2_tb,schematic/history_1/simulation/default/HSPICE/nominal/resultsDatabase remoteRun {} testbenchId 1 saveImages true
[23:14:18.69] /o false
[23:14:40.46] /o Process killed
              /c Information: The process was terminated by "Termination" signal.
              /c signal number = 15
              /c Stack Dump: VERSION N-2017.12-SP1-2 CONFIG 4182185 DATE Fri May 15 22:55:17 2026
              /c Frame 0. /lib64/libc.so.6 ::0x7f19e2910400 + 0x40
              /c Frame 1. libc.so.6: __poll + 0x24
              /c Frame 2. /lib64/libglib-2.0.so.0 ::0x7f19f64ac3fc + 0x43c
              /c Frame 3. libglib-2.0.so.0: g_main_context_iteration + 0x2c
              /c Frame 4. QEventDispatcherGlib::processEvents(QFlags<QEventLoop::ProcessEventsFlag>) + 0x6a
              /c Frame 5. QEventLoop::exec(QFlags<QEventLoop::ProcessEventsFlag>) + 0xea
              /c Frame 6. QCoreApplication::exec() + 0x8d
              /c Frame 7. 0x113b243 SNPSee_3cb5a937433b5647dfd0ba220bc88c363f9edc9e424f5618e629fa54920aaa2d42181fc4e419a971bdba91f3b1089c26 + 0xa3
              /c Frame 8. sae_shell: main + 0x6b
              /c Frame 9. libc.so.6: __libc_start_main + 0xf5
              /c Frame 10. /usr/synopsys/customcompiler/N-2017.12-SP1-2/linux64/platform/bin/sae_shell ::0x11306a5 + 0x29
              /c 
[23:14:40.55] /e Error: The application was unexpectedly terminated.
              /c See the session log file for recovery details. (SHUT_DOWN-001)
