[01:00:46.94] /m Information: License 'SAE' checked out. (LICENSE-003)
[01:00:48.40] /o sae_shell Version Custom Compiler N-2017.12-SP1-2
              /c Build  (OPT) compiled on Wed May 16 15:20:56 2018 for RHEL64 6.6
              /c Execution time: Tue May 19 01:00:45 2026
              /c Host: localhost.localdomain
              /c 
              /c Copyright © 2004-2018 Synopsys, Inc.
              /c This software and the associated documentation are proprietary to Synopsys, Inc. This software may only be used in accordance with the terms and conditions of a written license agreement with Synopsys, Inc. All other use, reproduction, or distribution of this software is strictly prohibited.
              /c 
              /c 
[01:00:48.45] /w Warning: Preference 'leActiveLPP' is deprecated and scheduled for removal in a future release with no replacement. For migration assistance, see the Custom Compiler Tcl Reference Manual. (PREFERENCE-058)
[01:00:48.45] /o 	#######################################
[01:00:48.45] /o 	PDK Library Name	: reference90RF
[01:00:48.45] /o 	PDK Version		: 2.0
[01:00:48.45] /o 	PDK Release Date	: 25-March-2010 
[01:00:48.45] /o 	#######################################
[01:00:48.45] /o 
[01:00:48.46] /i ::sa::_backgroundSaeShell::signalProcessReady 1779127244
[01:00:48.46] /o saeInterBGSaeShell:  ::sa::_backgroundSaeShell::processReady 4
[01:00:52.50] /i ::sa::_backgroundSaeShell::runScript /home/itsupport/simulation/inverter,tb_full_adder_2bit,schematic/history_1/simulation/HSPICE_default/HSPICE/nominal/.bg_measurement_script.tcl sa::_resultsDatabase::saeShellProcessingCompletedProc testSuiteName saeSession0 testbenchName HSPICE_default resultsDir /home/itsupport/simulation/inverter,tb_full_adder_2bit,schematic/history_1/simulation/HSPICE_default/HSPICE/nominal/results testSuiteDir /home/itsupport/simulation/inverter,tb_full_adder_2bit,schematic/history_1/simulation/HSPICE_default/HSPICE/nominal databaseName /home/itsupport/simulation/inverter,tb_full_adder_2bit,schematic/history_1/simulation/HSPICE_default/HSPICE/nominal/resultsDatabase remoteRun {} testbenchId 1 saveImages true
[01:00:53.23] /m Information: Started sharing "Custom WaveView" license. (WAVEFORM-110)
[01:00:53.43] /o saeInterBGSaeShell:  ::sa::_backgroundSaeShell::scriptFinished 0.9 {} sa::_resultsDatabase::saeShellProcessingCompletedProc testSuiteName saeSession0 testbenchName HSPICE_default resultsDir /home/itsupport/simulation/inverter,tb_full_adder_2bit,schematic/history_1/simulation/HSPICE_default/HSPICE/nominal/results testSuiteDir /home/itsupport/simulation/inverter,tb_full_adder_2bit,schematic/history_1/simulation/HSPICE_default/HSPICE/nominal databaseName /home/itsupport/simulation/inverter,tb_full_adder_2bit,schematic/history_1/simulation/HSPICE_default/HSPICE/nominal/resultsDatabase remoteRun {} testbenchId 1 saveImages true
[01:00:53.43] /o false
[01:01:45.13] /i ::sa::_backgroundSaeShell::runScript /home/itsupport/simulation/inverter,tb_full_adder_2bit,schematic/history_1/simulation/HSPICE_default/HSPICE/nominal/.bg_measurement_script.tcl sa::_resultsDatabase::saeShellProcessingCompletedProc testSuiteName saeSession0 testbenchName HSPICE_default resultsDir /home/itsupport/simulation/inverter,tb_full_adder_2bit,schematic/history_1/simulation/HSPICE_default/HSPICE/nominal/results testSuiteDir /home/itsupport/simulation/inverter,tb_full_adder_2bit,schematic/history_1/simulation/HSPICE_default/HSPICE/nominal databaseName /home/itsupport/simulation/inverter,tb_full_adder_2bit,schematic/history_1/simulation/HSPICE_default/HSPICE/nominal/resultsDatabase remoteRun {} testbenchId 1 saveImages true
[01:01:45.40] /o saeInterBGSaeShell:  ::sa::_backgroundSaeShell::scriptFinished 0.2 {} sa::_resultsDatabase::saeShellProcessingCompletedProc testSuiteName saeSession0 testbenchName HSPICE_default resultsDir /home/itsupport/simulation/inverter,tb_full_adder_2bit,schematic/history_1/simulation/HSPICE_default/HSPICE/nominal/results testSuiteDir /home/itsupport/simulation/inverter,tb_full_adder_2bit,schematic/history_1/simulation/HSPICE_default/HSPICE/nominal databaseName /home/itsupport/simulation/inverter,tb_full_adder_2bit,schematic/history_1/simulation/HSPICE_default/HSPICE/nominal/resultsDatabase remoteRun {} testbenchId 1 saveImages true
[01:01:45.40] /o false
[01:02:48.32] /i ::sa::_backgroundSaeShell::runScript /home/itsupport/simulation/inverter,tb_full_adder_2bit,schematic/history_1/simulation/HSPICE_default/HSPICE/nominal/.bg_measurement_script.tcl sa::_resultsDatabase::saeShellProcessingCompletedProc testSuiteName saeSession0 testbenchName HSPICE_default resultsDir /home/itsupport/simulation/inverter,tb_full_adder_2bit,schematic/history_1/simulation/HSPICE_default/HSPICE/nominal/results testSuiteDir /home/itsupport/simulation/inverter,tb_full_adder_2bit,schematic/history_1/simulation/HSPICE_default/HSPICE/nominal databaseName /home/itsupport/simulation/inverter,tb_full_adder_2bit,schematic/history_1/simulation/HSPICE_default/HSPICE/nominal/resultsDatabase remoteRun {} testbenchId 1 saveImages true
[01:02:48.62] /o saeInterBGSaeShell:  ::sa::_backgroundSaeShell::scriptFinished 0.3 {} sa::_resultsDatabase::saeShellProcessingCompletedProc testSuiteName saeSession0 testbenchName HSPICE_default resultsDir /home/itsupport/simulation/inverter,tb_full_adder_2bit,schematic/history_1/simulation/HSPICE_default/HSPICE/nominal/results testSuiteDir /home/itsupport/simulation/inverter,tb_full_adder_2bit,schematic/history_1/simulation/HSPICE_default/HSPICE/nominal databaseName /home/itsupport/simulation/inverter,tb_full_adder_2bit,schematic/history_1/simulation/HSPICE_default/HSPICE/nominal/resultsDatabase remoteRun {} testbenchId 1 saveImages true
[01:02:48.62] /o false
[01:07:49.46] /o saeInterBGSaeShell:  ::sa::_backgroundSaeShell::pingBack
[01:07:49.54] /i ::sa::_backgroundSaeShell::parentRunning
[01:07:49.54] /o 1779127669
[01:07:53.82] /m Information: Stopped sharing "Custom WaveView" license. (WAVEFORM-111)
[01:12:35.31] /i ::sa::_backgroundSaeShell::runScript /home/itsupport/simulation/inverter,tb_full_adder_2bit,schematic/history_1/simulation/HSPICE_default/HSPICE/nominal/.bg_measurement_script.tcl sa::_resultsDatabase::saeShellProcessingCompletedProc testSuiteName saeSession0 testbenchName HSPICE_default resultsDir /home/itsupport/simulation/inverter,tb_full_adder_2bit,schematic/history_1/simulation/HSPICE_default/HSPICE/nominal/results testSuiteDir /home/itsupport/simulation/inverter,tb_full_adder_2bit,schematic/history_1/simulation/HSPICE_default/HSPICE/nominal databaseName /home/itsupport/simulation/inverter,tb_full_adder_2bit,schematic/history_1/simulation/HSPICE_default/HSPICE/nominal/resultsDatabase remoteRun {} testbenchId 1 saveImages true
[01:12:35.56] /m Information: Started sharing "Custom WaveView" license. (WAVEFORM-110)
[01:12:35.56] /e Error: Evaluating 'v(/A1)': "Could not find net named: A1" (HIERARCHY_COMMANDS-007)
[01:12:35.65] /o saeInterBGSaeShell:  ::sa::_backgroundSaeShell::scriptFinished 0.3 {} sa::_resultsDatabase::saeShellProcessingCompletedProc testSuiteName saeSession0 testbenchName HSPICE_default resultsDir /home/itsupport/simulation/inverter,tb_full_adder_2bit,schematic/history_1/simulation/HSPICE_default/HSPICE/nominal/results testSuiteDir /home/itsupport/simulation/inverter,tb_full_adder_2bit,schematic/history_1/simulation/HSPICE_default/HSPICE/nominal databaseName /home/itsupport/simulation/inverter,tb_full_adder_2bit,schematic/history_1/simulation/HSPICE_default/HSPICE/nominal/resultsDatabase remoteRun {} testbenchId 1 saveImages true
[01:12:35.65] /o false
[01:14:06.45] /i ::sa::_backgroundSaeShell::runScript /home/itsupport/simulation/inverter,tb_full_adder_2bit,schematic/history_1/simulation/HSPICE_default/HSPICE/nominal/.bg_measurement_script.tcl sa::_resultsDatabase::saeShellProcessingCompletedProc testSuiteName saeSession0 testbenchName HSPICE_default resultsDir /home/itsupport/simulation/inverter,tb_full_adder_2bit,schematic/history_1/simulation/HSPICE_default/HSPICE/nominal/results testSuiteDir /home/itsupport/simulation/inverter,tb_full_adder_2bit,schematic/history_1/simulation/HSPICE_default/HSPICE/nominal databaseName /home/itsupport/simulation/inverter,tb_full_adder_2bit,schematic/history_1/simulation/HSPICE_default/HSPICE/nominal/resultsDatabase remoteRun {} testbenchId 1 saveImages true
[01:14:06.64] /e Error: Evaluating 'v(/A1)': "Could not find net named: A1" (HIERARCHY_COMMANDS-007)
[01:14:06.74] /o saeInterBGSaeShell:  ::sa::_backgroundSaeShell::scriptFinished 0.2 {} sa::_resultsDatabase::saeShellProcessingCompletedProc testSuiteName saeSession0 testbenchName HSPICE_default resultsDir /home/itsupport/simulation/inverter,tb_full_adder_2bit,schematic/history_1/simulation/HSPICE_default/HSPICE/nominal/results testSuiteDir /home/itsupport/simulation/inverter,tb_full_adder_2bit,schematic/history_1/simulation/HSPICE_default/HSPICE/nominal databaseName /home/itsupport/simulation/inverter,tb_full_adder_2bit,schematic/history_1/simulation/HSPICE_default/HSPICE/nominal/resultsDatabase remoteRun {} testbenchId 1 saveImages true
[01:14:06.74] /o false
[01:15:08.84] /i ::sa::_backgroundSaeShell::runScript /home/itsupport/simulation/inverter,tb_full_adder_2bit,schematic/history_1/simulation/HSPICE_default/HSPICE/nominal/.bg_measurement_script.tcl sa::_resultsDatabase::saeShellProcessingCompletedProc testSuiteName saeSession0 testbenchName HSPICE_default resultsDir /home/itsupport/simulation/inverter,tb_full_adder_2bit,schematic/history_1/simulation/HSPICE_default/HSPICE/nominal/results testSuiteDir /home/itsupport/simulation/inverter,tb_full_adder_2bit,schematic/history_1/simulation/HSPICE_default/HSPICE/nominal databaseName /home/itsupport/simulation/inverter,tb_full_adder_2bit,schematic/history_1/simulation/HSPICE_default/HSPICE/nominal/resultsDatabase remoteRun {} testbenchId 1 saveImages true
[01:15:09.11] /o saeInterBGSaeShell:  ::sa::_backgroundSaeShell::scriptFinished 0.2 {} sa::_resultsDatabase::saeShellProcessingCompletedProc testSuiteName saeSession0 testbenchName HSPICE_default resultsDir /home/itsupport/simulation/inverter,tb_full_adder_2bit,schematic/history_1/simulation/HSPICE_default/HSPICE/nominal/results testSuiteDir /home/itsupport/simulation/inverter,tb_full_adder_2bit,schematic/history_1/simulation/HSPICE_default/HSPICE/nominal databaseName /home/itsupport/simulation/inverter,tb_full_adder_2bit,schematic/history_1/simulation/HSPICE_default/HSPICE/nominal/resultsDatabase remoteRun {} testbenchId 1 saveImages true
[01:15:09.11] /o false
[01:16:07.95] /i ::sa::_backgroundSaeShell::runScript /home/itsupport/simulation/inverter,tb_full_adder_2bit,schematic/history_1/simulation/HSPICE_default/HSPICE/nominal/.bg_measurement_script.tcl sa::_resultsDatabase::saeShellProcessingCompletedProc testSuiteName saeSession0 testbenchName HSPICE_default resultsDir /home/itsupport/simulation/inverter,tb_full_adder_2bit,schematic/history_1/simulation/HSPICE_default/HSPICE/nominal/results testSuiteDir /home/itsupport/simulation/inverter,tb_full_adder_2bit,schematic/history_1/simulation/HSPICE_default/HSPICE/nominal databaseName /home/itsupport/simulation/inverter,tb_full_adder_2bit,schematic/history_1/simulation/HSPICE_default/HSPICE/nominal/resultsDatabase remoteRun {} testbenchId 1 saveImages true
[01:16:08.28] /o saeInterBGSaeShell:  ::sa::_backgroundSaeShell::scriptFinished 0.3 {} sa::_resultsDatabase::saeShellProcessingCompletedProc testSuiteName saeSession0 testbenchName HSPICE_default resultsDir /home/itsupport/simulation/inverter,tb_full_adder_2bit,schematic/history_1/simulation/HSPICE_default/HSPICE/nominal/results testSuiteDir /home/itsupport/simulation/inverter,tb_full_adder_2bit,schematic/history_1/simulation/HSPICE_default/HSPICE/nominal databaseName /home/itsupport/simulation/inverter,tb_full_adder_2bit,schematic/history_1/simulation/HSPICE_default/HSPICE/nominal/resultsDatabase remoteRun {} testbenchId 1 saveImages true
[01:16:08.28] /o false
[01:17:14.05] /i ::sa::_backgroundSaeShell::runScript /home/itsupport/simulation/inverter,tb_full_adder_2bit,schematic/history_1/simulation/HSPICE_default/HSPICE/nominal/.bg_measurement_script.tcl sa::_resultsDatabase::saeShellProcessingCompletedProc testSuiteName saeSession0 testbenchName HSPICE_default resultsDir /home/itsupport/simulation/inverter,tb_full_adder_2bit,schematic/history_1/simulation/HSPICE_default/HSPICE/nominal/results testSuiteDir /home/itsupport/simulation/inverter,tb_full_adder_2bit,schematic/history_1/simulation/HSPICE_default/HSPICE/nominal databaseName /home/itsupport/simulation/inverter,tb_full_adder_2bit,schematic/history_1/simulation/HSPICE_default/HSPICE/nominal/resultsDatabase remoteRun {} testbenchId 1 saveImages true
[01:17:14.31] /o saeInterBGSaeShell:  ::sa::_backgroundSaeShell::scriptFinished 0.2 {} sa::_resultsDatabase::saeShellProcessingCompletedProc testSuiteName saeSession0 testbenchName HSPICE_default resultsDir /home/itsupport/simulation/inverter,tb_full_adder_2bit,schematic/history_1/simulation/HSPICE_default/HSPICE/nominal/results testSuiteDir /home/itsupport/simulation/inverter,tb_full_adder_2bit,schematic/history_1/simulation/HSPICE_default/HSPICE/nominal databaseName /home/itsupport/simulation/inverter,tb_full_adder_2bit,schematic/history_1/simulation/HSPICE_default/HSPICE/nominal/resultsDatabase remoteRun {} testbenchId 1 saveImages true
[01:17:14.31] /o false
[01:18:13.52] /i ::sa::_backgroundSaeShell::exit
[01:18:13.52] /o saeInterBGSaeShell:  ::sa::_backgroundSaeShell::childFormallyExiting
