[00:24:41.08] /m Information: License 'SAE' checked out. (LICENSE-003)
[00:24:42.31] /o sae_shell Version Custom Compiler N-2017.12-SP1-2
              /c Build  (OPT) compiled on Wed May 16 15:20:56 2018 for RHEL64 6.6
              /c Execution time: Thu May 21 00:24:40 2026
              /c Host: localhost.localdomain
              /c 
              /c Copyright © 2004-2018 Synopsys, Inc.
              /c This software and the associated documentation are proprietary to Synopsys, Inc. This software may only be used in accordance with the terms and conditions of a written license agreement with Synopsys, Inc. All other use, reproduction, or distribution of this software is strictly prohibited.
              /c 
              /c 
[00:24:42.32] /w Warning: Preference 'leActiveLPP' is deprecated and scheduled for removal in a future release with no replacement. For migration assistance, see the Custom Compiler Tcl Reference Manual. (PREFERENCE-058)
[00:24:42.32] /o 	#######################################
[00:24:42.32] /o 	PDK Library Name	: reference90RF
[00:24:42.33] /o 	PDK Version		: 2.0
[00:24:42.33] /o 	PDK Release Date	: 25-March-2010 
[00:24:42.33] /o 	#######################################
[00:24:42.33] /o 
[00:24:42.33] /i ::sa::_backgroundSaeShell::signalProcessReady 1779297879
[00:24:42.33] /o saeInterBGSaeShell:  ::sa::_backgroundSaeShell::processReady 3
[00:24:46.78] /i ::sa::_backgroundSaeShell::runScript /home/itsupport/simulation/project_d_ff,inv_store_tb,schematic/history_1/simulation/HSPICE_inv_store/HSPICE/nominal/.bg_measurement_script.tcl sa::_resultsDatabase::saeShellProcessingCompletedProc testSuiteName saeSession1 testbenchName HSPICE_inv_store resultsDir /home/itsupport/simulation/project_d_ff,inv_store_tb,schematic/history_1/simulation/HSPICE_inv_store/HSPICE/nominal/results testSuiteDir /home/itsupport/simulation/project_d_ff,inv_store_tb,schematic/history_1/simulation/HSPICE_inv_store/HSPICE/nominal databaseName /home/itsupport/simulation/project_d_ff,inv_store_tb,schematic/history_1/simulation/HSPICE_inv_store/HSPICE/nominal/resultsDatabase remoteRun {} testbenchId 1 saveImages true
[00:24:47.45] /m Information: Started sharing "Custom WaveView" license. (WAVEFORM-110)
[00:24:47.58] /o saeInterBGSaeShell:  ::sa::_backgroundSaeShell::scriptFinished 0.7 {} sa::_resultsDatabase::saeShellProcessingCompletedProc testSuiteName saeSession1 testbenchName HSPICE_inv_store resultsDir /home/itsupport/simulation/project_d_ff,inv_store_tb,schematic/history_1/simulation/HSPICE_inv_store/HSPICE/nominal/results testSuiteDir /home/itsupport/simulation/project_d_ff,inv_store_tb,schematic/history_1/simulation/HSPICE_inv_store/HSPICE/nominal databaseName /home/itsupport/simulation/project_d_ff,inv_store_tb,schematic/history_1/simulation/HSPICE_inv_store/HSPICE/nominal/resultsDatabase remoteRun {} testbenchId 1 saveImages true
[00:24:47.58] /o false
