[17:55:17.44] /m Information: License 'SAE' checked out. (LICENSE-003)
[17:55:18.63] /o sae_shell Version Custom Compiler N-2017.12-SP1-2
              /c Build  (OPT) compiled on Wed May 16 15:20:56 2018 for RHEL64 6.6
              /c Execution time: Tue Apr 14 17:55:16 2026
              /c Host: localhost.localdomain
              /c 
              /c Copyright © 2004-2018 Synopsys, Inc.
              /c This software and the associated documentation are proprietary to Synopsys, Inc. This software may only be used in accordance with the terms and conditions of a written license agreement with Synopsys, Inc. All other use, reproduction, or distribution of this software is strictly prohibited.
              /c 
              /c 
[17:55:18.65] /w Warning: Preference 'leActiveLPP' is deprecated and scheduled for removal in a future release with no replacement. For migration assistance, see the Custom Compiler Tcl Reference Manual. (PREFERENCE-058)
[17:55:18.65] /o 	#######################################
[17:55:18.65] /o 	PDK Library Name	: reference90RF
[17:55:18.65] /o 	PDK Version		: 2.0
[17:55:18.65] /o 	PDK Release Date	: 25-March-2010 
[17:55:18.65] /o 	#######################################
[17:55:18.65] /o 
[17:55:18.65] /i ::sa::_backgroundSaeShell::signalProcessReady 1776164115
[17:55:18.65] /o saeInterBGSaeShell:  ::sa::_backgroundSaeShell::processReady 3
[17:58:14.72] /i ::sa::_backgroundSaeShell::runScript /home/itsupport/simulation/inverter,tb_pmos,schematic/history_1/simulation/default/HSPICE/parametric/.bg_measurement_script.tcl sa::_resultsDatabase::saeShellProcessingCompletedProc testSuiteName saeSession8 testbenchName default resultsDir /home/itsupport/simulation/inverter,tb_pmos,schematic/history_1/simulation/default/HSPICE/parametric/results testSuiteDir /home/itsupport/simulation/inverter,tb_pmos,schematic/history_1/simulation/default/HSPICE/parametric databaseName /home/itsupport/simulation/inverter,tb_pmos,schematic/history_1/simulation/default/HSPICE/parametric/resultsDatabase remoteRun {} testbenchId 1 saveImages true
[17:58:14.90] /m Information: Expression 'i(/V2/PLUS)' did not evaluate: No results found.
[17:58:14.90] /m Information: Expression 'i(/V2/MINUS)' did not evaluate: No results found.
[17:58:14.96] /m Information: Re-evaluating the failed expression 'i(/V2/PLUS)'
[17:58:14.96] /m Information: Expression 'i(/V2/PLUS)' did not evaluate: No results found.
[17:58:14.96] /m Information: Re-evaluating the failed expression 'i(/V2/MINUS)'
[17:58:14.96] /m Information: Expression 'i(/V2/MINUS)' did not evaluate: No results found.
[17:58:14.99] /o saeInterBGSaeShell:  ::sa::_backgroundSaeShell::scriptFinished 0.2 {} sa::_resultsDatabase::saeShellProcessingCompletedProc testSuiteName saeSession8 testbenchName default resultsDir /home/itsupport/simulation/inverter,tb_pmos,schematic/history_1/simulation/default/HSPICE/parametric/results testSuiteDir /home/itsupport/simulation/inverter,tb_pmos,schematic/history_1/simulation/default/HSPICE/parametric databaseName /home/itsupport/simulation/inverter,tb_pmos,schematic/history_1/simulation/default/HSPICE/parametric/resultsDatabase remoteRun {} testbenchId 1 saveImages true
[17:58:14.99] /o false
[17:59:30.13] /i ::sa::_backgroundSaeShell::runScript /home/itsupport/simulation/inverter,tb_pmos,schematic/history_1/simulation/default/HSPICE/parametric/.bg_measurement_script.tcl sa::_resultsDatabase::saeShellProcessingCompletedProc testSuiteName saeSession8 testbenchName default resultsDir /home/itsupport/simulation/inverter,tb_pmos,schematic/history_1/simulation/default/HSPICE/parametric/results testSuiteDir /home/itsupport/simulation/inverter,tb_pmos,schematic/history_1/simulation/default/HSPICE/parametric databaseName /home/itsupport/simulation/inverter,tb_pmos,schematic/history_1/simulation/default/HSPICE/parametric/resultsDatabase remoteRun {} testbenchId 1 saveImages true
[17:59:30.32] /m Information: Expression 'i(/V2/PLUS)' did not evaluate: No results found.
[17:59:30.32] /m Information: Expression 'i(/V2/MINUS)' did not evaluate: No results found.
[17:59:30.37] /m Information: Re-evaluating the failed expression 'i(/V2/PLUS)'
[17:59:30.37] /m Information: Expression 'i(/V2/PLUS)' did not evaluate: No results found.
[17:59:30.37] /m Information: Re-evaluating the failed expression 'i(/V2/MINUS)'
[17:59:30.37] /m Information: Expression 'i(/V2/MINUS)' did not evaluate: No results found.
[17:59:30.39] /o saeInterBGSaeShell:  ::sa::_backgroundSaeShell::scriptFinished 0.2 {} sa::_resultsDatabase::saeShellProcessingCompletedProc testSuiteName saeSession8 testbenchName default resultsDir /home/itsupport/simulation/inverter,tb_pmos,schematic/history_1/simulation/default/HSPICE/parametric/results testSuiteDir /home/itsupport/simulation/inverter,tb_pmos,schematic/history_1/simulation/default/HSPICE/parametric databaseName /home/itsupport/simulation/inverter,tb_pmos,schematic/history_1/simulation/default/HSPICE/parametric/resultsDatabase remoteRun {} testbenchId 1 saveImages true
[17:59:30.39] /o false
[18:01:34.31] /i ::sa::_backgroundSaeShell::runScript /home/itsupport/simulation/inverter,tb_pmos,schematic/history_1/simulation/default/HSPICE/nominal/.bg_measurement_script.tcl sa::_resultsDatabase::saeShellProcessingCompletedProc testSuiteName saeSession8 testbenchName default resultsDir /home/itsupport/simulation/inverter,tb_pmos,schematic/history_1/simulation/default/HSPICE/nominal/results testSuiteDir /home/itsupport/simulation/inverter,tb_pmos,schematic/history_1/simulation/default/HSPICE/nominal databaseName /home/itsupport/simulation/inverter,tb_pmos,schematic/history_1/simulation/default/HSPICE/nominal/resultsDatabase remoteRun {} testbenchId 1 saveImages true
[18:01:34.47] /m Information: Expression 'i(/V2/PLUS)' did not evaluate: No results found.
[18:01:34.47] /m Information: Expression 'i(/V2/MINUS)' did not evaluate: No results found.
[18:01:34.54] /o saeInterBGSaeShell:  ::sa::_backgroundSaeShell::scriptFinished 0.2 {} sa::_resultsDatabase::saeShellProcessingCompletedProc testSuiteName saeSession8 testbenchName default resultsDir /home/itsupport/simulation/inverter,tb_pmos,schematic/history_1/simulation/default/HSPICE/nominal/results testSuiteDir /home/itsupport/simulation/inverter,tb_pmos,schematic/history_1/simulation/default/HSPICE/nominal databaseName /home/itsupport/simulation/inverter,tb_pmos,schematic/history_1/simulation/default/HSPICE/nominal/resultsDatabase remoteRun {} testbenchId 1 saveImages true
[18:01:34.54] /o false
[18:02:30.33] /i ::sa::_backgroundSaeShell::runScript /home/itsupport/simulation/inverter,tb_pmos,schematic/history_1/simulation/default/HSPICE/parametric/.bg_measurement_script.tcl sa::_resultsDatabase::saeShellProcessingCompletedProc testSuiteName saeSession8 testbenchName default resultsDir /home/itsupport/simulation/inverter,tb_pmos,schematic/history_1/simulation/default/HSPICE/parametric/results testSuiteDir /home/itsupport/simulation/inverter,tb_pmos,schematic/history_1/simulation/default/HSPICE/parametric databaseName /home/itsupport/simulation/inverter,tb_pmos,schematic/history_1/simulation/default/HSPICE/parametric/resultsDatabase remoteRun {} testbenchId 1 saveImages true
[18:02:30.55] /m Information: Expression 'i(/V2/PLUS)' did not evaluate: No results found.
[18:02:30.55] /m Information: Expression 'i(/V2/MINUS)' did not evaluate: No results found.
[18:02:30.59] /m Information: Expression 'i(/V2/PLUS)' did not evaluate: No results found.
[18:02:30.59] /m Information: Expression 'i(/V2/MINUS)' did not evaluate: No results found.
[18:02:30.64] /m Information: Expression 'i(/V2/PLUS)' did not evaluate: No results found.
[18:02:30.64] /m Information: Expression 'i(/V2/MINUS)' did not evaluate: No results found.
[18:02:30.67] /m Information: Expression 'i(/V2/PLUS)' did not evaluate: No results found.
[18:02:30.67] /m Information: Expression 'i(/V2/MINUS)' did not evaluate: No results found.
[18:02:30.71] /m Information: Expression 'i(/V2/PLUS)' did not evaluate: No results found.
[18:02:30.71] /m Information: Expression 'i(/V2/MINUS)' did not evaluate: No results found.
[18:02:30.75] /m Information: Re-evaluating the failed expression 'i(/V2/PLUS)'
[18:02:30.75] /m Information: Expression 'i(/V2/PLUS)' did not evaluate: No results found.
[18:02:30.75] /m Information: Re-evaluating the failed expression 'i(/V2/MINUS)'
[18:02:30.75] /m Information: Expression 'i(/V2/MINUS)' did not evaluate: No results found.
[18:02:30.78] /o saeInterBGSaeShell:  ::sa::_backgroundSaeShell::scriptFinished 0.4 {} sa::_resultsDatabase::saeShellProcessingCompletedProc testSuiteName saeSession8 testbenchName default resultsDir /home/itsupport/simulation/inverter,tb_pmos,schematic/history_1/simulation/default/HSPICE/parametric/results testSuiteDir /home/itsupport/simulation/inverter,tb_pmos,schematic/history_1/simulation/default/HSPICE/parametric databaseName /home/itsupport/simulation/inverter,tb_pmos,schematic/history_1/simulation/default/HSPICE/parametric/resultsDatabase remoteRun {} testbenchId 1 saveImages true
[18:02:30.78] /o false
[18:03:52.62] /i ::sa::_backgroundSaeShell::runScript /home/itsupport/simulation/inverter,tb_pmos,schematic/history_1/simulation/default/HSPICE/parametric/.bg_measurement_script.tcl sa::_resultsDatabase::saeShellProcessingCompletedProc testSuiteName saeSession8 testbenchName default resultsDir /home/itsupport/simulation/inverter,tb_pmos,schematic/history_1/simulation/default/HSPICE/parametric/results testSuiteDir /home/itsupport/simulation/inverter,tb_pmos,schematic/history_1/simulation/default/HSPICE/parametric databaseName /home/itsupport/simulation/inverter,tb_pmos,schematic/history_1/simulation/default/HSPICE/parametric/resultsDatabase remoteRun {} testbenchId 1 saveImages true
[18:03:52.85] /m Information: Expression 'i(/V2/PLUS)' did not evaluate: No results found.
[18:03:52.85] /m Information: Expression 'i(/V2/MINUS)' did not evaluate: No results found.
[18:03:52.88] /m Information: Expression 'i(/V2/PLUS)' did not evaluate: No results found.
[18:03:52.88] /m Information: Expression 'i(/V2/MINUS)' did not evaluate: No results found.
[18:03:52.91] /m Information: Expression 'i(/V2/PLUS)' did not evaluate: No results found.
[18:03:52.91] /m Information: Expression 'i(/V2/MINUS)' did not evaluate: No results found.
[18:03:52.95] /m Information: Expression 'i(/V2/PLUS)' did not evaluate: No results found.
[18:03:52.95] /m Information: Expression 'i(/V2/MINUS)' did not evaluate: No results found.
[18:03:52.98] /m Information: Expression 'i(/V2/PLUS)' did not evaluate: No results found.
[18:03:52.98] /m Information: Expression 'i(/V2/MINUS)' did not evaluate: No results found.
[18:03:53.01] /m Information: Re-evaluating the failed expression 'i(/V2/PLUS)'
[18:03:53.01] /m Information: Expression 'i(/V2/PLUS)' did not evaluate: No results found.
[18:03:53.01] /m Information: Re-evaluating the failed expression 'i(/V2/MINUS)'
[18:03:53.01] /m Information: Expression 'i(/V2/MINUS)' did not evaluate: No results found.
[18:03:53.03] /o saeInterBGSaeShell:  ::sa::_backgroundSaeShell::scriptFinished 0.4 {} sa::_resultsDatabase::saeShellProcessingCompletedProc testSuiteName saeSession8 testbenchName default resultsDir /home/itsupport/simulation/inverter,tb_pmos,schematic/history_1/simulation/default/HSPICE/parametric/results testSuiteDir /home/itsupport/simulation/inverter,tb_pmos,schematic/history_1/simulation/default/HSPICE/parametric databaseName /home/itsupport/simulation/inverter,tb_pmos,schematic/history_1/simulation/default/HSPICE/parametric/resultsDatabase remoteRun {} testbenchId 1 saveImages true
[18:03:53.03] /o false
[18:03:57.95] /i ::sa::_backgroundSaeShell::runScript /home/itsupport/simulation/inverter,tb_pmos,schematic/history_1/simulation/default/HSPICE/parametric/.bg_measurement_script.tcl sa::_resultsDatabase::saeShellProcessingCompletedProc testSuiteName saeSession8 testbenchName default resultsDir /home/itsupport/simulation/inverter,tb_pmos,schematic/history_1/simulation/default/HSPICE/parametric/results testSuiteDir /home/itsupport/simulation/inverter,tb_pmos,schematic/history_1/simulation/default/HSPICE/parametric databaseName /home/itsupport/simulation/inverter,tb_pmos,schematic/history_1/simulation/default/HSPICE/parametric/resultsDatabase remoteRun {} testbenchId 1 saveImages true
[18:03:58.17] /m Information: Expression 'i(/V2/PLUS)' did not evaluate: No results found.
[18:03:58.17] /m Information: Expression 'i(/V2/MINUS)' did not evaluate: No results found.
[18:03:58.21] /m Information: Expression 'i(/V2/PLUS)' did not evaluate: No results found.
[18:03:58.21] /m Information: Expression 'i(/V2/MINUS)' did not evaluate: No results found.
[18:03:58.25] /m Information: Expression 'i(/V2/PLUS)' did not evaluate: No results found.
[18:03:58.25] /m Information: Expression 'i(/V2/MINUS)' did not evaluate: No results found.
[18:03:58.28] /m Information: Expression 'i(/V2/PLUS)' did not evaluate: No results found.
[18:03:58.28] /m Information: Expression 'i(/V2/MINUS)' did not evaluate: No results found.
[18:03:58.32] /m Information: Expression 'i(/V2/PLUS)' did not evaluate: No results found.
[18:03:58.32] /m Information: Expression 'i(/V2/MINUS)' did not evaluate: No results found.
[18:03:58.36] /m Information: Re-evaluating the failed expression 'i(/V2/PLUS)'
[18:03:58.36] /m Information: Expression 'i(/V2/PLUS)' did not evaluate: No results found.
[18:03:58.36] /m Information: Re-evaluating the failed expression 'i(/V2/MINUS)'
[18:03:58.36] /m Information: Expression 'i(/V2/MINUS)' did not evaluate: No results found.
[18:03:58.39] /o saeInterBGSaeShell:  ::sa::_backgroundSaeShell::scriptFinished 0.4 {} sa::_resultsDatabase::saeShellProcessingCompletedProc testSuiteName saeSession8 testbenchName default resultsDir /home/itsupport/simulation/inverter,tb_pmos,schematic/history_1/simulation/default/HSPICE/parametric/results testSuiteDir /home/itsupport/simulation/inverter,tb_pmos,schematic/history_1/simulation/default/HSPICE/parametric databaseName /home/itsupport/simulation/inverter,tb_pmos,schematic/history_1/simulation/default/HSPICE/parametric/resultsDatabase remoteRun {} testbenchId 1 saveImages true
[18:03:58.39] /o false
[18:08:32.29] /i ::sa::_backgroundSaeShell::runScript /home/itsupport/simulation/inverter,tb_pmos,schematic/history_1/simulation/default/HSPICE/parametric/.bg_measurement_script.tcl sa::_resultsDatabase::saeShellProcessingCompletedProc testSuiteName saeSession8 testbenchName default resultsDir /home/itsupport/simulation/inverter,tb_pmos,schematic/history_1/simulation/default/HSPICE/parametric/results testSuiteDir /home/itsupport/simulation/inverter,tb_pmos,schematic/history_1/simulation/default/HSPICE/parametric databaseName /home/itsupport/simulation/inverter,tb_pmos,schematic/history_1/simulation/default/HSPICE/parametric/resultsDatabase remoteRun {} testbenchId 1 saveImages true
[18:08:32.58] /m Information: Started sharing "Custom WaveView" license. (WAVEFORM-110)
[18:08:32.90] /o saeInterBGSaeShell:  ::sa::_backgroundSaeShell::scriptFinished 0.6 {} sa::_resultsDatabase::saeShellProcessingCompletedProc testSuiteName saeSession8 testbenchName default resultsDir /home/itsupport/simulation/inverter,tb_pmos,schematic/history_1/simulation/default/HSPICE/parametric/results testSuiteDir /home/itsupport/simulation/inverter,tb_pmos,schematic/history_1/simulation/default/HSPICE/parametric databaseName /home/itsupport/simulation/inverter,tb_pmos,schematic/history_1/simulation/default/HSPICE/parametric/resultsDatabase remoteRun {} testbenchId 1 saveImages true
[18:08:32.90] /o false
[18:08:42.03] /i ::wf::viewerExited
[18:08:59.36] /i ::sa::_backgroundSaeShell::runScript /home/itsupport/simulation/inverter,tb_pmos,schematic/history_1/simulation/default/HSPICE/parametric/.bg_measurement_script.tcl sa::_resultsDatabase::saeShellProcessingCompletedProc testSuiteName saeSession8 testbenchName default resultsDir /home/itsupport/simulation/inverter,tb_pmos,schematic/history_1/simulation/default/HSPICE/parametric/results testSuiteDir /home/itsupport/simulation/inverter,tb_pmos,schematic/history_1/simulation/default/HSPICE/parametric databaseName /home/itsupport/simulation/inverter,tb_pmos,schematic/history_1/simulation/default/HSPICE/parametric/resultsDatabase remoteRun {} testbenchId 1 saveImages true
[18:08:59.80] /o saeInterBGSaeShell:  ::sa::_backgroundSaeShell::scriptFinished 0.4 {} sa::_resultsDatabase::saeShellProcessingCompletedProc testSuiteName saeSession8 testbenchName default resultsDir /home/itsupport/simulation/inverter,tb_pmos,schematic/history_1/simulation/default/HSPICE/parametric/results testSuiteDir /home/itsupport/simulation/inverter,tb_pmos,schematic/history_1/simulation/default/HSPICE/parametric databaseName /home/itsupport/simulation/inverter,tb_pmos,schematic/history_1/simulation/default/HSPICE/parametric/resultsDatabase remoteRun {} testbenchId 1 saveImages true
[18:08:59.80] /o false
[18:09:42.04] /i ::wf::viewerExited
[18:10:40.31] /i ::sa::_backgroundSaeShell::runScript /home/itsupport/simulation/inverter,tb_pmos,schematic/history_1/simulation/default/HSPICE/parametric/.bg_measurement_script.tcl sa::_resultsDatabase::saeShellProcessingCompletedProc testSuiteName saeSession8 testbenchName default resultsDir /home/itsupport/simulation/inverter,tb_pmos,schematic/history_1/simulation/default/HSPICE/parametric/results testSuiteDir /home/itsupport/simulation/inverter,tb_pmos,schematic/history_1/simulation/default/HSPICE/parametric databaseName /home/itsupport/simulation/inverter,tb_pmos,schematic/history_1/simulation/default/HSPICE/parametric/resultsDatabase remoteRun {} testbenchId 1 saveImages true
[18:10:40.72] /e Error: Evaluating 'i(/V2/MINUS)': The object is invalid. It may have been destroyed or its database may be purged.  (TCL_OBJECT-007)
[18:10:40.79] /e Error: Evaluating 'i(/V2/MINUS)': The object is invalid. It may have been destroyed or its database may be purged.  (TCL_OBJECT-007)
[18:10:40.85] /e Error: Evaluating 'i(/V2/MINUS)': The object is invalid. It may have been destroyed or its database may be purged.  (TCL_OBJECT-007)
[18:10:40.92] /e Error: Evaluating 'i(/V2/MINUS)': The object is invalid. It may have been destroyed or its database may be purged.  (TCL_OBJECT-007)
[18:10:41.01] /e Error: Evaluating 'i(/V2/MINUS)': The object is invalid. It may have been destroyed or its database may be purged.  (TCL_OBJECT-007)
[18:10:41.08] /m Information: Re-evaluating the failed expression 'i(/V2/MINUS)'
[18:10:41.13] /o saeInterBGSaeShell:  ::sa::_backgroundSaeShell::scriptFinished 0.8 {} sa::_resultsDatabase::saeShellProcessingCompletedProc testSuiteName saeSession8 testbenchName default resultsDir /home/itsupport/simulation/inverter,tb_pmos,schematic/history_1/simulation/default/HSPICE/parametric/results testSuiteDir /home/itsupport/simulation/inverter,tb_pmos,schematic/history_1/simulation/default/HSPICE/parametric databaseName /home/itsupport/simulation/inverter,tb_pmos,schematic/history_1/simulation/default/HSPICE/parametric/resultsDatabase remoteRun {} testbenchId 1 saveImages true
[18:10:41.13] /o false
[18:10:57.93] /i ::wf::viewerExited
[18:11:02.16] /i ::sa::_backgroundSaeShell::exit
[18:11:02.16] /o saeInterBGSaeShell:  ::sa::_backgroundSaeShell::childFormallyExiting
