
                                  StarRC (TM)

               Version O-2018.06-SP1 for linux64 - Jul 19, 2018 

                    Copyright (c) 1999 - 2018 Synopsys, Inc.
   This software and the associated documentation are proprietary to Synopsys,
 Inc. This software may only be used in accordance with the terms and conditions
 of a written license agreement with Synopsys, Inc. All other use, reproduction,
            or distribution of this software is strictly prohibited.

ExecName: /usr/synopsys/starrc/O-2018.06-SP1/linux64_starrc/bin/StarXtract
Version: O-2018.06-SP1
Built on: Jul 19 2018 21:37:47
Start Time: Sat May 23 09:33:42 2026

Host ............ localhost.localdomain

xTractorName: /usr/synopsys/starrc/O-2018.06-SP1/linux64_starrc/bin/xTractor
Version: O-2018.06-SP1
Built on: Jul 19 2018 21:37:30
INFORMATION: TCAD_GRD_FILE (nxtgrd file) generated by >4 years older version than the StarRC
             version is used for this extraction. (SX-3595)
WARNING: MODE is no longer required for this type of extraction.  Ignoring MODE in StarRC command
         file. (SX-0499)
WARNING: Schematic device 'cmim_3t' equates to undefined layout device 'cmim_3t'. (SX-2284)
WARNING: Schematic device 'MOSVAR_1V2' equates to undefined layout device 'MOSVAR_1V2'. (SX-2284)
WARNING: Following option "DETECT_PERMUTABLE_PORTS" detected in Hercules/ICV runset is not supported
         in StarXtract. (SX-2775)
WARNING: Following option "PUSH_DOWN_PINS" detected in Hercules/ICV runset is not supported in
         StarXtract. (SX-2776)
WARNING: Following option "PUSH_DOWN_DEVICES" detected in Hercules/ICV runset is not supported in
         StarXtract. (SX-2777)
WARNING: Hercules COMPARE option MEMORY_ARRAY_COMPARISON is not supported for XREF extractions. (SX-2274)
WARNING: Command -clean is obsoleted for GATE level extraction and turned on by default. (SX-3582)
WARNING: Schematic device 'cmim_3t' equates to undefined layout device 'cmim_3t'. (SX-2284)
WARNING: Schematic device 'MOSVAR_1V2' equates to undefined layout device 'MOSVAR_1V2'. (SX-2284)
WARNING: Following option "DETECT_PERMUTABLE_PORTS" detected in Hercules/ICV runset is not supported
         in StarXtract. (SX-2775)
WARNING: Following option "PUSH_DOWN_PINS" detected in Hercules/ICV runset is not supported in
         StarXtract. (SX-2776)
WARNING: Following option "PUSH_DOWN_DEVICES" detected in Hercules/ICV runset is not supported in
         StarXtract. (SX-2777)
WARNING: Hercules COMPARE option MEMORY_ARRAY_COMPARISON is not supported for XREF extractions. (SX-2274)
WARNING: OBSERVATION_POINT cell pattern "*" does not match any non SKIP_CELL EQUIV points and will
         be ignored. (SX-1768)

Block ........... CLOCK_inv
Star Directory .. /home/itsupport/Desktop/lab1vlsi/synopsys_custom/CLOCK_inv.starrc.lpe/star
Milkyway DB ..... /home/itsupport/Desktop/lab1vlsi/EXTRACT_VIEW
 Ref Libs Report is skipped.
  Setup         Elp=00:00:02 Cpu=00:00:00 Usr=0.4    Sys=0.0    Mem=429.2 
Done

Map Layers:  Sat May 23 09:33:44 2026
WARNING: Device terminal layer 'coll_dnw_pnp' used by "'DNWPNP':'COLL'" is removed in MAPPING_FILE
         or is the BULK terminal of another device. (SX-2250)
WARNING: Device terminal layer 'mom_cap_123_term' used by "'cmom_123':'T1'" is removed in
         MAPPING_FILE or is the BULK terminal of another device. (SX-2250)
WARNING: Device terminal layer 'mom_cap_123_term' used by "'cmom_123':'T2'" is removed in
         MAPPING_FILE or is the BULK terminal of another device. (SX-2250)
WARNING: Device terminal layer 'mom_cap_1234_term' used by "'cmom_1234':'T1'" is removed in
         MAPPING_FILE or is the BULK terminal of another device. (SX-2250)
WARNING: Device terminal layer 'mom_cap_1234_term' used by "'cmom_1234':'T2'" is removed in
         MAPPING_FILE or is the BULK terminal of another device. (SX-2250)
WARNING: Device terminal layer 'mom_cap_234_term' used by "'cmom_234':'T1'" is removed in
         MAPPING_FILE or is the BULK terminal of another device. (SX-2250)
WARNING: Device terminal layer 'mom_cap_234_term' used by "'cmom_234':'T2'" is removed in
         MAPPING_FILE or is the BULK terminal of another device. (SX-2250)
WARNING: Layer "M3S" has no connections. (SX-1851)
WARNING: Layer "M4S" has no connections. (SX-1851)
WARNING: The precedence is not set for ignored cap layer: psub (SX-1794)
WARNING: The precedence is not set for ignored cap layer: nxwell (SX-1794)
WARNING: The precedence is not set for ignored cap layer: nxwell_NWDIODE (SX-1794)
WARNING: The precedence is not set for ignored cap layer: nxwell_NWDIODE18 (SX-1794)
WARNING: The precedence is not set for ignored cap layer: nxwell_NWDIODE25 (SX-1794)
WARNING: The precedence is not set for ignored cap layer: nxwell_NWDIODE33 (SX-1794)
WARNING: The precedence is not set for layers mapped to substrate in the mapping file when
         TRANSLATE_RETAIN_BULK_LAYERS:YES or CONLY is specified in your command file. Accuracy can
         be affected. Check the order of substrate layer and set precedence for them in your
 mapping
         file whenever the TRANSLATE_RETAIN_BULK_LAYERS:YES or CONLY command is used. (SX-1790)
  Warnings: 16    Errors: 0    (See file summary/layers.sum)
  Layers        Elp=00:00:00 Cpu=00:00:00 Usr=0.0    Sys=0.1    Mem=429.2 
Done

Create Models:  Sat May 23 09:33:44 2026
  Warnings: 0    Errors: 0
  Models        Elp=00:00:00 Cpu=00:00:00 Usr=0.0    Sys=0.0    Mem=429.2 
Done

Build HN:  Sat May 23 09:33:44 2026
  Warnings: 0    Errors: 0
  HN            Elp=00:00:00 Cpu=00:00:00 Usr=0.0    Sys=0.1    Mem=445.2 
Done

Build XrefHN:  Sat May 23 09:33:44 2026
  Warnings: 0    Errors: 0
  XrefHN        Elp=00:00:00 Cpu=00:00:00 Usr=0.0    Sys=0.0    Mem=335.4 
Done

Process Cells:  Sat May 23 09:33:44 2026
  Warnings: 0    Errors: 0
  Cells         Elp=00:00:00 Cpu=00:00:00 Usr=0.0    Sys=0.0    Mem=429.2 
Done

Translate DB:  Sat May 23 09:33:44 2026
  Warnings: 0    Errors: 0
  Translate     Elp=00:00:01 Cpu=00:00:00 Usr=0.0    Sys=0.0    Mem=429.2 
Done

Netlist Setup:  Sat May 23 09:33:45 2026
  Warnings: 0    Errors: 0
  NetlistSetup  Elp=00:00:00 Cpu=00:00:00 Usr=0.0    Sys=0.0    Mem=331.4 
Done

xTract DB:  Sat May 23 09:33:45 2026
Completed  10%  Time=00:00:00  RemainingTime=00:00:00  Mem=356.277
Completed  30%  Time=00:00:00  RemainingTime=00:00:00  Mem=356.277
WARNING: Two Overlapping rectangles with different cap_levels and same picture levels Layer POLS
         overlaps with ngate Suggested Fix in Transistor Level: Use Boolean Not in runset to remove
         the overlap r1= R0,  x(-49900,-48900)  ; y(23150,41600) ideal=4 act_level=106 pic_level=2
         cap_level=3 r2= R0,  x(-49900,-48900)  ; y(24450,27450) ideal=4 act_level=40 pic_level=2
         cap_level=2 (EX-78)
WARNING: Two Overlapping rectangles with different cap_levels and same picture levels Layer POLS
         overlaps with ngate Suggested Fix in Transistor Level: Use Boolean Not in runset to remove
         the overlap r1= R0,  x(-49900,-48900)  ; y(23150,41600) ideal=4 act_level=106 pic_level=2
         cap_level=3 r2= R0,  x(-49400,-49400)  ; y(25950,25950) ideal=4 act_level=40 pic_level=2
         cap_level=2 (EX-78)
WARNING: Two Overlapping rectangles with different cap_levels and same picture levels Layer POLS
         overlaps with pgate Suggested Fix in Transistor Level: Use Boolean Not in runset to remove
         the overlap r1= R0,  x(-49900,-48900)  ; y(23150,41600) ideal=4 act_level=106 pic_level=2
         cap_level=3 r2= R0,  x(-49900,-48900)  ; y(32800,40300) ideal=4 act_level=57 pic_level=2
         cap_level=2 (EX-78)
WARNING: Two Overlapping rectangles with different cap_levels and same picture levels Layer POLS
         overlaps with pgate Suggested Fix in Transistor Level: Use Boolean Not in runset to remove
         the overlap r1= R0,  x(-49900,-48900)  ; y(23150,41600) ideal=4 act_level=106 pic_level=2
         cap_level=3 r2= R0,  x(-49400,-49400)  ; y(36550,36550) ideal=4 act_level=57 pic_level=2
         cap_level=2 (EX-78)
Completed  50%  Time=00:00:00  RemainingTime=00:00:00  Mem=356.277
Completed  70%  Time=00:00:00  RemainingTime=00:00:00  Mem=356.277
Completed  90%  Time=00:00:00  RemainingTime=00:00:00  Mem=356.277
Completed 100%  Time=00:00:00  RemainingTime=00:00:00  Mem=356.277
Extracted 61 capacitors, 242 resistors, 145 nodes
Reduced to 52 nodes,  (64.1379%)
Reduced to 47 resistors,  (80.5785%)
  Warnings: 4    Errors: 0    (See file summary/xtract.sum)
  xTract        Elp=00:00:00 Cpu=00:00:00 Usr=0.1    Sys=0.2    Mem=356.3 
Done

xTract Post Process DB:  Sat May 23 09:33:45 2026
Completed  10%  Time=00:00:00  RemainingTime=00:00:00  Mem=225.984
Completed  20%  Time=00:00:00  RemainingTime=00:00:00  Mem=225.984
Completed  40%  Time=00:00:00  RemainingTime=00:00:00  Mem=225.984
Completed  60%  Time=00:00:00  RemainingTime=00:00:00  Mem=225.984
Completed  80%  Time=00:00:00  RemainingTime=00:00:00  Mem=225.984
Completed 100%  Time=00:00:00  RemainingTime=00:00:00  Mem=225.984
  Warnings: 0    Errors: 0
  xTractPP      Elp=00:00:00 Cpu=00:00:00 Usr=0.0    Sys=0.0    Mem=226.0 
Done

Report Violations:  Sat May 23 09:33:45 2026
WARNING: Found shorted nets (see file shorts_all.sum). The capacitances of these nets may be
         unreliable due to the shorts. (SX-0955)
  Warnings: 1    Errors: 0    (See file summary/report_violations.sum)
  ReportViolations Elp=00:00:00 Cpu=00:00:00 Usr=0.0    Sys=0.0    Mem=331.5 
Done

Netlist DB:  Sat May 23 09:33:45 2026
WARNING: INTERNAL Warning: unknown layer has been referenced: hrppoly_psub (EX-202)
WARNING: INTERNAL Warning: unknown layer has been referenced: hrpoly_psub (EX-202)
WARNING: INTERNAL Warning: unknown layer has been referenced: hrppoly_nxwell (EX-202)
WARNING: INTERNAL Warning: unknown layer has been referenced: rppolywo_nS_nxwell (EX-202)
WARNING: INTERNAL Warning: unknown layer has been referenced: rppolywo_r_nxwell (EX-202)
WARNING: INTERNAL Warning: unknown layer has been referenced: hrpoly_nxwell (EX-202)
WARNING: INTERNAL Warning: unknown layer has been referenced: rnpolywo_nS_nxwell (EX-202)
WARNING: INTERNAL Warning: unknown layer has been referenced: tndiff_dnwell25 (EX-202)
WARNING: INTERNAL Warning: unknown layer has been referenced: mom_cap_123_term (EX-202)
WARNING: 'In layer mapping file line 187 'layer 'cbm' undefined in technology library. (EX-1993)
WARNING: 'In layer mapping file line 187 'layer 'cbm' undefined in technology library. (EX-1993)
WARNING: 'In layer mapping file line 187 'layer 'cbm' undefined in technology library. (EX-1993)
WARNING: INTERNAL Warning: unknown layer has been referenced: rnpoly3t_poly (EX-202)
WARNING: INTERNAL Warning: unknown layer has been referenced: rppoly3t_poly (EX-202)
Completed   1%  Time=00:00:00  RemainingTime=00:00:00  Mem=541.234
Completed   3%  Time=00:00:00  RemainingTime=00:00:00  Mem=541.234
Completed   5%  Time=00:00:00  RemainingTime=00:00:00  Mem=541.234
Completed   7%  Time=00:00:00  RemainingTime=00:00:00  Mem=541.234
Completed   9%  Time=00:00:00  RemainingTime=00:00:00  Mem=541.234
Completed  11%  Time=00:00:00  RemainingTime=00:00:00  Mem=541.234
WARNING: Physical shape and presistor of design layer 'M1S' ('77') is not available in parasitic
         view as there is no corresponding LPP in OA_LAYER_MAPPING_FILE. (EX-2000)
Completed  21%  Time=00:00:00  RemainingTime=00:00:00  Mem=541.234
Completed  30%  Time=00:00:00  RemainingTime=00:00:00  Mem=541.297
Completed  40%  Time=00:00:00  RemainingTime=00:00:00  Mem=541.297
Completed  50%  Time=00:00:00  RemainingTime=00:00:00  Mem=541.297
Completed  59%  Time=00:00:00  RemainingTime=00:00:00  Mem=541.297
Completed  69%  Time=00:00:00  RemainingTime=00:00:00  Mem=541.297
Completed  78%  Time=00:00:00  RemainingTime=00:00:00  Mem=541.297
Completed  88%  Time=00:00:00  RemainingTime=00:00:00  Mem=541.297
WARNING: Physical shape and presistor of design layer 'POLS' ('106') is not available in parasitic
         view as there is no corresponding LPP in OA_LAYER_MAPPING_FILE. (EX-2000)
Completed  98%  Time=00:00:00  RemainingTime=00:00:00  Mem=541.297
Completed 100%  Time=00:00:00  RemainingTime=00:00:00  Mem=541.297
  Warnings: 16    Errors: 0    (See file summary/netlist.sum)
  Netlist       Elp=00:00:01 Cpu=00:00:00 Usr=0.1    Sys=0.3    Mem=541.3 
Done
  
Setup            Elp=00:00:02 Cpu=00:00:00 Usr=0.4    Sys=0.0    Mem=429.2 
Layers           Elp=00:00:00 Cpu=00:00:00 Usr=0.0    Sys=0.1    Mem=429.2 
Models           Elp=00:00:00 Cpu=00:00:00 Usr=0.0    Sys=0.0    Mem=429.2 
HN               Elp=00:00:00 Cpu=00:00:00 Usr=0.0    Sys=0.1    Mem=445.2 
XrefHN           Elp=00:00:00 Cpu=00:00:00 Usr=0.0    Sys=0.0    Mem=335.4 
Cells            Elp=00:00:00 Cpu=00:00:00 Usr=0.0    Sys=0.0    Mem=429.2 
Translate        Elp=00:00:01 Cpu=00:00:00 Usr=0.0    Sys=0.0    Mem=429.2 
NetlistSetup     Elp=00:00:00 Cpu=00:00:00 Usr=0.0    Sys=0.0    Mem=331.4 
xTract           Elp=00:00:00 Cpu=00:00:00 Usr=0.1    Sys=0.2    Mem=356.3 
xTractPP         Elp=00:00:00 Cpu=00:00:00 Usr=0.0    Sys=0.0    Mem=226.0 
ReportViolations Elp=00:00:00 Cpu=00:00:00 Usr=0.0    Sys=0.0    Mem=331.5 
Netlist          Elp=00:00:01 Cpu=00:00:00 Usr=0.1    Sys=0.3    Mem=541.3 
  
Done          Elp=00:00:04 Cpu=00:00:01 Usr=0.6    Sys=0.7    Mem=541.3 
