
                                  StarRC (TM)

               Version O-2018.06-SP1 for linux64 - Jul 19, 2018 

                    Copyright (c) 1999 - 2018 Synopsys, Inc.
   This software and the associated documentation are proprietary to Synopsys,
 Inc. This software may only be used in accordance with the terms and conditions
 of a written license agreement with Synopsys, Inc. All other use, reproduction,
            or distribution of this software is strictly prohibited.

ExecName: /usr/synopsys/starrc/O-2018.06-SP1/linux64_starrc/bin/StarXtract
Version: O-2018.06-SP1
Built on: Jul 19 2018 21:37:47
Start Time: Sun May 24 15:47:09 2026

Host ............ localhost.localdomain

xTractorName: /usr/synopsys/starrc/O-2018.06-SP1/linux64_starrc/bin/xTractor
Version: O-2018.06-SP1
Built on: Jul 19 2018 21:37:30
INFORMATION: TCAD_GRD_FILE (nxtgrd file) generated by >4 years older version than the StarRC
             version is used for this extraction. (SX-3595)
WARNING: MODE is no longer required for this type of extraction.  Ignoring MODE in StarRC command
         file. (SX-0499)
WARNING: Schematic device 'cmim_3t' equates to undefined layout device 'cmim_3t'. (SX-2284)
WARNING: Schematic device 'MOSVAR_1V2' equates to undefined layout device 'MOSVAR_1V2'. (SX-2284)
WARNING: Following option "DETECT_PERMUTABLE_PORTS" detected in Hercules/ICV runset is not supported
         in StarXtract. (SX-2775)
WARNING: Following option "PUSH_DOWN_PINS" detected in Hercules/ICV runset is not supported in
         StarXtract. (SX-2776)
WARNING: Following option "PUSH_DOWN_DEVICES" detected in Hercules/ICV runset is not supported in
         StarXtract. (SX-2777)
WARNING: Hercules COMPARE option MEMORY_ARRAY_COMPARISON is not supported for XREF extractions. (SX-2274)
WARNING: Command -clean is obsoleted for GATE level extraction and turned on by default. (SX-3582)
WARNING: Schematic device 'cmim_3t' equates to undefined layout device 'cmim_3t'. (SX-2284)
WARNING: Schematic device 'MOSVAR_1V2' equates to undefined layout device 'MOSVAR_1V2'. (SX-2284)
WARNING: Following option "DETECT_PERMUTABLE_PORTS" detected in Hercules/ICV runset is not supported
         in StarXtract. (SX-2775)
WARNING: Following option "PUSH_DOWN_PINS" detected in Hercules/ICV runset is not supported in
         StarXtract. (SX-2776)
WARNING: Following option "PUSH_DOWN_DEVICES" detected in Hercules/ICV runset is not supported in
         StarXtract. (SX-2777)
WARNING: Hercules COMPARE option MEMORY_ARRAY_COMPARISON is not supported for XREF extractions. (SX-2274)
WARNING: OBSERVATION_POINT cell pattern "*" does not match any non SKIP_CELL EQUIV points and will
         be ignored. (SX-1768)

Block ........... D_latch
Star Directory .. /home/itsupport/Desktop/lab1vlsi/star
Milkyway DB ..... /home/itsupport/Desktop/lab1vlsi/EXTRACT_VIEW
 Ref Libs Report is skipped.
  Setup         Elp=00:00:02 Cpu=00:00:00 Usr=0.7    Sys=0.0    Mem=429.2 
Done

Map Layers:  Sun May 24 15:47:11 2026
WARNING: Device terminal layer 'coll_dnw_pnp' used by "'DNWPNP':'COLL'" is removed in MAPPING_FILE
         or is the BULK terminal of another device. (SX-2250)
WARNING: Device terminal layer 'mom_cap_123_term' used by "'cmom_123':'T1'" is removed in
         MAPPING_FILE or is the BULK terminal of another device. (SX-2250)
WARNING: Device terminal layer 'mom_cap_123_term' used by "'cmom_123':'T2'" is removed in
         MAPPING_FILE or is the BULK terminal of another device. (SX-2250)
WARNING: Device terminal layer 'mom_cap_1234_term' used by "'cmom_1234':'T1'" is removed in
         MAPPING_FILE or is the BULK terminal of another device. (SX-2250)
WARNING: Device terminal layer 'mom_cap_1234_term' used by "'cmom_1234':'T2'" is removed in
         MAPPING_FILE or is the BULK terminal of another device. (SX-2250)
WARNING: Device terminal layer 'mom_cap_234_term' used by "'cmom_234':'T1'" is removed in
         MAPPING_FILE or is the BULK terminal of another device. (SX-2250)
WARNING: Device terminal layer 'mom_cap_234_term' used by "'cmom_234':'T2'" is removed in
         MAPPING_FILE or is the BULK terminal of another device. (SX-2250)
WARNING: Layer "M3S" has no connections. (SX-1851)
WARNING: Layer "M4S" has no connections. (SX-1851)
WARNING: The precedence is not set for ignored cap layer: psub (SX-1794)
WARNING: The precedence is not set for ignored cap layer: nxwell (SX-1794)
WARNING: The precedence is not set for ignored cap layer: nxwell_NWDIODE (SX-1794)
WARNING: The precedence is not set for ignored cap layer: nxwell_NWDIODE18 (SX-1794)
WARNING: The precedence is not set for ignored cap layer: nxwell_NWDIODE25 (SX-1794)
WARNING: The precedence is not set for ignored cap layer: nxwell_NWDIODE33 (SX-1794)
WARNING: The precedence is not set for layers mapped to substrate in the mapping file when
         TRANSLATE_RETAIN_BULK_LAYERS:YES or CONLY is specified in your command file. Accuracy can
         be affected. Check the order of substrate layer and set precedence for them in your
 mapping
         file whenever the TRANSLATE_RETAIN_BULK_LAYERS:YES or CONLY command is used. (SX-1790)
  Warnings: 16    Errors: 0    (See file summary/layers.sum)
  Layers        Elp=00:00:00 Cpu=00:00:00 Usr=0.1    Sys=0.1    Mem=429.3 
Done

Create Models:  Sun May 24 15:47:11 2026
  Warnings: 0    Errors: 0
  Models        Elp=00:00:00 Cpu=00:00:00 Usr=0.0    Sys=0.0    Mem=429.3 
Done

Build HN:  Sun May 24 15:47:11 2026
  Warnings: 0    Errors: 0
  HN            Elp=00:00:00 Cpu=00:00:00 Usr=0.0    Sys=0.1    Mem=445.3 
Done

Build XrefHN:  Sun May 24 15:47:11 2026
  Warnings: 0    Errors: 0
  XrefHN        Elp=00:00:00 Cpu=00:00:00 Usr=0.0    Sys=0.0    Mem=335.4 
Done

Process Cells:  Sun May 24 15:47:11 2026
  Warnings: 0    Errors: 0
  Cells         Elp=00:00:01 Cpu=00:00:00 Usr=0.0    Sys=0.0    Mem=429.3 
Done

Translate DB:  Sun May 24 15:47:12 2026
  Warnings: 0    Errors: 0
  Translate     Elp=00:00:00 Cpu=00:00:00 Usr=0.0    Sys=0.0    Mem=429.3 
Done

Netlist Setup:  Sun May 24 15:47:12 2026
  Warnings: 0    Errors: 0
  NetlistSetup  Elp=00:00:00 Cpu=00:00:00 Usr=0.0    Sys=0.0    Mem=331.4 
Done

xTract DB:  Sun May 24 15:47:12 2026
Completed   2%  Time=00:00:00  RemainingTime=00:00:00  Mem=356.281
Completed   6%  Time=00:00:00  RemainingTime=00:00:00  Mem=356.281
WARNING: Two Overlapping rectangles with different cap_levels and same picture levels Layer POLS
         overlaps with pgate Suggested Fix in Transistor Level: Use Boolean Not in runset to remove
         the overlap r1= R0,  x(80300,81300)  ; y(37900,66050) ideal=5 act_level=106 pic_level=2
         cap_level=3 r2= R0,  x(80300,81300)  ; y(59400,61400) ideal=5 act_level=57 pic_level=2
         cap_level=2 (EX-78)
WARNING: Two Overlapping rectangles with different cap_levels and same picture levels Layer POLS
         overlaps with pgate Suggested Fix in Transistor Level: Use Boolean Not in runset to remove
         the overlap r1= R0,  x(80300,81300)  ; y(37900,66050) ideal=5 act_level=106 pic_level=2
         cap_level=3 r2= R0,  x(80800,80800)  ; y(60400,60400) ideal=5 act_level=57 pic_level=2
         cap_level=2 (EX-78)
WARNING: Two Overlapping rectangles with different cap_levels and same picture levels Layer POLS
         overlaps with ngate Suggested Fix in Transistor Level: Use Boolean Not in runset to remove
         the overlap r1= R0,  x(90400,91400)  ; y(31500,36900) ideal=5 act_level=106 pic_level=2
         cap_level=3 r2= R0,  x(90400,91400)  ; y(32800,34600) ideal=5 act_level=40 pic_level=2
         cap_level=2 (EX-78)
WARNING: Two Overlapping rectangles with different cap_levels and same picture levels Layer POLS
         overlaps with ngate Suggested Fix in Transistor Level: Use Boolean Not in runset to remove
         the overlap r1= R0,  x(90400,91400)  ; y(31500,36900) ideal=5 act_level=106 pic_level=2
         cap_level=3 r2= R0,  x(90900,90900)  ; y(33700,33700) ideal=5 act_level=40 pic_level=2
         cap_level=2 (EX-78)
Completed  11%  Time=00:00:00  RemainingTime=00:00:00  Mem=356.281
WARNING: Two Overlapping rectangles with different cap_levels and same picture levels Layer POLS
         overlaps with ngate Suggested Fix in Transistor Level: Use Boolean Not in runset to remove
         the overlap r1= R0,  x(79600,80600)  ; y(30700,35250) ideal=6 act_level=106 pic_level=2
         cap_level=3 r2= R0,  x(79600,80600)  ; y(32750,33950) ideal=6 act_level=40 pic_level=2
         cap_level=2 (EX-78)
WARNING: Two Overlapping rectangles with different cap_levels and same picture levels Layer POLS
         overlaps with ngate Suggested Fix in Transistor Level: Use Boolean Not in runset to remove
         the overlap r1= R0,  x(79600,80600)  ; y(30700,35250) ideal=6 act_level=106 pic_level=2
         cap_level=3 r2= R0,  x(80100,80100)  ; y(33350,33350) ideal=6 act_level=40 pic_level=2
         cap_level=2 (EX-78)
WARNING: Two Overlapping rectangles with different cap_levels and same picture levels Layer POLS
         overlaps with pgate Suggested Fix in Transistor Level: Use Boolean Not in runset to remove
         the overlap r1= R0,  x(91150,92150)  ; y(57500,70100) ideal=6 act_level=106 pic_level=2
         cap_level=3 r2= R0,  x(91150,92150)  ; y(58800,61600) ideal=6 act_level=57 pic_level=2
         cap_level=2 (EX-78)
WARNING: Two Overlapping rectangles with different cap_levels and same picture levels Layer POLS
         overlaps with pgate Suggested Fix in Transistor Level: Use Boolean Not in runset to remove
         the overlap r1= R0,  x(91150,92150)  ; y(57500,70100) ideal=6 act_level=106 pic_level=2
         cap_level=3 r2= R0,  x(91650,91650)  ; y(60200,60200) ideal=6 act_level=57 pic_level=2
         cap_level=2 (EX-78)
WARNING: Two Overlapping rectangles with different cap_levels and same picture levels Layer ngate
         overlaps with POLS Suggested Fix in Transistor Level: Use Boolean Not in runset to remove
         the overlap r1= R0,  x(110300,111300)  ; y(32750,34550) ideal=8 act_level=40 pic_level=2
         cap_level=2 r2= R0,  x(110300,111300)  ; y(31450,41600) ideal=10 act_level=106 pic_level=2
         cap_level=3 (EX-78)
WARNING: Two Overlapping rectangles with different cap_levels and same picture levels Layer ngate
         overlaps with POLS Suggested Fix in Transistor Level: Use Boolean Not in runset to remove
         the overlap r1= R0,  x(110300,111300)  ; y(32750,34550) ideal=8 act_level=40 pic_level=2
         cap_level=2 r2= R0,  x(110300,111300)  ; y(31450,41600) ideal=10 act_level=106 pic_level=2
         cap_level=3 (EX-78)
WARNING: Two Overlapping rectangles with different cap_levels and same picture levels Layer pgate
         overlaps with POLS Suggested Fix in Transistor Level: Use Boolean Not in runset to remove
         the overlap r1= R0,  x(110300,111300)  ; y(57500,61700) ideal=8 act_level=57 pic_level=2
         cap_level=2 r2= R0,  x(110300,111300)  ; y(43900,63000) ideal=10 act_level=106 pic_level=2
         cap_level=3 (EX-78)
WARNING: Two Overlapping rectangles with different cap_levels and same picture levels Layer pgate
         overlaps with POLS Suggested Fix in Transistor Level: Use Boolean Not in runset to remove
         the overlap r1= R0,  x(110300,111300)  ; y(57500,61700) ideal=8 act_level=57 pic_level=2
         cap_level=2 r2= R0,  x(110300,111300)  ; y(43900,63000) ideal=10 act_level=106 pic_level=2
         cap_level=3 (EX-78)
WARNING: Two Overlapping rectangles with different cap_levels and same picture levels Layer pgate
         overlaps with POLS Suggested Fix in Transistor Level: Use Boolean Not in runset to remove
         the overlap r1= R0,  x(110300,111300)  ; y(57500,61700) ideal=8 act_level=57 pic_level=2
         cap_level=2 r2= R0,  x(110300,111300)  ; y(43900,63000) ideal=10 act_level=106 pic_level=2
         cap_level=3 (EX-78)
WARNING: Two Overlapping rectangles with different cap_levels and same picture levels Layer ngate
         overlaps with POLS Suggested Fix in Transistor Level: Use Boolean Not in runset to remove
         the overlap r1= R0,  x(110800,110800)  ; y(33650,33650) ideal=8 act_level=40 pic_level=2
         cap_level=2 r2= R0,  x(110300,111300)  ; y(31450,41600) ideal=10 act_level=106 pic_level=2
         cap_level=3 (EX-78)
WARNING: Two Overlapping rectangles with different cap_levels and same picture levels Layer ngate
         overlaps with POLS Suggested Fix in Transistor Level: Use Boolean Not in runset to remove
         the overlap r1= R0,  x(110800,110800)  ; y(33650,33650) ideal=8 act_level=40 pic_level=2
         cap_level=2 r2= R0,  x(110300,111300)  ; y(31450,41600) ideal=10 act_level=106 pic_level=2
         cap_level=3 (EX-78)
WARNING: Two Overlapping rectangles with different cap_levels and same picture levels Layer pgate
         overlaps with POLS Suggested Fix in Transistor Level: Use Boolean Not in runset to remove
         the overlap r1= R0,  x(110800,110800)  ; y(59600,59600) ideal=8 act_level=57 pic_level=2
         cap_level=2 r2= R0,  x(110300,111300)  ; y(43900,63000) ideal=10 act_level=106 pic_level=2
         cap_level=3 (EX-78)
WARNING: Two Overlapping rectangles with different cap_levels and same picture levels Layer pgate
         overlaps with POLS Suggested Fix in Transistor Level: Use Boolean Not in runset to remove
         the overlap r1= R0,  x(110800,110800)  ; y(59600,59600) ideal=8 act_level=57 pic_level=2
         cap_level=2 r2= R0,  x(110300,111300)  ; y(43900,63000) ideal=10 act_level=106 pic_level=2
         cap_level=3 (EX-78)
Completed  16%  Time=00:00:00  RemainingTime=00:00:00  Mem=356.281
WARNING: Two Overlapping rectangles with different cap_levels and same picture levels Layer POLS
         overlaps with ngate Suggested Fix in Transistor Level: Use Boolean Not in runset to remove
         the overlap r1= R0,  x(101000,102000)  ; y(31750,49550) ideal=9 act_level=106 pic_level=2
         cap_level=3 r2= R0,  x(101000,102000)  ; y(33050,34250) ideal=11 act_level=40 pic_level=2
         cap_level=2 (EX-78)
WARNING: Two Overlapping rectangles with different cap_levels and same picture levels Layer POLS
         overlaps with ngate Suggested Fix in Transistor Level: Use Boolean Not in runset to remove
         the overlap r1= R0,  x(101000,102000)  ; y(31750,49550) ideal=9 act_level=106 pic_level=2
         cap_level=3 r2= R0,  x(101500,101500)  ; y(33650,33650) ideal=11 act_level=40 pic_level=2
         cap_level=2 (EX-78)
WARNING: Two Overlapping rectangles with different cap_levels and same picture levels Layer POLS
         overlaps with ngate Suggested Fix in Transistor Level: Use Boolean Not in runset to remove
         the overlap r1= R0,  x(101000,102000)  ; y(31750,49550) ideal=9 act_level=106 pic_level=2
         cap_level=3 r2= R0,  x(101000,102000)  ; y(33050,34250) ideal=11 act_level=40 pic_level=2
         cap_level=2 (EX-78)
WARNING: Two Overlapping rectangles with different cap_levels and same picture levels Layer POLS
         overlaps with ngate Suggested Fix in Transistor Level: Use Boolean Not in runset to remove
         the overlap r1= R0,  x(101000,102000)  ; y(31750,49550) ideal=9 act_level=106 pic_level=2
         cap_level=3 r2= R0,  x(101500,101500)  ; y(33650,33650) ideal=11 act_level=40 pic_level=2
         cap_level=2 (EX-78)
WARNING: Two Overlapping rectangles with different cap_levels and same picture levels Layer POLS
         overlaps with pgate Suggested Fix in Transistor Level: Use Boolean Not in runset to remove
         the overlap r1= R0,  x(101000,102000)  ; y(51850,63000) ideal=9 act_level=106 pic_level=2
         cap_level=3 r2= R0,  x(101000,102000)  ; y(58700,61700) ideal=11 act_level=57 pic_level=2
         cap_level=2 (EX-78)
WARNING: Two Overlapping rectangles with different cap_levels and same picture levels Layer POLS
         overlaps with pgate Suggested Fix in Transistor Level: Use Boolean Not in runset to remove
         the overlap r1= R0,  x(101000,102000)  ; y(51850,63000) ideal=9 act_level=106 pic_level=2
         cap_level=3 r2= R0,  x(101000,102000)  ; y(58700,61700) ideal=11 act_level=57 pic_level=2
         cap_level=2 (EX-78)
WARNING: Two Overlapping rectangles with different cap_levels and same picture levels Layer POLS
         overlaps with pgate Suggested Fix in Transistor Level: Use Boolean Not in runset to remove
         the overlap r1= R0,  x(101000,102000)  ; y(51850,63000) ideal=9 act_level=106 pic_level=2
         cap_level=3 r2= R0,  x(101500,101500)  ; y(60200,60200) ideal=11 act_level=57 pic_level=2
         cap_level=2 (EX-78)
WARNING: Two Overlapping rectangles with different cap_levels and same picture levels Layer POLS
         overlaps with ngate Suggested Fix in Transistor Level: Use Boolean Not in runset to remove
         the overlap r1= R0,  x(110300,111300)  ; y(31450,41600) ideal=10 act_level=106 pic_level=2
         cap_level=3 r2= R0,  x(110300,111300)  ; y(32750,34550) ideal=8 act_level=40 pic_level=2
         cap_level=2 (EX-78)
WARNING: Two Overlapping rectangles with different cap_levels and same picture levels Layer POLS
         overlaps with ngate Suggested Fix in Transistor Level: Use Boolean Not in runset to remove
         the overlap r1= R0,  x(110300,111300)  ; y(31450,41600) ideal=10 act_level=106 pic_level=2
         cap_level=3 r2= R0,  x(110300,111300)  ; y(32750,34550) ideal=8 act_level=40 pic_level=2
         cap_level=2 (EX-78)
WARNING: Two Overlapping rectangles with different cap_levels and same picture levels Layer POLS
         overlaps with pgate Suggested Fix in Transistor Level: Use Boolean Not in runset to remove
         the overlap r1= R0,  x(110300,111300)  ; y(43900,63000) ideal=10 act_level=106 pic_level=2
         cap_level=3 r2= R0,  x(110300,111300)  ; y(57500,61700) ideal=8 act_level=57 pic_level=2
         cap_level=2 (EX-78)
WARNING: Two Overlapping rectangles with different cap_levels and same picture levels Layer POLS
         overlaps with pgate Suggested Fix in Transistor Level: Use Boolean Not in runset to remove
         the overlap r1= R0,  x(110300,111300)  ; y(43900,63000) ideal=10 act_level=106 pic_level=2
         cap_level=3 r2= R0,  x(110300,111300)  ; y(57500,61700) ideal=8 act_level=57 pic_level=2
         cap_level=2 (EX-78)
Completed  20%  Time=00:00:00  RemainingTime=00:00:00  Mem=356.281
Completed  25%  Time=00:00:00  RemainingTime=00:00:00  Mem=356.281
Completed  30%  Time=00:00:00  RemainingTime=00:00:00  Mem=356.281
Completed  34%  Time=00:00:00  RemainingTime=00:00:00  Mem=356.281
Completed  39%  Time=00:00:00  RemainingTime=00:00:00  Mem=356.281
Completed  44%  Time=00:00:00  RemainingTime=00:00:00  Mem=356.281
Completed  48%  Time=00:00:00  RemainingTime=00:00:00  Mem=356.281
Completed  53%  Time=00:00:00  RemainingTime=00:00:00  Mem=356.281
Completed  58%  Time=00:00:00  RemainingTime=00:00:00  Mem=356.281
Completed  62%  Time=00:00:00  RemainingTime=00:00:00  Mem=356.281
Completed  67%  Time=00:00:00  RemainingTime=00:00:00  Mem=356.281
Completed  72%  Time=00:00:00  RemainingTime=00:00:00  Mem=356.281
Completed  76%  Time=00:00:00  RemainingTime=00:00:00  Mem=356.281
Completed  81%  Time=00:00:00  RemainingTime=00:00:00  Mem=356.281
Completed  86%  Time=00:00:00  RemainingTime=00:00:00  Mem=356.281
Completed  90%  Time=00:00:00  RemainingTime=00:00:00  Mem=356.281
Completed  95%  Time=00:00:00  RemainingTime=00:00:00  Mem=356.281
Completed 100%  Time=00:00:00  RemainingTime=00:00:00  Mem=356.281
Extracted 964 capacitors, 1240 resistors, 818 nodes
Reduced to 428 nodes,  (47.6773%)
Reduced to 393 resistors,  (68.3065%)
Reduced to 932 capacitors: 834 Cc and 98 Cg (3.3195%)
  Warnings: 28    Errors: 0    (See file summary/xtract.sum)
  xTract        Elp=00:00:00 Cpu=00:00:00 Usr=0.1    Sys=0.1    Mem=356.3 
Done

xTract Post Process DB:  Sun May 24 15:47:12 2026
Completed   2%  Time=00:00:00  RemainingTime=00:00:00  Mem=225.98
Completed  11%  Time=00:00:00  RemainingTime=00:00:00  Mem=225.98
Completed  20%  Time=00:00:00  RemainingTime=00:00:00  Mem=225.98
Completed  39%  Time=00:00:00  RemainingTime=00:00:00  Mem=225.98
Completed  58%  Time=00:00:00  RemainingTime=00:00:00  Mem=225.98
Completed  76%  Time=00:00:00  RemainingTime=00:00:00  Mem=225.98
Completed  95%  Time=00:00:00  RemainingTime=00:00:00  Mem=225.98
Completed 100%  Time=00:00:00  RemainingTime=00:00:00  Mem=225.98
  Warnings: 0    Errors: 0
  xTractPP      Elp=00:00:00 Cpu=00:00:00 Usr=0.0    Sys=0.0    Mem=226.0 
Done

Report Violations:  Sun May 24 15:47:12 2026
WARNING: Found shorted nets (see file shorts_all.sum). The capacitances of these nets may be
         unreliable due to the shorts. (SX-0955)
  Warnings: 1    Errors: 0    (See file summary/report_violations.sum)
  ReportViolations Elp=00:00:00 Cpu=00:00:00 Usr=0.0    Sys=0.0    Mem=331.6 
Done

Netlist DB:  Sun May 24 15:47:12 2026
WARNING: INTERNAL Warning: unknown layer has been referenced: hrppoly_psub (EX-202)
WARNING: INTERNAL Warning: unknown layer has been referenced: hrpoly_psub (EX-202)
WARNING: INTERNAL Warning: unknown layer has been referenced: hrppoly_nxwell (EX-202)
WARNING: INTERNAL Warning: unknown layer has been referenced: rppolywo_nS_nxwell (EX-202)
WARNING: INTERNAL Warning: unknown layer has been referenced: rppolywo_r_nxwell (EX-202)
WARNING: INTERNAL Warning: unknown layer has been referenced: hrpoly_nxwell (EX-202)
WARNING: INTERNAL Warning: unknown layer has been referenced: rnpolywo_nS_nxwell (EX-202)
WARNING: INTERNAL Warning: unknown layer has been referenced: tndiff_dnwell25 (EX-202)
WARNING: INTERNAL Warning: unknown layer has been referenced: mom_cap_123_term (EX-202)
WARNING: 'In layer mapping file line 187 'layer 'cbm' undefined in technology library. (EX-1993)
WARNING: 'In layer mapping file line 187 'layer 'cbm' undefined in technology library. (EX-1993)
WARNING: 'In layer mapping file line 187 'layer 'cbm' undefined in technology library. (EX-1993)
WARNING: INTERNAL Warning: unknown layer has been referenced: rnpoly3t_poly (EX-202)
WARNING: INTERNAL Warning: unknown layer has been referenced: rppoly3t_poly (EX-202)
Completed   0%  Time=00:00:00  RemainingTime=00:00:00  Mem=541.266
Completed   2%  Time=00:00:00  RemainingTime=00:00:00  Mem=541.266
Completed   4%  Time=00:00:00  RemainingTime=00:00:00  Mem=541.328
Completed   6%  Time=00:00:00  RemainingTime=00:00:00  Mem=541.328
Completed   8%  Time=00:00:00  RemainingTime=00:00:00  Mem=541.391
WARNING: Physical shape and presistor of design layer 'M3S' ('78') is not available in parasitic
         view as there is no corresponding LPP in OA_LAYER_MAPPING_FILE. (EX-2000)
Completed  10%  Time=00:00:00  RemainingTime=00:00:00  Mem=541.391
WARNING: Physical shape and presistor of design layer 'M4S' ('79') is not available in parasitic
         view as there is no corresponding LPP in OA_LAYER_MAPPING_FILE. (EX-2000)
WARNING: Physical shape and presistor of design layer 'M1S' ('77') is not available in parasitic
         view as there is no corresponding LPP in OA_LAYER_MAPPING_FILE. (EX-2000)
Completed  20%  Time=00:00:00  RemainingTime=00:00:00  Mem=541.453
Completed  29%  Time=00:00:00  RemainingTime=00:00:00  Mem=541.453
WARNING: Physical shape and presistor of design layer 'POLS' ('106') is not available in parasitic
         view as there is no corresponding LPP in OA_LAYER_MAPPING_FILE. (EX-2000)
Completed  39%  Time=00:00:00  RemainingTime=00:00:00  Mem=541.516
Completed  49%  Time=00:00:00  RemainingTime=00:00:00  Mem=541.516
Completed  59%  Time=00:00:00  RemainingTime=00:00:00  Mem=541.516
Completed  69%  Time=00:00:00  RemainingTime=00:00:00  Mem=541.578
Completed  78%  Time=00:00:00  RemainingTime=00:00:00  Mem=541.578
WARNING: Physical shape and presistor of design layer 'metal2' ('90') is not available in parasitic
         view as there is no corresponding LPP in OA_LAYER_MAPPING_FILE. (EX-2000)
Completed  88%  Time=00:00:00  RemainingTime=00:00:00  Mem=541.641
WARNING: Physical shape and presistor of design layer 'metal3' ('91') is not available in parasitic
         view as there is no corresponding LPP in OA_LAYER_MAPPING_FILE. (EX-2000)
WARNING: Physical shape and presistor of design layer 'metal4' ('92') is not available in parasitic
         view as there is no corresponding LPP in OA_LAYER_MAPPING_FILE. (EX-2000)
Completed  98%  Time=00:00:00  RemainingTime=00:00:00  Mem=541.984
Completed 100%  Time=00:00:00  RemainingTime=00:00:00  Mem=541.984
  Warnings: 21    Errors: 0    (See file summary/netlist.sum)
  Netlist       Elp=00:00:01 Cpu=00:00:00 Usr=0.2    Sys=0.1    Mem=542.1 
Done
  
Setup            Elp=00:00:02 Cpu=00:00:00 Usr=0.7    Sys=0.0    Mem=429.2 
Layers           Elp=00:00:00 Cpu=00:00:00 Usr=0.1    Sys=0.1    Mem=429.3 
Models           Elp=00:00:00 Cpu=00:00:00 Usr=0.0    Sys=0.0    Mem=429.3 
HN               Elp=00:00:00 Cpu=00:00:00 Usr=0.0    Sys=0.1    Mem=445.3 
XrefHN           Elp=00:00:00 Cpu=00:00:00 Usr=0.0    Sys=0.0    Mem=335.4 
Cells            Elp=00:00:01 Cpu=00:00:00 Usr=0.0    Sys=0.0    Mem=429.3 
Translate        Elp=00:00:00 Cpu=00:00:00 Usr=0.0    Sys=0.0    Mem=429.3 
NetlistSetup     Elp=00:00:00 Cpu=00:00:00 Usr=0.0    Sys=0.0    Mem=331.4 
xTract           Elp=00:00:00 Cpu=00:00:00 Usr=0.1    Sys=0.1    Mem=356.3 
xTractPP         Elp=00:00:00 Cpu=00:00:00 Usr=0.0    Sys=0.0    Mem=226.0 
ReportViolations Elp=00:00:00 Cpu=00:00:00 Usr=0.0    Sys=0.0    Mem=331.6 
Netlist          Elp=00:00:01 Cpu=00:00:00 Usr=0.2    Sys=0.1    Mem=542.1 
  
Done          Elp=00:00:04 Cpu=00:00:01 Usr=1.1    Sys=0.4    Mem=542.1 
