[14:46:15.81] /m Information: License 'SAE' checked out. (LICENSE-003)
[14:46:16.92] /o sae_shell Version Custom Compiler N-2017.12-SP1-2
              /c Build  (OPT) compiled on Wed May 16 15:20:56 2018 for RHEL64 6.6
              /c Execution time: Sun May 24 14:46:14 2026
              /c Host: localhost.localdomain
              /c 
              /c Copyright © 2004-2018 Synopsys, Inc.
              /c This software and the associated documentation are proprietary to Synopsys, Inc. This software may only be used in accordance with the terms and conditions of a written license agreement with Synopsys, Inc. All other use, reproduction, or distribution of this software is strictly prohibited.
              /c 
              /c 
[14:46:16.92] /w Warning: Preference 'leActiveLPP' is deprecated and scheduled for removal in a future release with no replacement. For migration assistance, see the Custom Compiler Tcl Reference Manual. (PREFERENCE-058)
[14:46:16.93] /o 	#######################################
[14:46:16.93] /o 	PDK Library Name	: reference90RF
[14:46:16.93] /o 	PDK Version		: 2.0
[14:46:16.93] /o 	PDK Release Date	: 25-March-2010 
[14:46:16.93] /o 	#######################################
[14:46:16.93] /o 
[14:46:16.93] /i ::sa::_backgroundSaeShell::signalProcessReady 1779608774
[14:46:16.93] /o saeInterBGSaeShell:  ::sa::_backgroundSaeShell::processReady 2
[14:51:17.94] /o saeInterBGSaeShell:  ::sa::_backgroundSaeShell::pingBack
[14:51:17.98] /i ::sa::_backgroundSaeShell::parentRunning
[14:51:17.98] /o 1779609077
[14:56:18.96] /o saeInterBGSaeShell:  ::sa::_backgroundSaeShell::pingBack
[14:56:19.07] /i ::sa::_backgroundSaeShell::parentRunning
[14:56:19.07] /o 1779609379
[15:01:19.96] /o saeInterBGSaeShell:  ::sa::_backgroundSaeShell::pingBack
[15:01:19.97] /i ::sa::_backgroundSaeShell::parentRunning
[15:01:19.97] /o 1779609679
[15:06:20.96] /o saeInterBGSaeShell:  ::sa::_backgroundSaeShell::pingBack
[15:06:21.06] /i ::sa::_backgroundSaeShell::parentRunning
[15:06:21.06] /o 1779609981
[15:11:21.97] /o saeInterBGSaeShell:  ::sa::_backgroundSaeShell::pingBack
[15:11:22.07] /i ::sa::_backgroundSaeShell::parentRunning
[15:11:22.07] /o 1779610282
[15:16:22.99] /o saeInterBGSaeShell:  ::sa::_backgroundSaeShell::pingBack
[15:16:23.07] /i ::sa::_backgroundSaeShell::parentRunning
[15:16:23.07] /o 1779610583
[15:21:24.00] /o saeInterBGSaeShell:  ::sa::_backgroundSaeShell::pingBack
[15:21:24.06] /i ::sa::_backgroundSaeShell::parentRunning
[15:21:24.06] /o 1779610884
[15:26:25.02] /o saeInterBGSaeShell:  ::sa::_backgroundSaeShell::pingBack
[15:26:25.06] /i ::sa::_backgroundSaeShell::parentRunning
[15:26:25.06] /o 1779611185
