[13:58:46.60] /m Information: License 'SAE' checked out. (LICENSE-003)
[13:58:47.72] /o sae_shell Version Custom Compiler N-2017.12-SP1-2
              /c Build  (OPT) compiled on Wed May 16 15:20:56 2018 for RHEL64 6.6
              /c Execution time: Sun May 24 13:58:45 2026
              /c Host: localhost.localdomain
              /c 
              /c Copyright © 2004-2018 Synopsys, Inc.
              /c This software and the associated documentation are proprietary to Synopsys, Inc. This software may only be used in accordance with the terms and conditions of a written license agreement with Synopsys, Inc. All other use, reproduction, or distribution of this software is strictly prohibited.
              /c 
              /c 
[13:58:47.73] /w Warning: Preference 'leActiveLPP' is deprecated and scheduled for removal in a future release with no replacement. For migration assistance, see the Custom Compiler Tcl Reference Manual. (PREFERENCE-058)
[13:58:47.73] /o 	#######################################
[13:58:47.73] /o 	PDK Library Name	: reference90RF
[13:58:47.73] /o 	PDK Version		: 2.0
[13:58:47.73] /o 	PDK Release Date	: 25-March-2010 
[13:58:47.73] /o 	#######################################
[13:58:47.73] /o 
[13:58:47.74] /i ::sa::_backgroundSaeShell::signalProcessReady 1779605925
[13:58:47.74] /o saeInterBGSaeShell:  ::sa::_backgroundSaeShell::processReady 2
[14:01:37.83] /i ::wf::viewerExited
[14:03:48.74] /o saeInterBGSaeShell:  ::sa::_backgroundSaeShell::pingBack
[14:03:48.83] /i ::sa::_backgroundSaeShell::parentRunning
[14:03:48.83] /o 1779606228
[14:08:49.75] /o saeInterBGSaeShell:  ::sa::_backgroundSaeShell::pingBack
[14:08:49.82] /i ::sa::_backgroundSaeShell::parentRunning
[14:08:49.82] /o 1779606529
[14:13:50.77] /o saeInterBGSaeShell:  ::sa::_backgroundSaeShell::pingBack
[14:13:50.83] /i ::sa::_backgroundSaeShell::parentRunning
[14:13:50.83] /o 1779606830
[14:18:51.77] /o saeInterBGSaeShell:  ::sa::_backgroundSaeShell::pingBack
[14:18:51.82] /i ::sa::_backgroundSaeShell::parentRunning
[14:18:51.82] /o 1779607131
[14:23:52.79] /o saeInterBGSaeShell:  ::sa::_backgroundSaeShell::pingBack
[14:23:52.83] /i ::sa::_backgroundSaeShell::parentRunning
[14:23:52.83] /o 1779607432
