[23:10:33.62] /m Information: License 'SAE' checked out. (LICENSE-003)
[23:10:35.03] /o sae_shell Version Custom Compiler N-2017.12-SP1-2
              /c Build  (OPT) compiled on Wed May 16 15:20:56 2018 for RHEL64 6.6
              /c Execution time: Mon May 18 23:10:32 2026
              /c Host: localhost.localdomain
              /c 
              /c Copyright © 2004-2018 Synopsys, Inc.
              /c This software and the associated documentation are proprietary to Synopsys, Inc. This software may only be used in accordance with the terms and conditions of a written license agreement with Synopsys, Inc. All other use, reproduction, or distribution of this software is strictly prohibited.
              /c 
              /c 
[23:10:35.04] /w Warning: Preference 'leActiveLPP' is deprecated and scheduled for removal in a future release with no replacement. For migration assistance, see the Custom Compiler Tcl Reference Manual. (PREFERENCE-058)
[23:10:35.05] /o 	#######################################
[23:10:35.05] /o 	PDK Library Name	: reference90RF
[23:10:35.05] /o 	PDK Version		: 2.0
[23:10:35.05] /o 	PDK Release Date	: 25-March-2010 
[23:10:35.05] /o 	#######################################
[23:10:35.05] /o 
[23:10:35.05] /i ::sa::_backgroundSaeShell::signalProcessReady 1779120631
[23:10:35.05] /o saeInterBGSaeShell:  ::sa::_backgroundSaeShell::processReady 4
[23:15:36.05] /o saeInterBGSaeShell:  ::sa::_backgroundSaeShell::pingBack
[23:15:36.12] /i ::sa::_backgroundSaeShell::parentRunning
[23:15:36.12] /o 1779120936
[23:20:37.06] /o saeInterBGSaeShell:  ::sa::_backgroundSaeShell::pingBack
[23:20:37.10] /i ::sa::_backgroundSaeShell::parentRunning
[23:20:37.10] /o 1779121237
[23:25:38.07] /o saeInterBGSaeShell:  ::sa::_backgroundSaeShell::pingBack
[23:25:38.10] /i ::sa::_backgroundSaeShell::parentRunning
[23:25:38.10] /o 1779121538
[23:30:39.08] /o saeInterBGSaeShell:  ::sa::_backgroundSaeShell::pingBack
[23:30:39.09] /i ::sa::_backgroundSaeShell::parentRunning
[23:30:39.09] /o 1779121839
[23:35:40.10] /o saeInterBGSaeShell:  ::sa::_backgroundSaeShell::pingBack
[23:35:40.20] /i ::sa::_backgroundSaeShell::parentRunning
[23:35:40.21] /o 1779122140
[23:40:41.11] /o saeInterBGSaeShell:  ::sa::_backgroundSaeShell::pingBack
[23:40:41.19] /i ::sa::_backgroundSaeShell::parentRunning
[23:40:41.19] /o 1779122441
[23:45:42.11] /o saeInterBGSaeShell:  ::sa::_backgroundSaeShell::pingBack
[23:45:42.21] /i ::sa::_backgroundSaeShell::parentRunning
[23:45:42.21] /o 1779122742
[23:50:43.13] /o saeInterBGSaeShell:  ::sa::_backgroundSaeShell::pingBack
[23:50:43.19] /i ::sa::_backgroundSaeShell::parentRunning
[23:50:43.19] /o 1779123043
[23:55:44.15] /o saeInterBGSaeShell:  ::sa::_backgroundSaeShell::pingBack
[23:55:44.19] /i ::sa::_backgroundSaeShell::parentRunning
[23:55:44.19] /o 1779123344
[23:56:45.77] /i ::sa::_backgroundSaeShell::exit
[23:56:45.77] /o saeInterBGSaeShell:  ::sa::_backgroundSaeShell::childFormallyExiting
