[08:21:41.03] /m Information: License 'SAE' checked out. (LICENSE-003)
[08:21:42.12] /o sae_shell Version Custom Compiler N-2017.12-SP1-2
              /c Build  (OPT) compiled on Wed May 16 15:20:56 2018 for RHEL64 6.6
              /c Execution time: Wed May  6 08:21:40 2026
              /c Host: localhost.localdomain
              /c 
              /c Copyright © 2004-2018 Synopsys, Inc.
              /c This software and the associated documentation are proprietary to Synopsys, Inc. This software may only be used in accordance with the terms and conditions of a written license agreement with Synopsys, Inc. All other use, reproduction, or distribution of this software is strictly prohibited.
              /c 
              /c 
[08:21:42.13] /w Warning: Preference 'leActiveLPP' is deprecated and scheduled for removal in a future release with no replacement. For migration assistance, see the Custom Compiler Tcl Reference Manual. (PREFERENCE-058)
[08:21:42.13] /o 	#######################################
[08:21:42.13] /o 	PDK Library Name	: reference90RF
[08:21:42.13] /o 	PDK Version		: 2.0
[08:21:42.13] /o 	PDK Release Date	: 25-March-2010 
[08:21:42.13] /o 	#######################################
[08:21:42.13] /o 
[08:21:42.14] /i ::sa::_backgroundSaeShell::signalProcessReady 1778030499
[08:21:42.14] /o saeInterBGSaeShell:  ::sa::_backgroundSaeShell::processReady 3
[08:21:57.53] /i ::sa::_backgroundSaeShell::runScript /home/itsupport/simulation/inverter,TB_CMOS,config/history_1/simulation/HSPICE_default/HSPICE/nominal/.bg_measurement_script.tcl sa::_resultsDatabase::saeShellProcessingCompletedProc testSuiteName saeSession7 testbenchName HSPICE_default resultsDir /home/itsupport/simulation/inverter,TB_CMOS,config/history_1/simulation/HSPICE_default/HSPICE/nominal/results testSuiteDir /home/itsupport/simulation/inverter,TB_CMOS,config/history_1/simulation/HSPICE_default/HSPICE/nominal databaseName /home/itsupport/simulation/inverter,TB_CMOS,config/history_1/simulation/HSPICE_default/HSPICE/nominal/resultsDatabase remoteRun {} testbenchId 1 saveImages true
[08:21:57.80] /m Information: Started sharing "Custom WaveView" license. (WAVEFORM-110)
[08:21:57.88] /o saeInterBGSaeShell:  ::sa::_backgroundSaeShell::scriptFinished 0.3 {} sa::_resultsDatabase::saeShellProcessingCompletedProc testSuiteName saeSession7 testbenchName HSPICE_default resultsDir /home/itsupport/simulation/inverter,TB_CMOS,config/history_1/simulation/HSPICE_default/HSPICE/nominal/results testSuiteDir /home/itsupport/simulation/inverter,TB_CMOS,config/history_1/simulation/HSPICE_default/HSPICE/nominal databaseName /home/itsupport/simulation/inverter,TB_CMOS,config/history_1/simulation/HSPICE_default/HSPICE/nominal/resultsDatabase remoteRun {} testbenchId 1 saveImages true
[08:21:57.88] /o false
[08:26:58.16] /o saeInterBGSaeShell:  ::sa::_backgroundSaeShell::pingBack
[08:26:58.27] /i ::sa::_backgroundSaeShell::parentRunning
[08:26:58.27] /o 1778030818
[08:27:02.76] /m Information: Stopped sharing "Custom WaveView" license. (WAVEFORM-111)
[08:31:59.17] /o saeInterBGSaeShell:  ::sa::_backgroundSaeShell::pingBack
[08:31:59.26] /i ::sa::_backgroundSaeShell::parentRunning
[08:31:59.26] /o 1778031119
[08:37:00.19] /o saeInterBGSaeShell:  ::sa::_backgroundSaeShell::pingBack
[08:37:00.55] /i ::sa::_backgroundSaeShell::parentRunning
[08:37:00.55] /o 1778031420
[08:37:20.01] /i ::sa::_backgroundSaeShell::exit
[08:37:20.01] /o saeInterBGSaeShell:  ::sa::_backgroundSaeShell::childFormallyExiting
