[23:15:58.07] /m Information: License 'SAE' checked out. (LICENSE-003)
[23:16:00.96] /o sae_shell Version Custom Compiler N-2017.12-SP1-2
              /c Build  (OPT) compiled on Wed May 16 15:20:56 2018 for RHEL64 6.6
              /c Execution time: Fri May 15 23:15:54 2026
              /c Host: localhost.localdomain
              /c 
              /c Copyright © 2004-2018 Synopsys, Inc.
              /c This software and the associated documentation are proprietary to Synopsys, Inc. This software may only be used in accordance with the terms and conditions of a written license agreement with Synopsys, Inc. All other use, reproduction, or distribution of this software is strictly prohibited.
              /c 
              /c 
[23:16:00.99] /w Warning: Preference 'leActiveLPP' is deprecated and scheduled for removal in a future release with no replacement. For migration assistance, see the Custom Compiler Tcl Reference Manual. (PREFERENCE-058)
[23:16:01.00] /o 	#######################################
[23:16:01.00] /o 	PDK Library Name	: reference90RF
[23:16:01.00] /o 	PDK Version		: 2.0
[23:16:01.00] /o 	PDK Release Date	: 25-March-2010 
[23:16:01.00] /o 	#######################################
[23:16:01.00] /o 
[23:16:01.01] /i ::sa::_backgroundSaeShell::signalProcessReady 1778861753
[23:16:01.01] /o saeInterBGSaeShell:  ::sa::_backgroundSaeShell::processReady 8
[23:21:02.02] /o saeInterBGSaeShell:  ::sa::_backgroundSaeShell::pingBack
[23:21:02.14] /i ::sa::_backgroundSaeShell::parentRunning
[23:21:02.14] /o 1778862062
[23:23:39.43] /i ::wf::viewerExited
[23:26:03.04] /o saeInterBGSaeShell:  ::sa::_backgroundSaeShell::pingBack
[23:26:03.13] /i ::sa::_backgroundSaeShell::parentRunning
[23:26:03.13] /o 1778862363
[23:26:10.14] /i ::wf::viewerExited
[23:26:52.23] /i ::wf::viewerExited
[23:31:04.08] /o saeInterBGSaeShell:  ::sa::_backgroundSaeShell::pingBack
[23:31:04.12] /i ::sa::_backgroundSaeShell::parentRunning
[23:31:04.12] /o 1778862664
[23:36:05.08] /o saeInterBGSaeShell:  ::sa::_backgroundSaeShell::pingBack
[23:36:05.12] /i ::sa::_backgroundSaeShell::parentRunning
[23:36:05.12] /o 1778862965
[23:41:06.08] /o saeInterBGSaeShell:  ::sa::_backgroundSaeShell::pingBack
[23:41:06.12] /i ::sa::_backgroundSaeShell::parentRunning
[23:41:06.12] /o 1778863266
[23:46:07.08] /o saeInterBGSaeShell:  ::sa::_backgroundSaeShell::pingBack
[23:46:07.13] /i ::sa::_backgroundSaeShell::parentRunning
[23:46:07.13] /o 1778863567
[23:51:08.09] /o saeInterBGSaeShell:  ::sa::_backgroundSaeShell::pingBack
[23:51:08.12] /i ::sa::_backgroundSaeShell::parentRunning
[23:51:08.12] /o 1778863868
[23:56:09.09] /o saeInterBGSaeShell:  ::sa::_backgroundSaeShell::pingBack
[23:56:09.12] /i ::sa::_backgroundSaeShell::parentRunning
[23:56:09.13] /o 1778864169
[00:01:10.10] /o saeInterBGSaeShell:  ::sa::_backgroundSaeShell::pingBack
[00:01:10.12] /i ::sa::_backgroundSaeShell::parentRunning
[00:01:10.13] /o 1778864470
[00:06:11.12] /o saeInterBGSaeShell:  ::sa::_backgroundSaeShell::pingBack
[00:06:11.13] /i ::sa::_backgroundSaeShell::parentRunning
[00:06:11.13] /o 1778864771
[00:11:12.14] /o saeInterBGSaeShell:  ::sa::_backgroundSaeShell::pingBack
[00:11:12.23] /i ::sa::_backgroundSaeShell::parentRunning
[00:11:12.23] /o 1778865072
[00:16:13.15] /o saeInterBGSaeShell:  ::sa::_backgroundSaeShell::pingBack
[00:16:13.22] /i ::sa::_backgroundSaeShell::parentRunning
[00:16:13.22] /o 1778865373
[00:21:14.16] /o saeInterBGSaeShell:  ::sa::_backgroundSaeShell::pingBack
[00:21:14.23] /i ::sa::_backgroundSaeShell::parentRunning
[00:21:14.24] /o 1778865674
[00:22:35.34] /i ::wf::viewerExited
[00:26:15.17] /o saeInterBGSaeShell:  ::sa::_backgroundSaeShell::pingBack
[00:26:15.24] /i ::sa::_backgroundSaeShell::parentRunning
[00:26:15.24] /o 1778865975
[00:31:16.19] /o saeInterBGSaeShell:  ::sa::_backgroundSaeShell::pingBack
[00:31:16.44] /i ::sa::_backgroundSaeShell::parentRunning
[00:31:16.44] /o 1778866276
[00:36:17.20] /o saeInterBGSaeShell:  ::sa::_backgroundSaeShell::pingBack
[00:36:17.23] /i ::sa::_backgroundSaeShell::parentRunning
[00:36:17.23] /o 1778866577
[00:41:18.22] /o saeInterBGSaeShell:  ::sa::_backgroundSaeShell::pingBack
[00:41:18.22] /i ::sa::_backgroundSaeShell::parentRunning
[00:41:18.23] /o 1778866878
[00:41:25.12] /i ::wf::viewerExited
[00:42:23.33] /i ::wf::viewerExited
[00:42:31.75] /i ::sa::_backgroundSaeShell::exit
[00:42:31.75] /o saeInterBGSaeShell:  ::sa::_backgroundSaeShell::childFormallyExiting
