[22:29:35.44] /m Information: License 'SAE' checked out. (LICENSE-003)
[22:29:36.54] /o sae_shell Version Custom Compiler N-2017.12-SP1-2
              /c Build  (OPT) compiled on Wed May 16 15:20:56 2018 for RHEL64 6.6
              /c Execution time: Sat May  2 22:29:34 2026
              /c Host: localhost.localdomain
              /c 
              /c Copyright © 2004-2018 Synopsys, Inc.
              /c This software and the associated documentation are proprietary to Synopsys, Inc. This software may only be used in accordance with the terms and conditions of a written license agreement with Synopsys, Inc. All other use, reproduction, or distribution of this software is strictly prohibited.
              /c 
              /c 
[22:29:36.55] /w Warning: Preference 'leActiveLPP' is deprecated and scheduled for removal in a future release with no replacement. For migration assistance, see the Custom Compiler Tcl Reference Manual. (PREFERENCE-058)
[22:29:36.55] /o 	#######################################
[22:29:36.55] /o 	PDK Library Name	: reference90RF
[22:29:36.55] /o 	PDK Version		: 2.0
[22:29:36.55] /o 	PDK Release Date	: 25-March-2010 
[22:29:36.55] /o 	#######################################
[22:29:36.55] /o 
[22:29:36.55] /i ::sa::_backgroundSaeShell::signalProcessReady 1777735774
[22:29:36.56] /o saeInterBGSaeShell:  ::sa::_backgroundSaeShell::processReady 2
[22:30:41.64] /i ::wf::viewerExited
[22:31:39.85] /i ::wf::viewerExited
[22:33:16.24] /i ::wf::viewerExited
[22:34:11.04] /i ::wf::viewerExited
[22:34:37.56] /o saeInterBGSaeShell:  ::sa::_backgroundSaeShell::pingBack
[22:34:37.66] /i ::sa::_backgroundSaeShell::parentRunning
[22:34:37.66] /o 1777736077
[22:35:43.14] /i ::wf::viewerExited
[22:37:09.95] /i ::wf::viewerExited
[22:37:27.04] /i ::wf::viewerExited
[22:39:02.34] /i ::wf::viewerExited
[22:39:38.57] /o saeInterBGSaeShell:  ::sa::_backgroundSaeShell::pingBack
[22:39:38.64] /i ::sa::_backgroundSaeShell::parentRunning
[22:39:38.64] /o 1777736378
[22:44:39.58] /o saeInterBGSaeShell:  ::sa::_backgroundSaeShell::pingBack
[22:44:39.64] /i ::sa::_backgroundSaeShell::parentRunning
[22:44:39.64] /o 1777736679
[22:48:48.22] /i ::sa::_backgroundSaeShell::exit
[22:48:48.22] /o saeInterBGSaeShell:  ::sa::_backgroundSaeShell::childFormallyExiting
