[23:15:13.50] /m Information: License 'SAE' checked out. (LICENSE-003)
[23:15:14.70] /o sae_shell Version Custom Compiler N-2017.12-SP1-2
              /c Build  (OPT) compiled on Wed May 16 15:20:56 2018 for RHEL64 6.6
              /c Execution time: Sat May 23 23:15:12 2026
              /c Host: localhost.localdomain
              /c 
              /c Copyright © 2004-2018 Synopsys, Inc.
              /c This software and the associated documentation are proprietary to Synopsys, Inc. This software may only be used in accordance with the terms and conditions of a written license agreement with Synopsys, Inc. All other use, reproduction, or distribution of this software is strictly prohibited.
              /c 
              /c 
[23:15:14.71] /w Warning: Preference 'leActiveLPP' is deprecated and scheduled for removal in a future release with no replacement. For migration assistance, see the Custom Compiler Tcl Reference Manual. (PREFERENCE-058)
[23:15:14.71] /o 	#######################################
[23:15:14.71] /o 	PDK Library Name	: reference90RF
[23:15:14.71] /o 	PDK Version		: 2.0
[23:15:14.71] /o 	PDK Release Date	: 25-March-2010 
[23:15:14.71] /o 	#######################################
[23:15:14.71] /o 
[23:15:14.71] /i ::sa::_backgroundSaeShell::signalProcessReady 1779552912
[23:15:14.71] /o saeInterBGSaeShell:  ::sa::_backgroundSaeShell::processReady 2
[23:15:25.21] /i ::wf::viewerExited
[23:15:35.07] /i ::sa::_backgroundSaeShell::exit
[23:15:35.07] /o saeInterBGSaeShell:  ::sa::_backgroundSaeShell::childFormallyExiting
