[00:37:46.89] /m Information: License 'SAE' checked out. (LICENSE-003)
[00:37:48.07] /o sae_shell Version Custom Compiler N-2017.12-SP1-2
              /c Build  (OPT) compiled on Wed May 16 15:20:56 2018 for RHEL64 6.6
              /c Execution time: Sun May 24 00:37:45 2026
              /c Host: localhost.localdomain
              /c 
              /c Copyright © 2004-2018 Synopsys, Inc.
              /c This software and the associated documentation are proprietary to Synopsys, Inc. This software may only be used in accordance with the terms and conditions of a written license agreement with Synopsys, Inc. All other use, reproduction, or distribution of this software is strictly prohibited.
              /c 
              /c 
[00:37:48.09] /w Warning: Preference 'leActiveLPP' is deprecated and scheduled for removal in a future release with no replacement. For migration assistance, see the Custom Compiler Tcl Reference Manual. (PREFERENCE-058)
[00:37:48.09] /o 	#######################################
[00:37:48.09] /o 	PDK Library Name	: reference90RF
[00:37:48.09] /o 	PDK Version		: 2.0
[00:37:48.09] /o 	PDK Release Date	: 25-March-2010 
[00:37:48.09] /o 	#######################################
[00:37:48.09] /o 
[00:37:48.10] /i ::sa::_backgroundSaeShell::signalProcessReady 1779557865
[00:37:48.10] /o saeInterBGSaeShell:  ::sa::_backgroundSaeShell::processReady 3
[00:38:35.90] /i ::sa::_backgroundSaeShell::runScript /home/itsupport/simulation/new_dff,d_ff,schematic/history_1/simulation/HSPICE_default/HSPICE/nominal/.bg_measurement_script.tcl sa::_resultsDatabase::saeShellProcessingCompletedProc testSuiteName saeSession10 testbenchName HSPICE_default resultsDir /home/itsupport/simulation/new_dff,d_ff,schematic/history_1/simulation/HSPICE_default/HSPICE/nominal/results testSuiteDir /home/itsupport/simulation/new_dff,d_ff,schematic/history_1/simulation/HSPICE_default/HSPICE/nominal databaseName /home/itsupport/simulation/new_dff,d_ff,schematic/history_1/simulation/HSPICE_default/HSPICE/nominal/resultsDatabase remoteRun {} testbenchId 1 saveImages true
[00:38:36.24] /m Information: Started sharing "Custom WaveView" license. (WAVEFORM-110)
[00:38:36.36] /o saeInterBGSaeShell:  ::sa::_backgroundSaeShell::scriptFinished 0.4 {} sa::_resultsDatabase::saeShellProcessingCompletedProc testSuiteName saeSession10 testbenchName HSPICE_default resultsDir /home/itsupport/simulation/new_dff,d_ff,schematic/history_1/simulation/HSPICE_default/HSPICE/nominal/results testSuiteDir /home/itsupport/simulation/new_dff,d_ff,schematic/history_1/simulation/HSPICE_default/HSPICE/nominal databaseName /home/itsupport/simulation/new_dff,d_ff,schematic/history_1/simulation/HSPICE_default/HSPICE/nominal/resultsDatabase remoteRun {} testbenchId 1 saveImages true
[00:38:36.36] /o false
[00:38:57.73] /i ::wf::viewerExited
[00:43:37.11] /o saeInterBGSaeShell:  ::sa::_backgroundSaeShell::pingBack
[00:43:37.13] /i ::sa::_backgroundSaeShell::parentRunning
[00:43:37.14] /o 1779558217
[00:43:41.43] /m Information: Stopped sharing "Custom WaveView" license. (WAVEFORM-111)
[00:46:59.13] /i ::sa::_backgroundSaeShell::exit
[00:46:59.14] /o saeInterBGSaeShell:  ::sa::_backgroundSaeShell::childFormallyExiting
