[19:13:27.08] /m Information: License 'SAE' checked out. (LICENSE-003)
[19:13:28.23] /o sae_shell Version Custom Compiler N-2017.12-SP1-2
              /c Build  (OPT) compiled on Wed May 16 15:20:56 2018 for RHEL64 6.6
              /c Execution time: Sat May 23 19:13:26 2026
              /c Host: localhost.localdomain
              /c 
              /c Copyright © 2004-2018 Synopsys, Inc.
              /c This software and the associated documentation are proprietary to Synopsys, Inc. This software may only be used in accordance with the terms and conditions of a written license agreement with Synopsys, Inc. All other use, reproduction, or distribution of this software is strictly prohibited.
              /c 
              /c 
[19:13:28.24] /w Warning: Preference 'leActiveLPP' is deprecated and scheduled for removal in a future release with no replacement. For migration assistance, see the Custom Compiler Tcl Reference Manual. (PREFERENCE-058)
[19:13:28.24] /o 	#######################################
[19:13:28.24] /o 	PDK Library Name	: reference90RF
[19:13:28.24] /o 	PDK Version		: 2.0
[19:13:28.24] /o 	PDK Release Date	: 25-March-2010 
[19:13:28.24] /o 	#######################################
[19:13:28.24] /o 
[19:13:28.25] /i ::sa::_backgroundSaeShell::signalProcessReady 1779538405
[19:13:28.25] /o saeInterBGSaeShell:  ::sa::_backgroundSaeShell::processReady 3
[19:18:29.25] /o saeInterBGSaeShell:  ::sa::_backgroundSaeShell::pingBack
[19:18:29.31] /i ::sa::_backgroundSaeShell::parentRunning
[19:18:29.31] /o 1779538709
[19:21:08.31] /i ::wf::viewerExited
[19:21:28.54] /i ::sa::_backgroundSaeShell::exit
[19:21:28.54] /o saeInterBGSaeShell:  ::sa::_backgroundSaeShell::childFormallyExiting
