[17:58:15.96] /m Information: License 'SAE' checked out. (LICENSE-003)
[17:58:16.96] /o sae_shell Version Custom Compiler N-2017.12-SP1-2
              /c Build  (OPT) compiled on Wed May 16 15:20:56 2018 for RHEL64 6.6
              /c Execution time: Tue Apr 14 17:58:15 2026
              /c Host: localhost.localdomain
              /c 
              /c Copyright © 2004-2018 Synopsys, Inc.
              /c This software and the associated documentation are proprietary to Synopsys, Inc. This software may only be used in accordance with the terms and conditions of a written license agreement with Synopsys, Inc. All other use, reproduction, or distribution of this software is strictly prohibited.
              /c 
              /c 
[17:58:16.97] /w Warning: Preference 'leActiveLPP' is deprecated and scheduled for removal in a future release with no replacement. For migration assistance, see the Custom Compiler Tcl Reference Manual. (PREFERENCE-058)
[17:58:16.97] /o 	#######################################
[17:58:16.97] /o 	PDK Library Name	: reference90RF
[17:58:16.97] /o 	PDK Version		: 2.0
[17:58:16.97] /o 	PDK Release Date	: 25-March-2010 
[17:58:16.97] /o 	#######################################
[17:58:16.97] /o 
[17:58:16.98] /i ::sa::_backgroundSaeShell::signalProcessReady 1776164294
[17:58:16.98] /o saeInterBGSaeShell:  ::sa::_backgroundSaeShell::processReady 2
[18:03:17.99] /o saeInterBGSaeShell:  ::sa::_backgroundSaeShell::pingBack
[18:03:18.03] /i ::sa::_backgroundSaeShell::parentRunning
[18:03:18.03] /o 1776164598
[18:08:19.02] /o saeInterBGSaeShell:  ::sa::_backgroundSaeShell::pingBack
[18:08:19.03] /i ::sa::_backgroundSaeShell::parentRunning
[18:08:19.03] /o 1776164899
[18:08:42.03] /i ::wf::viewerExited
[18:09:42.04] /i ::wf::viewerExited
[18:10:57.93] /i ::wf::viewerExited
[18:11:02.18] /i ::sa::_backgroundSaeShell::exit
[18:11:02.18] /o saeInterBGSaeShell:  ::sa::_backgroundSaeShell::childFormallyExiting
