[19:12:33.57] /m Information: License 'SAE' checked out. (LICENSE-003)
[19:12:34.88] /o sae_shell Version Custom Compiler N-2017.12-SP1-2
              /c Build  (OPT) compiled on Wed May 16 15:20:56 2018 for RHEL64 6.6
              /c Execution time: Sat May 23 19:12:32 2026
              /c Host: localhost.localdomain
              /c 
              /c Copyright © 2004-2018 Synopsys, Inc.
              /c This software and the associated documentation are proprietary to Synopsys, Inc. This software may only be used in accordance with the terms and conditions of a written license agreement with Synopsys, Inc. All other use, reproduction, or distribution of this software is strictly prohibited.
              /c 
              /c 
[19:12:34.89] /w Warning: Preference 'leActiveLPP' is deprecated and scheduled for removal in a future release with no replacement. For migration assistance, see the Custom Compiler Tcl Reference Manual. (PREFERENCE-058)
[19:12:34.90] /o 	#######################################
[19:12:34.90] /o 	PDK Library Name	: reference90RF
[19:12:34.90] /o 	PDK Version		: 2.0
[19:12:34.90] /o 	PDK Release Date	: 25-March-2010 
[19:12:34.90] /o 	#######################################
[19:12:34.90] /o 
[19:12:34.90] /i ::sa::_backgroundSaeShell::signalProcessReady 1779538352
[19:12:34.91] /o saeInterBGSaeShell:  ::sa::_backgroundSaeShell::processReady 2
[19:12:35.01] /i ::sa::_backgroundSaeShell::runScript /home/itsupport/simulation/project_d_ff,D_FF_tb,schematic/history_1/simulation/HSPICE_d_Fff/HSPICE/nominal/.bg_measurement_script.tcl sa::_resultsDatabase::saeShellProcessingCompletedProc testSuiteName saeSession2 testbenchName HSPICE_d_Fff resultsDir /home/itsupport/simulation/project_d_ff,D_FF_tb,schematic/history_1/simulation/HSPICE_d_Fff/HSPICE/nominal/results testSuiteDir /home/itsupport/simulation/project_d_ff,D_FF_tb,schematic/history_1/simulation/HSPICE_d_Fff/HSPICE/nominal databaseName /home/itsupport/simulation/project_d_ff,D_FF_tb,schematic/history_1/simulation/HSPICE_d_Fff/HSPICE/nominal/resultsDatabase remoteRun {} testbenchId 1 saveImages true
[19:12:35.28] /m Information: Started sharing "Custom WaveView" license. (WAVEFORM-110)
[19:12:35.37] /o saeInterBGSaeShell:  ::sa::_backgroundSaeShell::scriptFinished 0.3 {} sa::_resultsDatabase::saeShellProcessingCompletedProc testSuiteName saeSession2 testbenchName HSPICE_d_Fff resultsDir /home/itsupport/simulation/project_d_ff,D_FF_tb,schematic/history_1/simulation/HSPICE_d_Fff/HSPICE/nominal/results testSuiteDir /home/itsupport/simulation/project_d_ff,D_FF_tb,schematic/history_1/simulation/HSPICE_d_Fff/HSPICE/nominal databaseName /home/itsupport/simulation/project_d_ff,D_FF_tb,schematic/history_1/simulation/HSPICE_d_Fff/HSPICE/nominal/resultsDatabase remoteRun {} testbenchId 1 saveImages true
[19:12:35.37] /o false
[19:13:25.81] /i ::sa::_backgroundSaeShell::runScript /home/itsupport/simulation/project_d_ff,D_FF_tb,schematic/history_1/simulation/HSPICE_d_Fff/HSPICE/nominal/.bg_measurement_script.tcl sa::_resultsDatabase::saeShellProcessingCompletedProc testSuiteName saeSession2 testbenchName HSPICE_d_Fff resultsDir /home/itsupport/simulation/project_d_ff,D_FF_tb,schematic/history_1/simulation/HSPICE_d_Fff/HSPICE/nominal/results testSuiteDir /home/itsupport/simulation/project_d_ff,D_FF_tb,schematic/history_1/simulation/HSPICE_d_Fff/HSPICE/nominal databaseName /home/itsupport/simulation/project_d_ff,D_FF_tb,schematic/history_1/simulation/HSPICE_d_Fff/HSPICE/nominal/resultsDatabase remoteRun {} testbenchId 1 saveImages true
[19:13:26.14] /o saeInterBGSaeShell:  ::sa::_backgroundSaeShell::scriptFinished 0.3 {} sa::_resultsDatabase::saeShellProcessingCompletedProc testSuiteName saeSession2 testbenchName HSPICE_d_Fff resultsDir /home/itsupport/simulation/project_d_ff,D_FF_tb,schematic/history_1/simulation/HSPICE_d_Fff/HSPICE/nominal/results testSuiteDir /home/itsupport/simulation/project_d_ff,D_FF_tb,schematic/history_1/simulation/HSPICE_d_Fff/HSPICE/nominal databaseName /home/itsupport/simulation/project_d_ff,D_FF_tb,schematic/history_1/simulation/HSPICE_d_Fff/HSPICE/nominal/resultsDatabase remoteRun {} testbenchId 1 saveImages true
[19:13:26.14] /o false
[19:13:56.23] /i ::sa::_backgroundSaeShell::runScript /home/itsupport/simulation/project_d_ff,D_FF_tb,schematic/history_1/simulation/HSPICE_d_Fff/HSPICE/nominal/.bg_measurement_script.tcl sa::_resultsDatabase::saeShellProcessingCompletedProc testSuiteName saeSession2 testbenchName HSPICE_d_Fff resultsDir /home/itsupport/simulation/project_d_ff,D_FF_tb,schematic/history_1/simulation/HSPICE_d_Fff/HSPICE/nominal/results testSuiteDir /home/itsupport/simulation/project_d_ff,D_FF_tb,schematic/history_1/simulation/HSPICE_d_Fff/HSPICE/nominal databaseName /home/itsupport/simulation/project_d_ff,D_FF_tb,schematic/history_1/simulation/HSPICE_d_Fff/HSPICE/nominal/resultsDatabase remoteRun {} testbenchId 1 saveImages true
[19:13:56.54] /o saeInterBGSaeShell:  ::sa::_backgroundSaeShell::scriptFinished 0.3 {} sa::_resultsDatabase::saeShellProcessingCompletedProc testSuiteName saeSession2 testbenchName HSPICE_d_Fff resultsDir /home/itsupport/simulation/project_d_ff,D_FF_tb,schematic/history_1/simulation/HSPICE_d_Fff/HSPICE/nominal/results testSuiteDir /home/itsupport/simulation/project_d_ff,D_FF_tb,schematic/history_1/simulation/HSPICE_d_Fff/HSPICE/nominal databaseName /home/itsupport/simulation/project_d_ff,D_FF_tb,schematic/history_1/simulation/HSPICE_d_Fff/HSPICE/nominal/resultsDatabase remoteRun {} testbenchId 1 saveImages true
[19:13:56.54] /o false
[19:16:50.03] /i ::sa::_backgroundSaeShell::runScript /home/itsupport/simulation/project_d_ff,D_FF_tb,schematic/history_1/simulation/HSPICE_d_Fff/HSPICE/nominal/.bg_measurement_script.tcl sa::_resultsDatabase::saeShellProcessingCompletedProc testSuiteName saeSession2 testbenchName HSPICE_d_Fff resultsDir /home/itsupport/simulation/project_d_ff,D_FF_tb,schematic/history_1/simulation/HSPICE_d_Fff/HSPICE/nominal/results testSuiteDir /home/itsupport/simulation/project_d_ff,D_FF_tb,schematic/history_1/simulation/HSPICE_d_Fff/HSPICE/nominal databaseName /home/itsupport/simulation/project_d_ff,D_FF_tb,schematic/history_1/simulation/HSPICE_d_Fff/HSPICE/nominal/resultsDatabase remoteRun {} testbenchId 1 saveImages true
[19:16:50.42] /o saeInterBGSaeShell:  ::sa::_backgroundSaeShell::scriptFinished 0.3 {} sa::_resultsDatabase::saeShellProcessingCompletedProc testSuiteName saeSession2 testbenchName HSPICE_d_Fff resultsDir /home/itsupport/simulation/project_d_ff,D_FF_tb,schematic/history_1/simulation/HSPICE_d_Fff/HSPICE/nominal/results testSuiteDir /home/itsupport/simulation/project_d_ff,D_FF_tb,schematic/history_1/simulation/HSPICE_d_Fff/HSPICE/nominal databaseName /home/itsupport/simulation/project_d_ff,D_FF_tb,schematic/history_1/simulation/HSPICE_d_Fff/HSPICE/nominal/resultsDatabase remoteRun {} testbenchId 1 saveImages true
[19:16:50.42] /o false
[19:18:16.61] /i ::sa::_backgroundSaeShell::runScript /home/itsupport/simulation/project_d_ff,D_FF_tb,schematic/history_1/simulation/HSPICE_d_Fff/HSPICE/nominal/.bg_measurement_script.tcl sa::_resultsDatabase::saeShellProcessingCompletedProc testSuiteName saeSession2 testbenchName HSPICE_d_Fff resultsDir /home/itsupport/simulation/project_d_ff,D_FF_tb,schematic/history_1/simulation/HSPICE_d_Fff/HSPICE/nominal/results testSuiteDir /home/itsupport/simulation/project_d_ff,D_FF_tb,schematic/history_1/simulation/HSPICE_d_Fff/HSPICE/nominal databaseName /home/itsupport/simulation/project_d_ff,D_FF_tb,schematic/history_1/simulation/HSPICE_d_Fff/HSPICE/nominal/resultsDatabase remoteRun {} testbenchId 1 saveImages true
[19:18:16.94] /o saeInterBGSaeShell:  ::sa::_backgroundSaeShell::scriptFinished 0.3 {} sa::_resultsDatabase::saeShellProcessingCompletedProc testSuiteName saeSession2 testbenchName HSPICE_d_Fff resultsDir /home/itsupport/simulation/project_d_ff,D_FF_tb,schematic/history_1/simulation/HSPICE_d_Fff/HSPICE/nominal/results testSuiteDir /home/itsupport/simulation/project_d_ff,D_FF_tb,schematic/history_1/simulation/HSPICE_d_Fff/HSPICE/nominal databaseName /home/itsupport/simulation/project_d_ff,D_FF_tb,schematic/history_1/simulation/HSPICE_d_Fff/HSPICE/nominal/resultsDatabase remoteRun {} testbenchId 1 saveImages true
[19:18:16.94] /o false
[19:20:15.33] /i ::sa::_backgroundSaeShell::runScript /home/itsupport/simulation/project_d_ff,D_FF_tb,schematic/history_1/simulation/HSPICE_d_Fff/HSPICE/nominal/.bg_measurement_script.tcl sa::_resultsDatabase::saeShellProcessingCompletedProc testSuiteName saeSession2 testbenchName HSPICE_d_Fff resultsDir /home/itsupport/simulation/project_d_ff,D_FF_tb,schematic/history_1/simulation/HSPICE_d_Fff/HSPICE/nominal/results testSuiteDir /home/itsupport/simulation/project_d_ff,D_FF_tb,schematic/history_1/simulation/HSPICE_d_Fff/HSPICE/nominal databaseName /home/itsupport/simulation/project_d_ff,D_FF_tb,schematic/history_1/simulation/HSPICE_d_Fff/HSPICE/nominal/resultsDatabase remoteRun {} testbenchId 1 saveImages true
[19:20:15.64] /o saeInterBGSaeShell:  ::sa::_backgroundSaeShell::scriptFinished 0.3 {} sa::_resultsDatabase::saeShellProcessingCompletedProc testSuiteName saeSession2 testbenchName HSPICE_d_Fff resultsDir /home/itsupport/simulation/project_d_ff,D_FF_tb,schematic/history_1/simulation/HSPICE_d_Fff/HSPICE/nominal/results testSuiteDir /home/itsupport/simulation/project_d_ff,D_FF_tb,schematic/history_1/simulation/HSPICE_d_Fff/HSPICE/nominal databaseName /home/itsupport/simulation/project_d_ff,D_FF_tb,schematic/history_1/simulation/HSPICE_d_Fff/HSPICE/nominal/resultsDatabase remoteRun {} testbenchId 1 saveImages true
[19:20:15.64] /o false
[19:20:33.49] /i ::sa::_backgroundSaeShell::runScript /home/itsupport/simulation/project_d_ff,D_FF_tb,schematic/history_1/simulation/HSPICE_d_Fff/HSPICE/parametric/.bg_measurement_script.tcl sa::_resultsDatabase::saeShellProcessingCompletedProc testSuiteName saeSession2 testbenchName HSPICE_d_Fff resultsDir /home/itsupport/simulation/project_d_ff,D_FF_tb,schematic/history_1/simulation/HSPICE_d_Fff/HSPICE/parametric/results testSuiteDir /home/itsupport/simulation/project_d_ff,D_FF_tb,schematic/history_1/simulation/HSPICE_d_Fff/HSPICE/parametric databaseName /home/itsupport/simulation/project_d_ff,D_FF_tb,schematic/history_1/simulation/HSPICE_d_Fff/HSPICE/parametric/resultsDatabase remoteRun {} testbenchId 1 saveImages true
[19:20:34.27] /o saeInterBGSaeShell:  ::sa::_backgroundSaeShell::scriptFinished 0.7 {} sa::_resultsDatabase::saeShellProcessingCompletedProc testSuiteName saeSession2 testbenchName HSPICE_d_Fff resultsDir /home/itsupport/simulation/project_d_ff,D_FF_tb,schematic/history_1/simulation/HSPICE_d_Fff/HSPICE/parametric/results testSuiteDir /home/itsupport/simulation/project_d_ff,D_FF_tb,schematic/history_1/simulation/HSPICE_d_Fff/HSPICE/parametric databaseName /home/itsupport/simulation/project_d_ff,D_FF_tb,schematic/history_1/simulation/HSPICE_d_Fff/HSPICE/parametric/resultsDatabase remoteRun {} testbenchId 1 saveImages true
[19:20:34.27] /o false
[19:21:08.31] /i ::wf::viewerExited
[19:21:28.54] /i ::sa::_backgroundSaeShell::exit
[19:21:28.54] /o saeInterBGSaeShell:  ::sa::_backgroundSaeShell::childFormallyExiting
