[15:49:54.79] /m Information: License 'SAE' checked out. (LICENSE-003)
[15:49:55.80] /o sae_shell Version Custom Compiler N-2017.12-SP1-2
              /c Build  (OPT) compiled on Wed May 16 15:20:56 2018 for RHEL64 6.6
              /c Execution time: Sun May 24 15:49:53 2026
              /c Host: localhost.localdomain
              /c 
              /c Copyright © 2004-2018 Synopsys, Inc.
              /c This software and the associated documentation are proprietary to Synopsys, Inc. This software may only be used in accordance with the terms and conditions of a written license agreement with Synopsys, Inc. All other use, reproduction, or distribution of this software is strictly prohibited.
              /c 
              /c 
[15:49:55.81] /w Warning: Preference 'leActiveLPP' is deprecated and scheduled for removal in a future release with no replacement. For migration assistance, see the Custom Compiler Tcl Reference Manual. (PREFERENCE-058)
[15:49:55.82] /o 	#######################################
[15:49:55.82] /o 	PDK Library Name	: reference90RF
[15:49:55.82] /o 	PDK Version		: 2.0
[15:49:55.82] /o 	PDK Release Date	: 25-March-2010 
[15:49:55.82] /o 	#######################################
[15:49:55.82] /o 
[15:49:55.82] /i ::sa::_backgroundSaeShell::signalProcessReady 1779612593
[15:49:55.82] /o saeInterBGSaeShell:  ::sa::_backgroundSaeShell::processReady 2
[15:50:51.31] /i ::sa::_backgroundSaeShell::runScript /home/itsupport/simulation/new_dff,d_latch_tb_layout,schematic/history_1/simulation/default/HSPICE/nominal/.bg_measurement_script.tcl sa::_resultsDatabase::saeShellProcessingCompletedProc testSuiteName saeSession1 testbenchName default resultsDir /home/itsupport/simulation/new_dff,d_latch_tb_layout,schematic/history_1/simulation/default/HSPICE/nominal/results testSuiteDir /home/itsupport/simulation/new_dff,d_latch_tb_layout,schematic/history_1/simulation/default/HSPICE/nominal databaseName /home/itsupport/simulation/new_dff,d_latch_tb_layout,schematic/history_1/simulation/default/HSPICE/nominal/resultsDatabase remoteRun {} testbenchId 1 saveImages true
[15:50:51.88] /m Information: Started sharing "Custom WaveView" license. (WAVEFORM-110)
[15:50:52.08] /o saeInterBGSaeShell:  ::sa::_backgroundSaeShell::scriptFinished 0.7 {} sa::_resultsDatabase::saeShellProcessingCompletedProc testSuiteName saeSession1 testbenchName default resultsDir /home/itsupport/simulation/new_dff,d_latch_tb_layout,schematic/history_1/simulation/default/HSPICE/nominal/results testSuiteDir /home/itsupport/simulation/new_dff,d_latch_tb_layout,schematic/history_1/simulation/default/HSPICE/nominal databaseName /home/itsupport/simulation/new_dff,d_latch_tb_layout,schematic/history_1/simulation/default/HSPICE/nominal/resultsDatabase remoteRun {} testbenchId 1 saveImages true
[15:50:52.08] /o false
[15:51:00.23] /i ::wf::viewerExited
[15:51:12.91] /i ::sa::_backgroundSaeShell::exit
[15:51:12.91] /o saeInterBGSaeShell:  ::sa::_backgroundSaeShell::childFormallyExiting
