 ****** HSPICE -- N-2017.12-SP2 linux64 (May 24 2018) ******                    
  Copyright (c) 1986 - 2026 by Synopsys, Inc. All Rights Reserved.              
  This software and the associated documentation are proprietary
  to Synopsys, Inc. This software may only be used in accordance
  with the terms and conditions of a written license agreement with
  Synopsys, Inc. All other use, reproduction, or distribution of
  this software is strictly prohibited.
  Input File: netlist.final                                                     
  Command line options: /usr/synopsys/hspice/N-2017.12-SP2/hspice/linux64/hspice -i netlist.final -o netlist.lib
 lic:  
 lic: FLEXlm: SDK_11.6.9.3 
 lic: USER:   itsupport            HOSTNAME: localhost.localdomain 
 lic: HOSTID: 1234567890ab         PID:      8434 
 lic: Using FLEXlm license file: 
 lic: 27000@localhost.localdomain 
 lic: Checkout 1 hspice 
 lic: License/Maintenance for hspice will expire on 30-dec-2030/2019.2019 
 lic: 1(in_use)/99(total) FLOATING license(s) on SERVER 27000@localhost.localdomain 
 lic:   
  **error** (netlist.final:7) unable to open file "../PDK/hspice/reference_models.inc’" .Either file doesn't exists or path is wrong. Please enter the correct file location. 

               ***** job aborted
 lic: Release hspice token(s) 
 lic: total license checkout elapse time:        0.03(s)
