### Custom WaveView ADV log file, revision N-2017.12-SP2 (build May 31, ) ###
### created at 21:03:14 on Tue May  5 2026 (Linux AMD64) ###
### Host Name: localhost.localdomain   User ID: itsupport   PID: 9124   ###
wv_start_log
# (0) running in waveview only mode
# (0) SW_SX_PERL_LIB defined
# (0) SW_SX_TCL_LIB defined
# (0) HOME defined
sx_open_sim_file_read {netlist.tr0}
wv_move_window {Custom WaveView} {} -10 -14
wv_resize_browser {Custom WaveView} {} {waveview 1:1} 1660 808
wv_resize_window {Custom WaveView} 1920 977
wv_move_window {Custom WaveView} {} -10 -8
wv_move_window {Custom WaveView} {} -10 20
wv_expand_tree_item {Custom WaveView} {} {hierview} {D0:netlist.tr0(0)} {+sep=@}
wv_select_tree_item {Custom WaveView} {} {hierview} {D0:netlist.tr0(0)@toplevel(0)} {0} {+sep=@}
wv_select_window {Custom WaveView} 
wv_select_list_item {Custom WaveView} {} {sigview} {v(out)} 6
wv_dclick_list_item {Custom WaveView} {} {sigview} {v(out)} 6
wv_select_list_item {Custom WaveView} {} {sigview} {v(net5)} 5
wv_select_list_item {Custom WaveView} {} {sigview} {v(net25)} 3
wv_select_list_item {Custom WaveView} {} {sigview} {v(net26)} 4
wv_dclick_list_item {Custom WaveView} {} {sigview} {v(net26)} 4
wv_select_waveview 1 {waveview 1}
wv_select_wv_item WV1.LEGEND.WIDTH
wv_drag_item_to WV1 81 147
wv_move_wv_item WV1.PANEL1:1.LEGEND.WIDTH 100
wv_select_waveview 1 {waveview 1}
wv_select_wv_item WV1.PANEL2:1.LINE1
wv_select_line WV1.PANEL2:1.LINE1
wv_select_waveview 1 {waveview 1}
wv_select_wv_item WV1.PANEL2:1.LINE1
wv_drag_item_to WV1 63 390
wv_drag_enter WV1
wv_drag_to WV1 63 390
wv_drag_to WV1 63 386
wv_drag_to WV1 63 378
wv_drop_on WV1
wv_drag_item_to WV1 63 390
wv_select_waveview 1 {waveview 1}
wv_select_wv_item WV1.PANEL1:1.LINE1
wv_select_line WV1.PANEL1:1.LINE1
wv_select_waveview 1 {waveview 1}
wv_select_wv_item WV1.PANEL1:1.LINE1
wv_drag_item_to WV1 57 36
wv_drag_enter WV1
wv_drag_to WV1 57 36
wv_drop_on WV1
wv_drag_item_to WV1 57 36
wv_select_waveview 1 {waveview 1}
wv_waveview_context_menu WV1.PANEL1:1.LEGEND
wv_select_waveview 1 {waveview 1}
wv_select_menu_item {Custom WaveView} {waveview 1:1} {PanelPopMenu.Ungroup} 
wv_select_window {Custom WaveView} 
wv_select_list_item {Custom WaveView} {} {sigview} {v(net25)} 3
wv_select_waveview 1 {waveview 1}
wv_select_wv_item WV1.PANEL2:1.LEGEND
wv_select_panel WV1.PANEL2:1.LEGEND
wv_select_waveview 1 {waveview 1}
wv_select_wv_item WV1.PANEL2:1.LEGEND
wv_select_panel WV1.PANEL2:1.LEGEND
wv_select_waveview 1 {waveview 1}
wv_select_wv_item WV1.PANEL2:1.LEGEND
wv_select_panel WV1.PANEL2:1.LEGEND
wv_dclick_wv_item WV1.PANEL2:1.LEGEND
wv_move_window {PanelAttributesDialog} {} 772 290
wv_move_window {PanelAttributesDialog} {} 762 282
wv_move_window {PanelAttributesDialog} {} 772 340
wv_select_dialog {PanelAttributesDialog} 
wv_release_wv_item WV1 78 72
wv_close_dialog {PanelAttributesDialog} 
wv_select_window {Custom WaveView} 
wv_select_waveview 1 {waveview 1}
wv_waveview_context_menu WV1.PANEL1:1.LEGEND
wv_select_waveview 1 {waveview 1}
wv_select_menu_item {Custom WaveView} {waveview 1:1} {PanelPopMenu.Group} 
wv_select_waveview 1 {waveview 1}
wv_select_wv_item WV1.PANEL2:1.LEGEND
wv_select_panel WV1.PANEL2:1.LEGEND
wv_select_waveview 1 {waveview 1}
wv_waveview_context_menu WV1.PANEL2:1.LEGEND
wv_select_waveview 1 {waveview 1}
wv_select_wv_item WV1.PANEL1:1.LEGEND
wv_select_panel WV1.PANEL1:1.LEGEND
wv_select_waveview 1 {waveview 1}
wv_select_wv_item WV1.PANEL1:1.LEGEND
wv_drag_item_to WV1 58 162
wv_drag_enter WV1
wv_drag_to WV1 58 168
wv_drag_to WV1 64 384
wv_drag_to WV1 66 393
wv_drop_on WV1
wv_drag_item_to WV1 58 168
wv_select_waveview 1 {waveview 1}
wv_select_wv_item WV1.PANEL1:1.LINE2
wv_select_line WV1.PANEL1:1.LINE2
wv_select_waveview 1 {waveview 1}
wv_select_wv_item WV1.PANEL1:1.LEGEND
wv_select_panel WV1.PANEL1:1.LEGEND
wv_select_waveview 1 {waveview 1}
wv_select_wv_item WV1.PANEL1:1.LINE2
wv_select_line WV1.PANEL1:1.LINE2
wv_select_waveview 1 {waveview 1}
wv_waveview_context_menu WV1.PANEL1:1.LINE2
wv_select_waveview 1 {waveview 1}
wv_select_menu_item {Custom WaveView} {waveview 1:1} {SignalPopMenu.Ungroup} 
wv_select_waveview 1 {waveview 1}
wv_select_wv_item WV1.PANEL1:1.LEGEND
wv_select_panel WV1.PANEL1:1.LEGEND
wv_press_key "F" 484 548
wv_press_key "F" 568 475
wv_select_list_item {Custom WaveView} {} {sigview} {v(net26)} 4
wv_select_list_item {Custom WaveView} {} {sigview} {v(net26)} 4
wv_list_context_menu {Custom WaveView} {} {sigview} {v(net26)} 4 56 75
wv_select_list_item {Custom WaveView} {} {sigview} {v(net26)} 4
wv_dclick_list_item {Custom WaveView} {} {sigview} {v(net26)} 4
wv_select_waveview 1 {waveview 1}
wv_select_wv_item WV1.PANEL3:1.LEGEND
wv_drag_item_to WV1 36 600
wv_drag_enter WV1
wv_drag_to WV1 37 594
wv_drag_to WV1 54 503
wv_drag_to WV1 54 492
wv_drop_on WV1
wv_drag_item_to WV1 37 594
wv_select_waveview 1 {waveview 1}
wv_select_wv_item WV1.PANEL2:1.LEGEND
wv_select_panel WV1.PANEL2:1.LEGEND
wv_select_waveview 1 {waveview 1}
wv_select_wv_item WV1.PANEL2:1.LINE1
wv_select_line WV1.PANEL2:1.LINE1
wv_select_waveview 1 {waveview 1}
wv_waveview_context_menu WV1.PANEL2:1.LEGEND
wv_select_waveview 1 {waveview 1}
wv_select_menu_item {Custom WaveView} {waveview 1:1} {PanelPopMenu.Ungroup} 
wv_select_list_item {Custom WaveView} {} {sigview} {v(net5)} 5
wv_select_list_item {Custom WaveView} {} {sigview} {v(net5)} 5
wv_dclick_list_item {Custom WaveView} {} {sigview} {v(net5)} 5
wv_select_waveview 1 {waveview 1}
wv_waveview_context_menu WV1.PANEL4:1.LEGEND
wv_select_waveview 1 {waveview 1}
wv_select_wv_item WV1.PANEL3:1.LEGEND
wv_select_panel WV1.PANEL3:1.LEGEND
wv_select_waveview 1 {waveview 1}
wv_select_wv_item WV1.PANEL4:1.LEGEND
wv_select_panel WV1.PANEL4:1.LEGEND
wv_select_waveview 1 {waveview 1}
wv_select_wv_item WV1.PANEL4:1.LEGEND
wv_drag_item_to WV1 69 666
wv_drag_enter WV1
wv_drag_to WV1 69 666
wv_drag_to WV1 57 549
wv_drag_to WV1 36 363
wv_drop_on WV1
wv_drag_item_to WV1 69 666
wv_select_waveview 1 {waveview 1}
wv_select_wv_item WV1.PANEL2:1.LINE2
wv_select_line WV1.PANEL2:1.LINE2
wv_select_waveview 1 {waveview 1}
wv_waveview_context_menu WV1.PANEL2:1.LINE2
wv_select_waveview 1 {waveview 1}
wv_select_menu_item {Custom WaveView} {waveview 1:1} {SignalPopMenu.Ungroup} 
wv_select_waveview 1 {waveview 1}
wv_select_wv_item WV1.LEGEND.WIDTH
wv_drag_item_to WV1 103 288
wv_move_wv_item WV1.PANEL1:1.LEGEND.WIDTH 220
wv_select_waveview 1 {waveview 1}
wv_select_wv_item WV1.PANEL3:1.LEGEND
wv_select_panel WV1.PANEL3:1.LEGEND
wv_select_waveview 1 {waveview 1}
wv_select_wv_item WV1.PANEL3:1.LEGEND
wv_drag_item_to WV1 157 477
wv_drag_enter WV1
wv_drag_to WV1 157 471
wv_drag_to WV1 162 336
wv_drag_to WV1 162 194
wv_drop_on WV1
wv_drag_item_to WV1 157 471
wv_select_waveview 1 {waveview 1}
wv_select_wv_item WV1.PANEL1:1.LINE1
wv_drag_item_to WV1 67 36
wv_select_line WV1.PANEL1:1.LINE1
wv_drag_enter WV1
wv_drag_to WV1 67 47
wv_drop_on WV1
wv_drag_item_to WV1 67 36
wv_select_waveview 1 {waveview 1}
wv_select_wv_item WV1.PANEL1:1.LINE2
wv_drag_item_to WV1 69 42
wv_select_line WV1.PANEL1:1.LINE2
wv_drag_enter WV1
wv_drag_to WV1 69 39
wv_drag_to WV1 67 24
wv_drag_to WV1 67 26
wv_drop_on WV1
wv_drag_item_to WV1 69 42
wv_select_waveview 1 {waveview 1}
wv_select_wv_item WV1.PANEL1:1.LEGEND
wv_select_panel WV1.PANEL1:1.LEGEND
wv_select_waveview 1 {waveview 1}
wv_select_wv_item WV1.PANEL1:1.LEGEND
wv_drag_item_to WV1 114 105
wv_drag_enter WV1
wv_drag_to WV1 115 99
wv_drag_to WV1 133 24
wv_drop_on WV1
wv_drag_item_to WV1 115 99
wv_select_waveview 1 {waveview 1}
wv_select_wv_item WV1.PANEL1:1.LINE2
wv_select_line WV1.PANEL1:1.LINE2
wv_select_waveview 1 {waveview 1}
wv_waveview_context_menu WV1.PANEL1:1.LINE2
wv_select_waveview 1 {waveview 1}
wv_select_menu_item {Custom WaveView} {waveview 1:1} {SignalPopMenu.Ungroup} 
wv_select_waveview 1 {waveview 1}
wv_select_wv_item WV1.PANEL1:1.LEGEND
wv_select_panel WV1.PANEL1:1.LEGEND
wv_select_waveview 1 {waveview 1}
wv_select_wv_item WV1.PANEL3:1.LEGEND
wv_select_panel WV1.PANEL3:1.LEGEND
wv_select_waveview 1 {waveview 1}
wv_select_wv_item WV1.PANEL4:1.LEGEND
wv_select_panel WV1.PANEL4:1.LEGEND
wv_select_waveview 1 {waveview 1}
wv_select_wv_item WV1.PANEL3:1.LEGEND
wv_select_panel WV1.PANEL3:1.LEGEND
wv_select_waveview 1 {waveview 1}
wv_select_wv_item WV1.PANEL2:1.LEGEND
wv_select_panel WV1.PANEL2:1.LEGEND
wv_select_waveview 1 {waveview 1}
wv_select_wv_item WV1.PANEL1:1.LEGEND
wv_select_panel WV1.PANEL1:1.LEGEND
wv_select_waveview 1 {waveview 1}
wv_select_wv_item WV1.PANEL2:1.LEGEND
wv_select_panel WV1.PANEL2:1.LEGEND
wv_select_waveview 1 {waveview 1}
wv_select_wv_item WV1.PANEL2:1.LEGEND
wv_drag_item_to WV1 142 270
wv_drag_enter WV1
wv_drag_to WV1 142 263
wv_drag_to WV1 145 206
wv_drag_to WV1 145 197
wv_drop_on WV1
wv_drag_item_to WV1 142 263
wv_select_waveview 1 {waveview 1}
wv_select_wv_item WV1.PANEL1:1.LINE2
wv_select_line WV1.PANEL1:1.LINE2
wv_select_waveview 1 {waveview 1}
wv_waveview_context_menu WV1.PANEL1:1.LINE2
wv_select_waveview 1 {waveview 1}
wv_select_menu_item {Custom WaveView} {waveview 1:1} {SignalPopMenu.Ungroup} 
wv_select_waveview 1 {waveview 1}
wv_select_wv_item WV1.PANEL2:1.LEGEND
wv_select_panel WV1.PANEL2:1.LEGEND
wv_select_waveview 1 {waveview 1}
wv_waveview_context_menu WV1.PANEL2:1.LEGEND
wv_select_waveview 1 {waveview 1}
wv_select_wv_item WV1.PANEL2:1.LEGEND
wv_select_panel WV1.PANEL2:1.LEGEND
wv_select_waveview 1 {waveview 1}
wv_select_wv_item WV1.PANEL2:1.LEGEND
wv_select_panel WV1.PANEL2:1.LEGEND
wv_select_waveview 1 {waveview 1}
wv_waveview_context_menu WV1.PANEL2:1.LEGEND
wv_select_waveview 1 {waveview 1}
wv_select_wv_item WV1.PANEL2:1.LEGEND
wv_select_panel WV1.PANEL2:1.LEGEND
wv_select_waveview 1 {waveview 1}
wv_select_wv_item WV1.PANEL2:1.LEGEND
wv_select_panel WV1.PANEL2:1.LEGEND
wv_select_waveview 1 {waveview 1}
wv_select_wv_item WV1.PANEL1:1.LEGEND
wv_select_panel WV1.PANEL1:1.LEGEND
wv_select_waveview 1 {waveview 1}
wv_select_wv_item WV1.PANEL1:1.LEGEND
wv_drag_item_to WV1 177 86
wv_drag_enter WV1
wv_drag_to WV1 177 111
wv_drag_to WV1 177 228
wv_drag_to WV1 177 389
wv_drag_to WV1 175 573
wv_drop_on WV1
wv_drag_item_to WV1 177 111
wv_select_waveview 1 {waveview 1}
wv_select_wv_item WV1.PANEL3:1.LINE2
wv_select_line WV1.PANEL3:1.LINE2
wv_select_waveview 1 {waveview 1}
wv_waveview_context_menu WV1.PANEL3:1.LINE2
wv_select_waveview 1 {waveview 1}
wv_select_menu_item {Custom WaveView} {waveview 1:1} {SignalPopMenu.Ungroup} 
wv_select_waveview 1 {waveview 1}
wv_select_wv_item WV1.PANEL2:1.LEGEND
wv_select_panel WV1.PANEL2:1.LEGEND
wv_select_waveview 1 {waveview 1}
wv_select_wv_item WV1.PANEL2:1.LEGEND
wv_select_panel WV1.PANEL2:1.LEGEND
wv_select_waveview 1 {waveview 1}
wv_select_wv_item WV1.PANEL2:1.LEGEND
wv_select_panel WV1.PANEL2:1.LEGEND
wv_select_waveview 1 {waveview 1}
wv_select_wv_item WV1.PANEL2:1.LEGEND
wv_drag_item_to WV1 120 251
wv_drag_enter WV1
wv_drag_to WV1 120 251
wv_drag_to WV1 112 395
wv_drag_to WV1 100 564
wv_drag_to WV1 100 578
wv_drop_on WV1
wv_drag_item_to WV1 120 251
wv_select_waveview 1 {waveview 1}
wv_select_wv_item WV1.PANEL3:1.LINE2
wv_select_line WV1.PANEL3:1.LINE2
wv_select_waveview 1 {waveview 1}
wv_waveview_context_menu WV1.PANEL3:1.LINE2
wv_select_waveview 1 {waveview 1}
wv_select_menu_item {Custom WaveView} {waveview 1:1} {SignalPopMenu.Ungroup} 
wv_select_waveview 1 {waveview 1}
wv_select_wv_item WV1.PANEL4:1.LEGEND
wv_select_panel WV1.PANEL4:1.LEGEND
wv_select_waveview 1 {waveview 1}
wv_select_wv_item WV1.PANEL3:1.LEGEND
wv_select_panel WV1.PANEL3:1.LEGEND
wv_select_waveview 1 {waveview 1}
wv_select_wv_item WV1.PANEL2:1.LEGEND
wv_select_panel WV1.PANEL2:1.LEGEND
wv_select_waveview 1 {waveview 1}
wv_select_wv_item WV1.PANEL3:1.LEGEND
wv_select_panel WV1.PANEL3:1.LEGEND
wv_press_key Delete 364 497
wv_move_window {Confirmation} {} 868 470
wv_select_dialog {Confirmation} 
wv_press_button {Confirmation} {} {Ok} 
wv_select_waveview 1 {waveview 1}
wv_select_wv_item WV1.PANEL2:1.LEGEND
wv_select_panel WV1.PANEL2:1.LEGEND
wv_select_waveview 1 {waveview 1}
wv_select_wv_item WV1.PANEL2:1.LEGEND
wv_select_panel WV1.PANEL2:1.LEGEND
wv_select_list_item {Custom WaveView} {} {sigview} {v(net26)} 4
wv_select_waveview 1 {waveview 1}
wv_select_wv_item WV1.PANEL2:1.LEGEND
wv_select_panel WV1.PANEL2:1.LEGEND
wv_press_key Delete 310 562
wv_move_window {Confirmation} {} 868 470
wv_select_dialog {Confirmation} 
wv_press_button {Confirmation} {} {Cancel} 
wv_select_window {Custom WaveView} 
wv_select_waveview 1 {waveview 1}
wv_select_wv_item WV1.PANEL2:1.LEGEND
wv_select_panel WV1.PANEL2:1.LEGEND
wv_select_list_item {Custom WaveView} {} {sigview} {v(net25)} 3
wv_select_window {Custom WaveView} 
wv_select_waveview 1 {waveview 1}
wv_select_wv_item WV1.PANEL2:1.LINE1
wv_select_line WV1.PANEL2:1.LINE1
wv_select_list_item {Custom WaveView} {} {sigview} {v(net25)} 3
wv_dclick_list_item {Custom WaveView} {} {sigview} {v(net25)} 3
wv_press_key Delete 352 376
wv_move_window {Confirmation} {} 863 470
wv_select_dialog {Confirmation} 
wv_press_button {Confirmation} {} {Ok} 
wv_select_waveview 1 {waveview 1}
wv_select_wv_item WV1.PANEL3:1.LEGEND
wv_drag_item_to WV1 123 629
wv_drag_enter WV1
wv_drag_to WV1 123 624
wv_drag_to WV1 124 495
wv_drag_to WV1 88 266
wv_drop_on WV1
wv_drag_item_to WV1 123 624
wv_select_waveview 1 {waveview 1}
wv_select_wv_item WV1.PANEL2:1.LEGEND
wv_select_panel WV1.PANEL2:1.LEGEND
wv_select_waveview 1 {waveview 1}
wv_select_wv_item WV1.PANEL3:1.LEGEND
wv_select_panel WV1.PANEL3:1.LEGEND
wv_select_waveview 1 {waveview 1}
wv_select_wv_item WV1.PANEL2:1.LEGEND
wv_select_panel WV1.PANEL2:1.LEGEND
wv_select_waveview 1 {waveview 1}
wv_select_wv_item WV1.PANEL1:1.LEGEND
wv_select_panel WV1.PANEL1:1.LEGEND
wv_select_waveview 1 {waveview 1}
wv_select_wv_item WV1.PANEL3:1.LEGEND
wv_select_panel WV1.PANEL3:1.LEGEND
wv_press_tool_button {Custom WaveView} {} {WaveformMeasurementTool0} 
wv_move_window {MeasurementTool} {} 615 212
wv_select_dialog {MeasurementTool} 
wv_press_button {MeasurementTool} {} {Apply} 
wv_press_button {MeasurementTool} {} {Apply} 
wv_press_button {MeasurementTool} {} {Ok} 
wv_select_window {Custom WaveView} 
wv_select_waveview 1 {waveview 1}
wv_select_panel WV1.PANEL3:1 3.16401e-08 0.868716
wv_drag_item_to WV1 700 572
wv_zoom WV1.PANEL3:1 3.16401e-08 0.868716 3.19303e-08 0.742096
wv_press_key "F" 973 722
wv_press_key "F" 916 704
wv_press_key "F" 673 479
wv_press_key "F" 783 596
wv_select_waveview 1 {waveview 1}
wv_select_panel WV1.PANEL2:1 3.17161e-08 0.302522
wv_select_waveview 1 {waveview 1}
wv_select_wv_item WV1.PANEL2:1.LEGEND
wv_select_panel WV1.PANEL2:1.LEGEND
wv_press_key "F" 426 274
wv_press_key "F" 426 272
wv_press_key "F" 418 295
wv_press_key "F" 417 298
wv_press_key "F" 405 332
wv_press_key "F" 382 437
wv_press_key "F" 379 452
wv_select_waveview 1 {waveview 1}
wv_select_toolbar_item {Custom WaveView} {waveview 1:1} {Zoom Out} 
wv_select_waveview 1 {waveview 1}
wv_select_toolbar_item {Custom WaveView} {waveview 1:1} {Zoom Out} 
wv_select_waveview 1 {waveview 1}
wv_select_toolbar_item {Custom WaveView} {waveview 1:1} {Zoom Out} 
wv_select_waveview 1 {waveview 1}
wv_select_toolbar_item {Custom WaveView} {waveview 1:1} {Zoom Out} 
wv_select_waveview 1 {waveview 1}
wv_select_toolbar_item {Custom WaveView} {waveview 1:1} {Zoom Out} 
wv_select_waveview 1 {waveview 1}
wv_select_toolbar_item {Custom WaveView} {waveview 1:1} {Zoom Out} 
wv_select_waveview 1 {waveview 1}
wv_select_toolbar_item {Custom WaveView} {waveview 1:1} {Zoom Out} 
wv_select_waveview 1 {waveview 1}
wv_select_toolbar_item {Custom WaveView} {waveview 1:1} {Zoom Out} 
wv_select_waveview 1 {waveview 1}
wv_select_toolbar_item {Custom WaveView} {waveview 1:1} {Zoom Out} 
wv_press_key "F" 502 260
wv_select_waveview 1 {waveview 1}
wv_select_panel WV1.PANEL2:1 -1.64364e-08 371.872
wv_select_waveview 1 {waveview 1}
wv_select_wv_item WV1.PANEL1:1.LEGEND
wv_select_panel WV1.PANEL1:1.LEGEND
wv_select_waveview 1 {waveview 1}
wv_select_toolbar_item {Custom WaveView} {waveview 1:1} {Redo Zoom} 
wv_select_waveview 1 {waveview 1}
wv_select_toolbar_item {Custom WaveView} {waveview 1:1} {Full Unzoom} 
wv_select_waveview 1 {waveview 1}
wv_select_panel WV1.PANEL2:1 4.49927e-09 0.687662
wv_select_waveview 1 {waveview 1}
wv_waveview_context_menu WV1.PANEL2:1 4.49927e-09 8.42067
wv_select_waveview 1 {waveview 1}
wv_select_panel WV1.PANEL2:1 6.67634e-09 0.687662
wv_release_wv_item WV1 358 383
wv_select_waveview 1 {waveview 1}
wv_select_wv_item WV1.PANEL2:1.YAXIS1
wv_drag_item_to WV1 253 354
wv_zoom_y WV1.PANEL2:1 116.683 -126.907
wv_select_waveview 1 {waveview 1}
wv_select_wv_item WV1.PANEL2:1.YAXIS1
wv_drag_item_to WV1 253 380
wv_zoom_y WV1.PANEL2:1 15.0672 -102.701
wv_select_waveview 1 {waveview 1}
wv_select_wv_item WV1.PANEL2:1.YAXIS1
wv_select_waveview 1 {waveview 1}
wv_select_panel WV1.PANEL2:1 1.81422e-09 12.4676
wv_drag_item_to WV1 294 279
wv_zoom_y WV1.PANEL2:1 12.4676 -22.0843
wv_select_waveview 1 {waveview 1}
wv_select_wv_item WV1.PANEL2:1.LEGEND
wv_select_panel WV1.PANEL2:1.LEGEND
wv_select_waveview 1 {waveview 1}
wv_select_toolbar_item {Custom WaveView} {waveview 1:1} {Zoom Mode} 
wv_select_waveview 1 {waveview 1}
wv_select_toolbar_item {Custom WaveView} {waveview 1:1} {Zoom In} 
wv_select_waveview 1 {waveview 1}
wv_select_toolbar_item {Custom WaveView} {waveview 1:1} {Zoom In} 
wv_select_waveview 1 {waveview 1}
wv_select_toolbar_item {Custom WaveView} {waveview 1:1} {Zoom In} 
wv_select_waveview 1 {waveview 1}
wv_select_toolbar_item {Custom WaveView} {waveview 1:1} {Full Unzoom} 
wv_select_waveview 1 {waveview 1}
wv_select_toolbar_item {Custom WaveView} {waveview 1:1} {Redo Zoom} 
wv_select_waveview 1 {waveview 1}
wv_select_toolbar_item {Custom WaveView} {waveview 1:1} {Redo Zoom} 
wv_select_waveview 1 {waveview 1}
wv_select_toolbar_item {Custom WaveView} {waveview 1:1} {Undo Zoom} 
wv_select_waveview 1 {waveview 1}
wv_select_toolbar_item {Custom WaveView} {waveview 1:1} {Undo Zoom} 
wv_select_waveview 1 {waveview 1}
wv_select_toolbar_item {Custom WaveView} {waveview 1:1} {Undo Zoom} 
wv_select_waveview 1 {waveview 1}
wv_select_toolbar_item {Custom WaveView} {waveview 1:1} {Undo Zoom} 
wv_select_waveview 1 {waveview 1}
wv_select_toolbar_item {Custom WaveView} {waveview 1:1} {Undo Zoom} 
wv_select_waveview 1 {waveview 1}
wv_select_toolbar_item {Custom WaveView} {waveview 1:1} {Undo Zoom} 
wv_select_waveview 1 {waveview 1}
wv_select_toolbar_item {Custom WaveView} {waveview 1:1} {Undo Zoom} 
wv_select_waveview 1 {waveview 1}
wv_select_toolbar_item {Custom WaveView} {waveview 1:1} {Undo Zoom} 
wv_select_waveview 1 {waveview 1}
wv_select_wv_item WV1.PANEL2:1.LEGEND
wv_select_panel WV1.PANEL2:1.LEGEND
wv_select_waveview 1 {waveview 1}
wv_select_wv_item WV1.PANEL2:1.LEGEND
wv_drag_item_to WV1 126 501
wv_select_panel WV1.PANEL2:1.LEGEND
wv_press_tool_button {Custom WaveView} {} {WaveformMeasurementTool0} 
wv_move_window {MeasurementTool} {} 605 154
wv_move_window {MeasurementTool} {} 615 212
wv_select_dialog {MeasurementTool} 
wv_press_button {MeasurementTool} {} {Apply} 
wv_press_button {MeasurementTool} {} {Apply} 
wv_press_button {MeasurementTool} {} {Ok} 
wv_select_window {Custom WaveView} 
wv_select_waveview 1 {waveview 1}
wv_select_wv_item WV1.PANEL2:1.LEGEND
wv_select_panel WV1.PANEL2:1.LEGEND
wv_close_window {Custom WaveView} 
wv_move_window {Confirmation} {} 868 470
wv_select_dialog {Confirmation} 
#wv_press_button {Confirmation} {} {Ok} 
#*WARNING* Can not remove '/home/itsupport/.cx_hostport/.cx_hostport_localhost.localdomain_9124'.
